<?xml version="1.0"?>
<link_info>
   <banner>TMS320C6x Linker PC v7.4.24</banner>
   <copyright>Copyright (c) 1996-2017 Texas Instruments Incorporated</copyright>
   <link_time>0x5b5caef3</link_time>
   <output_file>Lab4p2.out</output_file>
   <entry_point>
      <name>_c_int00</name>
      <address>0x1180a2a0</address>
   </entry_point>
   <input_file_list>
      <input_file id="fl-2">
         <path>.\</path>
         <kind>object</kind>
         <file>FFT_radix2.obj</file>
         <name>FFT_radix2.obj</name>
      </input_file>
      <input_file id="fl-3">
         <path>.\</path>
         <kind>object</kind>
         <file>L138_LCDK_aic3106_init.obj</file>
         <name>L138_LCDK_aic3106_init.obj</name>
      </input_file>
      <input_file id="fl-4">
         <path>.\</path>
         <kind>object</kind>
         <file>L4p2.obj</file>
         <name>L4p2.obj</name>
      </input_file>
      <input_file id="fl-5">
         <path>.\</path>
         <kind>object</kind>
         <file>complex.obj</file>
         <name>complex.obj</name>
      </input_file>
      <input_file id="fl-6">
         <path>.\</path>
         <kind>object</kind>
         <file>vectors_intr.obj</file>
         <name>vectors_intr.obj</name>
      </input_file>
      <input_file id="fl-82">
         <path>C:\ti\ccsv8\tools\compiler\c6000_7.4.24\lib\</path>
         <kind>archive</kind>
         <file>rts6740.lib</file>
         <name>boot.obj</name>
      </input_file>
      <input_file id="fl-83">
         <path>C:\ti\ccsv8\tools\compiler\c6000_7.4.24\lib\</path>
         <kind>archive</kind>
         <file>rts6740.lib</file>
         <name>cos.obj</name>
      </input_file>
      <input_file id="fl-84">
         <path>C:\ti\ccsv8\tools\compiler\c6000_7.4.24\lib\</path>
         <kind>archive</kind>
         <file>rts6740.lib</file>
         <name>divd.obj</name>
      </input_file>
      <input_file id="fl-85">
         <path>C:\ti\ccsv8\tools\compiler\c6000_7.4.24\lib\</path>
         <kind>archive</kind>
         <file>rts6740.lib</file>
         <name>divf.obj</name>
      </input_file>
      <input_file id="fl-86">
         <path>C:\ti\ccsv8\tools\compiler\c6000_7.4.24\lib\</path>
         <kind>archive</kind>
         <file>rts6740.lib</file>
         <name>divu.obj</name>
      </input_file>
      <input_file id="fl-87">
         <path>C:\ti\ccsv8\tools\compiler\c6000_7.4.24\lib\</path>
         <kind>archive</kind>
         <file>rts6740.lib</file>
         <name>exit.obj</name>
      </input_file>
      <input_file id="fl-88">
         <path>C:\ti\ccsv8\tools\compiler\c6000_7.4.24\lib\</path>
         <kind>archive</kind>
         <file>rts6740.lib</file>
         <name>frcmpyd_div.obj</name>
      </input_file>
      <input_file id="fl-89">
         <path>C:\ti\ccsv8\tools\compiler\c6000_7.4.24\lib\</path>
         <kind>archive</kind>
         <file>rts6740.lib</file>
         <name>llshift.obj</name>
      </input_file>
      <input_file id="fl-8a">
         <path>C:\ti\ccsv8\tools\compiler\c6000_7.4.24\lib\</path>
         <kind>archive</kind>
         <file>rts6740.lib</file>
         <name>memory.obj</name>
      </input_file>
      <input_file id="fl-8b">
         <path>C:\ti\ccsv8\tools\compiler\c6000_7.4.24\lib\</path>
         <kind>archive</kind>
         <file>rts6740.lib</file>
         <name>modf.obj</name>
      </input_file>
      <input_file id="fl-8c">
         <path>C:\ti\ccsv8\tools\compiler\c6000_7.4.24\lib\</path>
         <kind>archive</kind>
         <file>rts6740.lib</file>
         <name>round.obj</name>
      </input_file>
      <input_file id="fl-8d">
         <path>C:\ti\ccsv8\tools\compiler\c6000_7.4.24\lib\</path>
         <kind>archive</kind>
         <file>rts6740.lib</file>
         <name>sin.obj</name>
      </input_file>
      <input_file id="fl-8e">
         <path>C:\ti\ccsv8\tools\compiler\c6000_7.4.24\lib\</path>
         <kind>archive</kind>
         <file>rts6740.lib</file>
         <name>sqrt.obj</name>
      </input_file>
      <input_file id="fl-8f">
         <path>C:\ti\ccsv8\tools\compiler\c6000_7.4.24\lib\</path>
         <kind>archive</kind>
         <file>rts6740.lib</file>
         <name>trunc.obj</name>
      </input_file>
      <input_file id="fl-90">
         <path>C:\ti\ccsv8\tools\compiler\c6000_7.4.24\lib\</path>
         <kind>archive</kind>
         <file>rts6740.lib</file>
         <name>_lock.obj</name>
      </input_file>
      <input_file id="fl-91">
         <path>C:\ti\ccsv8\tools\compiler\c6000_7.4.24\lib\</path>
         <kind>archive</kind>
         <file>rts6740.lib</file>
         <name>args_main.obj</name>
      </input_file>
      <input_file id="fl-92">
         <path>C:\ti\ccsv8\tools\compiler\c6000_7.4.24\lib\</path>
         <kind>archive</kind>
         <file>rts6740.lib</file>
         <name>autoinit.obj</name>
      </input_file>
      <input_file id="fl-93">
         <path>C:\ti\ccsv8\tools\compiler\c6000_7.4.24\lib\</path>
         <kind>archive</kind>
         <file>rts6740.lib</file>
         <name>cpp_init.obj</name>
      </input_file>
      <input_file id="fl-94">
         <path>C:\ti\ccsv8\tools\compiler\c6000_7.4.24\lib\</path>
         <kind>archive</kind>
         <file>rts6740.lib</file>
         <name>cpy_tbl.obj</name>
      </input_file>
      <input_file id="fl-95">
         <path>C:\ti\ccsv8\tools\compiler\c6000_7.4.24\lib\</path>
         <kind>archive</kind>
         <file>rts6740.lib</file>
         <name>errno.obj</name>
      </input_file>
      <input_file id="fl-96">
         <path>C:\ti\ccsv8\tools\compiler\c6000_7.4.24\lib\</path>
         <kind>archive</kind>
         <file>rts6740.lib</file>
         <name>memcpy64.obj</name>
      </input_file>
      <input_file id="fl-97">
         <path>C:\Users\gabriel\Desktop\Lab DSP\CCSv4-2-4_with_SOM-M1_BSL_WS\DSP BSL\lib\</path>
         <kind>archive</kind>
         <file>evmomapl138_bsl.lib</file>
         <name>evmomapl138_timer.obj</name>
      </input_file>
      <input_file id="fl-98">
         <path>C:\Users\gabriel\Desktop\Lab DSP\CCSv4-2-4_with_SOM-M1_BSL_WS\DSP BSL\lib\</path>
         <kind>archive</kind>
         <file>evmomapl138_bsl.lib</file>
         <name>evmomapl138_gpio.obj</name>
      </input_file>
      <input_file id="fl-99">
         <path>C:\Users\gabriel\Desktop\Lab DSP\CCSv4-2-4_with_SOM-M1_BSL_WS\DSP BSL\lib\</path>
         <kind>archive</kind>
         <file>evmomapl138_bsl.lib</file>
         <name>evmomapl138_aic3106.obj</name>
      </input_file>
      <input_file id="fl-9a">
         <path>C:\Users\gabriel\Desktop\Lab DSP\CCSv4-2-4_with_SOM-M1_BSL_WS\DSP BSL\lib\</path>
         <kind>archive</kind>
         <file>evmomapl138_bsl.lib</file>
         <name>evmomapl138.obj</name>
      </input_file>
      <input_file id="fl-9b">
         <path>C:\Users\gabriel\Desktop\Lab DSP\CCSv4-2-4_with_SOM-M1_BSL_WS\DSP BSL\lib\</path>
         <kind>archive</kind>
         <file>evmomapl138_bsl.lib</file>
         <name>evmomapl138_i2c_gpio.obj</name>
      </input_file>
      <input_file id="fl-9c">
         <path>C:\Users\gabriel\Desktop\Lab DSP\CCSv4-2-4_with_SOM-M1_BSL_WS\DSP BSL\lib\</path>
         <kind>archive</kind>
         <file>evmomapl138_bsl.lib</file>
         <name>evmomapl138_i2c.obj</name>
      </input_file>
      <input_file id="fl-9d">
         <path>C:\ti\ccsv8\tools\compiler\c6000_7.4.24\lib\</path>
         <kind>archive</kind>
         <file>rts6740.lib</file>
         <name>printf.obj</name>
      </input_file>
      <input_file id="fl-9e">
         <path>C:\ti\ccsv8\tools\compiler\c6000_7.4.24\lib\</path>
         <kind>archive</kind>
         <file>rts6740.lib</file>
         <name>_printfi.obj</name>
      </input_file>
      <input_file id="fl-9f">
         <path>C:\ti\ccsv8\tools\compiler\c6000_7.4.24\lib\</path>
         <kind>archive</kind>
         <file>rts6740.lib</file>
         <name>atoi.obj</name>
      </input_file>
      <input_file id="fl-a0">
         <path>C:\ti\ccsv8\tools\compiler\c6000_7.4.24\lib\</path>
         <kind>archive</kind>
         <file>rts6740.lib</file>
         <name>ctype.obj</name>
      </input_file>
      <input_file id="fl-a1">
         <path>C:\ti\ccsv8\tools\compiler\c6000_7.4.24\lib\</path>
         <kind>archive</kind>
         <file>rts6740.lib</file>
         <name>defs.obj</name>
      </input_file>
      <input_file id="fl-a2">
         <path>C:\ti\ccsv8\tools\compiler\c6000_7.4.24\lib\</path>
         <kind>archive</kind>
         <file>rts6740.lib</file>
         <name>fixdli.obj</name>
      </input_file>
      <input_file id="fl-a3">
         <path>C:\ti\ccsv8\tools\compiler\c6000_7.4.24\lib\</path>
         <kind>archive</kind>
         <file>rts6740.lib</file>
         <name>fltlid.obj</name>
      </input_file>
      <input_file id="fl-a4">
         <path>C:\ti\ccsv8\tools\compiler\c6000_7.4.24\lib\</path>
         <kind>archive</kind>
         <file>rts6740.lib</file>
         <name>fputc.obj</name>
      </input_file>
      <input_file id="fl-a5">
         <path>C:\ti\ccsv8\tools\compiler\c6000_7.4.24\lib\</path>
         <kind>archive</kind>
         <file>rts6740.lib</file>
         <name>fputs.obj</name>
      </input_file>
      <input_file id="fl-a6">
         <path>C:\ti\ccsv8\tools\compiler\c6000_7.4.24\lib\</path>
         <kind>archive</kind>
         <file>rts6740.lib</file>
         <name>imath40.obj</name>
      </input_file>
      <input_file id="fl-a7">
         <path>C:\ti\ccsv8\tools\compiler\c6000_7.4.24\lib\</path>
         <kind>archive</kind>
         <file>rts6740.lib</file>
         <name>imath64.obj</name>
      </input_file>
      <input_file id="fl-a8">
         <path>C:\ti\ccsv8\tools\compiler\c6000_7.4.24\lib\</path>
         <kind>archive</kind>
         <file>rts6740.lib</file>
         <name>isinf.obj</name>
      </input_file>
      <input_file id="fl-a9">
         <path>C:\ti\ccsv8\tools\compiler\c6000_7.4.24\lib\</path>
         <kind>archive</kind>
         <file>rts6740.lib</file>
         <name>lowlev.obj</name>
      </input_file>
      <input_file id="fl-aa">
         <path>C:\ti\ccsv8\tools\compiler\c6000_7.4.24\lib\</path>
         <kind>archive</kind>
         <file>rts6740.lib</file>
         <name>ltoa.obj</name>
      </input_file>
      <input_file id="fl-ab">
         <path>C:\ti\ccsv8\tools\compiler\c6000_7.4.24\lib\</path>
         <kind>archive</kind>
         <file>rts6740.lib</file>
         <name>memccpy.obj</name>
      </input_file>
      <input_file id="fl-ac">
         <path>C:\ti\ccsv8\tools\compiler\c6000_7.4.24\lib\</path>
         <kind>archive</kind>
         <file>rts6740.lib</file>
         <name>memset.obj</name>
      </input_file>
      <input_file id="fl-ad">
         <path>C:\ti\ccsv8\tools\compiler\c6000_7.4.24\lib\</path>
         <kind>archive</kind>
         <file>rts6740.lib</file>
         <name>negll.obj</name>
      </input_file>
      <input_file id="fl-ae">
         <path>C:\ti\ccsv8\tools\compiler\c6000_7.4.24\lib\</path>
         <kind>archive</kind>
         <file>rts6740.lib</file>
         <name>trgdrv.obj</name>
      </input_file>
      <input_file id="fl-af">
         <path>C:\ti\ccsv8\tools\compiler\c6000_7.4.24\lib\</path>
         <kind>archive</kind>
         <file>rts6740.lib</file>
         <name>trgmsg.obj</name>
      </input_file>
      <input_file id="fl-b0">
         <path>C:\ti\ccsv8\tools\compiler\c6000_7.4.24\lib\</path>
         <kind>archive</kind>
         <file>rts6740.lib</file>
         <name>_io_perm.obj</name>
      </input_file>
      <input_file id="fl-b1">
         <path>C:\ti\ccsv8\tools\compiler\c6000_7.4.24\lib\</path>
         <kind>archive</kind>
         <file>rts6740.lib</file>
         <name>abs.obj</name>
      </input_file>
      <input_file id="fl-b2">
         <path>C:\ti\ccsv8\tools\compiler\c6000_7.4.24\lib\</path>
         <kind>archive</kind>
         <file>rts6740.lib</file>
         <name>fflush.obj</name>
      </input_file>
      <input_file id="fl-b3">
         <path>C:\ti\ccsv8\tools\compiler\c6000_7.4.24\lib\</path>
         <kind>archive</kind>
         <file>rts6740.lib</file>
         <name>fseek.obj</name>
      </input_file>
      <input_file id="fl-b4">
         <path>C:\ti\ccsv8\tools\compiler\c6000_7.4.24\lib\</path>
         <kind>archive</kind>
         <file>rts6740.lib</file>
         <name>setvbuf.obj</name>
      </input_file>
      <input_file id="fl-b5">
         <path>C:\ti\ccsv8\tools\compiler\c6000_7.4.24\lib\</path>
         <kind>archive</kind>
         <file>rts6740.lib</file>
         <name>fopen.obj</name>
      </input_file>
      <input_file id="fl-b6">
         <path>C:\ti\ccsv8\tools\compiler\c6000_7.4.24\lib\</path>
         <kind>archive</kind>
         <file>rts6740.lib</file>
         <name>fclose.obj</name>
      </input_file>
      <input_file id="fl-b7">
         <path>C:\ti\ccsv8\tools\compiler\c6000_7.4.24\lib\</path>
         <kind>archive</kind>
         <file>rts6740.lib</file>
         <name>remove.obj</name>
      </input_file>
   </input_file_list>
   <object_component_list>
      <object_component id="oc-102">
         <name>.text</name>
         <load_address>0x11800000</load_address>
         <run_address>0x11800000</run_address>
         <size>0x16e0</size>
         <input_file_ref idref="fl-3"/>
      </object_component>
      <object_component id="oc-10e">
         <name>.text</name>
         <load_address>0x118016e0</load_address>
         <run_address>0x118016e0</run_address>
         <size>0xc20</size>
         <input_file_ref idref="fl-9a"/>
      </object_component>
      <object_component id="oc-fa">
         <name>.text</name>
         <load_address>0x11802300</load_address>
         <run_address>0x11802300</run_address>
         <size>0x7a0</size>
         <input_file_ref idref="fl-4"/>
      </object_component>
      <object_component id="oc-ff">
         <name>.text:__divd</name>
         <load_address>0x11802aa0</load_address>
         <run_address>0x11802aa0</run_address>
         <size>0x5a0</size>
         <input_file_ref idref="fl-84"/>
      </object_component>
      <object_component id="oc-131">
         <name>.text:__getarg_diouxp</name>
         <load_address>0x11803040</load_address>
         <run_address>0x11803040</run_address>
         <size>0x580</size>
         <input_file_ref idref="fl-9e"/>
      </object_component>
      <object_component id="oc-11e">
         <name>.text:__setfield</name>
         <load_address>0x118035c0</load_address>
         <run_address>0x118035c0</run_address>
         <size>0x520</size>
         <input_file_ref idref="fl-9e"/>
      </object_component>
      <object_component id="oc-117">
         <name>.text</name>
         <load_address>0x11803ae0</load_address>
         <run_address>0x11803ae0</run_address>
         <size>0x4e0</size>
         <input_file_ref idref="fl-9b"/>
      </object_component>
      <object_component id="oc-119">
         <name>.text:__printfi</name>
         <load_address>0x11803fc0</load_address>
         <run_address>0x11803fc0</run_address>
         <size>0x440</size>
         <input_file_ref idref="fl-9e"/>
      </object_component>
      <object_component id="oc-11b">
         <name>.text:_fputs</name>
         <load_address>0x11804400</load_address>
         <run_address>0x11804400</run_address>
         <size>0x3a0</size>
         <input_file_ref idref="fl-a5"/>
      </object_component>
      <object_component id="oc-10b">
         <name>.text</name>
         <load_address>0x118047a0</load_address>
         <run_address>0x118047a0</run_address>
         <size>0x380</size>
         <input_file_ref idref="fl-98"/>
      </object_component>
      <object_component id="oc-111">
         <name>.text</name>
         <load_address>0x11804b20</load_address>
         <run_address>0x11804b20</run_address>
         <size>0x380</size>
         <input_file_ref idref="fl-9c"/>
      </object_component>
      <object_component id="oc-fe">
         <name>.text</name>
         <load_address>0x11804ea0</load_address>
         <run_address>0x11804ea0</run_address>
         <size>0x320</size>
         <input_file_ref idref="fl-2"/>
      </object_component>
      <object_component id="oc-126">
         <name>.text:__pproc_fge</name>
         <load_address>0x118051c0</load_address>
         <run_address>0x118051c0</run_address>
         <size>0x320</size>
         <input_file_ref idref="fl-9e"/>
      </object_component>
      <object_component id="oc-100">
         <name>.text:_cos</name>
         <load_address>0x118054e0</load_address>
         <run_address>0x118054e0</run_address>
         <size>0x2e0</size>
         <input_file_ref idref="fl-83"/>
      </object_component>
      <object_component id="oc-137">
         <name>.text:_ecvt</name>
         <load_address>0x118057c0</load_address>
         <run_address>0x118057c0</run_address>
         <size>0x2e0</size>
         <input_file_ref idref="fl-9e"/>
      </object_component>
      <object_component id="oc-13a">
         <name>.text:_fcvt</name>
         <load_address>0x11805aa0</load_address>
         <run_address>0x11805aa0</run_address>
         <size>0x2e0</size>
         <input_file_ref idref="fl-9e"/>
      </object_component>
      <object_component id="oc-11d">
         <name>.text:__pproc_fwp</name>
         <load_address>0x11805d80</load_address>
         <run_address>0x11805d80</run_address>
         <size>0x2c0</size>
         <input_file_ref idref="fl-9e"/>
      </object_component>
      <object_component id="oc-10f">
         <name>.text:__divf</name>
         <load_address>0x11806040</load_address>
         <run_address>0x11806040</run_address>
         <size>0x280</size>
         <input_file_ref idref="fl-85"/>
      </object_component>
      <object_component id="oc-135">
         <name>.text:_free</name>
         <load_address>0x118062c0</load_address>
         <run_address>0x118062c0</run_address>
         <size>0x280</size>
         <input_file_ref idref="fl-8a"/>
      </object_component>
      <object_component id="oc-101">
         <name>.text:_sin</name>
         <load_address>0x11806540</load_address>
         <run_address>0x11806540</run_address>
         <size>0x280</size>
         <input_file_ref idref="fl-8d"/>
      </object_component>
      <object_component id="oc-142">
         <name>.text:__divull</name>
         <load_address>0x118067c0</load_address>
         <run_address>0x118067c0</run_address>
         <size>0x260</size>
         <input_file_ref idref="fl-a7"/>
      </object_component>
      <object_component id="oc-130">
         <name>.text:__pconv_e</name>
         <load_address>0x11806a20</load_address>
         <run_address>0x11806a20</run_address>
         <size>0x240</size>
         <input_file_ref idref="fl-9e"/>
      </object_component>
      <object_component id="oc-127">
         <name>.text:__pproc_diouxp</name>
         <load_address>0x11806c60</load_address>
         <run_address>0x11806c60</run_address>
         <size>0x240</size>
         <input_file_ref idref="fl-9e"/>
      </object_component>
      <object_component id="oc-11f">
         <name>.text:__pproc_str</name>
         <load_address>0x11806ea0</load_address>
         <run_address>0x11806ea0</run_address>
         <size>0x220</size>
         <input_file_ref idref="fl-9e"/>
      </object_component>
      <object_component id="oc-120">
         <name>.text:_fputc</name>
         <load_address>0x118070c0</load_address>
         <run_address>0x118070c0</run_address>
         <size>0x220</size>
         <input_file_ref idref="fl-a4"/>
      </object_component>
      <object_component id="oc-103">
         <name>.text</name>
         <load_address>0x118072e0</load_address>
         <run_address>0x118072e0</run_address>
         <size>0x220</size>
         <input_file_ref idref="fl-5"/>
      </object_component>
      <object_component id="oc-12e">
         <name>.text:__pconv_g</name>
         <load_address>0x11807500</load_address>
         <run_address>0x11807500</run_address>
         <size>0x200</size>
         <input_file_ref idref="fl-9e"/>
      </object_component>
      <object_component id="oc-12a">
         <name>.text:_setvbuf</name>
         <load_address>0x11807700</load_address>
         <run_address>0x11807700</run_address>
         <size>0x200</size>
         <input_file_ref idref="fl-b4"/>
      </object_component>
      <object_component id="oc-10d">
         <name>.text</name>
         <load_address>0x11807900</load_address>
         <run_address>0x11807900</run_address>
         <size>0x1e0</size>
         <input_file_ref idref="fl-97"/>
      </object_component>
      <object_component id="oc-139">
         <name>.text:__mcpy</name>
         <load_address>0x11807ae0</load_address>
         <run_address>0x11807ae0</run_address>
         <size>0x1c0</size>
         <input_file_ref idref="fl-9e"/>
      </object_component>
      <object_component id="oc-141">
         <name>.text:__divul</name>
         <load_address>0x11807ca0</load_address>
         <run_address>0x11807ca0</run_address>
         <size>0x1a0</size>
         <input_file_ref idref="fl-a6"/>
      </object_component>
      <object_component id="oc-10a">
         <name>.text</name>
         <load_address>0x11807e40</load_address>
         <run_address>0x11807e40</run_address>
         <size>0x1a0</size>
         <input_file_ref idref="fl-99"/>
      </object_component>
      <object_component id="oc-f6">
         <name>.text:_HOSTrename</name>
         <load_address>0x11807fe0</load_address>
         <run_address>0x11807fe0</run_address>
         <size>0x180</size>
         <input_file_ref idref="fl-ae"/>
      </object_component>
      <object_component id="oc-10c">
         <name>.text:_malloc</name>
         <load_address>0x11808160</load_address>
         <run_address>0x11808160</run_address>
         <size>0x180</size>
         <input_file_ref idref="fl-8a"/>
      </object_component>
      <object_component id="oc-11c">
         <name>.text:__pproc_fflags</name>
         <load_address>0x118082e0</load_address>
         <run_address>0x118082e0</run_address>
         <size>0x140</size>
         <input_file_ref idref="fl-9e"/>
      </object_component>
      <object_component id="oc-14a">
         <name>.text:_getdevice</name>
         <load_address>0x11808420</load_address>
         <run_address>0x11808420</run_address>
         <size>0x140</size>
         <input_file_ref idref="fl-a9"/>
      </object_component>
      <object_component id="oc-13d">
         <name>.text:__closefile</name>
         <load_address>0x11808560</load_address>
         <run_address>0x11808560</run_address>
         <size>0x120</size>
         <input_file_ref idref="fl-b6"/>
      </object_component>
      <object_component id="oc-133">
         <name>.text:__ltostr</name>
         <load_address>0x11808680</load_address>
         <run_address>0x11808680</run_address>
         <size>0x120</size>
         <input_file_ref idref="fl-9e"/>
      </object_component>
      <object_component id="oc-129">
         <name>.text:_fseek</name>
         <load_address>0x118087a0</load_address>
         <run_address>0x118087a0</run_address>
         <size>0x120</size>
         <input_file_ref idref="fl-b3"/>
      </object_component>
      <object_component id="oc-f4">
         <name>.text:_HOSTlseek</name>
         <load_address>0x118088c0</load_address>
         <run_address>0x118088c0</run_address>
         <size>0x100</size>
         <input_file_ref idref="fl-ae"/>
      </object_component>
      <object_component id="oc-121">
         <name>.text:__wrt_ok</name>
         <load_address>0x118089c0</load_address>
         <run_address>0x118089c0</run_address>
         <size>0x100</size>
         <input_file_ref idref="fl-b0"/>
      </object_component>
      <object_component id="oc-110">
         <name>.text:_sqrt</name>
         <load_address>0x11808ac0</load_address>
         <run_address>0x11808ac0</run_address>
         <size>0x100</size>
         <input_file_ref idref="fl-8e"/>
      </object_component>
      <object_component id="oc-f0">
         <name>.text:_HOSTopen</name>
         <load_address>0x11808bc0</load_address>
         <run_address>0x11808bc0</run_address>
         <size>0xe0</size>
         <input_file_ref idref="fl-ae"/>
      </object_component>
      <object_component id="oc-f2">
         <name>.text:_HOSTread</name>
         <load_address>0x11808ca0</load_address>
         <run_address>0x11808ca0</run_address>
         <size>0xe0</size>
         <input_file_ref idref="fl-ae"/>
      </object_component>
      <object_component id="oc-125">
         <name>.text:_atoi</name>
         <load_address>0x11808d80</load_address>
         <run_address>0x11808d80</run_address>
         <size>0xe0</size>
         <input_file_ref idref="fl-9f"/>
      </object_component>
      <object_component id="oc-143">
         <name>.text:_close</name>
         <load_address>0x11808e60</load_address>
         <run_address>0x11808e60</run_address>
         <size>0xe0</size>
         <input_file_ref idref="fl-a9"/>
      </object_component>
      <object_component id="oc-124">
         <name>.text:_memset</name>
         <load_address>0x11808f40</load_address>
         <run_address>0x11808f40</run_address>
         <size>0xe0</size>
         <input_file_ref idref="fl-ac"/>
      </object_component>
      <object_component id="oc-116">
         <name>.text:_printf</name>
         <load_address>0x11809020</load_address>
         <run_address>0x11809020</run_address>
         <size>0xe0</size>
         <input_file_ref idref="fl-9d"/>
      </object_component>
      <object_component id="oc-f5">
         <name>.text:_HOSTunlink</name>
         <load_address>0x11809100</load_address>
         <run_address>0x11809100</run_address>
         <size>0xc0</size>
         <input_file_ref idref="fl-ae"/>
      </object_component>
      <object_component id="oc-f3">
         <name>.text:_HOSTwrite</name>
         <load_address>0x118091c0</load_address>
         <run_address>0x118091c0</run_address>
         <size>0xc0</size>
         <input_file_ref idref="fl-ae"/>
      </object_component>
      <object_component id="oc-ec">
         <name>.text:__auto_init</name>
         <load_address>0x11809280</load_address>
         <run_address>0x11809280</run_address>
         <size>0xc0</size>
         <input_file_ref idref="fl-92"/>
      </object_component>
      <object_component id="oc-13c">
         <name>.text:__div</name>
         <load_address>0x11809340</load_address>
         <run_address>0x11809340</run_address>
         <size>0xc0</size>
         <input_file_ref idref="fl-9e"/>
      </object_component>
      <object_component id="oc-104">
         <name>.text:__divu</name>
         <load_address>0x11809400</load_address>
         <run_address>0x11809400</run_address>
         <size>0xc0</size>
         <input_file_ref idref="fl-86"/>
      </object_component>
      <object_component id="oc-122">
         <name>.text:__doflush</name>
         <load_address>0x118094c0</load_address>
         <run_address>0x118094c0</run_address>
         <size>0xc0</size>
         <input_file_ref idref="fl-b2"/>
      </object_component>
      <object_component id="oc-ee">
         <name>.text:_exit</name>
         <load_address>0x11809580</load_address>
         <run_address>0x11809580</run_address>
         <size>0xc0</size>
         <input_file_ref idref="fl-87"/>
      </object_component>
      <object_component id="oc-13f">
         <name>.text:_ltoa</name>
         <load_address>0x11809640</load_address>
         <run_address>0x11809640</run_address>
         <size>0xc0</size>
         <input_file_ref idref="fl-aa"/>
      </object_component>
      <object_component id="oc-f1">
         <name>.text:_HOSTclose</name>
         <load_address>0x11809700</load_address>
         <run_address>0x11809700</run_address>
         <size>0xa0</size>
         <input_file_ref idref="fl-ae"/>
      </object_component>
      <object_component id="oc-136">
         <name>.text:__cleanup</name>
         <load_address>0x118097a0</load_address>
         <run_address>0x118097a0</run_address>
         <size>0xa0</size>
         <input_file_ref idref="fl-b5"/>
      </object_component>
      <object_component id="oc-146">
         <name>.text:__divli</name>
         <load_address>0x11809840</load_address>
         <run_address>0x11809840</run_address>
         <size>0xa0</size>
         <input_file_ref idref="fl-a6"/>
      </object_component>
      <object_component id="oc-138">
         <name>.text:__ecpy</name>
         <load_address>0x118098e0</load_address>
         <run_address>0x118098e0</run_address>
         <size>0xa0</size>
         <input_file_ref idref="fl-9e"/>
      </object_component>
      <object_component id="oc-13b">
         <name>.text:__fcpy</name>
         <load_address>0x11809980</load_address>
         <run_address>0x11809980</run_address>
         <size>0xa0</size>
         <input_file_ref idref="fl-9e"/>
      </object_component>
      <object_component id="oc-13e">
         <name>.text:__fixdli</name>
         <load_address>0x11809a20</load_address>
         <run_address>0x11809a20</run_address>
         <size>0xa0</size>
         <input_file_ref idref="fl-a2"/>
      </object_component>
      <object_component id="oc-108">
         <name>.text:__nround</name>
         <load_address>0x11809ac0</load_address>
         <run_address>0x11809ac0</run_address>
         <size>0xa0</size>
         <input_file_ref idref="fl-8c"/>
      </object_component>
      <object_component id="oc-12f">
         <name>.text:__pconv_f</name>
         <load_address>0x11809b60</load_address>
         <run_address>0x11809b60</run_address>
         <size>0xa0</size>
         <input_file_ref idref="fl-9e"/>
      </object_component>
      <object_component id="oc-f7">
         <name>.text:_copy_in</name>
         <load_address>0x11809c00</load_address>
         <run_address>0x11809c00</run_address>
         <size>0xa0</size>
         <input_file_ref idref="fl-94"/>
      </object_component>
      <object_component id="oc-14b">
         <name>.text:_finddevice</name>
         <load_address>0x11809ca0</load_address>
         <run_address>0x11809ca0</run_address>
         <size>0xa0</size>
         <input_file_ref idref="fl-a9"/>
      </object_component>
      <object_component id="oc-134">
         <name>.text:_lseek</name>
         <load_address>0x11809d40</load_address>
         <run_address>0x11809d40</run_address>
         <size>0xa0</size>
         <input_file_ref idref="fl-a9"/>
      </object_component>
      <object_component id="oc-f8">
         <name>.text:_memcpy</name>
         <load_address>0x11809de0</load_address>
         <run_address>0x11809de0</run_address>
         <size>0xa0</size>
         <input_file_ref idref="fl-96"/>
      </object_component>
      <object_component id="oc-115">
         <name>.text:_minsert</name>
         <load_address>0x11809e80</load_address>
         <run_address>0x11809e80</run_address>
         <size>0xa0</size>
         <input_file_ref idref="fl-8a"/>
      </object_component>
      <object_component id="oc-109">
         <name>.text:_modf</name>
         <load_address>0x11809f20</load_address>
         <run_address>0x11809f20</run_address>
         <size>0xa0</size>
         <input_file_ref idref="fl-8b"/>
      </object_component>
      <object_component id="oc-114">
         <name>.text:_mremove</name>
         <load_address>0x11809fc0</load_address>
         <run_address>0x11809fc0</run_address>
         <size>0xa0</size>
         <input_file_ref idref="fl-8a"/>
      </object_component>
      <object_component id="oc-123">
         <name>.text:_write</name>
         <load_address>0x1180a060</load_address>
         <run_address>0x1180a060</run_address>
         <size>0xa0</size>
         <input_file_ref idref="fl-a9"/>
      </object_component>
      <object_component id="oc-20">
         <name>.text:retain</name>
         <load_address>0x1180a100</load_address>
         <run_address>0x1180a100</run_address>
         <size>0xa0</size>
         <input_file_ref idref="fl-4"/>
      </object_component>
      <object_component id="oc-140">
         <name>.text:__fltlid</name>
         <load_address>0x1180a1a0</load_address>
         <run_address>0x1180a1a0</run_address>
         <size>0x80</size>
         <input_file_ref idref="fl-a3"/>
      </object_component>
      <object_component id="oc-147">
         <name>.text:__llshl</name>
         <load_address>0x1180a220</load_address>
         <run_address>0x1180a220</run_address>
         <size>0x80</size>
         <input_file_ref idref="fl-89"/>
      </object_component>
      <object_component id="oc-e">
         <name>.text:_c_int00</name>
         <load_address>0x1180a2a0</load_address>
         <run_address>0x1180a2a0</run_address>
         <size>0x80</size>
         <input_file_ref idref="fl-82"/>
      </object_component>
      <object_component id="oc-fd">
         <name>.text:_readmsg</name>
         <load_address>0x1180a320</load_address>
         <run_address>0x1180a320</run_address>
         <size>0x80</size>
         <input_file_ref idref="fl-af"/>
      </object_component>
      <object_component id="oc-149">
         <name>.text:_unlink</name>
         <load_address>0x1180a3a0</load_address>
         <run_address>0x1180a3a0</run_address>
         <size>0x80</size>
         <input_file_ref idref="fl-a9"/>
      </object_component>
      <object_component id="oc-f9">
         <name>.text:___TI_cpp_init</name>
         <load_address>0x1180a420</load_address>
         <run_address>0x1180a420</run_address>
         <size>0x60</size>
         <input_file_ref idref="fl-93"/>
      </object_component>
      <object_component id="oc-148">
         <name>.text:__subcull</name>
         <load_address>0x1180a480</load_address>
         <run_address>0x1180a480</run_address>
         <size>0x60</size>
         <input_file_ref idref="fl-a7"/>
      </object_component>
      <object_component id="oc-128">
         <name>.text:_memccpy</name>
         <load_address>0x1180a4e0</load_address>
         <run_address>0x1180a4e0</run_address>
         <size>0x60</size>
         <input_file_ref idref="fl-ab"/>
      </object_component>
      <object_component id="oc-fc">
         <name>.text:_writemsg</name>
         <load_address>0x1180a540</load_address>
         <run_address>0x1180a540</run_address>
         <size>0x60</size>
         <input_file_ref idref="fl-af"/>
      </object_component>
      <object_component id="oc-12d">
         <name>.text:___isinf</name>
         <load_address>0x1180a5a0</load_address>
         <run_address>0x1180a5a0</run_address>
         <size>0x40</size>
         <input_file_ref idref="fl-a8"/>
      </object_component>
      <object_component id="oc-12c">
         <name>.text:___isnan</name>
         <load_address>0x1180a5e0</load_address>
         <run_address>0x1180a5e0</run_address>
         <size>0x40</size>
         <input_file_ref idref="fl-9e"/>
      </object_component>
      <object_component id="oc-ed">
         <name>.text:__args_main</name>
         <load_address>0x1180a620</load_address>
         <run_address>0x1180a620</run_address>
         <size>0x40</size>
         <input_file_ref idref="fl-91"/>
      </object_component>
      <object_component id="oc-106">
         <name>.text:__frcmpyd_div</name>
         <load_address>0x1180a660</load_address>
         <run_address>0x1180a660</run_address>
         <size>0x40</size>
         <input_file_ref idref="fl-88"/>
      </object_component>
      <object_component id="oc-105">
         <name>.text:__llshru</name>
         <load_address>0x1180a6a0</load_address>
         <run_address>0x1180a6a0</run_address>
         <size>0x40</size>
         <input_file_ref idref="fl-89"/>
      </object_component>
      <object_component id="oc-145">
         <name>.text:__remli</name>
         <load_address>0x1180a6e0</load_address>
         <run_address>0x1180a6e0</run_address>
         <size>0x40</size>
         <input_file_ref idref="fl-a6"/>
      </object_component>
      <object_component id="oc-132">
         <name>.text:__negll</name>
         <load_address>0x1180a720</load_address>
         <run_address>0x1180a720</run_address>
         <size>0x20</size>
         <input_file_ref idref="fl-ad"/>
      </object_component>
      <object_component id="oc-ef">
         <name>.text:__nop</name>
         <load_address>0x1180a740</load_address>
         <run_address>0x1180a740</run_address>
         <size>0x20</size>
         <input_file_ref idref="fl-90"/>
      </object_component>
      <object_component id="oc-11a">
         <name>.text:__outc</name>
         <load_address>0x1180a760</load_address>
         <run_address>0x1180a760</run_address>
         <size>0x20</size>
         <input_file_ref idref="fl-9d"/>
      </object_component>
      <object_component id="oc-118">
         <name>.text:__outs</name>
         <load_address>0x1180a780</load_address>
         <run_address>0x1180a780</run_address>
         <size>0x20</size>
         <input_file_ref idref="fl-9d"/>
      </object_component>
      <object_component id="oc-107">
         <name>.text:__trunc</name>
         <load_address>0x1180a7a0</load_address>
         <run_address>0x1180a7a0</run_address>
         <size>0x20</size>
         <input_file_ref idref="fl-8f"/>
      </object_component>
      <object_component id="oc-fb">
         <name>.text:_abort</name>
         <load_address>0x1180a7c0</load_address>
         <run_address>0x1180a7c0</run_address>
         <size>0x20</size>
         <input_file_ref idref="fl-87"/>
      </object_component>
      <object_component id="oc-144">
         <name>.text:_remove</name>
         <load_address>0x1180a7e0</load_address>
         <run_address>0x1180a7e0</run_address>
         <size>0x20</size>
         <input_file_ref idref="fl-b7"/>
      </object_component>
      <object_component id="oc-28">
         <name>.text</name>
         <load_address>0x1180a800</load_address>
         <run_address>0x1180a800</run_address>
         <size>0x20</size>
         <input_file_ref idref="fl-6"/>
      </object_component>
      <object_component id="oc-12b">
         <name>.const:.string:__ctypes_</name>
         <load_address>0x1180e850</load_address>
         <run_address>0x1180e850</run_address>
         <size>0x101</size>
         <input_file_ref idref="fl-a0"/>
      </object_component>
      <object_component id="oc-ad">
         <name>.const:.string</name>
         <load_address>0x1180e951</load_address>
         <run_address>0x1180e951</run_address>
         <size>0x2</size>
         <input_file_ref idref="fl-a5"/>
      </object_component>
      <object_component id="oc-113">
         <name>.const:_bitval_u32</name>
         <load_address>0x1180e958</load_address>
         <run_address>0x1180e958</run_address>
         <size>0x80</size>
         <input_file_ref idref="fl-9a"/>
      </object_component>
      <object_component id="oc-86">
         <name>.const:.string</name>
         <load_address>0x1180e9d8</load_address>
         <run_address>0x1180e9d8</run_address>
         <size>0x40</size>
         <input_file_ref idref="fl-9a"/>
      </object_component>
      <object_component id="oc-97">
         <name>.const:.string</name>
         <load_address>0x1180ea18</load_address>
         <run_address>0x1180ea18</run_address>
         <size>0x23</size>
         <input_file_ref idref="fl-9e"/>
      </object_component>
      <object_component id="oc-15">
         <name>.bss</name>
         <uninitialized>true</uninitialized>
         <run_address>0x1180eb60</run_address>
         <size>0x1c</size>
         <input_file_ref idref="fl-3"/>
      </object_component>
      <object_component id="oc-1c">
         <name>.bss</name>
         <uninitialized>true</uninitialized>
         <run_address>0x1180eb7c</run_address>
         <size>0x1c</size>
         <input_file_ref idref="fl-4"/>
      </object_component>
      <object_component id="oc-8e">
         <name>.bss</name>
         <uninitialized>true</uninitialized>
         <run_address>0x1180eb98</run_address>
         <size>0x4</size>
         <input_file_ref idref="fl-9c"/>
      </object_component>
      <object_component id="oc-11">
         <name>.far</name>
         <uninitialized>true</uninitialized>
         <run_address>0x1180cd80</run_address>
         <size>0x920</size>
         <input_file_ref idref="fl-2"/>
      </object_component>
      <object_component id="oc-18">
         <name>.far</name>
         <uninitialized>true</uninitialized>
         <run_address>0x1180db74</run_address>
         <size>0x8</size>
         <input_file_ref idref="fl-3"/>
      </object_component>
      <object_component id="oc-1f">
         <name>.far</name>
         <uninitialized>true</uninitialized>
         <run_address>0x1180a820</run_address>
         <size>0x2560</size>
         <input_file_ref idref="fl-4"/>
      </object_component>
      <object_component id="oc-33">
         <name>.far</name>
         <uninitialized>true</uninitialized>
         <run_address>0x1180dae8</run_address>
         <size>0x40</size>
         <input_file_ref idref="fl-83"/>
      </object_component>
      <object_component id="oc-41">
         <name>.far</name>
         <uninitialized>true</uninitialized>
         <run_address>0x1180db68</run_address>
         <size>0xc</size>
         <input_file_ref idref="fl-87"/>
      </object_component>
      <object_component id="oc-4c">
         <name>.far</name>
         <uninitialized>true</uninitialized>
         <run_address>0x1180db84</run_address>
         <size>0x8</size>
         <input_file_ref idref="fl-8a"/>
      </object_component>
      <object_component id="oc-58">
         <name>.far</name>
         <uninitialized>true</uninitialized>
         <run_address>0x1180db28</run_address>
         <size>0x40</size>
         <input_file_ref idref="fl-8d"/>
      </object_component>
      <object_component id="oc-63">
         <name>.far</name>
         <uninitialized>true</uninitialized>
         <run_address>0x1180db7c</run_address>
         <size>0x8</size>
         <input_file_ref idref="fl-90"/>
      </object_component>
      <object_component id="oc-74">
         <name>.far</name>
         <uninitialized>true</uninitialized>
         <run_address>0x1180d9c4</run_address>
         <size>0x4</size>
         <input_file_ref idref="fl-95"/>
      </object_component>
      <object_component id="oc-a1">
         <name>.far</name>
         <uninitialized>true</uninitialized>
         <run_address>0x1180d6a0</run_address>
         <size>0x324</size>
         <input_file_ref idref="fl-a1"/>
      </object_component>
      <object_component id="oc-bb">
         <name>.far</name>
         <uninitialized>true</uninitialized>
         <run_address>0x1180d9c8</run_address>
         <size>0x11c</size>
         <input_file_ref idref="fl-a9"/>
      </object_component>
      <object_component id="oc-cb">
         <name>.far</name>
         <uninitialized>true</uninitialized>
         <run_address>0x1180db90</run_address>
         <size>0x8</size>
         <input_file_ref idref="fl-ae"/>
      </object_component>
      <object_component id="oc-e3">
         <name>.far</name>
         <uninitialized>true</uninitialized>
         <run_address>0x1180dae4</run_address>
         <size>0x4</size>
         <input_file_ref idref="fl-b5"/>
      </object_component>
      <object_component id="oc-112">
         <name>.switch:_getRegisterBankAndBit</name>
         <load_address>0x1180eb9c</load_address>
         <run_address>0x1180eb9c</run_address>
         <size>0x24</size>
         <input_file_ref idref="fl-98"/>
      </object_component>
      <object_component id="oc-2e">
         <name>.stack</name>
         <uninitialized>true</uninitialized>
         <run_address>0x1180db98</run_address>
         <size>0x8</size>
         <input_file_ref idref="fl-82"/>
      </object_component>
      <object_component id="oc-161">
         <name>.stack</name>
         <uninitialized>true</uninitialized>
         <run_address>0x1180db98</run_address>
         <size>0x0</size>
      </object_component>
      <object_component id="oc-1e">
         <name>.cinit</name>
         <load_address>0x1180e398</load_address>
         <run_address>0x1180e398</run_address>
         <size>0x160</size>
         <input_file_ref idref="fl-4"/>
      </object_component>
      <object_component id="oc-10">
         <name>.cinit</name>
         <load_address>0x1180e4f8</load_address>
         <run_address>0x1180e4f8</run_address>
         <size>0x130</size>
         <input_file_ref idref="fl-2"/>
      </object_component>
      <object_component id="oc-a0">
         <name>.cinit</name>
         <load_address>0x1180e628</load_address>
         <run_address>0x1180e628</run_address>
         <size>0x5c</size>
         <input_file_ref idref="fl-a1"/>
      </object_component>
      <object_component id="oc-ba">
         <name>.cinit</name>
         <load_address>0x1180e688</load_address>
         <run_address>0x1180e688</run_address>
         <size>0x5c</size>
         <input_file_ref idref="fl-a9"/>
      </object_component>
      <object_component id="oc-32">
         <name>.cinit</name>
         <load_address>0x1180e6e8</load_address>
         <run_address>0x1180e6e8</run_address>
         <size>0x48</size>
         <input_file_ref idref="fl-83"/>
      </object_component>
      <object_component id="oc-57">
         <name>.cinit</name>
         <load_address>0x1180e730</load_address>
         <run_address>0x1180e730</run_address>
         <size>0x48</size>
         <input_file_ref idref="fl-8d"/>
      </object_component>
      <object_component id="oc-17">
         <name>.cinit</name>
         <load_address>0x1180e778</load_address>
         <run_address>0x1180e778</run_address>
         <size>0x2c</size>
         <input_file_ref idref="fl-3"/>
      </object_component>
      <object_component id="oc-40">
         <name>.cinit</name>
         <load_address>0x1180e7a8</load_address>
         <run_address>0x1180e7a8</run_address>
         <size>0x2c</size>
         <input_file_ref idref="fl-87"/>
      </object_component>
      <object_component id="oc-4b">
         <name>.cinit</name>
         <load_address>0x1180e7d8</load_address>
         <run_address>0x1180e7d8</run_address>
         <size>0x2c</size>
         <input_file_ref idref="fl-8a"/>
      </object_component>
      <object_component id="oc-62">
         <name>.cinit</name>
         <load_address>0x1180e808</load_address>
         <run_address>0x1180e808</run_address>
         <size>0x1c</size>
         <input_file_ref idref="fl-90"/>
      </object_component>
      <object_component id="oc-73">
         <name>.cinit</name>
         <load_address>0x1180e828</load_address>
         <run_address>0x1180e828</run_address>
         <size>0xc</size>
         <input_file_ref idref="fl-95"/>
      </object_component>
      <object_component id="oc-e2">
         <name>.cinit</name>
         <load_address>0x1180e838</load_address>
         <run_address>0x1180e838</run_address>
         <size>0xc</size>
         <input_file_ref idref="fl-b5"/>
      </object_component>
      <object_component id="oc-4d">
         <name>.sysmem</name>
         <uninitialized>true</uninitialized>
         <run_address>0x80000000</run_address>
         <size>0x8</size>
         <input_file_ref idref="fl-8a"/>
      </object_component>
      <object_component id="oc-162">
         <name>.sysmem</name>
         <uninitialized>true</uninitialized>
         <run_address>0x80000000</run_address>
         <size>0x0</size>
      </object_component>
      <object_component id="oc-cf">
         <name>.cio</name>
         <uninitialized>true</uninitialized>
         <run_address>0x1180ea40</run_address>
         <size>0x120</size>
         <input_file_ref idref="fl-af"/>
      </object_component>
      <object_component id="oc-29">
         <name>.vecs</name>
         <load_address>0x1180ec00</load_address>
         <run_address>0x1180ec00</run_address>
         <size>0x200</size>
         <input_file_ref idref="fl-6"/>
      </object_component>
      <object_component id="oc-f">
         <name>.debug_info</name>
         <load_address>0x0</load_address>
         <run_address>0x0</run_address>
         <size>0xcb6</size>
         <input_file_ref idref="fl-2"/>
      </object_component>
      <object_component id="oc-16">
         <name>.debug_info</name>
         <load_address>0xcb6</load_address>
         <run_address>0xcb6</run_address>
         <size>0x4209</size>
         <input_file_ref idref="fl-3"/>
      </object_component>
      <object_component id="oc-1d">
         <name>.debug_info</name>
         <load_address>0x4ebf</load_address>
         <run_address>0x4ebf</run_address>
         <size>0x133c</size>
         <input_file_ref idref="fl-4"/>
      </object_component>
      <object_component id="oc-24">
         <name>.debug_info</name>
         <load_address>0x61fb</load_address>
         <run_address>0x61fb</run_address>
         <size>0x934</size>
         <input_file_ref idref="fl-5"/>
      </object_component>
      <object_component id="oc-2a">
         <name>.debug_info</name>
         <load_address>0x6b2f</load_address>
         <run_address>0x6b2f</run_address>
         <size>0xf7</size>
         <input_file_ref idref="fl-6"/>
      </object_component>
      <object_component id="oc-2d">
         <name>.debug_info</name>
         <load_address>0x6c26</load_address>
         <run_address>0x6c26</run_address>
         <size>0x739</size>
         <input_file_ref idref="fl-82"/>
      </object_component>
      <object_component id="oc-31">
         <name>.debug_info</name>
         <load_address>0x735f</load_address>
         <run_address>0x735f</run_address>
         <size>0x78c</size>
         <input_file_ref idref="fl-83"/>
      </object_component>
      <object_component id="oc-36">
         <name>.debug_info</name>
         <load_address>0x7aeb</load_address>
         <run_address>0x7aeb</run_address>
         <size>0x9b1</size>
         <input_file_ref idref="fl-84"/>
      </object_component>
      <object_component id="oc-39">
         <name>.debug_info</name>
         <load_address>0x849c</load_address>
         <run_address>0x849c</run_address>
         <size>0x8fc</size>
         <input_file_ref idref="fl-85"/>
      </object_component>
      <object_component id="oc-3c">
         <name>.debug_info</name>
         <load_address>0x8d98</load_address>
         <run_address>0x8d98</run_address>
         <size>0x102</size>
         <input_file_ref idref="fl-86"/>
      </object_component>
      <object_component id="oc-3f">
         <name>.debug_info</name>
         <load_address>0x8e9a</load_address>
         <run_address>0x8e9a</run_address>
         <size>0x867</size>
         <input_file_ref idref="fl-87"/>
      </object_component>
      <object_component id="oc-44">
         <name>.debug_info</name>
         <load_address>0x9701</load_address>
         <run_address>0x9701</run_address>
         <size>0x69a</size>
         <input_file_ref idref="fl-88"/>
      </object_component>
      <object_component id="oc-47">
         <name>.debug_info</name>
         <load_address>0x9d9b</load_address>
         <run_address>0x9d9b</run_address>
         <size>0x72f</size>
         <input_file_ref idref="fl-89"/>
      </object_component>
      <object_component id="oc-4a">
         <name>.debug_info</name>
         <load_address>0xa4ca</load_address>
         <run_address>0xa4ca</run_address>
         <size>0xc91</size>
         <input_file_ref idref="fl-8a"/>
      </object_component>
      <object_component id="oc-50">
         <name>.debug_info</name>
         <load_address>0xb15b</load_address>
         <run_address>0xb15b</run_address>
         <size>0x6ae</size>
         <input_file_ref idref="fl-8b"/>
      </object_component>
      <object_component id="oc-53">
         <name>.debug_info</name>
         <load_address>0xb809</load_address>
         <run_address>0xb809</run_address>
         <size>0x681</size>
         <input_file_ref idref="fl-8c"/>
      </object_component>
      <object_component id="oc-56">
         <name>.debug_info</name>
         <load_address>0xbe8a</load_address>
         <run_address>0xbe8a</run_address>
         <size>0x78c</size>
         <input_file_ref idref="fl-8d"/>
      </object_component>
      <object_component id="oc-5b">
         <name>.debug_info</name>
         <load_address>0xc616</load_address>
         <run_address>0xc616</run_address>
         <size>0x904</size>
         <input_file_ref idref="fl-8e"/>
      </object_component>
      <object_component id="oc-5e">
         <name>.debug_info</name>
         <load_address>0xcf1a</load_address>
         <run_address>0xcf1a</run_address>
         <size>0x67f</size>
         <input_file_ref idref="fl-8f"/>
      </object_component>
      <object_component id="oc-61">
         <name>.debug_info</name>
         <load_address>0xd599</load_address>
         <run_address>0xd599</run_address>
         <size>0x67a</size>
         <input_file_ref idref="fl-90"/>
      </object_component>
      <object_component id="oc-66">
         <name>.debug_info</name>
         <load_address>0xdc13</load_address>
         <run_address>0xdc13</run_address>
         <size>0x70f</size>
         <input_file_ref idref="fl-91"/>
      </object_component>
      <object_component id="oc-69">
         <name>.debug_info</name>
         <load_address>0xe322</load_address>
         <run_address>0xe322</run_address>
         <size>0x8e6</size>
         <input_file_ref idref="fl-92"/>
      </object_component>
      <object_component id="oc-6c">
         <name>.debug_info</name>
         <load_address>0xec08</load_address>
         <run_address>0xec08</run_address>
         <size>0x75e</size>
         <input_file_ref idref="fl-93"/>
      </object_component>
      <object_component id="oc-6f">
         <name>.debug_info</name>
         <load_address>0xf366</load_address>
         <run_address>0xf366</run_address>
         <size>0x854</size>
         <input_file_ref idref="fl-94"/>
      </object_component>
      <object_component id="oc-72">
         <name>.debug_info</name>
         <load_address>0xfbba</load_address>
         <run_address>0xfbba</run_address>
         <size>0x610</size>
         <input_file_ref idref="fl-95"/>
      </object_component>
      <object_component id="oc-76">
         <name>.debug_info</name>
         <load_address>0x101ca</load_address>
         <run_address>0x101ca</run_address>
         <size>0x111</size>
         <input_file_ref idref="fl-96"/>
      </object_component>
      <object_component id="oc-79">
         <name>.debug_info</name>
         <load_address>0x102db</load_address>
         <run_address>0x102db</run_address>
         <size>0xb3f</size>
         <input_file_ref idref="fl-97"/>
      </object_component>
      <object_component id="oc-7d">
         <name>.debug_info</name>
         <load_address>0x10e1a</load_address>
         <run_address>0x10e1a</run_address>
         <size>0x1014</size>
         <input_file_ref idref="fl-98"/>
      </object_component>
      <object_component id="oc-81">
         <name>.debug_info</name>
         <load_address>0x11e2e</load_address>
         <run_address>0x11e2e</run_address>
         <size>0xee6</size>
         <input_file_ref idref="fl-99"/>
      </object_component>
      <object_component id="oc-85">
         <name>.debug_info</name>
         <load_address>0x12d14</load_address>
         <run_address>0x12d14</run_address>
         <size>0x2784</size>
         <input_file_ref idref="fl-9a"/>
      </object_component>
      <object_component id="oc-8a">
         <name>.debug_info</name>
         <load_address>0x15498</load_address>
         <run_address>0x15498</run_address>
         <size>0xf3c</size>
         <input_file_ref idref="fl-9b"/>
      </object_component>
      <object_component id="oc-8f">
         <name>.debug_info</name>
         <load_address>0x163d4</load_address>
         <run_address>0x163d4</run_address>
         <size>0x13d9</size>
         <input_file_ref idref="fl-9c"/>
      </object_component>
      <object_component id="oc-93">
         <name>.debug_info</name>
         <load_address>0x177ad</load_address>
         <run_address>0x177ad</run_address>
         <size>0x930</size>
         <input_file_ref idref="fl-9d"/>
      </object_component>
      <object_component id="oc-96">
         <name>.debug_info</name>
         <load_address>0x180dd</load_address>
         <run_address>0x180dd</run_address>
         <size>0x38a3</size>
         <input_file_ref idref="fl-9e"/>
      </object_component>
      <object_component id="oc-9a">
         <name>.debug_info</name>
         <load_address>0x1b980</load_address>
         <run_address>0x1b980</run_address>
         <size>0x7de</size>
         <input_file_ref idref="fl-9f"/>
      </object_component>
      <object_component id="oc-9d">
         <name>.debug_info</name>
         <load_address>0x1c15e</load_address>
         <run_address>0x1c15e</run_address>
         <size>0x628</size>
         <input_file_ref idref="fl-a0"/>
      </object_component>
      <object_component id="oc-9f">
         <name>.debug_info</name>
         <load_address>0x1c786</load_address>
         <run_address>0x1c786</run_address>
         <size>0x715</size>
         <input_file_ref idref="fl-a1"/>
      </object_component>
      <object_component id="oc-a3">
         <name>.debug_info</name>
         <load_address>0x1ce9b</load_address>
         <run_address>0x1ce9b</run_address>
         <size>0x6bf</size>
         <input_file_ref idref="fl-a2"/>
      </object_component>
      <object_component id="oc-a6">
         <name>.debug_info</name>
         <load_address>0x1d55a</load_address>
         <run_address>0x1d55a</run_address>
         <size>0x6de</size>
         <input_file_ref idref="fl-a3"/>
      </object_component>
      <object_component id="oc-a9">
         <name>.debug_info</name>
         <load_address>0x1dc38</load_address>
         <run_address>0x1dc38</run_address>
         <size>0x858</size>
         <input_file_ref idref="fl-a4"/>
      </object_component>
      <object_component id="oc-ac">
         <name>.debug_info</name>
         <load_address>0x1e490</load_address>
         <run_address>0x1e490</run_address>
         <size>0xd9b</size>
         <input_file_ref idref="fl-a5"/>
      </object_component>
      <object_component id="oc-b0">
         <name>.debug_info</name>
         <load_address>0x1f22b</load_address>
         <run_address>0x1f22b</run_address>
         <size>0x832</size>
         <input_file_ref idref="fl-a6"/>
      </object_component>
      <object_component id="oc-b3">
         <name>.debug_info</name>
         <load_address>0x1fa5d</load_address>
         <run_address>0x1fa5d</run_address>
         <size>0x82d</size>
         <input_file_ref idref="fl-a7"/>
      </object_component>
      <object_component id="oc-b6">
         <name>.debug_info</name>
         <load_address>0x2028a</load_address>
         <run_address>0x2028a</run_address>
         <size>0x844</size>
         <input_file_ref idref="fl-a8"/>
      </object_component>
      <object_component id="oc-b9">
         <name>.debug_info</name>
         <load_address>0x20ace</load_address>
         <run_address>0x20ace</run_address>
         <size>0x11b4</size>
         <input_file_ref idref="fl-a9"/>
      </object_component>
      <object_component id="oc-be">
         <name>.debug_info</name>
         <load_address>0x21c82</load_address>
         <run_address>0x21c82</run_address>
         <size>0x7be</size>
         <input_file_ref idref="fl-aa"/>
      </object_component>
      <object_component id="oc-c1">
         <name>.debug_info</name>
         <load_address>0x22440</load_address>
         <run_address>0x22440</run_address>
         <size>0x761</size>
         <input_file_ref idref="fl-ab"/>
      </object_component>
      <object_component id="oc-c4">
         <name>.debug_info</name>
         <load_address>0x22ba1</load_address>
         <run_address>0x22ba1</run_address>
         <size>0x845</size>
         <input_file_ref idref="fl-ac"/>
      </object_component>
      <object_component id="oc-c7">
         <name>.debug_info</name>
         <load_address>0x233e6</load_address>
         <run_address>0x233e6</run_address>
         <size>0x646</size>
         <input_file_ref idref="fl-ad"/>
      </object_component>
      <object_component id="oc-ca">
         <name>.debug_info</name>
         <load_address>0x23a2c</load_address>
         <run_address>0x23a2c</run_address>
         <size>0x11f4</size>
         <input_file_ref idref="fl-ae"/>
      </object_component>
      <object_component id="oc-ce">
         <name>.debug_info</name>
         <load_address>0x24c20</load_address>
         <run_address>0x24c20</run_address>
         <size>0xa1b</size>
         <input_file_ref idref="fl-af"/>
      </object_component>
      <object_component id="oc-d2">
         <name>.debug_info</name>
         <load_address>0x2563b</load_address>
         <run_address>0x2563b</run_address>
         <size>0x788</size>
         <input_file_ref idref="fl-b0"/>
      </object_component>
      <object_component id="oc-d5">
         <name>.debug_info</name>
         <load_address>0x25dc3</load_address>
         <run_address>0x25dc3</run_address>
         <size>0x5fa</size>
         <input_file_ref idref="fl-b1"/>
      </object_component>
      <object_component id="oc-d8">
         <name>.debug_info</name>
         <load_address>0x263bd</load_address>
         <run_address>0x263bd</run_address>
         <size>0x7af</size>
         <input_file_ref idref="fl-b2"/>
      </object_component>
      <object_component id="oc-db">
         <name>.debug_info</name>
         <load_address>0x26b6c</load_address>
         <run_address>0x26b6c</run_address>
         <size>0x7e7</size>
         <input_file_ref idref="fl-b3"/>
      </object_component>
      <object_component id="oc-de">
         <name>.debug_info</name>
         <load_address>0x27353</load_address>
         <run_address>0x27353</run_address>
         <size>0x841</size>
         <input_file_ref idref="fl-b4"/>
      </object_component>
      <object_component id="oc-e1">
         <name>.debug_info</name>
         <load_address>0x27b94</load_address>
         <run_address>0x27b94</run_address>
         <size>0x8fa</size>
         <input_file_ref idref="fl-b5"/>
      </object_component>
      <object_component id="oc-e6">
         <name>.debug_info</name>
         <load_address>0x2848e</load_address>
         <run_address>0x2848e</run_address>
         <size>0x834</size>
         <input_file_ref idref="fl-b6"/>
      </object_component>
      <object_component id="oc-e9">
         <name>.debug_info</name>
         <load_address>0x28cc2</load_address>
         <run_address>0x28cc2</run_address>
         <size>0x692</size>
         <input_file_ref idref="fl-b7"/>
      </object_component>
      <object_component id="oc-163">
         <name>.debug_info</name>
         <load_address>0x29354</load_address>
         <run_address>0x29354</run_address>
         <size>0x6e</size>
      </object_component>
      <object_component id="oc-12">
         <name>.debug_frame</name>
         <load_address>0x0</load_address>
         <run_address>0x0</run_address>
         <size>0x2a0</size>
         <input_file_ref idref="fl-2"/>
      </object_component>
      <object_component id="oc-19">
         <name>.debug_frame</name>
         <load_address>0x2a0</load_address>
         <run_address>0x2a0</run_address>
         <size>0x464</size>
         <input_file_ref idref="fl-3"/>
      </object_component>
      <object_component id="oc-21">
         <name>.debug_frame</name>
         <load_address>0x704</load_address>
         <run_address>0x704</run_address>
         <size>0x2ec</size>
         <input_file_ref idref="fl-4"/>
      </object_component>
      <object_component id="oc-25">
         <name>.debug_frame</name>
         <load_address>0x9f0</load_address>
         <run_address>0x9f0</run_address>
         <size>0x2d4</size>
         <input_file_ref idref="fl-5"/>
      </object_component>
      <object_component id="oc-7a">
         <name>.debug_frame</name>
         <load_address>0xcc4</load_address>
         <run_address>0xcc4</run_address>
         <size>0x2b9</size>
         <input_file_ref idref="fl-97"/>
      </object_component>
      <object_component id="oc-7e">
         <name>.debug_frame</name>
         <load_address>0xf7d</load_address>
         <run_address>0xf7d</run_address>
         <size>0x2d0</size>
         <input_file_ref idref="fl-98"/>
      </object_component>
      <object_component id="oc-82">
         <name>.debug_frame</name>
         <load_address>0x124d</load_address>
         <run_address>0x124d</run_address>
         <size>0x29a</size>
         <input_file_ref idref="fl-99"/>
      </object_component>
      <object_component id="oc-87">
         <name>.debug_frame</name>
         <load_address>0x14e7</load_address>
         <run_address>0x14e7</run_address>
         <size>0x38b</size>
         <input_file_ref idref="fl-9a"/>
      </object_component>
      <object_component id="oc-8b">
         <name>.debug_frame</name>
         <load_address>0x1872</load_address>
         <run_address>0x1872</run_address>
         <size>0x2da</size>
         <input_file_ref idref="fl-9b"/>
      </object_component>
      <object_component id="oc-90">
         <name>.debug_frame</name>
         <load_address>0x1b4c</load_address>
         <run_address>0x1b4c</run_address>
         <size>0x29c</size>
         <input_file_ref idref="fl-9c"/>
      </object_component>
      <object_component id="oc-13">
         <name>.debug_line</name>
         <load_address>0x0</load_address>
         <run_address>0x0</run_address>
         <size>0xe0</size>
         <input_file_ref idref="fl-2"/>
      </object_component>
      <object_component id="oc-1a">
         <name>.debug_line</name>
         <load_address>0xe0</load_address>
         <run_address>0xe0</run_address>
         <size>0x65b</size>
         <input_file_ref idref="fl-3"/>
      </object_component>
      <object_component id="oc-22">
         <name>.debug_line</name>
         <load_address>0x73b</load_address>
         <run_address>0x73b</run_address>
         <size>0x18c</size>
         <input_file_ref idref="fl-4"/>
      </object_component>
      <object_component id="oc-26">
         <name>.debug_line</name>
         <load_address>0x8c7</load_address>
         <run_address>0x8c7</run_address>
         <size>0xa7</size>
         <input_file_ref idref="fl-5"/>
      </object_component>
      <object_component id="oc-2b">
         <name>.debug_line</name>
         <load_address>0x96e</load_address>
         <run_address>0x96e</run_address>
         <size>0xcd</size>
         <input_file_ref idref="fl-6"/>
      </object_component>
      <object_component id="oc-2f">
         <name>.debug_line</name>
         <load_address>0xa3b</load_address>
         <run_address>0xa3b</run_address>
         <size>0x3d</size>
         <input_file_ref idref="fl-82"/>
      </object_component>
      <object_component id="oc-34">
         <name>.debug_line</name>
         <load_address>0xa78</load_address>
         <run_address>0xa78</run_address>
         <size>0x54</size>
         <input_file_ref idref="fl-83"/>
      </object_component>
      <object_component id="oc-37">
         <name>.debug_line</name>
         <load_address>0xacc</load_address>
         <run_address>0xacc</run_address>
         <size>0x3c</size>
         <input_file_ref idref="fl-84"/>
      </object_component>
      <object_component id="oc-3a">
         <name>.debug_line</name>
         <load_address>0xb08</load_address>
         <run_address>0xb08</run_address>
         <size>0x3c</size>
         <input_file_ref idref="fl-85"/>
      </object_component>
      <object_component id="oc-3d">
         <name>.debug_line</name>
         <load_address>0xb44</load_address>
         <run_address>0xb44</run_address>
         <size>0x44</size>
         <input_file_ref idref="fl-86"/>
      </object_component>
      <object_component id="oc-42">
         <name>.debug_line</name>
         <load_address>0xb88</load_address>
         <run_address>0xb88</run_address>
         <size>0x4f</size>
         <input_file_ref idref="fl-87"/>
      </object_component>
      <object_component id="oc-45">
         <name>.debug_line</name>
         <load_address>0xbd7</load_address>
         <run_address>0xbd7</run_address>
         <size>0x3e</size>
         <input_file_ref idref="fl-88"/>
      </object_component>
      <object_component id="oc-48">
         <name>.debug_line</name>
         <load_address>0xc15</load_address>
         <run_address>0xc15</run_address>
         <size>0x56</size>
         <input_file_ref idref="fl-89"/>
      </object_component>
      <object_component id="oc-4e">
         <name>.debug_line</name>
         <load_address>0xc6b</load_address>
         <run_address>0xc6b</run_address>
         <size>0xa7</size>
         <input_file_ref idref="fl-8a"/>
      </object_component>
      <object_component id="oc-51">
         <name>.debug_line</name>
         <load_address>0xd12</load_address>
         <run_address>0xd12</run_address>
         <size>0x37</size>
         <input_file_ref idref="fl-8b"/>
      </object_component>
      <object_component id="oc-54">
         <name>.debug_line</name>
         <load_address>0xd49</load_address>
         <run_address>0xd49</run_address>
         <size>0x38</size>
         <input_file_ref idref="fl-8c"/>
      </object_component>
      <object_component id="oc-59">
         <name>.debug_line</name>
         <load_address>0xd81</load_address>
         <run_address>0xd81</run_address>
         <size>0x50</size>
         <input_file_ref idref="fl-8d"/>
      </object_component>
      <object_component id="oc-5c">
         <name>.debug_line</name>
         <load_address>0xdd1</load_address>
         <run_address>0xdd1</run_address>
         <size>0xae</size>
         <input_file_ref idref="fl-8e"/>
      </object_component>
      <object_component id="oc-5f">
         <name>.debug_line</name>
         <load_address>0xe7f</load_address>
         <run_address>0xe7f</run_address>
         <size>0x38</size>
         <input_file_ref idref="fl-8f"/>
      </object_component>
      <object_component id="oc-64">
         <name>.debug_line</name>
         <load_address>0xeb7</load_address>
         <run_address>0xeb7</run_address>
         <size>0x35</size>
         <input_file_ref idref="fl-90"/>
      </object_component>
      <object_component id="oc-67">
         <name>.debug_line</name>
         <load_address>0xeec</load_address>
         <run_address>0xeec</run_address>
         <size>0x3f</size>
         <input_file_ref idref="fl-91"/>
      </object_component>
      <object_component id="oc-6a">
         <name>.debug_line</name>
         <load_address>0xf2b</load_address>
         <run_address>0xf2b</run_address>
         <size>0x49</size>
         <input_file_ref idref="fl-92"/>
      </object_component>
      <object_component id="oc-6d">
         <name>.debug_line</name>
         <load_address>0xf74</load_address>
         <run_address>0xf74</run_address>
         <size>0x45</size>
         <input_file_ref idref="fl-93"/>
      </object_component>
      <object_component id="oc-70">
         <name>.debug_line</name>
         <load_address>0xfb9</load_address>
         <run_address>0xfb9</run_address>
         <size>0x44</size>
         <input_file_ref idref="fl-94"/>
      </object_component>
      <object_component id="oc-77">
         <name>.debug_line</name>
         <load_address>0xffd</load_address>
         <run_address>0xffd</run_address>
         <size>0x4a</size>
         <input_file_ref idref="fl-96"/>
      </object_component>
      <object_component id="oc-7b">
         <name>.debug_line</name>
         <load_address>0x1047</load_address>
         <run_address>0x1047</run_address>
         <size>0xd8</size>
         <input_file_ref idref="fl-97"/>
      </object_component>
      <object_component id="oc-7f">
         <name>.debug_line</name>
         <load_address>0x111f</load_address>
         <run_address>0x111f</run_address>
         <size>0x1ba</size>
         <input_file_ref idref="fl-98"/>
      </object_component>
      <object_component id="oc-83">
         <name>.debug_line</name>
         <load_address>0x12d9</load_address>
         <run_address>0x12d9</run_address>
         <size>0xad</size>
         <input_file_ref idref="fl-99"/>
      </object_component>
      <object_component id="oc-88">
         <name>.debug_line</name>
         <load_address>0x1386</load_address>
         <run_address>0x1386</run_address>
         <size>0x2d8</size>
         <input_file_ref idref="fl-9a"/>
      </object_component>
      <object_component id="oc-8c">
         <name>.debug_line</name>
         <load_address>0x165e</load_address>
         <run_address>0x165e</run_address>
         <size>0x169</size>
         <input_file_ref idref="fl-9b"/>
      </object_component>
      <object_component id="oc-91">
         <name>.debug_line</name>
         <load_address>0x17c7</load_address>
         <run_address>0x17c7</run_address>
         <size>0x143</size>
         <input_file_ref idref="fl-9c"/>
      </object_component>
      <object_component id="oc-94">
         <name>.debug_line</name>
         <load_address>0x190a</load_address>
         <run_address>0x190a</run_address>
         <size>0x6a</size>
         <input_file_ref idref="fl-9d"/>
      </object_component>
      <object_component id="oc-98">
         <name>.debug_line</name>
         <load_address>0x1974</load_address>
         <run_address>0x1974</run_address>
         <size>0x3a6</size>
         <input_file_ref idref="fl-9e"/>
      </object_component>
      <object_component id="oc-9b">
         <name>.debug_line</name>
         <load_address>0x1d1a</load_address>
         <run_address>0x1d1a</run_address>
         <size>0x45</size>
         <input_file_ref idref="fl-9f"/>
      </object_component>
      <object_component id="oc-a4">
         <name>.debug_line</name>
         <load_address>0x1d5f</load_address>
         <run_address>0x1d5f</run_address>
         <size>0x3d</size>
         <input_file_ref idref="fl-a2"/>
      </object_component>
      <object_component id="oc-a7">
         <name>.debug_line</name>
         <load_address>0x1d9c</load_address>
         <run_address>0x1d9c</run_address>
         <size>0x3d</size>
         <input_file_ref idref="fl-a3"/>
      </object_component>
      <object_component id="oc-aa">
         <name>.debug_line</name>
         <load_address>0x1dd9</load_address>
         <run_address>0x1dd9</run_address>
         <size>0x3f</size>
         <input_file_ref idref="fl-a4"/>
      </object_component>
      <object_component id="oc-ae">
         <name>.debug_line</name>
         <load_address>0x1e18</load_address>
         <run_address>0x1e18</run_address>
         <size>0xd9</size>
         <input_file_ref idref="fl-a5"/>
      </object_component>
      <object_component id="oc-b1">
         <name>.debug_line</name>
         <load_address>0x1ef1</load_address>
         <run_address>0x1ef1</run_address>
         <size>0x73</size>
         <input_file_ref idref="fl-a6"/>
      </object_component>
      <object_component id="oc-b4">
         <name>.debug_line</name>
         <load_address>0x1f64</load_address>
         <run_address>0x1f64</run_address>
         <size>0x61</size>
         <input_file_ref idref="fl-a7"/>
      </object_component>
      <object_component id="oc-b7">
         <name>.debug_line</name>
         <load_address>0x1fc5</load_address>
         <run_address>0x1fc5</run_address>
         <size>0x38</size>
         <input_file_ref idref="fl-a8"/>
      </object_component>
      <object_component id="oc-bc">
         <name>.debug_line</name>
         <load_address>0x1ffd</load_address>
         <run_address>0x1ffd</run_address>
         <size>0x13b</size>
         <input_file_ref idref="fl-a9"/>
      </object_component>
      <object_component id="oc-bf">
         <name>.debug_line</name>
         <load_address>0x2138</load_address>
         <run_address>0x2138</run_address>
         <size>0x40</size>
         <input_file_ref idref="fl-aa"/>
      </object_component>
      <object_component id="oc-c2">
         <name>.debug_line</name>
         <load_address>0x2178</load_address>
         <run_address>0x2178</run_address>
         <size>0x3f</size>
         <input_file_ref idref="fl-ab"/>
      </object_component>
      <object_component id="oc-c5">
         <name>.debug_line</name>
         <load_address>0x21b7</load_address>
         <run_address>0x21b7</run_address>
         <size>0x46</size>
         <input_file_ref idref="fl-ac"/>
      </object_component>
      <object_component id="oc-c8">
         <name>.debug_line</name>
         <load_address>0x21fd</load_address>
         <run_address>0x21fd</run_address>
         <size>0x39</size>
         <input_file_ref idref="fl-ad"/>
      </object_component>
      <object_component id="oc-cc">
         <name>.debug_line</name>
         <load_address>0x2236</load_address>
         <run_address>0x2236</run_address>
         <size>0x16c</size>
         <input_file_ref idref="fl-ae"/>
      </object_component>
      <object_component id="oc-d0">
         <name>.debug_line</name>
         <load_address>0x23a2</load_address>
         <run_address>0x23a2</run_address>
         <size>0x66</size>
         <input_file_ref idref="fl-af"/>
      </object_component>
      <object_component id="oc-d3">
         <name>.debug_line</name>
         <load_address>0x2408</load_address>
         <run_address>0x2408</run_address>
         <size>0x40</size>
         <input_file_ref idref="fl-b0"/>
      </object_component>
      <object_component id="oc-d6">
         <name>.debug_line</name>
         <load_address>0x2448</load_address>
         <run_address>0x2448</run_address>
         <size>0x23</size>
         <input_file_ref idref="fl-b1"/>
      </object_component>
      <object_component id="oc-d9">
         <name>.debug_line</name>
         <load_address>0x246b</load_address>
         <run_address>0x246b</run_address>
         <size>0x3e</size>
         <input_file_ref idref="fl-b2"/>
      </object_component>
      <object_component id="oc-dc">
         <name>.debug_line</name>
         <load_address>0x24a9</load_address>
         <run_address>0x24a9</run_address>
         <size>0x3c</size>
         <input_file_ref idref="fl-b3"/>
      </object_component>
      <object_component id="oc-df">
         <name>.debug_line</name>
         <load_address>0x24e5</load_address>
         <run_address>0x24e5</run_address>
         <size>0x40</size>
         <input_file_ref idref="fl-b4"/>
      </object_component>
      <object_component id="oc-e4">
         <name>.debug_line</name>
         <load_address>0x2525</load_address>
         <run_address>0x2525</run_address>
         <size>0x42</size>
         <input_file_ref idref="fl-b5"/>
      </object_component>
      <object_component id="oc-e7">
         <name>.debug_line</name>
         <load_address>0x2567</load_address>
         <run_address>0x2567</run_address>
         <size>0x3e</size>
         <input_file_ref idref="fl-b6"/>
      </object_component>
[...]
      </symbol>
      <symbol id="sm-223">
         <name>_c_div</name>
         <value>0x118073e8</value>
         <object_component_ref idref="oc-103"/>
      </symbol>
      <symbol id="sm-224">
         <name>_c_add</name>
         <value>0x118072e0</value>
         <object_component_ref idref="oc-103"/>
      </symbol>
      <symbol id="sm-225">
         <name>_c_prod</name>
         <value>0x11807370</value>
         <object_component_ref idref="oc-103"/>
      </symbol>
      <symbol id="sm-232">
         <name>_vector10</name>
         <value>0x1180ed40</value>
         <object_component_ref idref="oc-29"/>
      </symbol>
      <symbol id="sm-233">
         <name>_vector11</name>
         <value>0x1180ed60</value>
         <object_component_ref idref="oc-29"/>
      </symbol>
      <symbol id="sm-234">
         <name>_vector12</name>
         <value>0x1180ed80</value>
         <object_component_ref idref="oc-29"/>
      </symbol>
      <symbol id="sm-235">
         <name>_vector13</name>
         <value>0x1180eda0</value>
         <object_component_ref idref="oc-29"/>
      </symbol>
      <symbol id="sm-236">
         <name>_vector14</name>
         <value>0x1180edc0</value>
         <object_component_ref idref="oc-29"/>
      </symbol>
      <symbol id="sm-237">
         <name>_vector15</name>
         <value>0x1180ede0</value>
         <object_component_ref idref="oc-29"/>
      </symbol>
      <symbol id="sm-238">
         <name>_vectors</name>
         <value>0x1180ec00</value>
         <object_component_ref idref="oc-29"/>
      </symbol>
      <symbol id="sm-239">
         <name>_vector1</name>
         <value>0x1180ec20</value>
         <object_component_ref idref="oc-29"/>
      </symbol>
      <symbol id="sm-23a">
         <name>_vector3</name>
         <value>0x1180ec60</value>
         <object_component_ref idref="oc-29"/>
      </symbol>
      <symbol id="sm-23b">
         <name>_vector2</name>
         <value>0x1180ec40</value>
         <object_component_ref idref="oc-29"/>
      </symbol>
      <symbol id="sm-23c">
         <name>_vector5</name>
         <value>0x1180eca0</value>
         <object_component_ref idref="oc-29"/>
      </symbol>
      <symbol id="sm-23d">
         <name>_vector7</name>
         <value>0x1180ece0</value>
         <object_component_ref idref="oc-29"/>
      </symbol>
      <symbol id="sm-23e">
         <name>_vector6</name>
         <value>0x1180ecc0</value>
         <object_component_ref idref="oc-29"/>
      </symbol>
      <symbol id="sm-23f">
         <name>_vector9</name>
         <value>0x1180ed20</value>
         <object_component_ref idref="oc-29"/>
      </symbol>
      <symbol id="sm-240">
         <name>_vector8</name>
         <value>0x1180ed00</value>
         <object_component_ref idref="oc-29"/>
      </symbol>
      <symbol id="sm-24f">
         <name>_c_int00</name>
         <value>0x1180a2a0</value>
         <object_component_ref idref="oc-e"/>
      </symbol>
      <symbol id="sm-250">
         <name>__stack</name>
         <value>0x1180db98</value>
         <object_component_ref idref="oc-2e"/>
      </symbol>
      <symbol id="sm-266">
         <name>_cos</name>
         <value>0x118054e0</value>
         <object_component_ref idref="oc-100"/>
      </symbol>
      <symbol id="sm-278">
         <name>__divd</name>
         <value>0x11802aa0</value>
         <object_component_ref idref="oc-ff"/>
      </symbol>
      <symbol id="sm-288">
         <name>__divf</name>
         <value>0x11806040</value>
         <object_component_ref idref="oc-10f"/>
      </symbol>
      <symbol id="sm-291">
         <name>__c6xabi_divu</name>
         <value>0x11809400</value>
         <object_component_ref idref="oc-104"/>
      </symbol>
      <symbol id="sm-292">
         <name>__divu</name>
         <value>0x11809400</value>
         <object_component_ref idref="oc-104"/>
      </symbol>
      <symbol id="sm-2a9">
         <name>C$$EXIT</name>
         <value>0x1180a7c0</value>
         <object_component_ref idref="oc-fb"/>
      </symbol>
      <symbol id="sm-2aa">
         <name>_exit</name>
         <value>0x11809580</value>
         <object_component_ref idref="oc-ee"/>
      </symbol>
      <symbol id="sm-2ab">
         <name>___TI_enable_exit_profile_output</name>
         <value>0x1180db70</value>
         <object_component_ref idref="oc-41"/>
      </symbol>
      <symbol id="sm-2ac">
         <name>_abort</name>
         <value>0x1180a7c0</value>
         <object_component_ref idref="oc-fb"/>
      </symbol>
      <symbol id="sm-2ad">
         <name>__cleanup_ptr</name>
         <value>0x1180db68</value>
         <object_component_ref idref="oc-41"/>
      </symbol>
      <symbol id="sm-2ae">
         <name>__dtors_ptr</name>
         <value>0x1180db6c</value>
         <object_component_ref idref="oc-41"/>
      </symbol>
      <symbol id="sm-2b8">
         <name>__frcmpyd_div</name>
         <value>0x1180a660</value>
         <object_component_ref idref="oc-106"/>
      </symbol>
      <symbol id="sm-2c6">
         <name>__llshl</name>
         <value>0x1180a220</value>
         <object_component_ref idref="oc-147"/>
      </symbol>
      <symbol id="sm-2c7">
         <name>__llshru</name>
         <value>0x1180a6a0</value>
         <object_component_ref idref="oc-105"/>
      </symbol>
      <symbol id="sm-2ff">
         <name>__sys_memory</name>
         <value>0x80000000</value>
         <object_component_ref idref="oc-4d"/>
      </symbol>
      <symbol id="sm-300">
         <name>_free</name>
         <value>0x118062c0</value>
         <object_component_ref idref="oc-135"/>
      </symbol>
      <symbol id="sm-301">
         <name>_malloc</name>
         <value>0x11808160</value>
         <object_component_ref idref="oc-10c"/>
      </symbol>
      <symbol id="sm-30d">
         <name>_modf</name>
         <value>0x11809f20</value>
         <object_component_ref idref="oc-109"/>
      </symbol>
      <symbol id="sm-317">
         <name>__nround</name>
         <value>0x11809ac0</value>
         <object_component_ref idref="oc-108"/>
      </symbol>
      <symbol id="sm-32c">
         <name>_sin</name>
         <value>0x11806540</value>
         <object_component_ref idref="oc-101"/>
      </symbol>
      <symbol id="sm-338">
         <name>_sqrt</name>
         <value>0x11808ac0</value>
         <object_component_ref idref="oc-110"/>
      </symbol>
      <symbol id="sm-342">
         <name>__trunc</name>
         <value>0x1180a7a0</value>
         <object_component_ref idref="oc-107"/>
      </symbol>
      <symbol id="sm-350">
         <name>__unlock</name>
         <value>0x1180db80</value>
         <object_component_ref idref="oc-63"/>
      </symbol>
      <symbol id="sm-351">
         <name>__lock</name>
         <value>0x1180db7c</value>
         <object_component_ref idref="oc-63"/>
      </symbol>
      <symbol id="sm-352">
         <name>__nop</name>
         <value>0x1180a740</value>
         <object_component_ref idref="oc-ef"/>
      </symbol>
      <symbol id="sm-35c">
         <name>__args_main</name>
         <value>0x1180a620</value>
         <object_component_ref idref="oc-ed"/>
      </symbol>
      <symbol id="sm-35d">
         <name>__TI_args_main</name>
         <value>0x1</value>
      </symbol>
      <symbol id="sm-36c">
         <name>__auto_init</name>
         <value>0x11809280</value>
         <object_component_ref idref="oc-ec"/>
      </symbol>
      <symbol id="sm-379">
         <name>___TI_cpp_init</name>
         <value>0x1180a420</value>
         <object_component_ref idref="oc-f9"/>
      </symbol>
      <symbol id="sm-387">
         <name>_copy_in</name>
         <value>0x11809c00</value>
         <object_component_ref idref="oc-f7"/>
      </symbol>
      <symbol id="sm-391">
         <name>_errno</name>
         <value>0x1180d9c4</value>
         <object_component_ref idref="oc-74"/>
      </symbol>
      <symbol id="sm-399">
         <name>_memcpy</name>
         <value>0x11809de0</value>
         <object_component_ref idref="oc-f8"/>
      </symbol>
      <symbol id="sm-3a8">
         <name>_USTIMER_get</name>
         <value>0x11807aa4</value>
         <object_component_ref idref="oc-10d"/>
      </symbol>
      <symbol id="sm-3a9">
         <name>_USTIMER_delay</name>
         <value>0x118079e4</value>
         <object_component_ref idref="oc-10d"/>
      </symbol>
      <symbol id="sm-3aa">
         <name>_USTIMER_set</name>
         <value>0x11807ab8</value>
         <object_component_ref idref="oc-10d"/>
      </symbol>
      <symbol id="sm-3ab">
         <name>_USTIMER_init</name>
         <value>0x11807900</value>
         <object_component_ref idref="oc-10d"/>
      </symbol>
      <symbol id="sm-3ac">
         <name>_USTIMER_reset</name>
         <value>0x11807a74</value>
         <object_component_ref idref="oc-10d"/>
      </symbol>
      <symbol id="sm-3e6">
         <name>_GPIO_getInput</name>
         <value>0x11804818</value>
         <object_component_ref idref="oc-10b"/>
      </symbol>
      <symbol id="sm-3e7">
         <name>_GPIO_setDir</name>
         <value>0x118047a0</value>
         <object_component_ref idref="oc-10b"/>
      </symbol>
      <symbol id="sm-3e8">
         <name>_GPIO_toggleLoop</name>
         <value>0x1180490c</value>
         <object_component_ref idref="oc-10b"/>
      </symbol>
      <symbol id="sm-3e9">
         <name>_GPIO_setOutput</name>
         <value>0x1180488c</value>
         <object_component_ref idref="oc-10b"/>
      </symbol>
      <symbol id="sm-415">
         <name>_AIC3106_writeRegister</name>
         <value>0x11807f90</value>
         <object_component_ref idref="oc-10a"/>
      </symbol>
      <symbol id="sm-416">
         <name>_AIC3106_init</name>
         <value>0x11807e40</value>
         <object_component_ref idref="oc-10a"/>
      </symbol>
      <symbol id="sm-417">
         <name>_AIC3106_readRegister</name>
         <value>0x11807f38</value>
         <object_component_ref idref="oc-10a"/>
      </symbol>
      <symbol id="sm-4b4">
         <name>_config_pll1</name>
         <value>0x11801fa4</value>
         <object_component_ref idref="oc-10e"/>
      </symbol>
      <symbol id="sm-4b5">
         <name>_config_pll0</name>
         <value>0x11801d68</value>
         <object_component_ref idref="oc-10e"/>
      </symbol>
      <symbol id="sm-4b6">
         <name>_UTIL_isUIBoardAttached</name>
         <value>0x118022e0</value>
         <object_component_ref idref="oc-10e"/>
      </symbol>
      <symbol id="sm-4b7">
         <name>_EVMOMAPL138_initRAM</name>
         <value>0x1180170c</value>
         <object_component_ref idref="oc-10e"/>
      </symbol>
      <symbol id="sm-4b8">
         <name>_EVMOMAPL138_lpscTransition</name>
         <value>0x11801990</value>
         <object_component_ref idref="oc-10e"/>
      </symbol>
      <symbol id="sm-4b9">
         <name>_EVMOMAPL138_enableDsp</name>
         <value>0x118018c8</value>
         <object_component_ref idref="oc-10e"/>
      </symbol>
      <symbol id="sm-4ba">
         <name>_EVMOMAPL138_init</name>
         <value>0x118016e0</value>
         <object_component_ref idref="oc-10e"/>
      </symbol>
      <symbol id="sm-4bb">
         <name>_UTIL_printMem</name>
         <value>0x11802188</value>
         <object_component_ref idref="oc-10e"/>
      </symbol>
      <symbol id="sm-4bc">
         <name>_EVMOMAPL138_pinmuxConfig</name>
         <value>0x118018f4</value>
         <object_component_ref idref="oc-10e"/>
      </symbol>
      <symbol id="sm-4bd">
         <name>_bitval_u32</name>
         <value>0x1180e958</value>
         <object_component_ref idref="oc-113"/>
      </symbol>
      <symbol id="sm-4eb">
         <name>_I2CGPIO_getInput</name>
         <value>0x11803bb4</value>
         <object_component_ref idref="oc-117"/>
      </symbol>
      <symbol id="sm-4ec">
         <name>_I2CGPIO_setOutputAll</name>
         <value>0x11803f28</value>
         <object_component_ref idref="oc-117"/>
      </symbol>
      <symbol id="sm-4ed">
         <name>_I2CGPIO_setOutput</name>
         <value>0x11803de0</value>
         <object_component_ref idref="oc-117"/>
      </symbol>
      <symbol id="sm-4ee">
         <name>_I2CGPIO_getInputAll</name>
         <value>0x11803cd0</value>
         <object_component_ref idref="oc-117"/>
      </symbol>
      <symbol id="sm-4ef">
         <name>_I2CGPIO_init</name>
         <value>0x11803ae0</value>
         <object_component_ref idref="oc-117"/>
      </symbol>
      <symbol id="sm-538">
         <name>_I2C_read</name>
         <value>0x11804c0c</value>
         <object_component_ref idref="oc-111"/>
      </symbol>
      <symbol id="sm-539">
         <name>_I2C_write</name>
         <value>0x11804d68</value>
         <object_component_ref idref="oc-111"/>
      </symbol>
      <symbol id="sm-53a">
         <name>_I2C_init</name>
         <value>0x11804b20</value>
         <object_component_ref idref="oc-111"/>
      </symbol>
      <symbol id="sm-54f">
         <name>_printf</name>
         <value>0x11809020</value>
         <object_component_ref idref="oc-116"/>
      </symbol>
      <symbol id="sm-65b">
         <name>__printfi</name>
         <value>0x11803fc0</value>
         <object_component_ref idref="oc-119"/>
      </symbol>
      <symbol id="sm-669">
         <name>_atoi</name>
         <value>0x11808d80</value>
         <object_component_ref idref="oc-125"/>
      </symbol>
      <symbol id="sm-671">
         <name>__ctypes_</name>
         <value>0x1180e850</value>
         <object_component_ref idref="oc-12b"/>
      </symbol>
      <symbol id="sm-67b">
         <name>__tmpnams</name>
         <value>0x1180d880</value>
         <object_component_ref idref="oc-a1"/>
      </symbol>
      <symbol id="sm-67c">
         <name>__ft_end</name>
         <value>0x1180d9c0</value>
         <object_component_ref idref="oc-a1"/>
      </symbol>
      <symbol id="sm-67d">
         <name>__ftable</name>
         <value>0x1180d6a0</value>
         <object_component_ref idref="oc-a1"/>
      </symbol>
      <symbol id="sm-68a">
         <name>__fixdli</name>
         <value>0x11809a20</value>
         <object_component_ref idref="oc-13e"/>
      </symbol>
      <symbol id="sm-695">
         <name>__fltlid</name>
         <value>0x1180a1a0</value>
         <object_component_ref idref="oc-140"/>
      </symbol>
      <symbol id="sm-6b0">
         <name>_putc</name>
         <value>0x118070c0</value>
         <object_component_ref idref="oc-120"/>
      </symbol>
      <symbol id="sm-6b1">
         <name>_fputc</name>
         <value>0x118070c0</value>
         <object_component_ref idref="oc-120"/>
      </symbol>
      <symbol id="sm-6d3">
         <name>_fputs</name>
         <value>0x11804400</value>
         <object_component_ref idref="oc-11b"/>
      </symbol>
      <symbol id="sm-6e3">
         <name>__divul</name>
         <value>0x11807ca0</value>
         <object_component_ref idref="oc-141"/>
      </symbol>
      <symbol id="sm-6e4">
         <name>__remli</name>
         <value>0x1180a6e0</value>
         <object_component_ref idref="oc-145"/>
      </symbol>
      <symbol id="sm-6e5">
         <name>__divli</name>
         <value>0x11809840</value>
         <object_component_ref idref="oc-146"/>
      </symbol>
      <symbol id="sm-6f9">
         <name>__subcull</name>
         <value>0x1180a480</value>
         <object_component_ref idref="oc-148"/>
      </symbol>
      <symbol id="sm-6fa">
         <name>__divull</name>
         <value>0x118067c0</value>
         <object_component_ref idref="oc-142"/>
      </symbol>
      <symbol id="sm-704">
         <name>___isinf</name>
         <value>0x1180a5a0</value>
         <object_component_ref idref="oc-12d"/>
      </symbol>
      <symbol id="sm-741">
         <name>_unlink</name>
         <value>0x1180a3a0</value>
         <object_component_ref idref="oc-149"/>
      </symbol>
      <symbol id="sm-742">
         <name>_lseek</name>
         <value>0x11809d40</value>
         <object_component_ref idref="oc-134"/>
      </symbol>
      <symbol id="sm-743">
         <name>_close</name>
         <value>0x11808e60</value>
         <object_component_ref idref="oc-143"/>
      </symbol>
      <symbol id="sm-744">
         <name>_write</name>
         <value>0x1180a060</value>
         <object_component_ref idref="oc-123"/>
      </symbol>
      <symbol id="sm-751">
         <name>_ltoa</name>
         <value>0x11809640</value>
         <object_component_ref idref="oc-13f"/>
      </symbol>
      <symbol id="sm-75e">
         <name>_memccpy</name>
         <value>0x1180a4e0</value>
         <object_component_ref idref="oc-128"/>
      </symbol>
      <symbol id="sm-769">
         <name>_memset</name>
         <value>0x11808f40</value>
         <object_component_ref idref="oc-124"/>
      </symbol>
      <symbol id="sm-773">
         <name>__negll</name>
         <value>0x1180a720</value>
         <object_component_ref idref="oc-132"/>
      </symbol>
      <symbol id="sm-79c">
         <name>_HOSTopen</name>
         <value>0x11808bc0</value>
         <object_component_ref idref="oc-f0"/>
      </symbol>
      <symbol id="sm-79d">
         <name>_HOSTread</name>
         <value>0x11808ca0</value>
         <object_component_ref idref="oc-f2"/>
      </symbol>
      <symbol id="sm-79e">
         <name>_HOSTrename</name>
         <value>0x11807fe0</value>
         <object_component_ref idref="oc-f6"/>
      </symbol>
      <symbol id="sm-79f">
         <name>_HOSTwrite</name>
         <value>0x118091c0</value>
         <object_component_ref idref="oc-f3"/>
      </symbol>
      <symbol id="sm-7a0">
         <name>_HOSTlseek</name>
         <value>0x118088c0</value>
         <object_component_ref idref="oc-f4"/>
      </symbol>
      <symbol id="sm-7a1">
         <name>_HOSTunlink</name>
         <value>0x11809100</value>
         <object_component_ref idref="oc-f5"/>
      </symbol>
      <symbol id="sm-7a2">
         <name>_HOSTclose</name>
         <value>0x11809700</value>
         <object_component_ref idref="oc-f1"/>
      </symbol>
      <symbol id="sm-7b2">
         <name>C$$IO$$</name>
         <value>0x1180a598</value>
         <object_component_ref idref="oc-fc"/>
      </symbol>
      <symbol id="sm-7b3">
         <name>__CIOBUF_</name>
         <value>0x1180ea40</value>
         <object_component_ref idref="oc-cf"/>
      </symbol>
      <symbol id="sm-7b4">
         <name>_readmsg</name>
         <value>0x1180a320</value>
         <object_component_ref idref="oc-fd"/>
      </symbol>
      <symbol id="sm-7b5">
         <name>_writemsg</name>
         <value>0x1180a540</value>
         <object_component_ref idref="oc-fc"/>
      </symbol>
      <symbol id="sm-7c4">
         <name>__wrt_ok</name>
         <value>0x118089c0</value>
         <object_component_ref idref="oc-121"/>
      </symbol>
      <symbol id="sm-7d8">
         <name>__doflush</name>
         <value>0x118094c0</value>
         <object_component_ref idref="oc-122"/>
      </symbol>
      <symbol id="sm-7e9">
         <name>_fseek</name>
         <value>0x118087a0</value>
         <object_component_ref idref="oc-129"/>
      </symbol>
      <symbol id="sm-800">
         <name>_setvbuf</name>
         <value>0x11807700</value>
         <object_component_ref idref="oc-12a"/>
      </symbol>
      <symbol id="sm-813">
         <name>__cleanup</name>
         <value>0x118097a0</value>
         <object_component_ref idref="oc-136"/>
      </symbol>
      <symbol id="sm-825">
         <name>__closefile</name>
         <value>0x11808560</value>
         <object_component_ref idref="oc-13d"/>
      </symbol>
      <symbol id="sm-82f">
         <name>_remove</name>
         <value>0x1180a7e0</value>
         <object_component_ref idref="oc-144"/>
      </symbol>
   </symbol_table>
</link_info>
