<?xml version="1.0"?>
<link_info>
   <banner>TMS320C6x Linker PC v7.4.24</banner>
   <copyright>Copyright (c) 1996-2017 Texas Instruments Incorporated</copyright>
   <link_time>0x5b721472</link_time>
   <output_file>Lab5p2.out</output_file>
   <entry_point>
      <name>_c_int00</name>
      <address>0x1181a740</address>
   </entry_point>
   <input_file_list>
      <input_file id="fl-2">
         <path>.\</path>
         <kind>object</kind>
         <file>L138_LCDK_aic3106_init.obj</file>
         <name>L138_LCDK_aic3106_init.obj</name>
      </input_file>
      <input_file id="fl-3">
         <path>.\</path>
         <kind>object</kind>
         <file>L5p2.obj</file>
         <name>L5p2.obj</name>
      </input_file>
      <input_file id="fl-4">
         <path>.\</path>
         <kind>object</kind>
         <file>dsp_lab_utils.obj</file>
         <name>dsp_lab_utils.obj</name>
      </input_file>
      <input_file id="fl-5">
         <path>.\</path>
         <kind>object</kind>
         <file>functions.obj</file>
         <name>functions.obj</name>
      </input_file>
      <input_file id="fl-6">
         <path>.\</path>
         <kind>object</kind>
         <file>levinson.obj</file>
         <name>levinson.obj</name>
      </input_file>
      <input_file id="fl-7">
         <path>.\</path>
         <kind>object</kind>
         <file>vectors_intr.obj</file>
         <name>vectors_intr.obj</name>
      </input_file>
      <input_file id="fl-83">
         <path>C:\ti\ccsv8\tools\compiler\c6000_7.4.24\lib\</path>
         <kind>archive</kind>
         <file>rts6740.lib</file>
         <name>boot.obj</name>
      </input_file>
      <input_file id="fl-84">
         <path>C:\ti\ccsv8\tools\compiler\c6000_7.4.24\lib\</path>
         <kind>archive</kind>
         <file>rts6740.lib</file>
         <name>divf.obj</name>
      </input_file>
      <input_file id="fl-85">
         <path>C:\ti\ccsv8\tools\compiler\c6000_7.4.24\lib\</path>
         <kind>archive</kind>
         <file>rts6740.lib</file>
         <name>exit.obj</name>
      </input_file>
      <input_file id="fl-86">
         <path>C:\ti\ccsv8\tools\compiler\c6000_7.4.24\lib\</path>
         <kind>archive</kind>
         <file>rts6740.lib</file>
         <name>memory.obj</name>
      </input_file>
      <input_file id="fl-87">
         <path>C:\ti\ccsv8\tools\compiler\c6000_7.4.24\lib\</path>
         <kind>archive</kind>
         <file>rts6740.lib</file>
         <name>powf.obj</name>
      </input_file>
      <input_file id="fl-88">
         <path>C:\ti\ccsv8\tools\compiler\c6000_7.4.24\lib\</path>
         <kind>archive</kind>
         <file>rts6740.lib</file>
         <name>rand.obj</name>
      </input_file>
      <input_file id="fl-89">
         <path>C:\ti\ccsv8\tools\compiler\c6000_7.4.24\lib\</path>
         <kind>archive</kind>
         <file>rts6740.lib</file>
         <name>roundf.obj</name>
      </input_file>
      <input_file id="fl-8a">
         <path>C:\ti\ccsv8\tools\compiler\c6000_7.4.24\lib\</path>
         <kind>archive</kind>
         <file>rts6740.lib</file>
         <name>sqrtf.obj</name>
      </input_file>
      <input_file id="fl-8b">
         <path>C:\ti\ccsv8\tools\compiler\c6000_7.4.24\lib\</path>
         <kind>archive</kind>
         <file>rts6740.lib</file>
         <name>truncf.obj</name>
      </input_file>
      <input_file id="fl-8c">
         <path>C:\ti\ccsv8\tools\compiler\c6000_7.4.24\lib\</path>
         <kind>archive</kind>
         <file>rts6740.lib</file>
         <name>_lock.obj</name>
      </input_file>
      <input_file id="fl-8d">
         <path>C:\ti\ccsv8\tools\compiler\c6000_7.4.24\lib\</path>
         <kind>archive</kind>
         <file>rts6740.lib</file>
         <name>args_main.obj</name>
      </input_file>
      <input_file id="fl-8e">
         <path>C:\ti\ccsv8\tools\compiler\c6000_7.4.24\lib\</path>
         <kind>archive</kind>
         <file>rts6740.lib</file>
         <name>autoinit.obj</name>
      </input_file>
      <input_file id="fl-8f">
         <path>C:\ti\ccsv8\tools\compiler\c6000_7.4.24\lib\</path>
         <kind>archive</kind>
         <file>rts6740.lib</file>
         <name>cpp_init.obj</name>
      </input_file>
      <input_file id="fl-90">
         <path>C:\ti\ccsv8\tools\compiler\c6000_7.4.24\lib\</path>
         <kind>archive</kind>
         <file>rts6740.lib</file>
         <name>cpy_tbl.obj</name>
      </input_file>
      <input_file id="fl-91">
         <path>C:\ti\ccsv8\tools\compiler\c6000_7.4.24\lib\</path>
         <kind>archive</kind>
         <file>rts6740.lib</file>
         <name>errno.obj</name>
      </input_file>
      <input_file id="fl-92">
         <path>C:\ti\ccsv8\tools\compiler\c6000_7.4.24\lib\</path>
         <kind>archive</kind>
         <file>rts6740.lib</file>
         <name>frexpf.obj</name>
      </input_file>
      <input_file id="fl-93">
         <path>C:\ti\ccsv8\tools\compiler\c6000_7.4.24\lib\</path>
         <kind>archive</kind>
         <file>rts6740.lib</file>
         <name>ldexpf.obj</name>
      </input_file>
      <input_file id="fl-94">
         <path>C:\ti\ccsv8\tools\compiler\c6000_7.4.24\lib\</path>
         <kind>archive</kind>
         <file>rts6740.lib</file>
         <name>memcpy64.obj</name>
      </input_file>
      <input_file id="fl-95">
         <path>C:\ti\ccsv8\tools\compiler\c6000_7.4.24\lib\</path>
         <kind>archive</kind>
         <file>rts6740.lib</file>
         <name>modff.obj</name>
      </input_file>
      <input_file id="fl-96">
         <path>C:\Users\gabriel\Desktop\Lab DSP\CCSv4-2-4_with_SOM-M1_BSL_WS\DSP BSL\lib\</path>
         <kind>archive</kind>
         <file>evmomapl138_bsl.lib</file>
         <name>evmomapl138_timer.obj</name>
      </input_file>
      <input_file id="fl-97">
         <path>C:\Users\gabriel\Desktop\Lab DSP\CCSv4-2-4_with_SOM-M1_BSL_WS\DSP BSL\lib\</path>
         <kind>archive</kind>
         <file>evmomapl138_bsl.lib</file>
         <name>evmomapl138_gpio.obj</name>
      </input_file>
      <input_file id="fl-98">
         <path>C:\Users\gabriel\Desktop\Lab DSP\CCSv4-2-4_with_SOM-M1_BSL_WS\DSP BSL\lib\</path>
         <kind>archive</kind>
         <file>evmomapl138_bsl.lib</file>
         <name>evmomapl138_aic3106.obj</name>
      </input_file>
      <input_file id="fl-99">
         <path>C:\Users\gabriel\Desktop\Lab DSP\CCSv4-2-4_with_SOM-M1_BSL_WS\DSP BSL\lib\</path>
         <kind>archive</kind>
         <file>evmomapl138_bsl.lib</file>
         <name>evmomapl138.obj</name>
      </input_file>
      <input_file id="fl-9a">
         <path>C:\Users\gabriel\Desktop\Lab DSP\CCSv4-2-4_with_SOM-M1_BSL_WS\DSP BSL\lib\</path>
         <kind>archive</kind>
         <file>evmomapl138_bsl.lib</file>
         <name>evmomapl138_i2c_gpio.obj</name>
      </input_file>
      <input_file id="fl-9b">
         <path>C:\Users\gabriel\Desktop\Lab DSP\CCSv4-2-4_with_SOM-M1_BSL_WS\DSP BSL\lib\</path>
         <kind>archive</kind>
         <file>evmomapl138_bsl.lib</file>
         <name>evmomapl138_i2c.obj</name>
      </input_file>
      <input_file id="fl-9c">
         <path>C:\ti\ccsv8\tools\compiler\c6000_7.4.24\lib\</path>
         <kind>archive</kind>
         <file>rts6740.lib</file>
         <name>printf.obj</name>
      </input_file>
      <input_file id="fl-9d">
         <path>C:\ti\ccsv8\tools\compiler\c6000_7.4.24\lib\</path>
         <kind>archive</kind>
         <file>rts6740.lib</file>
         <name>_printfi.obj</name>
      </input_file>
      <input_file id="fl-9e">
         <path>C:\ti\ccsv8\tools\compiler\c6000_7.4.24\lib\</path>
         <kind>archive</kind>
         <file>rts6740.lib</file>
         <name>atoi.obj</name>
      </input_file>
      <input_file id="fl-9f">
         <path>C:\ti\ccsv8\tools\compiler\c6000_7.4.24\lib\</path>
         <kind>archive</kind>
         <file>rts6740.lib</file>
         <name>ctype.obj</name>
      </input_file>
      <input_file id="fl-a0">
         <path>C:\ti\ccsv8\tools\compiler\c6000_7.4.24\lib\</path>
         <kind>archive</kind>
         <file>rts6740.lib</file>
         <name>defs.obj</name>
      </input_file>
      <input_file id="fl-a1">
         <path>C:\ti\ccsv8\tools\compiler\c6000_7.4.24\lib\</path>
         <kind>archive</kind>
         <file>rts6740.lib</file>
         <name>divd.obj</name>
      </input_file>
      <input_file id="fl-a2">
         <path>C:\ti\ccsv8\tools\compiler\c6000_7.4.24\lib\</path>
         <kind>archive</kind>
         <file>rts6740.lib</file>
         <name>divu.obj</name>
      </input_file>
      <input_file id="fl-a3">
         <path>C:\ti\ccsv8\tools\compiler\c6000_7.4.24\lib\</path>
         <kind>archive</kind>
         <file>rts6740.lib</file>
         <name>fixdli.obj</name>
      </input_file>
      <input_file id="fl-a4">
         <path>C:\ti\ccsv8\tools\compiler\c6000_7.4.24\lib\</path>
         <kind>archive</kind>
         <file>rts6740.lib</file>
         <name>fltlid.obj</name>
      </input_file>
      <input_file id="fl-a5">
         <path>C:\ti\ccsv8\tools\compiler\c6000_7.4.24\lib\</path>
         <kind>archive</kind>
         <file>rts6740.lib</file>
         <name>fputc.obj</name>
      </input_file>
      <input_file id="fl-a6">
         <path>C:\ti\ccsv8\tools\compiler\c6000_7.4.24\lib\</path>
         <kind>archive</kind>
         <file>rts6740.lib</file>
         <name>fputs.obj</name>
      </input_file>
      <input_file id="fl-a7">
         <path>C:\ti\ccsv8\tools\compiler\c6000_7.4.24\lib\</path>
         <kind>archive</kind>
         <file>rts6740.lib</file>
         <name>frcmpyd_div.obj</name>
      </input_file>
      <input_file id="fl-a8">
         <path>C:\ti\ccsv8\tools\compiler\c6000_7.4.24\lib\</path>
         <kind>archive</kind>
         <file>rts6740.lib</file>
         <name>imath40.obj</name>
      </input_file>
      <input_file id="fl-a9">
         <path>C:\ti\ccsv8\tools\compiler\c6000_7.4.24\lib\</path>
         <kind>archive</kind>
         <file>rts6740.lib</file>
         <name>imath64.obj</name>
      </input_file>
      <input_file id="fl-aa">
         <path>C:\ti\ccsv8\tools\compiler\c6000_7.4.24\lib\</path>
         <kind>archive</kind>
         <file>rts6740.lib</file>
         <name>isinf.obj</name>
      </input_file>
      <input_file id="fl-ab">
         <path>C:\ti\ccsv8\tools\compiler\c6000_7.4.24\lib\</path>
         <kind>archive</kind>
         <file>rts6740.lib</file>
         <name>llshift.obj</name>
      </input_file>
      <input_file id="fl-ac">
         <path>C:\ti\ccsv8\tools\compiler\c6000_7.4.24\lib\</path>
         <kind>archive</kind>
         <file>rts6740.lib</file>
         <name>lowlev.obj</name>
      </input_file>
      <input_file id="fl-ad">
         <path>C:\ti\ccsv8\tools\compiler\c6000_7.4.24\lib\</path>
         <kind>archive</kind>
         <file>rts6740.lib</file>
         <name>ltoa.obj</name>
      </input_file>
      <input_file id="fl-ae">
         <path>C:\ti\ccsv8\tools\compiler\c6000_7.4.24\lib\</path>
         <kind>archive</kind>
         <file>rts6740.lib</file>
         <name>memccpy.obj</name>
      </input_file>
      <input_file id="fl-af">
         <path>C:\ti\ccsv8\tools\compiler\c6000_7.4.24\lib\</path>
         <kind>archive</kind>
         <file>rts6740.lib</file>
         <name>memset.obj</name>
      </input_file>
      <input_file id="fl-b0">
         <path>C:\ti\ccsv8\tools\compiler\c6000_7.4.24\lib\</path>
         <kind>archive</kind>
         <file>rts6740.lib</file>
         <name>negll.obj</name>
      </input_file>
      <input_file id="fl-b1">
         <path>C:\ti\ccsv8\tools\compiler\c6000_7.4.24\lib\</path>
         <kind>archive</kind>
         <file>rts6740.lib</file>
         <name>trgdrv.obj</name>
      </input_file>
      <input_file id="fl-b2">
         <path>C:\ti\ccsv8\tools\compiler\c6000_7.4.24\lib\</path>
         <kind>archive</kind>
         <file>rts6740.lib</file>
         <name>trgmsg.obj</name>
      </input_file>
      <input_file id="fl-b3">
         <path>C:\ti\ccsv8\tools\compiler\c6000_7.4.24\lib\</path>
         <kind>archive</kind>
         <file>rts6740.lib</file>
         <name>_io_perm.obj</name>
      </input_file>
      <input_file id="fl-b4">
         <path>C:\ti\ccsv8\tools\compiler\c6000_7.4.24\lib\</path>
         <kind>archive</kind>
         <file>rts6740.lib</file>
         <name>abs.obj</name>
      </input_file>
      <input_file id="fl-b5">
         <path>C:\ti\ccsv8\tools\compiler\c6000_7.4.24\lib\</path>
         <kind>archive</kind>
         <file>rts6740.lib</file>
         <name>fflush.obj</name>
      </input_file>
      <input_file id="fl-b6">
         <path>C:\ti\ccsv8\tools\compiler\c6000_7.4.24\lib\</path>
         <kind>archive</kind>
         <file>rts6740.lib</file>
         <name>fseek.obj</name>
      </input_file>
      <input_file id="fl-b7">
         <path>C:\ti\ccsv8\tools\compiler\c6000_7.4.24\lib\</path>
         <kind>archive</kind>
         <file>rts6740.lib</file>
         <name>setvbuf.obj</name>
      </input_file>
      <input_file id="fl-b8">
         <path>C:\ti\ccsv8\tools\compiler\c6000_7.4.24\lib\</path>
         <kind>archive</kind>
         <file>rts6740.lib</file>
         <name>fopen.obj</name>
      </input_file>
      <input_file id="fl-b9">
         <path>C:\ti\ccsv8\tools\compiler\c6000_7.4.24\lib\</path>
         <kind>archive</kind>
         <file>rts6740.lib</file>
         <name>fclose.obj</name>
      </input_file>
      <input_file id="fl-ba">
         <path>C:\ti\ccsv8\tools\compiler\c6000_7.4.24\lib\</path>
         <kind>archive</kind>
         <file>rts6740.lib</file>
         <name>remove.obj</name>
      </input_file>
   </input_file_list>
   <object_component_list>
      <object_component id="oc-111">
         <name>.text</name>
         <load_address>0x11810000</load_address>
         <run_address>0x11810000</run_address>
         <size>0x16e0</size>
         <input_file_ref idref="fl-2"/>
      </object_component>
      <object_component id="oc-113">
         <name>.text</name>
         <load_address>0x118116e0</load_address>
         <run_address>0x118116e0</run_address>
         <size>0xc20</size>
         <input_file_ref idref="fl-99"/>
      </object_component>
      <object_component id="oc-10c">
         <name>.text</name>
         <load_address>0x11812300</load_address>
         <run_address>0x11812300</run_address>
         <size>0x720</size>
         <input_file_ref idref="fl-4"/>
      </object_component>
      <object_component id="oc-149">
         <name>.text:__divd</name>
         <load_address>0x11812a20</load_address>
         <run_address>0x11812a20</run_address>
         <size>0x5a0</size>
         <input_file_ref idref="fl-a1"/>
      </object_component>
      <object_component id="oc-13e">
         <name>.text:__getarg_diouxp</name>
         <load_address>0x11812fc0</load_address>
         <run_address>0x11812fc0</run_address>
         <size>0x580</size>
         <input_file_ref idref="fl-9d"/>
      </object_component>
      <object_component id="oc-115">
         <name>.text:_powf</name>
         <load_address>0x11813540</load_address>
         <run_address>0x11813540</run_address>
         <size>0x560</size>
         <input_file_ref idref="fl-87"/>
      </object_component>
      <object_component id="oc-12b">
         <name>.text:__setfield</name>
         <load_address>0x11813aa0</load_address>
         <run_address>0x11813aa0</run_address>
         <size>0x520</size>
         <input_file_ref idref="fl-9d"/>
      </object_component>
      <object_component id="oc-11c">
         <name>.text</name>
         <load_address>0x11813fc0</load_address>
         <run_address>0x11813fc0</run_address>
         <size>0x4e0</size>
         <input_file_ref idref="fl-9a"/>
      </object_component>
      <object_component id="oc-126">
         <name>.text:__printfi</name>
         <load_address>0x118144a0</load_address>
         <run_address>0x118144a0</run_address>
         <size>0x440</size>
         <input_file_ref idref="fl-9d"/>
      </object_component>
      <object_component id="oc-128">
         <name>.text:_fputs</name>
         <load_address>0x118148e0</load_address>
         <run_address>0x118148e0</run_address>
         <size>0x3a0</size>
         <input_file_ref idref="fl-a6"/>
      </object_component>
      <object_component id="oc-112">
         <name>.text</name>
         <load_address>0x11814c80</load_address>
         <run_address>0x11814c80</run_address>
         <size>0x380</size>
         <input_file_ref idref="fl-97"/>
      </object_component>
      <object_component id="oc-124">
         <name>.text</name>
         <load_address>0x11815000</load_address>
         <run_address>0x11815000</run_address>
         <size>0x380</size>
         <input_file_ref idref="fl-9b"/>
      </object_component>
      <object_component id="oc-10e">
         <name>.text</name>
         <load_address>0x11815380</load_address>
         <run_address>0x11815380</run_address>
         <size>0x380</size>
         <input_file_ref idref="fl-6"/>
      </object_component>
      <object_component id="oc-133">
         <name>.text:__pproc_fge</name>
         <load_address>0x11815700</load_address>
         <run_address>0x11815700</run_address>
         <size>0x320</size>
         <input_file_ref idref="fl-9d"/>
      </object_component>
      <object_component id="oc-108">
         <name>.text</name>
         <load_address>0x11815a20</load_address>
         <run_address>0x11815a20</run_address>
         <size>0x300</size>
         <input_file_ref idref="fl-3"/>
      </object_component>
      <object_component id="oc-144">
         <name>.text:_ecvt</name>
         <load_address>0x11815d20</load_address>
         <run_address>0x11815d20</run_address>
         <size>0x2e0</size>
         <input_file_ref idref="fl-9d"/>
      </object_component>
      <object_component id="oc-147">
         <name>.text:_fcvt</name>
         <load_address>0x11816000</load_address>
         <run_address>0x11816000</run_address>
         <size>0x2e0</size>
         <input_file_ref idref="fl-9d"/>
      </object_component>
      <object_component id="oc-12a">
         <name>.text:__pproc_fwp</name>
         <load_address>0x118162e0</load_address>
         <run_address>0x118162e0</run_address>
         <size>0x2c0</size>
         <input_file_ref idref="fl-9d"/>
      </object_component>
      <object_component id="oc-10d">
         <name>.text</name>
         <load_address>0x118165a0</load_address>
         <run_address>0x118165a0</run_address>
         <size>0x2a0</size>
         <input_file_ref idref="fl-5"/>
      </object_component>
      <object_component id="oc-110">
         <name>.text:__divf</name>
         <load_address>0x11816840</load_address>
         <run_address>0x11816840</run_address>
         <size>0x280</size>
         <input_file_ref idref="fl-84"/>
      </object_component>
      <object_component id="oc-142">
         <name>.text:_free</name>
         <load_address>0x11816ac0</load_address>
         <run_address>0x11816ac0</run_address>
         <size>0x280</size>
         <input_file_ref idref="fl-86"/>
      </object_component>
      <object_component id="oc-153">
         <name>.text:__divull</name>
         <load_address>0x11816d40</load_address>
         <run_address>0x11816d40</run_address>
         <size>0x260</size>
         <input_file_ref idref="fl-a9"/>
      </object_component>
      <object_component id="oc-13d">
         <name>.text:__pconv_e</name>
         <load_address>0x11816fa0</load_address>
         <run_address>0x11816fa0</run_address>
         <size>0x240</size>
         <input_file_ref idref="fl-9d"/>
      </object_component>
      <object_component id="oc-134">
         <name>.text:__pproc_diouxp</name>
         <load_address>0x118171e0</load_address>
         <run_address>0x118171e0</run_address>
         <size>0x240</size>
         <input_file_ref idref="fl-9d"/>
      </object_component>
      <object_component id="oc-12c">
         <name>.text:__pproc_str</name>
         <load_address>0x11817420</load_address>
         <run_address>0x11817420</run_address>
         <size>0x220</size>
         <input_file_ref idref="fl-9d"/>
      </object_component>
      <object_component id="oc-12d">
         <name>.text:_fputc</name>
         <load_address>0x11817640</load_address>
         <run_address>0x11817640</run_address>
         <size>0x220</size>
         <input_file_ref idref="fl-a5"/>
      </object_component>
      <object_component id="oc-13b">
         <name>.text:__pconv_g</name>
         <load_address>0x11817860</load_address>
         <run_address>0x11817860</run_address>
         <size>0x200</size>
         <input_file_ref idref="fl-9d"/>
      </object_component>
      <object_component id="oc-137">
         <name>.text:_setvbuf</name>
         <load_address>0x11817a60</load_address>
         <run_address>0x11817a60</run_address>
         <size>0x200</size>
         <input_file_ref idref="fl-b7"/>
      </object_component>
      <object_component id="oc-118">
         <name>.text</name>
         <load_address>0x11817c60</load_address>
         <run_address>0x11817c60</run_address>
         <size>0x1e0</size>
         <input_file_ref idref="fl-96"/>
      </object_component>
      <object_component id="oc-146">
         <name>.text:__mcpy</name>
         <load_address>0x11817e40</load_address>
         <run_address>0x11817e40</run_address>
         <size>0x1c0</size>
         <input_file_ref idref="fl-9d"/>
      </object_component>
      <object_component id="oc-152">
         <name>.text:__divul</name>
         <load_address>0x11818000</load_address>
         <run_address>0x11818000</run_address>
         <size>0x1a0</size>
         <input_file_ref idref="fl-a8"/>
      </object_component>
      <object_component id="oc-117">
         <name>.text</name>
         <load_address>0x118181a0</load_address>
         <run_address>0x118181a0</run_address>
         <size>0x1a0</size>
         <input_file_ref idref="fl-98"/>
      </object_component>
      <object_component id="oc-104">
         <name>.text:_HOSTrename</name>
         <load_address>0x11818340</load_address>
         <run_address>0x11818340</run_address>
         <size>0x180</size>
         <input_file_ref idref="fl-b1"/>
      </object_component>
      <object_component id="oc-116">
         <name>.text:_malloc</name>
         <load_address>0x118184c0</load_address>
         <run_address>0x118184c0</run_address>
         <size>0x180</size>
         <input_file_ref idref="fl-86"/>
      </object_component>
      <object_component id="oc-129">
         <name>.text:__pproc_fflags</name>
         <load_address>0x11818640</load_address>
         <run_address>0x11818640</run_address>
         <size>0x140</size>
         <input_file_ref idref="fl-9d"/>
      </object_component>
      <object_component id="oc-15b">
         <name>.text:_getdevice</name>
         <load_address>0x11818780</load_address>
         <run_address>0x11818780</run_address>
         <size>0x140</size>
         <input_file_ref idref="fl-ac"/>
      </object_component>
      <object_component id="oc-14b">
         <name>.text:__closefile</name>
         <load_address>0x118188c0</load_address>
         <run_address>0x118188c0</run_address>
         <size>0x120</size>
         <input_file_ref idref="fl-b9"/>
      </object_component>
      <object_component id="oc-140">
         <name>.text:__ltostr</name>
         <load_address>0x118189e0</load_address>
         <run_address>0x118189e0</run_address>
         <size>0x120</size>
         <input_file_ref idref="fl-9d"/>
      </object_component>
      <object_component id="oc-136">
         <name>.text:_fseek</name>
         <load_address>0x11818b00</load_address>
         <run_address>0x11818b00</run_address>
         <size>0x120</size>
         <input_file_ref idref="fl-b6"/>
      </object_component>
      <object_component id="oc-11e">
         <name>.text:_ldexpf</name>
         <load_address>0x11818c20</load_address>
         <run_address>0x11818c20</run_address>
         <size>0x120</size>
         <input_file_ref idref="fl-93"/>
      </object_component>
      <object_component id="oc-102">
         <name>.text:_HOSTlseek</name>
         <load_address>0x11818d40</load_address>
         <run_address>0x11818d40</run_address>
         <size>0x100</size>
         <input_file_ref idref="fl-b1"/>
      </object_component>
      <object_component id="oc-12e">
         <name>.text:__wrt_ok</name>
         <load_address>0x11818e40</load_address>
         <run_address>0x11818e40</run_address>
         <size>0x100</size>
         <input_file_ref idref="fl-b3"/>
      </object_component>
      <object_component id="oc-114">
         <name>.text:_sqrtf</name>
         <load_address>0x11818f40</load_address>
         <run_address>0x11818f40</run_address>
         <size>0x100</size>
         <input_file_ref idref="fl-8a"/>
      </object_component>
      <object_component id="oc-fe">
         <name>.text:_HOSTopen</name>
         <load_address>0x11819040</load_address>
         <run_address>0x11819040</run_address>
         <size>0xe0</size>
         <input_file_ref idref="fl-b1"/>
      </object_component>
      <object_component id="oc-100">
         <name>.text:_HOSTread</name>
         <load_address>0x11819120</load_address>
         <run_address>0x11819120</run_address>
         <size>0xe0</size>
         <input_file_ref idref="fl-b1"/>
      </object_component>
      <object_component id="oc-132">
         <name>.text:_atoi</name>
         <load_address>0x11819200</load_address>
         <run_address>0x11819200</run_address>
         <size>0xe0</size>
         <input_file_ref idref="fl-9e"/>
      </object_component>
      <object_component id="oc-154">
         <name>.text:_close</name>
         <load_address>0x118192e0</load_address>
         <run_address>0x118192e0</run_address>
         <size>0xe0</size>
         <input_file_ref idref="fl-ac"/>
      </object_component>
      <object_component id="oc-11d">
         <name>.text:_frexpf</name>
         <load_address>0x118193c0</load_address>
         <run_address>0x118193c0</run_address>
         <size>0xe0</size>
         <input_file_ref idref="fl-92"/>
      </object_component>
      <object_component id="oc-131">
         <name>.text:_memset</name>
         <load_address>0x118194a0</load_address>
         <run_address>0x118194a0</run_address>
         <size>0xe0</size>
         <input_file_ref idref="fl-af"/>
      </object_component>
      <object_component id="oc-11b">
         <name>.text:_printf</name>
         <load_address>0x11819580</load_address>
         <run_address>0x11819580</run_address>
         <size>0xe0</size>
         <input_file_ref idref="fl-9c"/>
      </object_component>
      <object_component id="oc-103">
         <name>.text:_HOSTunlink</name>
         <load_address>0x11819660</load_address>
         <run_address>0x11819660</run_address>
         <size>0xc0</size>
         <input_file_ref idref="fl-b1"/>
      </object_component>
      <object_component id="oc-101">
         <name>.text:_HOSTwrite</name>
         <load_address>0x11819720</load_address>
         <run_address>0x11819720</run_address>
         <size>0xc0</size>
         <input_file_ref idref="fl-b1"/>
      </object_component>
      <object_component id="oc-fa">
         <name>.text:__auto_init</name>
         <load_address>0x118197e0</load_address>
         <run_address>0x118197e0</run_address>
         <size>0xc0</size>
         <input_file_ref idref="fl-8e"/>
      </object_component>
      <object_component id="oc-14a">
         <name>.text:__div</name>
         <load_address>0x118198a0</load_address>
         <run_address>0x118198a0</run_address>
         <size>0xc0</size>
         <input_file_ref idref="fl-9d"/>
      </object_component>
      <object_component id="oc-151">
         <name>.text:__divu</name>
         <load_address>0x11819960</load_address>
         <run_address>0x11819960</run_address>
         <size>0xc0</size>
         <input_file_ref idref="fl-a2"/>
      </object_component>
      <object_component id="oc-12f">
         <name>.text:__doflush</name>
         <load_address>0x11819a20</load_address>
         <run_address>0x11819a20</run_address>
         <size>0xc0</size>
         <input_file_ref idref="fl-b5"/>
      </object_component>
      <object_component id="oc-fc">
         <name>.text:_exit</name>
         <load_address>0x11819ae0</load_address>
         <run_address>0x11819ae0</run_address>
         <size>0xc0</size>
         <input_file_ref idref="fl-85"/>
      </object_component>
      <object_component id="oc-14d">
         <name>.text:_ltoa</name>
         <load_address>0x11819ba0</load_address>
         <run_address>0x11819ba0</run_address>
         <size>0xc0</size>
         <input_file_ref idref="fl-ad"/>
      </object_component>
      <object_component id="oc-ff">
         <name>.text:_HOSTclose</name>
         <load_address>0x11819c60</load_address>
         <run_address>0x11819c60</run_address>
         <size>0xa0</size>
         <input_file_ref idref="fl-b1"/>
      </object_component>
      <object_component id="oc-143">
         <name>.text:__cleanup</name>
         <load_address>0x11819d00</load_address>
         <run_address>0x11819d00</run_address>
         <size>0xa0</size>
         <input_file_ref idref="fl-b8"/>
      </object_component>
      <object_component id="oc-157">
         <name>.text:__divli</name>
         <load_address>0x11819da0</load_address>
         <run_address>0x11819da0</run_address>
         <size>0xa0</size>
         <input_file_ref idref="fl-a8"/>
      </object_component>
      <object_component id="oc-145">
         <name>.text:__ecpy</name>
         <load_address>0x11819e40</load_address>
         <run_address>0x11819e40</run_address>
         <size>0xa0</size>
         <input_file_ref idref="fl-9d"/>
      </object_component>
      <object_component id="oc-148">
         <name>.text:__fcpy</name>
         <load_address>0x11819ee0</load_address>
         <run_address>0x11819ee0</run_address>
         <size>0xa0</size>
         <input_file_ref idref="fl-9d"/>
      </object_component>
      <object_component id="oc-14c">
         <name>.text:__fixdli</name>
         <load_address>0x11819f80</load_address>
         <run_address>0x11819f80</run_address>
         <size>0xa0</size>
         <input_file_ref idref="fl-a3"/>
      </object_component>
      <object_component id="oc-13c">
         <name>.text:__pconv_f</name>
         <load_address>0x1181a020</load_address>
         <run_address>0x1181a020</run_address>
         <size>0xa0</size>
         <input_file_ref idref="fl-9d"/>
      </object_component>
      <object_component id="oc-105">
         <name>.text:_copy_in</name>
         <load_address>0x1181a0c0</load_address>
         <run_address>0x1181a0c0</run_address>
         <size>0xa0</size>
         <input_file_ref idref="fl-90"/>
      </object_component>
      <object_component id="oc-15c">
         <name>.text:_finddevice</name>
         <load_address>0x1181a160</load_address>
         <run_address>0x1181a160</run_address>
         <size>0xa0</size>
         <input_file_ref idref="fl-ac"/>
      </object_component>
      <object_component id="oc-141">
         <name>.text:_lseek</name>
         <load_address>0x1181a200</load_address>
         <run_address>0x1181a200</run_address>
         <size>0xa0</size>
         <input_file_ref idref="fl-ac"/>
      </object_component>
      <object_component id="oc-106">
         <name>.text:_memcpy</name>
         <load_address>0x1181a2a0</load_address>
         <run_address>0x1181a2a0</run_address>
         <size>0xa0</size>
         <input_file_ref idref="fl-94"/>
      </object_component>
      <object_component id="oc-123">
         <name>.text:_minsert</name>
         <load_address>0x1181a340</load_address>
         <run_address>0x1181a340</run_address>
         <size>0xa0</size>
         <input_file_ref idref="fl-86"/>
      </object_component>
      <object_component id="oc-122">
         <name>.text:_mremove</name>
         <load_address>0x1181a3e0</load_address>
         <run_address>0x1181a3e0</run_address>
         <size>0xa0</size>
         <input_file_ref idref="fl-86"/>
      </object_component>
      <object_component id="oc-130">
         <name>.text:_write</name>
         <load_address>0x1181a480</load_address>
         <run_address>0x1181a480</run_address>
         <size>0xa0</size>
         <input_file_ref idref="fl-ac"/>
      </object_component>
      <object_component id="oc-1a">
         <name>.text:retain</name>
         <load_address>0x1181a520</load_address>
         <run_address>0x1181a520</run_address>
         <size>0xa0</size>
         <input_file_ref idref="fl-3"/>
      </object_component>
      <object_component id="oc-14e">
         <name>.text:__fltlid</name>
         <load_address>0x1181a5c0</load_address>
         <run_address>0x1181a5c0</run_address>
         <size>0x80</size>
         <input_file_ref idref="fl-a4"/>
      </object_component>
      <object_component id="oc-158">
         <name>.text:__llshl</name>
         <load_address>0x1181a640</load_address>
         <run_address>0x1181a640</run_address>
         <size>0x80</size>
         <input_file_ref idref="fl-ab"/>
      </object_component>
      <object_component id="oc-11f">
         <name>.text:__roundf</name>
         <load_address>0x1181a6c0</load_address>
         <run_address>0x1181a6c0</run_address>
         <size>0x80</size>
         <input_file_ref idref="fl-89"/>
      </object_component>
      <object_component id="oc-e">
         <name>.text:_c_int00</name>
         <load_address>0x1181a740</load_address>
         <run_address>0x1181a740</run_address>
         <size>0x80</size>
         <input_file_ref idref="fl-83"/>
      </object_component>
      <object_component id="oc-10f">
         <name>.text:_rand</name>
         <load_address>0x1181a7c0</load_address>
         <run_address>0x1181a7c0</run_address>
         <size>0x80</size>
         <input_file_ref idref="fl-88"/>
      </object_component>
      <object_component id="oc-10b">
         <name>.text:_readmsg</name>
         <load_address>0x1181a840</load_address>
         <run_address>0x1181a840</run_address>
         <size>0x80</size>
         <input_file_ref idref="fl-b2"/>
      </object_component>
      <object_component id="oc-15a">
         <name>.text:_unlink</name>
         <load_address>0x1181a8c0</load_address>
         <run_address>0x1181a8c0</run_address>
         <size>0x80</size>
         <input_file_ref idref="fl-ac"/>
      </object_component>
      <object_component id="oc-107">
         <name>.text:___TI_cpp_init</name>
         <load_address>0x1181a940</load_address>
         <run_address>0x1181a940</run_address>
         <size>0x60</size>
         <input_file_ref idref="fl-8f"/>
      </object_component>
      <object_component id="oc-159">
         <name>.text:__subcull</name>
         <load_address>0x1181a9a0</load_address>
         <run_address>0x1181a9a0</run_address>
         <size>0x60</size>
         <input_file_ref idref="fl-a9"/>
      </object_component>
      <object_component id="oc-135">
         <name>.text:_memccpy</name>
         <load_address>0x1181aa00</load_address>
         <run_address>0x1181aa00</run_address>
         <size>0x60</size>
         <input_file_ref idref="fl-ae"/>
      </object_component>
      <object_component id="oc-121">
         <name>.text:_modff</name>
         <load_address>0x1181aa60</load_address>
         <run_address>0x1181aa60</run_address>
         <size>0x60</size>
         <input_file_ref idref="fl-95"/>
      </object_component>
      <object_component id="oc-10a">
         <name>.text:_writemsg</name>
         <load_address>0x1181aac0</load_address>
         <run_address>0x1181aac0</run_address>
         <size>0x60</size>
         <input_file_ref idref="fl-b2"/>
      </object_component>
      <object_component id="oc-13a">
         <name>.text:___isinf</name>
         <load_address>0x1181ab20</load_address>
         <run_address>0x1181ab20</run_address>
         <size>0x40</size>
         <input_file_ref idref="fl-aa"/>
      </object_component>
      <object_component id="oc-139">
         <name>.text:___isnan</name>
         <load_address>0x1181ab60</load_address>
         <run_address>0x1181ab60</run_address>
         <size>0x40</size>
         <input_file_ref idref="fl-9d"/>
      </object_component>
      <object_component id="oc-fb">
         <name>.text:__args_main</name>
         <load_address>0x1181aba0</load_address>
         <run_address>0x1181aba0</run_address>
         <size>0x40</size>
         <input_file_ref idref="fl-8d"/>
      </object_component>
      <object_component id="oc-150">
         <name>.text:__frcmpyd_div</name>
         <load_address>0x1181abe0</load_address>
         <run_address>0x1181abe0</run_address>
         <size>0x40</size>
         <input_file_ref idref="fl-a7"/>
      </object_component>
      <object_component id="oc-14f">
         <name>.text:__llshru</name>
         <load_address>0x1181ac20</load_address>
         <run_address>0x1181ac20</run_address>
         <size>0x40</size>
         <input_file_ref idref="fl-ab"/>
      </object_component>
      <object_component id="oc-156">
         <name>.text:__remli</name>
         <load_address>0x1181ac60</load_address>
         <run_address>0x1181ac60</run_address>
         <size>0x40</size>
         <input_file_ref idref="fl-a8"/>
      </object_component>
      <object_component id="oc-13f">
         <name>.text:__negll</name>
         <load_address>0x1181aca0</load_address>
         <run_address>0x1181aca0</run_address>
         <size>0x20</size>
         <input_file_ref idref="fl-b0"/>
      </object_component>
      <object_component id="oc-fd">
         <name>.text:__nop</name>
         <load_address>0x1181acc0</load_address>
         <run_address>0x1181acc0</run_address>
         <size>0x20</size>
         <input_file_ref idref="fl-8c"/>
      </object_component>
      <object_component id="oc-127">
         <name>.text:__outc</name>
         <load_address>0x1181ace0</load_address>
         <run_address>0x1181ace0</run_address>
         <size>0x20</size>
         <input_file_ref idref="fl-9c"/>
      </object_component>
      <object_component id="oc-125">
         <name>.text:__outs</name>
         <load_address>0x1181ad00</load_address>
         <run_address>0x1181ad00</run_address>
         <size>0x20</size>
         <input_file_ref idref="fl-9c"/>
      </object_component>
      <object_component id="oc-120">
         <name>.text:__truncf</name>
         <load_address>0x1181ad20</load_address>
         <run_address>0x1181ad20</run_address>
         <size>0x20</size>
         <input_file_ref idref="fl-8b"/>
      </object_component>
      <object_component id="oc-109">
         <name>.text:_abort</name>
         <load_address>0x1181ad40</load_address>
         <run_address>0x1181ad40</run_address>
         <size>0x20</size>
         <input_file_ref idref="fl-85"/>
      </object_component>
      <object_component id="oc-155">
         <name>.text:_remove</name>
         <load_address>0x1181ad60</load_address>
         <run_address>0x1181ad60</run_address>
         <size>0x20</size>
         <input_file_ref idref="fl-ba"/>
      </object_component>
      <object_component id="oc-30">
         <name>.text</name>
         <load_address>0x1181ad80</load_address>
         <run_address>0x1181ad80</run_address>
         <size>0x20</size>
         <input_file_ref idref="fl-7"/>
      </object_component>
      <object_component id="oc-138">
         <name>.const:.string:__ctypes_</name>
         <load_address>0x1181d0e8</load_address>
         <run_address>0x1181d0e8</run_address>
         <size>0x101</size>
         <input_file_ref idref="fl-9f"/>
      </object_component>
      <object_component id="oc-b5">
         <name>.const:.string</name>
         <load_address>0x1181d1e9</load_address>
         <run_address>0x1181d1e9</run_address>
         <size>0x2</size>
         <input_file_ref idref="fl-a6"/>
      </object_component>
      <object_component id="oc-11a">
         <name>.const:_bitval_u32</name>
         <load_address>0x1181d1f0</load_address>
         <run_address>0x1181d1f0</run_address>
         <size>0x80</size>
         <input_file_ref idref="fl-99"/>
      </object_component>
      <object_component id="oc-88">
         <name>.const:.string</name>
         <load_address>0x1181d270</load_address>
         <run_address>0x1181d270</run_address>
         <size>0x40</size>
         <input_file_ref idref="fl-99"/>
      </object_component>
      <object_component id="oc-99">
         <name>.const:.string</name>
         <load_address>0x1181d2b0</load_address>
         <run_address>0x1181d2b0</run_address>
         <size>0x23</size>
         <input_file_ref idref="fl-9d"/>
      </object_component>
      <object_component id="oc-f">
         <name>.bss</name>
         <uninitialized>true</uninitialized>
         <run_address>0x1181d600</run_address>
         <size>0x1c</size>
         <input_file_ref idref="fl-2"/>
      </object_component>
      <object_component id="oc-16">
         <name>.bss</name>
         <uninitialized>true</uninitialized>
         <run_address>0x1181d61c</run_address>
         <size>0x18</size>
         <input_file_ref idref="fl-3"/>
      </object_component>
      <object_component id="oc-1e">
         <name>.bss</name>
         <uninitialized>true</uninitialized>
         <run_address>0x1181d634</run_address>
         <size>0xc</size>
         <input_file_ref idref="fl-4"/>
      </object_component>
      <object_component id="oc-2b">
         <name>.bss</name>
         <uninitialized>true</uninitialized>
         <run_address>0x1181d640</run_address>
         <size>0xc</size>
         <input_file_ref idref="fl-6"/>
      </object_component>
      <object_component id="oc-90">
         <name>.bss</name>
         <uninitialized>true</uninitialized>
         <run_address>0x1181d64c</run_address>
         <size>0x4</size>
         <input_file_ref idref="fl-9b"/>
      </object_component>
      <object_component id="oc-12">
         <name>.far</name>
         <uninitialized>true</uninitialized>
         <run_address>0x1181bf80</run_address>
         <size>0x8</size>
         <input_file_ref idref="fl-2"/>
      </object_component>
      <object_component id="oc-19">
         <name>.far</name>
         <uninitialized>true</uninitialized>
         <run_address>0x1181ada0</run_address>
         <size>0x6c0</size>
         <input_file_ref idref="fl-3"/>
      </object_component>
      <object_component id="oc-21">
         <name>.far</name>
         <uninitialized>true</uninitialized>
         <run_address>0x1181bf64</run_address>
         <size>0x10</size>
         <input_file_ref idref="fl-4"/>
      </object_component>
      <object_component id="oc-27">
         <name>.far</name>
         <uninitialized>true</uninitialized>
         <run_address>0x1181b460</run_address>
         <size>0x640</size>
         <input_file_ref idref="fl-5"/>
      </object_component>
      <object_component id="oc-3e">
         <name>.far</name>
         <uninitialized>true</uninitialized>
         <run_address>0x1181bf74</run_address>
         <size>0xc</size>
         <input_file_ref idref="fl-85"/>
      </object_component>
      <object_component id="oc-43">
         <name>.far</name>
         <uninitialized>true</uninitialized>
         <run_address>0x1181bf90</run_address>
         <size>0x8</size>
         <input_file_ref idref="fl-86"/>
      </object_component>
      <object_component id="oc-49">
         <name>.far</name>
         <uninitialized>true</uninitialized>
         <run_address>0x1181bee8</run_address>
         <size>0x7c</size>
         <input_file_ref idref="fl-87"/>
      </object_component>
      <object_component id="oc-4e">
         <name>.far</name>
         <uninitialized>true</uninitialized>
         <run_address>0x1181bf98</run_address>
         <size>0x8</size>
         <input_file_ref idref="fl-88"/>
      </object_component>
      <object_component id="oc-5c">
         <name>.far</name>
         <uninitialized>true</uninitialized>
         <run_address>0x1181bf88</run_address>
         <size>0x8</size>
         <input_file_ref idref="fl-8c"/>
      </object_component>
      <object_component id="oc-6d">
         <name>.far</name>
         <uninitialized>true</uninitialized>
         <run_address>0x1181bdc4</run_address>
         <size>0x4</size>
         <input_file_ref idref="fl-91"/>
      </object_component>
      <object_component id="oc-a3">
         <name>.far</name>
         <uninitialized>true</uninitialized>
         <run_address>0x1181baa0</run_address>
         <size>0x324</size>
         <input_file_ref idref="fl-a0"/>
      </object_component>
      <object_component id="oc-c9">
         <name>.far</name>
         <uninitialized>true</uninitialized>
         <run_address>0x1181bdc8</run_address>
         <size>0x11c</size>
         <input_file_ref idref="fl-ac"/>
      </object_component>
      <object_component id="oc-d9">
         <name>.far</name>
         <uninitialized>true</uninitialized>
         <run_address>0x1181bfa0</run_address>
         <size>0x8</size>
         <input_file_ref idref="fl-b1"/>
      </object_component>
      <object_component id="oc-f1">
         <name>.far</name>
         <uninitialized>true</uninitialized>
         <run_address>0x1181bee4</run_address>
         <size>0x4</size>
         <input_file_ref idref="fl-b8"/>
      </object_component>
      <object_component id="oc-119">
         <name>.switch:_getRegisterBankAndBit</name>
         <load_address>0x1181d650</load_address>
         <run_address>0x1181d650</run_address>
         <size>0x24</size>
         <input_file_ref idref="fl-97"/>
      </object_component>
      <object_component id="oc-36">
         <name>.stack</name>
         <uninitialized>true</uninitialized>
         <run_address>0x1181c8e8</run_address>
         <size>0x8</size>
         <input_file_ref idref="fl-83"/>
      </object_component>
      <object_component id="oc-172">
         <name>.stack</name>
         <uninitialized>true</uninitialized>
         <run_address>0x1181c8e8</run_address>
         <size>0x0</size>
      </object_component>
      <object_component id="oc-26">
         <name>.cinit</name>
         <load_address>0x1181bfa8</load_address>
         <run_address>0x1181bfa8</run_address>
         <size>0x668</size>
         <input_file_ref idref="fl-5"/>
      </object_component>
      <object_component id="oc-48">
         <name>.cinit</name>
         <load_address>0x1181c610</load_address>
         <run_address>0x1181c610</run_address>
         <size>0x9c</size>
         <input_file_ref idref="fl-87"/>
      </object_component>
      <object_component id="oc-a2">
         <name>.cinit</name>
         <load_address>0x1181c6b0</load_address>
         <run_address>0x1181c6b0</run_address>
         <size>0x5c</size>
         <input_file_ref idref="fl-a0"/>
      </object_component>
      <object_component id="oc-c8">
         <name>.cinit</name>
         <load_address>0x1181c710</load_address>
         <run_address>0x1181c710</run_address>
         <size>0x5c</size>
         <input_file_ref idref="fl-ac"/>
      </object_component>
      <object_component id="oc-20">
         <name>.cinit</name>
         <load_address>0x1181c770</load_address>
         <run_address>0x1181c770</run_address>
         <size>0x4c</size>
         <input_file_ref idref="fl-4"/>
      </object_component>
      <object_component id="oc-18">
         <name>.cinit</name>
         <load_address>0x1181c7c0</load_address>
         <run_address>0x1181c7c0</run_address>
         <size>0x3c</size>
         <input_file_ref idref="fl-3"/>
      </object_component>
      <object_component id="oc-11">
         <name>.cinit</name>
         <load_address>0x1181c800</load_address>
         <run_address>0x1181c800</run_address>
         <size>0x2c</size>
         <input_file_ref idref="fl-2"/>
      </object_component>
      <object_component id="oc-3d">
         <name>.cinit</name>
         <load_address>0x1181c830</load_address>
         <run_address>0x1181c830</run_address>
         <size>0x2c</size>
         <input_file_ref idref="fl-85"/>
      </object_component>
      <object_component id="oc-42">
         <name>.cinit</name>
         <load_address>0x1181c860</load_address>
         <run_address>0x1181c860</run_address>
         <size>0x2c</size>
         <input_file_ref idref="fl-86"/>
      </object_component>
      <object_component id="oc-5b">
         <name>.cinit</name>
         <load_address>0x1181c890</load_address>
         <run_address>0x1181c890</run_address>
         <size>0x1c</size>
         <input_file_ref idref="fl-8c"/>
      </object_component>
      <object_component id="oc-4d">
         <name>.cinit</name>
         <load_address>0x1181c8b0</load_address>
         <run_address>0x1181c8b0</run_address>
         <size>0x10</size>
         <input_file_ref idref="fl-88"/>
      </object_component>
      <object_component id="oc-6c">
         <name>.cinit</name>
         <load_address>0x1181c8c0</load_address>
         <run_address>0x1181c8c0</run_address>
         <size>0xc</size>
         <input_file_ref idref="fl-91"/>
      </object_component>
      <object_component id="oc-f0">
         <name>.cinit</name>
         <load_address>0x1181c8d0</load_address>
         <run_address>0x1181c8d0</run_address>
         <size>0xc</size>
         <input_file_ref idref="fl-b8"/>
      </object_component>
      <object_component id="oc-44">
         <name>.sysmem</name>
         <uninitialized>true</uninitialized>
         <run_address>0x11800000</run_address>
         <size>0x8</size>
         <input_file_ref idref="fl-86"/>
      </object_component>
      <object_component id="oc-173">
         <name>.sysmem</name>
         <uninitialized>true</uninitialized>
         <run_address>0x11800000</run_address>
         <size>0x0</size>
      </object_component>
      <object_component id="oc-dd">
         <name>.cio</name>
         <uninitialized>true</uninitialized>
         <run_address>0x1181d2d8</run_address>
         <size>0x120</size>
         <input_file_ref idref="fl-b2"/>
      </object_component>
      <object_component id="oc-31">
         <name>.vecs</name>
         <load_address>0x1181d400</load_address>
         <run_address>0x1181d400</run_address>
         <size>0x200</size>
         <input_file_ref idref="fl-7"/>
      </object_component>
      <object_component id="oc-10">
         <name>.debug_info</name>
         <load_address>0x0</load_address>
         <run_address>0x0</run_address>
         <size>0x4209</size>
         <input_file_ref idref="fl-2"/>
      </object_component>
      <object_component id="oc-17">
         <name>.debug_info</name>
         <load_address>0x4209</load_address>
         <run_address>0x4209</run_address>
         <size>0xfb1</size>
         <input_file_ref idref="fl-3"/>
      </object_component>
      <object_component id="oc-1f">
         <name>.debug_info</name>
         <load_address>0x51ba</load_address>
         <run_address>0x51ba</run_address>
         <size>0x17e8</size>
         <input_file_ref idref="fl-4"/>
      </object_component>
      <object_component id="oc-25">
         <name>.debug_info</name>
         <load_address>0x69a2</load_address>
         <run_address>0x69a2</run_address>
         <size>0xcdf</size>
         <input_file_ref idref="fl-5"/>
      </object_component>
      <object_component id="oc-2c">
         <name>.debug_info</name>
         <load_address>0x7681</load_address>
         <run_address>0x7681</run_address>
         <size>0xb01</size>
         <input_file_ref idref="fl-6"/>
      </object_component>
      <object_component id="oc-32">
         <name>.debug_info</name>
         <load_address>0x8182</load_address>
         <run_address>0x8182</run_address>
         <size>0xf7</size>
         <input_file_ref idref="fl-7"/>
      </object_component>
      <object_component id="oc-35">
         <name>.debug_info</name>
         <load_address>0x8279</load_address>
         <run_address>0x8279</run_address>
         <size>0x739</size>
         <input_file_ref idref="fl-83"/>
      </object_component>
      <object_component id="oc-39">
         <name>.debug_info</name>
         <load_address>0x89b2</load_address>
         <run_address>0x89b2</run_address>
         <size>0x8fc</size>
         <input_file_ref idref="fl-84"/>
      </object_component>
      <object_component id="oc-3c">
         <name>.debug_info</name>
         <load_address>0x92ae</load_address>
         <run_address>0x92ae</run_address>
         <size>0x867</size>
         <input_file_ref idref="fl-85"/>
      </object_component>
      <object_component id="oc-41">
         <name>.debug_info</name>
         <load_address>0x9b15</load_address>
         <run_address>0x9b15</run_address>
         <size>0xc91</size>
         <input_file_ref idref="fl-86"/>
      </object_component>
      <object_component id="oc-47">
         <name>.debug_info</name>
         <load_address>0xa7a6</load_address>
         <run_address>0xa7a6</run_address>
         <size>0x821</size>
         <input_file_ref idref="fl-87"/>
      </object_component>
      <object_component id="oc-4c">
         <name>.debug_info</name>
         <load_address>0xafc7</load_address>
         <run_address>0xafc7</run_address>
         <size>0x695</size>
         <input_file_ref idref="fl-88"/>
      </object_component>
      <object_component id="oc-51">
         <name>.debug_info</name>
         <load_address>0xb65c</load_address>
         <run_address>0xb65c</run_address>
         <size>0x687</size>
         <input_file_ref idref="fl-89"/>
      </object_component>
      <object_component id="oc-54">
         <name>.debug_info</name>
         <load_address>0xbce3</load_address>
         <run_address>0xbce3</run_address>
         <size>0x863</size>
         <input_file_ref idref="fl-8a"/>
      </object_component>
      <object_component id="oc-57">
         <name>.debug_info</name>
         <load_address>0xc546</load_address>
         <run_address>0xc546</run_address>
         <size>0x687</size>
         <input_file_ref idref="fl-8b"/>
      </object_component>
      <object_component id="oc-5a">
         <name>.debug_info</name>
         <load_address>0xcbcd</load_address>
         <run_address>0xcbcd</run_address>
         <size>0x67a</size>
         <input_file_ref idref="fl-8c"/>
      </object_component>
      <object_component id="oc-5f">
         <name>.debug_info</name>
         <load_address>0xd247</load_address>
         <run_address>0xd247</run_address>
         <size>0x70f</size>
         <input_file_ref idref="fl-8d"/>
      </object_component>
      <object_component id="oc-62">
         <name>.debug_info</name>
         <load_address>0xd956</load_address>
         <run_address>0xd956</run_address>
         <size>0x8e6</size>
         <input_file_ref idref="fl-8e"/>
      </object_component>
      <object_component id="oc-65">
         <name>.debug_info</name>
         <load_address>0xe23c</load_address>
         <run_address>0xe23c</run_address>
         <size>0x75e</size>
         <input_file_ref idref="fl-8f"/>
      </object_component>
      <object_component id="oc-68">
         <name>.debug_info</name>
         <load_address>0xe99a</load_address>
         <run_address>0xe99a</run_address>
         <size>0x854</size>
         <input_file_ref idref="fl-90"/>
      </object_component>
      <object_component id="oc-6b">
         <name>.debug_info</name>
         <load_address>0xf1ee</load_address>
         <run_address>0xf1ee</run_address>
         <size>0x610</size>
         <input_file_ref idref="fl-91"/>
      </object_component>
      <object_component id="oc-6f">
         <name>.debug_info</name>
         <load_address>0xf7fe</load_address>
         <run_address>0xf7fe</run_address>
         <size>0x6b7</size>
         <input_file_ref idref="fl-92"/>
      </object_component>
      <object_component id="oc-72">
         <name>.debug_info</name>
         <load_address>0xfeb5</load_address>
         <run_address>0xfeb5</run_address>
         <size>0x6ad</size>
         <input_file_ref idref="fl-93"/>
      </object_component>
      <object_component id="oc-75">
         <name>.debug_info</name>
         <load_address>0x10562</load_address>
         <run_address>0x10562</run_address>
         <size>0x111</size>
         <input_file_ref idref="fl-94"/>
      </object_component>
      <object_component id="oc-78">
         <name>.debug_info</name>
         <load_address>0x10673</load_address>
         <run_address>0x10673</run_address>
         <size>0x69c</size>
         <input_file_ref idref="fl-95"/>
      </object_component>
      <object_component id="oc-7b">
         <name>.debug_info</name>
         <load_address>0x10d0f</load_address>
         <run_address>0x10d0f</run_address>
         <size>0xb3f</size>
         <input_file_ref idref="fl-96"/>
      </object_component>
      <object_component id="oc-7f">
         <name>.debug_info</name>
         <load_address>0x1184e</load_address>
         <run_address>0x1184e</run_address>
         <size>0x1014</size>
         <input_file_ref idref="fl-97"/>
      </object_component>
      <object_component id="oc-83">
         <name>.debug_info</name>
         <load_address>0x12862</load_address>
         <run_address>0x12862</run_address>
         <size>0xee6</size>
         <input_file_ref idref="fl-98"/>
      </object_component>
      <object_component id="oc-87">
         <name>.debug_info</name>
         <load_address>0x13748</load_address>
         <run_address>0x13748</run_address>
         <size>0x2784</size>
         <input_file_ref idref="fl-99"/>
      </object_component>
      <object_component id="oc-8c">
         <name>.debug_info</name>
         <load_address>0x15ecc</load_address>
         <run_address>0x15ecc</run_address>
         <size>0xf3c</size>
         <input_file_ref idref="fl-9a"/>
      </object_component>
      <object_component id="oc-91">
         <name>.debug_info</name>
         <load_address>0x16e08</load_address>
         <run_address>0x16e08</run_address>
         <size>0x13d9</size>
         <input_file_ref idref="fl-9b"/>
      </object_component>
      <object_component id="oc-95">
         <name>.debug_info</name>
         <load_address>0x181e1</load_address>
         <run_address>0x181e1</run_address>
         <size>0x930</size>
         <input_file_ref idref="fl-9c"/>
      </object_component>
      <object_component id="oc-98">
         <name>.debug_info</name>
         <load_address>0x18b11</load_address>
         <run_address>0x18b11</run_address>
         <size>0x38a3</size>
         <input_file_ref idref="fl-9d"/>
      </object_component>
      <object_component id="oc-9c">
         <name>.debug_info</name>
         <load_address>0x1c3b4</load_address>
         <run_address>0x1c3b4</run_address>
         <size>0x7de</size>
         <input_file_ref idref="fl-9e"/>
      </object_component>
      <object_component id="oc-9f">
         <name>.debug_info</name>
         <load_address>0x1cb92</load_address>
         <run_address>0x1cb92</run_address>
         <size>0x628</size>
         <input_file_ref idref="fl-9f"/>
      </object_component>
      <object_component id="oc-a1">
         <name>.debug_info</name>
         <load_address>0x1d1ba</load_address>
         <run_address>0x1d1ba</run_address>
         <size>0x715</size>
         <input_file_ref idref="fl-a0"/>
      </object_component>
      <object_component id="oc-a5">
         <name>.debug_info</name>
         <load_address>0x1d8cf</load_address>
         <run_address>0x1d8cf</run_address>
         <size>0x9b1</size>
         <input_file_ref idref="fl-a1"/>
      </object_component>
      <object_component id="oc-a8">
         <name>.debug_info</name>
         <load_address>0x1e280</load_address>
         <run_address>0x1e280</run_address>
         <size>0x102</size>
         <input_file_ref idref="fl-a2"/>
      </object_component>
      <object_component id="oc-ab">
         <name>.debug_info</name>
         <load_address>0x1e382</load_address>
         <run_address>0x1e382</run_address>
         <size>0x6bf</size>
         <input_file_ref idref="fl-a3"/>
      </object_component>
      <object_component id="oc-ae">
         <name>.debug_info</name>
         <load_address>0x1ea41</load_address>
         <run_address>0x1ea41</run_address>
         <size>0x6de</size>
         <input_file_ref idref="fl-a4"/>
      </object_component>
      <object_component id="oc-b1">
         <name>.debug_info</name>
         <load_address>0x1f11f</load_address>
         <run_address>0x1f11f</run_address>
         <size>0x858</size>
         <input_file_ref idref="fl-a5"/>
      </object_component>
      <object_component id="oc-b4">
         <name>.debug_info</name>
         <load_address>0x1f977</load_address>
         <run_address>0x1f977</run_address>
         <size>0xd9b</size>
         <input_file_ref idref="fl-a6"/>
      </object_component>
      <object_component id="oc-b8">
         <name>.debug_info</name>
         <load_address>0x20712</load_address>
         <run_address>0x20712</run_address>
         <size>0x69a</size>
         <input_file_ref idref="fl-a7"/>
      </object_component>
      <object_component id="oc-bb">
         <name>.debug_info</name>
         <load_address>0x20dac</load_address>
         <run_address>0x20dac</run_address>
         <size>0x832</size>
         <input_file_ref idref="fl-a8"/>
      </object_component>
      <object_component id="oc-be">
         <name>.debug_info</name>
         <load_address>0x215de</load_address>
         <run_address>0x215de</run_address>
         <size>0x82d</size>
         <input_file_ref idref="fl-a9"/>
      </object_component>
      <object_component id="oc-c1">
         <name>.debug_info</name>
         <load_address>0x21e0b</load_address>
         <run_address>0x21e0b</run_address>
         <size>0x844</size>
         <input_file_ref idref="fl-aa"/>
      </object_component>
      <object_component id="oc-c4">
         <name>.debug_info</name>
         <load_address>0x2264f</load_address>
         <run_address>0x2264f</run_address>
         <size>0x72f</size>
         <input_file_ref idref="fl-ab"/>
      </object_component>
      <object_component id="oc-c7">
         <name>.debug_info</name>
         <load_address>0x22d7e</load_address>
         <run_address>0x22d7e</run_address>
         <size>0x11b4</size>
         <input_file_ref idref="fl-ac"/>
      </object_component>
      <object_component id="oc-cc">
         <name>.debug_info</name>
         <load_address>0x23f32</load_address>
         <run_address>0x23f32</run_address>
         <size>0x7be</size>
         <input_file_ref idref="fl-ad"/>
      </object_component>
      <object_component id="oc-cf">
         <name>.debug_info</name>
         <load_address>0x246f0</load_address>
         <run_address>0x246f0</run_address>
         <size>0x761</size>
         <input_file_ref idref="fl-ae"/>
      </object_component>
      <object_component id="oc-d2">
         <name>.debug_info</name>
         <load_address>0x24e51</load_address>
         <run_address>0x24e51</run_address>
         <size>0x845</size>
         <input_file_ref idref="fl-af"/>
      </object_component>
      <object_component id="oc-d5">
         <name>.debug_info</name>
         <load_address>0x25696</load_address>
         <run_address>0x25696</run_address>
         <size>0x646</size>
         <input_file_ref idref="fl-b0"/>
      </object_component>
      <object_component id="oc-d8">
         <name>.debug_info</name>
         <load_address>0x25cdc</load_address>
         <run_address>0x25cdc</run_address>
         <size>0x11f4</size>
         <input_file_ref idref="fl-b1"/>
      </object_component>
      <object_component id="oc-dc">
         <name>.debug_info</name>
         <load_address>0x26ed0</load_address>
         <run_address>0x26ed0</run_address>
         <size>0xa1b</size>
         <input_file_ref idref="fl-b2"/>
      </object_component>
      <object_component id="oc-e0">
         <name>.debug_info</name>
         <load_address>0x278eb</load_address>
         <run_address>0x278eb</run_address>
         <size>0x788</size>
         <input_file_ref idref="fl-b3"/>
      </object_component>
      <object_component id="oc-e3">
         <name>.debug_info</name>
         <load_address>0x28073</load_address>
         <run_address>0x28073</run_address>
         <size>0x5fa</size>
         <input_file_ref idref="fl-b4"/>
      </object_component>
      <object_component id="oc-e6">
         <name>.debug_info</name>
         <load_address>0x2866d</load_address>
         <run_address>0x2866d</run_address>
         <size>0x7af</size>
         <input_file_ref idref="fl-b5"/>
      </object_component>
      <object_component id="oc-e9">
         <name>.debug_info</name>
         <load_address>0x28e1c</load_address>
         <run_address>0x28e1c</run_address>
         <size>0x7e7</size>
         <input_file_ref idref="fl-b6"/>
      </object_component>
      <object_component id="oc-ec">
         <name>.debug_info</name>
         <load_address>0x29603</load_address>
         <run_address>0x29603</run_address>
         <size>0x841</size>
         <input_file_ref idref="fl-b7"/>
      </object_component>
      <object_component id="oc-ef">
         <name>.debug_info</name>
         <load_address>0x29e44</load_address>
         <run_address>0x29e44</run_address>
         <size>0x8fa</size>
         <input_file_ref idref="fl-b8"/>
      </object_component>
      <object_component id="oc-f4">
         <name>.debug_info</name>
         <load_address>0x2a73e</load_address>
         <run_address>0x2a73e</run_address>
         <size>0x834</size>
         <input_file_ref idref="fl-b9"/>
      </object_component>
      <object_component id="oc-f7">
         <name>.debug_info</name>
         <load_address>0x2af72</load_address>
         <run_address>0x2af72</run_address>
         <size>0x692</size>
         <input_file_ref idref="fl-ba"/>
      </object_component>
      <object_component id="oc-174">
         <name>.debug_info</name>
         <load_address>0x2b604</load_address>
         <run_address>0x2b604</run_address>
         <size>0x6e</size>
      </object_component>
      <object_component id="oc-13">
         <name>.debug_frame</name>
         <load_address>0x0</load_address>
         <run_address>0x0</run_address>
         <size>0x464</size>
         <input_file_ref idref="fl-2"/>
      </object_component>
      <object_component id="oc-1b">
         <name>.debug_frame</name>
         <load_address>0x464</load_address>
         <run_address>0x464</run_address>
         <size>0x2b4</size>
         <input_file_ref idref="fl-3"/>
      </object_component>
      <object_component id="oc-22">
         <name>.debug_frame</name>
         <load_address>0x718</load_address>
         <run_address>0x718</run_address>
         <size>0x464</size>
         <input_file_ref idref="fl-4"/>
      </object_component>
      <object_component id="oc-28">
         <name>.debug_frame</name>
         <load_address>0xb7c</load_address>
         <run_address>0xb7c</run_address>
         <size>0x2a0</size>
         <input_file_ref idref="fl-5"/>
      </object_component>
      <object_component id="oc-2d">
         <name>.debug_frame</name>
         <load_address>0xe1c</load_address>
         <run_address>0xe1c</run_address>
         <size>0x280</size>
         <input_file_ref idref="fl-6"/>
      </object_component>
      <object_component id="oc-7c">
         <name>.debug_frame</name>
         <load_address>0x109c</load_address>
         <run_address>0x109c</run_address>
         <size>0x2b9</size>
         <input_file_ref idref="fl-96"/>
      </object_component>
      <object_component id="oc-80">
         <name>.debug_frame</name>
         <load_address>0x1355</load_address>
         <run_address>0x1355</run_address>
         <size>0x2d0</size>
         <input_file_ref idref="fl-97"/>
      </object_component>
      <object_component id="oc-84">
         <name>.debug_frame</name>
         <load_address>0x1625</load_address>
         <run_address>0x1625</run_address>
         <size>0x29a</size>
         <input_file_ref idref="fl-98"/>
      </object_component>
      <object_component id="oc-89">
         <name>.debug_frame</name>
         <load_address>0x18bf</load_address>
         <run_address>0x18bf</run_address>
         <size>0x38b</size>
         <input_file_ref idref="fl-99"/>
      </object_component>
      <object_component id="oc-8d">
         <name>.debug_frame</name>
         <load_address>0x1c4a</load_address>
         <run_address>0x1c4a</run_address>
         <size>0x2da</size>
         <input_file_ref idref="fl-9a"/>
      </object_component>
      <object_component id="oc-92">
         <name>.debug_frame</name>
         <load_address>0x1f24</load_address>
         <run_address>0x1f24</run_address>
         <size>0x29c</size>
         <input_file_ref idref="fl-9b"/>
      </object_component>
      <object_component id="oc-14">
         <name>.debug_line</name>
         <load_address>0x0</load_address>
         <run_address>0x0</run_address>
         <size>0x65b</size>
         <input_file_ref idref="fl-2"/>
      </object_component>
      <object_component id="oc-1c">
         <name>.debug_line</name>
         <load_address>0x65b</load_address>
         <run_address>0x65b</run_address>
         <size>0x118</size>
         <input_file_ref idref="fl-3"/>
      </object_component>
      <object_component id="oc-23">
         <name>.debug_line</name>
         <load_address>0x773</load_address>
         <run_address>0x773</run_address>
         <size>0x2b3</size>
         <input_file_ref idref="fl-4"/>
      </object_component>
      <object_component id="oc-29">
         <name>.debug_line</name>
         <load_address>0xa26</load_address>
         <run_address>0xa26</run_address>
         <size>0xd8</size>
         <input_file_ref idref="fl-5"/>
      </object_component>
      <object_component id="oc-2e">
         <name>.debug_line</name>
         <load_address>0xafe</load_address>
         <run_address>0xafe</run_address>
         <size>0xfc</size>
         <input_file_ref idref="fl-6"/>
      </object_component>
      <object_component id="oc-33">
         <name>.debug_line</name>
         <load_address>0xbfa</load_address>
         <run_address>0xbfa</run_address>
         <size>0xcd</size>
         <input_file_ref idref="fl-7"/>
      </object_component>
      <object_component id="oc-37">
         <name>.debug_line</name>
         <load_address>0xcc7</load_address>
         <run_address>0xcc7</run_address>
         <size>0x3d</size>
         <input_file_ref idref="fl-83"/>
      </object_component>
      <object_component id="oc-3a">
         <name>.debug_line</name>
         <load_address>0xd04</load_address>
         <run_address>0xd04</run_address>
         <size>0x3c</size>
         <input_file_ref idref="fl-84"/>
      </object_component>
      <object_component id="oc-3f">
         <name>.debug_line</name>
         <load_address>0xd40</load_address>
         <run_address>0xd40</run_address>
         <size>0x4f</size>
         <input_file_ref idref="fl-85"/>
      </object_component>
      <object_component id="oc-45">
         <name>.debug_line</name>
         <load_address>0xd8f</load_address>
         <run_address>0xd8f</run_address>
         <size>0xa7</size>
         <input_file_ref idref="fl-86"/>
      </object_component>
      <object_component id="oc-4a">
         <name>.debug_line</name>
         <load_address>0xe36</load_address>
         <run_address>0xe36</run_address>
         <size>0x3c</size>
         <input_file_ref idref="fl-87"/>
      </object_component>
      <object_component id="oc-4f">
         <name>.debug_line</name>
         <load_address>0xe72</load_address>
         <run_address>0xe72</run_address>
         <size>0x3b</size>
         <input_file_ref idref="fl-88"/>
      </object_component>
      <object_component id="oc-52">
         <name>.debug_line</name>
         <load_address>0xead</load_address>
         <run_address>0xead</run_address>
         <size>0x39</size>
         <input_file_ref idref="fl-89"/>
      </object_component>
      <object_component id="oc-55">
         <name>.debug_line</name>
         <load_address>0xee6</load_address>
         <run_address>0xee6</run_address>
         <size>0x38</size>
         <input_file_ref idref="fl-8a"/>
      </object_component>
      <object_component id="oc-58">
         <name>.debug_line</name>
         <load_address>0xf1e</load_address>
         <run_address>0xf1e</run_address>
         <size>0x39</size>
         <input_file_ref idref="fl-8b"/>
      </object_component>
      <object_component id="oc-5d">
         <name>.debug_line</name>
         <load_address>0xf57</load_address>
         <run_address>0xf57</run_address>
         <size>0x35</size>
         <input_file_ref idref="fl-8c"/>
      </object_component>
      <object_component id="oc-60">
         <name>.debug_line</name>
         <load_address>0xf8c</load_address>
         <run_address>0xf8c</run_address>
         <size>0x3f</size>
         <input_file_ref idref="fl-8d"/>
      </object_component>
      <object_component id="oc-63">
         <name>.debug_line</name>
         <load_address>0xfcb</load_address>
         <run_address>0xfcb</run_address>
         <size>0x49</size>
         <input_file_ref idref="fl-8e"/>
      </object_component>
      <object_component id="oc-66">
         <name>.debug_line</name>
         <load_address>0x1014</load_address>
         <run_address>0x1014</run_address>
         <size>0x45</size>
         <input_file_ref idref="fl-8f"/>
      </object_component>
      <object_component id="oc-69">
         <name>.debug_line</name>
         <load_address>0x1059</load_address>
         <run_address>0x1059</run_address>
         <size>0x44</size>
         <input_file_ref idref="fl-90"/>
      </object_component>
      <object_component id="oc-70">
         <name>.debug_line</name>
         <load_address>0x109d</load_address>
         <run_address>0x109d</run_address>
         <size>0x39</size>
         <input_file_ref idref="fl-92"/>
      </object_component>
      <object_component id="oc-73">
         <name>.debug_line</name>
         <load_address>0x10d6</load_address>
         <run_address>0x10d6</run_address>
         <size>0x39</size>
         <input_file_ref idref="fl-93"/>
      </object_component>
      <object_component id="oc-76">
         <name>.debug_line</name>
         <load_address>0x110f</load_address>
         <run_address>0x110f</run_address>
         <size>0x4a</size>
         <input_file_ref idref="fl-94"/>
      </object_component>
      <object_component id="oc-79">
         <name>.debug_line</name>
         <load_address>0x1159</load_address>
         <run_address>0x1159</run_address>
         <size>0x38</size>
         <input_file_ref idref="fl-95"/>
      </object_component>
      <object_component id="oc-7d">
         <name>.debug_line</name>
         <load_address>0x1191</load_address>
         <run_address>0x1191</run_address>
         <size>0xd8</size>
         <input_file_ref idref="fl-96"/>
      </object_component>
      <object_component id="oc-81">
         <name>.debug_line</name>
         <load_address>0x1269</load_address>
         <run_address>0x1269</run_address>
         <size>0x1ba</size>
         <input_file_ref idref="fl-97"/>
      </object_component>
      <object_component id="oc-85">
         <name>.debug_line</name>
         <load_address>0x1423</load_address>
         <run_address>0x1423</run_address>
         <size>0xad</size>
         <input_file_ref idref="fl-98"/>
      </object_component>
      <object_component id="oc-8a">
         <name>.debug_line</name>
         <load_address>0x14d0</load_address>
         <run_address>0x14d0</run_address>
         <size>0x2d8</size>
         <input_file_ref idref="fl-99"/>
      </object_component>
      <object_component id="oc-8e">
         <name>.debug_line</name>
         <load_address>0x17a8</load_address>
         <run_address>0x17a8</run_address>
         <size>0x169</size>
         <input_file_ref idref="fl-9a"/>
      </object_component>
      <object_component id="oc-93">
         <name>.debug_line</name>
         <load_address>0x1911</load_address>
         <run_address>0x1911</run_address>
         <size>0x143</size>
         <input_file_ref idref="fl-9b"/>
      </object_component>
      <object_component id="oc-96">
         <name>.debug_line</name>
         <load_address>0x1a54</load_address>
         <run_address>0x1a54</run_address>
         <size>0x6a</size>
         <input_file_ref idref="fl-9c"/>
      </object_component>
      <object_component id="oc-9a">
         <name>.debug_line</name>
         <load_address>0x1abe</load_address>
         <run_address>0x1abe</run_address>
         <size>0x3a6</size>
         <input_file_ref idref="fl-9d"/>
      </object_component>
      <object_component id="oc-9d">
         <name>.debug_line</name>
         <load_address>0x1e64</load_address>
         <run_address>0x1e64</run_address>
         <size>0x45</size>
         <input_file_ref idref="fl-9e"/>
      </object_component>
      <object_component id="oc-a6">
         <name>.debug_line</name>
         <load_address>0x1ea9</load_address>
         <run_address>0x1ea9</run_address>
         <size>0x3c</size>
         <input_file_ref idref="fl-a1"/>
      </object_component>
      <object_component id="oc-a9">
         <name>.debug_line</name>
         <load_address>0x1ee5</load_address>
         <run_address>0x1ee5</run_address>
         <size>0x44</size>
         <input_file_ref idref="fl-a2"/>
      </object_component>
      <object_component id="oc-ac">
         <name>.debug_line</name>
         <load_address>0x1f29</load_address>
         <run_address>0x1f29</run_address>
         <size>0x3d</size>
         <input_file_ref idref="fl-a3"/>
      </object_component>
      <object_component id="oc-af">
         <name>.debug_line</name>
         <load_address>0x1f66</load_address>
         <run_address>0x1f66</run_address>
         <size>0x3d</size>
         <input_file_ref idref="fl-a4"/>
      </object_component>
      <object_component id="oc-b2">
         <name>.debug_line</name>
         <load_address>0x1fa3</load_address>
         <run_address>0x1fa3</run_address>
         <size>0x3f</size>
         <input_file_ref idref="fl-a5"/>
      </object_component>
      <object_component id="oc-b6">
         <name>.debug_line</name>
         <load_address>0x1fe2</load_address>
         <run_address>0x1fe2</run_address>
         <size>0xd9</size>
         <input_file_ref idref="fl-a6"/>
      </object_component>
      <object_component id="oc-b9">
         <name>.debug_line</name>
         <load_address>0x20bb</load_address>
         <run_address>0x20bb</run_address>
         <size>0x3e</size>
         <input_file_ref idref="fl-a7"/>
      </object_component>
      <object_component id="oc-bc">
         <name>.debug_line</name>
         <load_address>0x20f9</load_address>
         <run_address>0x20f9</run_address>
         <size>0x73</size>
         <input_file_ref idref="fl-a8"/>
      </object_component>
      <object_component id="oc-bf">
         <name>.debug_line</name>
[...]
      </symbol>
      <symbol id="sm-269">
         <name>_e</name>
         <value>0x1181d640</value>
         <object_component_ref idref="oc-2b"/>
      </symbol>
      <symbol id="sm-276">
         <name>_vector10</name>
         <value>0x1181d540</value>
         <object_component_ref idref="oc-31"/>
      </symbol>
      <symbol id="sm-277">
         <name>_vector11</name>
         <value>0x1181d560</value>
         <object_component_ref idref="oc-31"/>
      </symbol>
      <symbol id="sm-278">
         <name>_vector12</name>
         <value>0x1181d580</value>
         <object_component_ref idref="oc-31"/>
      </symbol>
      <symbol id="sm-279">
         <name>_vector13</name>
         <value>0x1181d5a0</value>
         <object_component_ref idref="oc-31"/>
      </symbol>
      <symbol id="sm-27a">
         <name>_vector14</name>
         <value>0x1181d5c0</value>
         <object_component_ref idref="oc-31"/>
      </symbol>
      <symbol id="sm-27b">
         <name>_vector15</name>
         <value>0x1181d5e0</value>
         <object_component_ref idref="oc-31"/>
      </symbol>
      <symbol id="sm-27c">
         <name>_vectors</name>
         <value>0x1181d400</value>
         <object_component_ref idref="oc-31"/>
      </symbol>
      <symbol id="sm-27d">
         <name>_vector1</name>
         <value>0x1181d420</value>
         <object_component_ref idref="oc-31"/>
      </symbol>
      <symbol id="sm-27e">
         <name>_vector3</name>
         <value>0x1181d460</value>
         <object_component_ref idref="oc-31"/>
      </symbol>
      <symbol id="sm-27f">
         <name>_vector2</name>
         <value>0x1181d440</value>
         <object_component_ref idref="oc-31"/>
      </symbol>
      <symbol id="sm-280">
         <name>_vector5</name>
         <value>0x1181d4a0</value>
         <object_component_ref idref="oc-31"/>
      </symbol>
      <symbol id="sm-281">
         <name>_vector7</name>
         <value>0x1181d4e0</value>
         <object_component_ref idref="oc-31"/>
      </symbol>
      <symbol id="sm-282">
         <name>_vector6</name>
         <value>0x1181d4c0</value>
         <object_component_ref idref="oc-31"/>
      </symbol>
      <symbol id="sm-283">
         <name>_vector9</name>
         <value>0x1181d520</value>
         <object_component_ref idref="oc-31"/>
      </symbol>
      <symbol id="sm-284">
         <name>_vector8</name>
         <value>0x1181d500</value>
         <object_component_ref idref="oc-31"/>
      </symbol>
      <symbol id="sm-293">
         <name>_c_int00</name>
         <value>0x1181a740</value>
         <object_component_ref idref="oc-e"/>
      </symbol>
      <symbol id="sm-294">
         <name>__stack</name>
         <value>0x1181c8e8</value>
         <object_component_ref idref="oc-36"/>
      </symbol>
      <symbol id="sm-2a4">
         <name>__divf</name>
         <value>0x11816840</value>
         <object_component_ref idref="oc-110"/>
      </symbol>
      <symbol id="sm-2bb">
         <name>C$$EXIT</name>
         <value>0x1181ad40</value>
         <object_component_ref idref="oc-109"/>
      </symbol>
      <symbol id="sm-2bc">
         <name>_exit</name>
         <value>0x11819ae0</value>
         <object_component_ref idref="oc-fc"/>
      </symbol>
      <symbol id="sm-2bd">
         <name>___TI_enable_exit_profile_output</name>
         <value>0x1181bf7c</value>
         <object_component_ref idref="oc-3e"/>
      </symbol>
      <symbol id="sm-2be">
         <name>_abort</name>
         <value>0x1181ad40</value>
         <object_component_ref idref="oc-109"/>
      </symbol>
      <symbol id="sm-2bf">
         <name>__cleanup_ptr</name>
         <value>0x1181bf74</value>
         <object_component_ref idref="oc-3e"/>
      </symbol>
      <symbol id="sm-2c0">
         <name>__dtors_ptr</name>
         <value>0x1181bf78</value>
         <object_component_ref idref="oc-3e"/>
      </symbol>
      <symbol id="sm-2f8">
         <name>__sys_memory</name>
         <value>0x11800000</value>
         <object_component_ref idref="oc-44"/>
      </symbol>
      <symbol id="sm-2f9">
         <name>_free</name>
         <value>0x11816ac0</value>
         <object_component_ref idref="oc-142"/>
      </symbol>
      <symbol id="sm-2fa">
         <name>_malloc</name>
         <value>0x118184c0</value>
         <object_component_ref idref="oc-116"/>
      </symbol>
      <symbol id="sm-325">
         <name>_powf</name>
         <value>0x11813540</value>
         <object_component_ref idref="oc-115"/>
      </symbol>
      <symbol id="sm-336">
         <name>_rand</name>
         <value>0x1181a7c0</value>
         <object_component_ref idref="oc-10f"/>
      </symbol>
      <symbol id="sm-340">
         <name>__roundf</name>
         <value>0x1181a6c0</value>
         <object_component_ref idref="oc-11f"/>
      </symbol>
      <symbol id="sm-34b">
         <name>_sqrtf</name>
         <value>0x11818f40</value>
         <object_component_ref idref="oc-114"/>
      </symbol>
      <symbol id="sm-355">
         <name>__truncf</name>
         <value>0x1181ad20</value>
         <object_component_ref idref="oc-120"/>
      </symbol>
      <symbol id="sm-363">
         <name>__unlock</name>
         <value>0x1181bf8c</value>
         <object_component_ref idref="oc-5c"/>
      </symbol>
      <symbol id="sm-364">
         <name>__lock</name>
         <value>0x1181bf88</value>
         <object_component_ref idref="oc-5c"/>
      </symbol>
      <symbol id="sm-365">
         <name>__nop</name>
         <value>0x1181acc0</value>
         <object_component_ref idref="oc-fd"/>
      </symbol>
      <symbol id="sm-36f">
         <name>__args_main</name>
         <value>0x1181aba0</value>
         <object_component_ref idref="oc-fb"/>
      </symbol>
      <symbol id="sm-370">
         <name>__TI_args_main</name>
         <value>0x1</value>
      </symbol>
      <symbol id="sm-37f">
         <name>__auto_init</name>
         <value>0x118197e0</value>
         <object_component_ref idref="oc-fa"/>
      </symbol>
      <symbol id="sm-38c">
         <name>___TI_cpp_init</name>
         <value>0x1181a940</value>
         <object_component_ref idref="oc-107"/>
      </symbol>
      <symbol id="sm-39a">
         <name>_copy_in</name>
         <value>0x1181a0c0</value>
         <object_component_ref idref="oc-105"/>
      </symbol>
      <symbol id="sm-3a4">
         <name>_errno</name>
         <value>0x1181bdc4</value>
         <object_component_ref idref="oc-6d"/>
      </symbol>
      <symbol id="sm-3b3">
         <name>_frexpf</name>
         <value>0x118193c0</value>
         <object_component_ref idref="oc-11d"/>
      </symbol>
      <symbol id="sm-3c1">
         <name>_ldexpf</name>
         <value>0x11818c20</value>
         <object_component_ref idref="oc-11e"/>
      </symbol>
      <symbol id="sm-3c9">
         <name>_memcpy</name>
         <value>0x1181a2a0</value>
         <object_component_ref idref="oc-106"/>
      </symbol>
      <symbol id="sm-3d4">
         <name>_modff</name>
         <value>0x1181aa60</value>
         <object_component_ref idref="oc-121"/>
      </symbol>
      <symbol id="sm-3e3">
         <name>_USTIMER_get</name>
         <value>0x11817e04</value>
         <object_component_ref idref="oc-118"/>
      </symbol>
      <symbol id="sm-3e4">
         <name>_USTIMER_delay</name>
         <value>0x11817d44</value>
         <object_component_ref idref="oc-118"/>
      </symbol>
      <symbol id="sm-3e5">
         <name>_USTIMER_set</name>
         <value>0x11817e18</value>
         <object_component_ref idref="oc-118"/>
      </symbol>
      <symbol id="sm-3e6">
         <name>_USTIMER_init</name>
         <value>0x11817c60</value>
         <object_component_ref idref="oc-118"/>
      </symbol>
      <symbol id="sm-3e7">
         <name>_USTIMER_reset</name>
         <value>0x11817dd4</value>
         <object_component_ref idref="oc-118"/>
      </symbol>
      <symbol id="sm-421">
         <name>_GPIO_getInput</name>
         <value>0x11814cf8</value>
         <object_component_ref idref="oc-112"/>
      </symbol>
      <symbol id="sm-422">
         <name>_GPIO_setDir</name>
         <value>0x11814c80</value>
         <object_component_ref idref="oc-112"/>
      </symbol>
      <symbol id="sm-423">
         <name>_GPIO_toggleLoop</name>
         <value>0x11814dec</value>
         <object_component_ref idref="oc-112"/>
      </symbol>
      <symbol id="sm-424">
         <name>_GPIO_setOutput</name>
         <value>0x11814d6c</value>
         <object_component_ref idref="oc-112"/>
      </symbol>
      <symbol id="sm-450">
         <name>_AIC3106_writeRegister</name>
         <value>0x118182f0</value>
         <object_component_ref idref="oc-117"/>
      </symbol>
      <symbol id="sm-451">
         <name>_AIC3106_init</name>
         <value>0x118181a0</value>
         <object_component_ref idref="oc-117"/>
      </symbol>
      <symbol id="sm-452">
         <name>_AIC3106_readRegister</name>
         <value>0x11818298</value>
         <object_component_ref idref="oc-117"/>
      </symbol>
      <symbol id="sm-4ef">
         <name>_config_pll1</name>
         <value>0x11811fa4</value>
         <object_component_ref idref="oc-113"/>
      </symbol>
      <symbol id="sm-4f0">
         <name>_config_pll0</name>
         <value>0x11811d68</value>
         <object_component_ref idref="oc-113"/>
      </symbol>
      <symbol id="sm-4f1">
         <name>_UTIL_isUIBoardAttached</name>
         <value>0x118122e0</value>
         <object_component_ref idref="oc-113"/>
      </symbol>
      <symbol id="sm-4f2">
         <name>_EVMOMAPL138_initRAM</name>
         <value>0x1181170c</value>
         <object_component_ref idref="oc-113"/>
      </symbol>
      <symbol id="sm-4f3">
         <name>_EVMOMAPL138_lpscTransition</name>
         <value>0x11811990</value>
         <object_component_ref idref="oc-113"/>
      </symbol>
      <symbol id="sm-4f4">
         <name>_EVMOMAPL138_enableDsp</name>
         <value>0x118118c8</value>
         <object_component_ref idref="oc-113"/>
      </symbol>
      <symbol id="sm-4f5">
         <name>_EVMOMAPL138_init</name>
         <value>0x118116e0</value>
         <object_component_ref idref="oc-113"/>
      </symbol>
      <symbol id="sm-4f6">
         <name>_UTIL_printMem</name>
         <value>0x11812188</value>
         <object_component_ref idref="oc-113"/>
      </symbol>
      <symbol id="sm-4f7">
         <name>_EVMOMAPL138_pinmuxConfig</name>
         <value>0x118118f4</value>
         <object_component_ref idref="oc-113"/>
      </symbol>
      <symbol id="sm-4f8">
         <name>_bitval_u32</name>
         <value>0x1181d1f0</value>
         <object_component_ref idref="oc-11a"/>
      </symbol>
      <symbol id="sm-526">
         <name>_I2CGPIO_getInput</name>
         <value>0x11814094</value>
         <object_component_ref idref="oc-11c"/>
      </symbol>
      <symbol id="sm-527">
         <name>_I2CGPIO_setOutputAll</name>
         <value>0x11814408</value>
         <object_component_ref idref="oc-11c"/>
      </symbol>
      <symbol id="sm-528">
         <name>_I2CGPIO_setOutput</name>
         <value>0x118142c0</value>
         <object_component_ref idref="oc-11c"/>
      </symbol>
      <symbol id="sm-529">
         <name>_I2CGPIO_getInputAll</name>
         <value>0x118141b0</value>
         <object_component_ref idref="oc-11c"/>
      </symbol>
      <symbol id="sm-52a">
         <name>_I2CGPIO_init</name>
         <value>0x11813fc0</value>
         <object_component_ref idref="oc-11c"/>
      </symbol>
      <symbol id="sm-573">
         <name>_I2C_read</name>
         <value>0x118150ec</value>
         <object_component_ref idref="oc-124"/>
      </symbol>
      <symbol id="sm-574">
         <name>_I2C_write</name>
         <value>0x11815248</value>
         <object_component_ref idref="oc-124"/>
      </symbol>
      <symbol id="sm-575">
         <name>_I2C_init</name>
         <value>0x11815000</value>
         <object_component_ref idref="oc-124"/>
      </symbol>
      <symbol id="sm-58a">
         <name>_printf</name>
         <value>0x11819580</value>
         <object_component_ref idref="oc-11b"/>
      </symbol>
      <symbol id="sm-696">
         <name>__printfi</name>
         <value>0x118144a0</value>
         <object_component_ref idref="oc-126"/>
      </symbol>
      <symbol id="sm-6a4">
         <name>_atoi</name>
         <value>0x11819200</value>
         <object_component_ref idref="oc-132"/>
      </symbol>
      <symbol id="sm-6ac">
         <name>__ctypes_</name>
         <value>0x1181d0e8</value>
         <object_component_ref idref="oc-138"/>
      </symbol>
      <symbol id="sm-6b6">
         <name>__tmpnams</name>
         <value>0x1181bc80</value>
         <object_component_ref idref="oc-a3"/>
      </symbol>
      <symbol id="sm-6b7">
         <name>__ft_end</name>
         <value>0x1181bdc0</value>
         <object_component_ref idref="oc-a3"/>
      </symbol>
      <symbol id="sm-6b8">
         <name>__ftable</name>
         <value>0x1181baa0</value>
         <object_component_ref idref="oc-a3"/>
      </symbol>
      <symbol id="sm-6ca">
         <name>__divd</name>
         <value>0x11812a20</value>
         <object_component_ref idref="oc-149"/>
      </symbol>
      <symbol id="sm-6d3">
         <name>__c6xabi_divu</name>
         <value>0x11819960</value>
         <object_component_ref idref="oc-151"/>
      </symbol>
      <symbol id="sm-6d4">
         <name>__divu</name>
         <value>0x11819960</value>
         <object_component_ref idref="oc-151"/>
      </symbol>
      <symbol id="sm-6e1">
         <name>__fixdli</name>
         <value>0x11819f80</value>
         <object_component_ref idref="oc-14c"/>
      </symbol>
      <symbol id="sm-6ec">
         <name>__fltlid</name>
         <value>0x1181a5c0</value>
         <object_component_ref idref="oc-14e"/>
      </symbol>
      <symbol id="sm-707">
         <name>_putc</name>
         <value>0x11817640</value>
         <object_component_ref idref="oc-12d"/>
      </symbol>
      <symbol id="sm-708">
         <name>_fputc</name>
         <value>0x11817640</value>
         <object_component_ref idref="oc-12d"/>
      </symbol>
      <symbol id="sm-72a">
         <name>_fputs</name>
         <value>0x118148e0</value>
         <object_component_ref idref="oc-128"/>
      </symbol>
      <symbol id="sm-734">
         <name>__frcmpyd_div</name>
         <value>0x1181abe0</value>
         <object_component_ref idref="oc-150"/>
      </symbol>
      <symbol id="sm-744">
         <name>__divul</name>
         <value>0x11818000</value>
         <object_component_ref idref="oc-152"/>
      </symbol>
      <symbol id="sm-745">
         <name>__remli</name>
         <value>0x1181ac60</value>
         <object_component_ref idref="oc-156"/>
      </symbol>
      <symbol id="sm-746">
         <name>__divli</name>
         <value>0x11819da0</value>
         <object_component_ref idref="oc-157"/>
      </symbol>
      <symbol id="sm-75a">
         <name>__subcull</name>
         <value>0x1181a9a0</value>
         <object_component_ref idref="oc-159"/>
      </symbol>
      <symbol id="sm-75b">
         <name>__divull</name>
         <value>0x11816d40</value>
         <object_component_ref idref="oc-153"/>
      </symbol>
      <symbol id="sm-765">
         <name>___isinf</name>
         <value>0x1181ab20</value>
         <object_component_ref idref="oc-13a"/>
      </symbol>
      <symbol id="sm-773">
         <name>__llshl</name>
         <value>0x1181a640</value>
         <object_component_ref idref="oc-158"/>
      </symbol>
      <symbol id="sm-774">
         <name>__llshru</name>
         <value>0x1181ac20</value>
         <object_component_ref idref="oc-14f"/>
      </symbol>
      <symbol id="sm-7b1">
         <name>_unlink</name>
         <value>0x1181a8c0</value>
         <object_component_ref idref="oc-15a"/>
      </symbol>
      <symbol id="sm-7b2">
         <name>_lseek</name>
         <value>0x1181a200</value>
         <object_component_ref idref="oc-141"/>
      </symbol>
      <symbol id="sm-7b3">
         <name>_close</name>
         <value>0x118192e0</value>
         <object_component_ref idref="oc-154"/>
      </symbol>
      <symbol id="sm-7b4">
         <name>_write</name>
         <value>0x1181a480</value>
         <object_component_ref idref="oc-130"/>
      </symbol>
      <symbol id="sm-7c1">
         <name>_ltoa</name>
         <value>0x11819ba0</value>
         <object_component_ref idref="oc-14d"/>
      </symbol>
      <symbol id="sm-7ce">
         <name>_memccpy</name>
         <value>0x1181aa00</value>
         <object_component_ref idref="oc-135"/>
      </symbol>
      <symbol id="sm-7d9">
         <name>_memset</name>
         <value>0x118194a0</value>
         <object_component_ref idref="oc-131"/>
      </symbol>
      <symbol id="sm-7e3">
         <name>__negll</name>
         <value>0x1181aca0</value>
         <object_component_ref idref="oc-13f"/>
      </symbol>
      <symbol id="sm-80c">
         <name>_HOSTopen</name>
         <value>0x11819040</value>
         <object_component_ref idref="oc-fe"/>
      </symbol>
      <symbol id="sm-80d">
         <name>_HOSTread</name>
         <value>0x11819120</value>
         <object_component_ref idref="oc-100"/>
      </symbol>
      <symbol id="sm-80e">
         <name>_HOSTrename</name>
         <value>0x11818340</value>
         <object_component_ref idref="oc-104"/>
      </symbol>
      <symbol id="sm-80f">
         <name>_HOSTwrite</name>
         <value>0x11819720</value>
         <object_component_ref idref="oc-101"/>
      </symbol>
      <symbol id="sm-810">
         <name>_HOSTlseek</name>
         <value>0x11818d40</value>
         <object_component_ref idref="oc-102"/>
      </symbol>
      <symbol id="sm-811">
         <name>_HOSTunlink</name>
         <value>0x11819660</value>
         <object_component_ref idref="oc-103"/>
      </symbol>
      <symbol id="sm-812">
         <name>_HOSTclose</name>
         <value>0x11819c60</value>
         <object_component_ref idref="oc-ff"/>
      </symbol>
      <symbol id="sm-822">
         <name>C$$IO$$</name>
         <value>0x1181ab18</value>
         <object_component_ref idref="oc-10a"/>
      </symbol>
      <symbol id="sm-823">
         <name>__CIOBUF_</name>
         <value>0x1181d2d8</value>
         <object_component_ref idref="oc-dd"/>
      </symbol>
      <symbol id="sm-824">
         <name>_readmsg</name>
         <value>0x1181a840</value>
         <object_component_ref idref="oc-10b"/>
      </symbol>
      <symbol id="sm-825">
         <name>_writemsg</name>
         <value>0x1181aac0</value>
         <object_component_ref idref="oc-10a"/>
      </symbol>
      <symbol id="sm-834">
         <name>__wrt_ok</name>
         <value>0x11818e40</value>
         <object_component_ref idref="oc-12e"/>
      </symbol>
      <symbol id="sm-848">
         <name>__doflush</name>
         <value>0x11819a20</value>
         <object_component_ref idref="oc-12f"/>
      </symbol>
      <symbol id="sm-859">
         <name>_fseek</name>
         <value>0x11818b00</value>
         <object_component_ref idref="oc-136"/>
      </symbol>
      <symbol id="sm-870">
         <name>_setvbuf</name>
         <value>0x11817a60</value>
         <object_component_ref idref="oc-137"/>
      </symbol>
      <symbol id="sm-883">
         <name>__cleanup</name>
         <value>0x11819d00</value>
         <object_component_ref idref="oc-143"/>
      </symbol>
      <symbol id="sm-895">
         <name>__closefile</name>
         <value>0x118188c0</value>
         <object_component_ref idref="oc-14b"/>
      </symbol>
      <symbol id="sm-89f">
         <name>_remove</name>
         <value>0x1181ad60</value>
         <object_component_ref idref="oc-155"/>
      </symbol>
   </symbol_table>
</link_info>
