******************************************************************************
                  TMS470 Linker PC v4.6.3                      
******************************************************************************
>> Linked Wed May 25 09:33:09 2011

OUTPUT FILE NAME:   <AM1808eXpPMICTest.out>
ENTRY POINT SYMBOL: "_c_int00"  address: 800065d8


MEMORY CONFIGURATION

         name            origin    length      used     unused   attr    fill
----------------------  --------  ---------  --------  --------  ----  --------
  shared_ram            80000000   00020000  00007e45  000181bb  RWIX
  external_ram          c0000000   08000000  00000000  08000000  RWIX
  arm_local_ram         ffff0000   00002000  00000000  00002000  RWIX


SEGMENT ALLOCATION MAP

run origin  load origin   length   init length attrs members
----------  ----------- ---------- ----------- ----- -------
80000000    80000000    000067a0   000067a0    r-x
  80000000    80000000    000067a0   000067a0    r-x .text
800067a0    800067a0    00001291   00000000    rw-
  800067a0    800067a0    00000800   00000000    rw- .stack
  80006fa0    80006fa0    00000800   00000000    rw- .sysmem
  800077a0    800077a0    00000291   00000000    rw- .bss
80007a34    80007a34    000001f0   000001f0    rw-
  80007a34    80007a34    000001f0   000001f0    rw- .data
80007c24    80007c24    00000224   00000224    r--
  80007c24    80007c24    00000184   00000184    r-- .const
  80007da8    80007da8    000000a0   000000a0    r-- .cinit


SECTION ALLOCATION MAP

 output                                  attributes/
section   page    origin      length       input sections
--------  ----  ----------  ----------   ----------------
.text      0    80000000    000067a0     
                  80000000    00001660     am1808_rts.lib : _printfi.obj (.text)
                  80001660    00000cb0     am1808_bsl.lib : evmam1808.obj (.text)
                  80002310    00000638     am1808_rts.lib : memory.obj (.text)
                  80002948    000005c8                    : lowlev.obj (.text)
                  80002f10    00000530     am1808_bsl.lib : evmam1808_i2c_gpio.obj (.text)
                  80003440    000004f8     am1808_rts.lib : trgdrv.obj (.text)
                  80003938    00000498     test_pmic.obj (.text)
                  80003dd0    000003ac     am1808_bsl.lib : evmam1808_gpio.obj (.text)
                  8000417c    000003a8                    : evmam1808_i2c.obj (.text)
                  80004524    00000300     am1808_rts.lib : fopen.obj (.text)
                  80004824    000002b8                    : ull_div32.obj (.text)
                  80004adc    0000023c     am1808_bsl.lib : evmam1808_timer.obj (.text)
                  80004d18    00000214                    : evmam1808_pmic.obj (.text)
                  80004f2c    00000214     am1808_rts.lib : fd_add32.obj (.text)
                  80005140    00000190                    : fd_div32.obj (.text)
                  800052d0    00000190                    : fputs.obj (.text)
                  80005460    00000180                    : memcpy32.obj (.text)
                  800055e0    00000128                    : fd_mul32.obj (.text)
                  80005708    00000118                    : _io_perm.obj (.text)
                  80005820    00000118                    : i_div32.obj (.text)
                  80005938    00000114                    : setvbuf.obj (.text)
                  80005a4c    00000110                    : fflush.obj (.text)
                  80005b5c    000000f4                    : u_div32.obj (.text)
                  80005c50    000000e0     main_pmic.obj (.text)
                  80005d30    000000d4     am1808_rts.lib : auto_init.obj (.text)
                  80005e04    000000d4                    : fputc.obj (.text)
                  80005ed8    000000d0                    : fd_cmp32.obj (.text)
                  80005fa8    000000b0                    : memset32.obj (.text)
                  80006058    000000a8                    : trgmsg.obj (.text)
                  80006100    00000098                    : fclose.obj (.text)
                  80006198    00000088                    : cpy_tbl.obj (.text)
                  80006220    00000084                    : atoi.obj (.text)
                  800062a4    00000080                    : fseek.obj (.text)
                  80006324    00000080                    : ltoa.obj (.text)
                  800063a4    00000078                    : exit.obj (.text)
                  8000641c    00000070                    : printf.obj (.text)
                  8000648c    0000006c                    : copy_decompress_rle.obj (.text:decompress:rle)
                  800064f8    0000005c                    : fd_toi32.obj (.text)
                  80006554    00000048                    : strncpy.obj (.text)
                  8000659c    0000003c                    : i_tofd32.obj (.text)
                  800065d8    00000038                    : boot.obj (.text)
                  80006610    0000002c                    : args_main.obj (.text)
                  8000663c    0000002c                    : memchr.obj (.text)
                  80006668    0000002c                    : strcmp.obj (.text)
                  80006694    00000028                    : memccpy.obj (.text)
                  800066bc    00000028                    : strchr.obj (.text)
                  800066e4    00000024                    : _lock.obj (.text)
                  80006708    00000020                    : icall32.obj (.text)
                  80006728    0000001c                    : strcpy.obj (.text)
                  80006744    0000001c                    : strlen.obj (.text)
                  80006760    0000001c                    : copy_zero_init.obj (.text:decompress:ZI)
                  8000677c    0000001c                    : copy_decompress_none.obj (.text:decompress:none)
                  80006798    00000004                    : remove.obj (.text)
                  8000679c    00000004                    : tdeh_init.obj (.text)

.stack     0    800067a0    00000800     UNINITIALIZED
                  800067a0    00000800     --HOLE--

.sysmem    0    80006fa0    00000800     UNINITIALIZED
                  80006fa0    00000008     am1808_rts.lib : memory.obj (.sysmem)
                  80006fa8    000007f8     --HOLE--

.bss       0    800077a0    00000291     UNINITIALIZED
                  800077a0    00000120     am1808_rts.lib : trgmsg.obj (.bss:__CIOBUF_)
                  800078c0    000000c8                    : trgdrv.obj (.bss:result$1)
                  80007988    000000a0                    : defs.obj (.bss:_tmpnams)
                  80007a28    00000008                    : trgdrv.obj (.bss)
                  80007a30    00000001     am1808_bsl.lib : evmam1808_i2c.obj (.bss)

.data      0    80007a34    000001f0     
                  80007a34    000000f0     am1808_rts.lib : defs.obj (.data:_ftable)
                  80007b24    00000078                    : lowlev.obj (.data:_device)
                  80007b9c    00000050                    : lowlev.obj (.data:_stream)
                  80007bec    00000010                    : defs.obj (.data)
                  80007bfc    0000000c                    : memory.obj (.data)
                  80007c08    00000008                    : _lock.obj (.data)
                  80007c10    00000008                    : exit.obj (.data)
                  80007c18    00000004                    : fopen.obj (.data)
                  80007c1c    00000004                    : lowlev.obj (.data)
                  80007c20    00000004                    : stkdepth_vars.obj (.data)

.const     0    80007c24    00000184     
                  80007c24    00000101     am1808_rts.lib : ctype.obj (.const:_ctypes_)
                  80007d25    00000003     --HOLE-- [fill = 0]
                  80007d28    00000080     am1808_bsl.lib : evmam1808.obj (.const:bitval_u32)

.cinit     0    80007da8    000000a0     
                  80007da8    0000007c     (.cinit..data.load) [load image, compression = rle]
                  80007e24    0000000c     (__TI_handler_table)
                  80007e30    00000008     (.cinit..bss.load) [load image, compression = zero_init]
                  80007e38    00000010     (__TI_cinit_table)


LINKER GENERATED COPY TABLES

__TI_cinit_table @ 80007e38 records: 2, size/record: 8, table size: 16
	.data: load addr=80007da8, load size=0000007c bytes, run addr=80007a34, run size=000001f0 bytes, compression=rle
	.bss: load addr=80007e30, load size=00000008 bytes, run addr=800077a0, run size=00000291 bytes, compression=zero_init


LINKER GENERATED HANDLER TABLE

__TI_handler_table @ 80007e24 records: 3, size/record: 4, table size: 12
	index: 0, handler: __TI_zero_init
	index: 1, handler: __TI_decompress_rle
	index: 2, handler: __TI_decompress_none


GLOBAL SYMBOLS: SORTED ALPHABETICALLY BY Name 

address    name
--------   ----
800063a4   C$$EXIT
800060a0   C$$IO$$
80001660   EVMAM1808_init
800016a0   EVMAM1808_initRAM
800018ec   EVMAM1808_lpscTransition
8000186c   EVMAM1808_pinmuxConfig
80003e64   GPIO_getInput
80003dd0   GPIO_setDir
80003ef0   GPIO_setOutput
80003f84   GPIO_toggleLoop
800038c4   HOSTclock
80003858   HOSTclose
800037b4   HOSTlseek
80003724   HOSTopen
8000369c   HOSTread
800035fc   HOSTrename
80003598   HOSTtime
80003530   HOSTunlink
800034a8   HOSTwrite
80002ff4   I2CGPIO_getInput
8000312c   I2CGPIO_getInputAll
80002f10   I2CGPIO_init
80003274   I2CGPIO_setOutput
800033c4   I2CGPIO_setOutputAll
8000417c   I2C_init
8000427c   I2C_read
800043d0   I2C_write
80006708   IND_CALL
80004d18   PMIC_init
80004db8   PMIC_readPrintRegs
80004e30   PMIC_readRegister
80004ea0   PMIC_writeRegister
80004d54   PMIC_writeStartupRegs
80003938   TEST_pmic
80004be4   USTIMER_delay
80004ca0   USTIMER_get
80004adc   USTIMER_init
80004c70   USTIMER_reset
80004cb0   USTIMER_set
80002210   UTIL_isUIBoardAttached
800020c8   UTIL_printMem
800077a0   __CIOBUF_
80006fa0   __STACK_END
00000800   __STACK_SIZE
00000800   __SYSMEM_SIZE
80007e38   __TI_CINIT_Base
80007e48   __TI_CINIT_Limit
80007e24   __TI_Handler_Table_Base
80007e30   __TI_Handler_Table_Limit
00000001   __TI_args_main
80005d30   __TI_auto_init
8000677c   __TI_decompress_none
8000648c   __TI_decompress_rle
80007da8   __TI_static_base__
80006760   __TI_zero_init
80005ed8   __aeabi_cdcmpeq
80005ed8   __aeabi_cdcmple
800064f8   __aeabi_d2iz
80004f38   __aeabi_dadd
80005140   __aeabi_ddiv
800055e0   __aeabi_dmul
80004f2c   __aeabi_dsub
8000659c   __aeabi_i2d
80005820   __aeabi_idivmod
80005fa8   __aeabi_memclr
80005fa8   __aeabi_memclr4
80005fa8   __aeabi_memclr8
80005460   __aeabi_memcpy
80005460   __aeabi_memcpy4
80005460   __aeabi_memcpy8
80005fac   __aeabi_memset
80005fac   __aeabi_memset4
80005fac   __aeabi_memset8
80007bf8   __aeabi_stderr
80007bf0   __aeabi_stdin
80007bf4   __aeabi_stdout
80005b5c   __aeabi_uidivmod
80004824   __aeabi_uldivmod
ffffffff   __binit__
ffffffff   __c_args__
800067a0   __stack
8000679c   __tdeh_init
80006610   _args_main
800065d8   _c_int00
80004664   _cleanup
80007c10   _cleanup_ptr
80007c24   _ctypes_
80005a4c   _doflush
80007c14   _dtors_ptr
80007bec   _ft_end
80007a34   _ftable
80007c08   _lock
800066fc   _nop
800013d0   _printfi
800057a8   _rd_ok
800066f0   _register_lock
800066e4   _register_unlock
80006fa0   _sys_memory
80007988   _tmpnams
80007c0c   _unlock
80005708   _wrt_ok
800063ac   abort
80002e34   add_device
80006220   atoi
ffffffff   binit
80007d28   bitval_u32
800028f0   calloc
80002da4   close
80001c44   config_pll0
80001eb4   config_pll1
80006198   copy_in
800063b8   exit
80006100   fclose
80005ad0   fflush
80002da0   find_registered_device
800047b8   fopen
80005e04   fputc
800052d0   fputs
800024cc   free
800046c8   freopen
800062a4   fseek
80003440   getenv
80002d28   lseek
80006324   ltoa
80005c50   main
80007c20   main_func_sp
80002414   malloc
800027b4   memalign
80006694   memccpy
8000663c   memchr
80005460   memcpy
80005fb8   memset
80002310   minit
80002c58   open
8000641c   printf
80005e04   putc
80005ecc   putchar
8000542c   puts
80002b74   read
800060a8   readmsg
80002628   realloc
80006798   remove
80002b28   remove_device
80002abc   rename
80005938   setvbuf
800066bc   strchr
80006668   strcmp
80006728   strcpy
80006744   strlen
80006554   strncpy
80002a78   unlink
80002948   write
80006058   writemsg


GLOBAL SYMBOLS: SORTED BY Symbol Address 

address    name
--------   ----
00000001   __TI_args_main
00000800   __STACK_SIZE
00000800   __SYSMEM_SIZE
800013d0   _printfi
80001660   EVMAM1808_init
800016a0   EVMAM1808_initRAM
8000186c   EVMAM1808_pinmuxConfig
800018ec   EVMAM1808_lpscTransition
80001c44   config_pll0
80001eb4   config_pll1
800020c8   UTIL_printMem
80002210   UTIL_isUIBoardAttached
80002310   minit
80002414   malloc
800024cc   free
80002628   realloc
800027b4   memalign
800028f0   calloc
80002948   write
80002a78   unlink
80002abc   rename
80002b28   remove_device
80002b74   read
80002c58   open
80002d28   lseek
80002da0   find_registered_device
80002da4   close
80002e34   add_device
80002f10   I2CGPIO_init
80002ff4   I2CGPIO_getInput
8000312c   I2CGPIO_getInputAll
80003274   I2CGPIO_setOutput
800033c4   I2CGPIO_setOutputAll
80003440   getenv
800034a8   HOSTwrite
80003530   HOSTunlink
80003598   HOSTtime
800035fc   HOSTrename
8000369c   HOSTread
80003724   HOSTopen
800037b4   HOSTlseek
80003858   HOSTclose
800038c4   HOSTclock
80003938   TEST_pmic
80003dd0   GPIO_setDir
80003e64   GPIO_getInput
80003ef0   GPIO_setOutput
80003f84   GPIO_toggleLoop
8000417c   I2C_init
8000427c   I2C_read
800043d0   I2C_write
80004664   _cleanup
800046c8   freopen
800047b8   fopen
80004824   __aeabi_uldivmod
80004adc   USTIMER_init
80004be4   USTIMER_delay
80004c70   USTIMER_reset
80004ca0   USTIMER_get
80004cb0   USTIMER_set
80004d18   PMIC_init
80004d54   PMIC_writeStartupRegs
80004db8   PMIC_readPrintRegs
80004e30   PMIC_readRegister
80004ea0   PMIC_writeRegister
80004f2c   __aeabi_dsub
80004f38   __aeabi_dadd
80005140   __aeabi_ddiv
800052d0   fputs
8000542c   puts
80005460   __aeabi_memcpy
80005460   __aeabi_memcpy4
80005460   __aeabi_memcpy8
80005460   memcpy
800055e0   __aeabi_dmul
80005708   _wrt_ok
800057a8   _rd_ok
80005820   __aeabi_idivmod
80005938   setvbuf
80005a4c   _doflush
80005ad0   fflush
80005b5c   __aeabi_uidivmod
80005c50   main
80005d30   __TI_auto_init
80005e04   fputc
80005e04   putc
80005ecc   putchar
80005ed8   __aeabi_cdcmpeq
80005ed8   __aeabi_cdcmple
80005fa8   __aeabi_memclr
80005fa8   __aeabi_memclr4
80005fa8   __aeabi_memclr8
80005fac   __aeabi_memset
80005fac   __aeabi_memset4
80005fac   __aeabi_memset8
80005fb8   memset
80006058   writemsg
800060a0   C$$IO$$
800060a8   readmsg
80006100   fclose
80006198   copy_in
80006220   atoi
800062a4   fseek
80006324   ltoa
800063a4   C$$EXIT
800063ac   abort
800063b8   exit
8000641c   printf
8000648c   __TI_decompress_rle
800064f8   __aeabi_d2iz
80006554   strncpy
8000659c   __aeabi_i2d
800065d8   _c_int00
80006610   _args_main
8000663c   memchr
80006668   strcmp
80006694   memccpy
800066bc   strchr
800066e4   _register_unlock
800066f0   _register_lock
800066fc   _nop
80006708   IND_CALL
80006728   strcpy
80006744   strlen
80006760   __TI_zero_init
8000677c   __TI_decompress_none
80006798   remove
8000679c   __tdeh_init
800067a0   __stack
80006fa0   __STACK_END
80006fa0   _sys_memory
800077a0   __CIOBUF_
80007988   _tmpnams
80007a34   _ftable
80007bec   _ft_end
80007bf0   __aeabi_stdin
80007bf4   __aeabi_stdout
80007bf8   __aeabi_stderr
80007c08   _lock
80007c0c   _unlock
80007c10   _cleanup_ptr
80007c14   _dtors_ptr
80007c20   main_func_sp
80007c24   _ctypes_
80007d28   bitval_u32
80007da8   __TI_static_base__
80007e24   __TI_Handler_Table_Base
80007e30   __TI_Handler_Table_Limit
80007e38   __TI_CINIT_Base
80007e48   __TI_CINIT_Limit
ffffffff   __binit__
ffffffff   __c_args__
ffffffff   binit

[283 symbols]
