******************************************************************************
               TMS320C6x Linker PC v7.2.0                      
******************************************************************************
>> Linked Wed Jun 29 16:11:32 2011

OUTPUT FILE NAME:   <evmomapl138_test_led_pb.out>
ENTRY POINT SYMBOL: "_c_int00"  address: 800074e0


MEMORY CONFIGURATION

         name            origin    length      used     unused   attr    fill
----------------------  --------  ---------  --------  --------  ----  --------
  dsp_l2_ram            11800000   00040000  00000000  00040000  RWIX
  shared_ram            80000000   00020000  00009600  00016a00  RWIX
  external_ram          c0000000   08000000  00000000  08000000  RWIX
  arm_local_ram         ffff0000   00002000  00000000  00002000  RWIX


SECTION ALLOCATION MAP

 output                                  attributes/
section   page    origin      length       input sections
--------  ----  ----------  ----------   ----------------
.text      0    80000000    00007ac0     
                  80000000    00000c20     evmomapl138_bsl.lib : evmomapl138.obj (.text)
                  80000c20    00000680     rts6740.lib : divd.obj (.text:__divd)
                  800012a0    00000580                 : _printfi.obj (.text:__getarg_diouxp)
                  80001820    000004e0     evmomapl138_bsl.lib : evmomapl138_i2c_gpio.obj (.text)
                  80001d00    00000480     rts6740.lib : _printfi.obj (.text:__setfield)
                  80002180    00000440                 : _printfi.obj (.text:__printfi)
                  800025c0    00000380     evmomapl138_bsl.lib : evmomapl138_i2c.obj (.text)
                  80002940    00000320     test_led_pb.obj (.text)
                  80002c60    00000300     rts6740.lib : fputs.obj (.text:_fputs)
                  80002f60    000002e0                 : _printfi.obj (.text:__pproc_fwp)
                  80003240    000002c0                 : _printfi.obj (.text:__pproc_fge)
                  80003500    000002a0                 : _printfi.obj (.text:_ecvt)
                  800037a0    000002a0                 : _printfi.obj (.text:_fcvt)
                  80003a40    00000280                 : memory.obj (.text:_free)
                  80003cc0    00000280     evmomapl138_bsl.lib : evmomapl138_pb.obj (.text)
                  80003f40    00000260     rts6740.lib : imath64.obj (.text:__divull)
                  800041a0    00000260                 : _printfi.obj (.text:__pconv_e)
                  80004400    00000220                 : _printfi.obj (.text:__pproc_diouxp)
                  80004620    00000220                 : _printfi.obj (.text:__pproc_str)
                  80004840    00000200                 : _printfi.obj (.text:__pconv_g)
                  80004a40    000001e0     evmomapl138_bsl.lib : evmomapl138_led.obj (.text)
                  80004c20    000001e0                         : evmomapl138_timer.obj (.text)
                  80004e00    000001c0     rts6740.lib : _printfi.obj (.text:__mcpy)
                  80004fc0    000001a0                 : imath40.obj (.text:__divul)
                  80005160    000001a0                 : setvbuf.obj (.text:_setvbuf)
                  80005300    00000180                 : trgdrv.obj (.text:_HOSTrename)
                  80005480    00000180                 : frcmpyd_div.obj (.text:__frcmpyd_div)
                  80005600    00000180                 : memory.obj (.text:_malloc)
                  80005780    00000140                 : _printfi.obj (.text:__pproc_fflags)
                  800058c0    00000140                 : fputc.obj (.text:_fputc)
                  80005a00    00000140                 : lowlev.obj (.text:_getdevice)
                  80005b40    00000120                 : fclose.obj (.text:_fclose)
                  80005c60    00000100                 : trgdrv.obj (.text:_HOSTlseek)
                  80005d60    00000100                 : autoinit.obj (.text:__auto_init)
                  80005e60    00000100                 : _printfi.obj (.text:__ltostr)
                  80005f60    00000100                 : _io_perm.obj (.text:__wrt_ok)
                  80006060    000000e0                 : trgdrv.obj (.text:_HOSTopen)
                  80006140    000000e0                 : atoi.obj (.text:_atoi)
                  80006220    000000e0                 : lowlev.obj (.text:_close)
                  80006300    000000e0                 : exit.obj (.text:_exit)
                  800063e0    000000e0                 : memset.obj (.text:_memset)
                  800064c0    000000c0                 : trgdrv.obj (.text:_HOSTread)
                  80006580    000000c0                 : trgdrv.obj (.text:_HOSTunlink)
                  80006640    000000c0                 : trgdrv.obj (.text:_HOSTwrite)
                  80006700    000000c0                 : fopen.obj (.text:__cleanup)
                  800067c0    000000c0                 : _printfi.obj (.text:__div)
                  80006880    000000c0                 : divu.obj (.text:__divu)
                  80006940    000000c0                 : fflush.obj (.text:__doflush)
                  80006a00    000000c0                 : fseek.obj (.text:_fseek)
                  80006ac0    000000c0                 : lowlev.obj (.text:_lseek)
                  80006b80    000000c0                 : ltoa.obj (.text:_ltoa)
                  80006c40    000000c0                 : lowlev.obj (.text:_write)
                  80006d00    000000a0                 : trgdrv.obj (.text:_HOSTclose)
                  80006da0    000000a0                 : imath40.obj (.text:__divli)
                  80006e40    000000a0                 : _printfi.obj (.text:__ecpy)
                  80006ee0    000000a0                 : _printfi.obj (.text:__fcpy)
                  80006f80    000000a0                 : fixdli.obj (.text:__fixdli)
                  80007020    000000a0                 : _printfi.obj (.text:__pconv_f)
                  800070c0    000000a0                 : cpy_tbl.obj (.text:_copy_in)
                  80007160    000000a0                 : lowlev.obj (.text:_finddevice)
                  80007200    000000a0                 : memcpy64.obj (.text:_memcpy)
                  800072a0    000000a0                 : memory.obj (.text:_minsert)
                  80007340    000000a0                 : memory.obj (.text:_mremove)
                  800073e0    00000080                 : fltlid.obj (.text:__fltlid)
                  80007460    00000080                 : llshift.obj (.text:__llshl)
                  800074e0    00000080                 : boot.obj (.text:_c_int00)
                  80007560    00000080                 : printf.obj (.text:_printf)
                  800075e0    00000080                 : trgmsg.obj (.text:_readmsg)
                  80007660    00000080                 : lowlev.obj (.text:_unlink)
                  800076e0    00000080     main_led_pb.obj (.text)
                  80007760    00000060     rts6740.lib : imath64.obj (.text:__subcull)
                  800077c0    00000060                 : memccpy.obj (.text:_memccpy)
                  80007820    00000060                 : trgmsg.obj (.text:_writemsg)
                  80007880    00000040                 : isinf.obj (.text:___isinf)
                  800078c0    00000040                 : _printfi.obj (.text:___isnan)
                  80007900    00000040                 : divd.obj (.text:___isnan)
                  80007940    00000040                 : args_main.obj (.text:__args_main)
                  80007980    00000040                 : llshift.obj (.text:__llshru)
                  800079c0    00000040                 : imath40.obj (.text:__remli)
                  80007a00    00000020                 : negll.obj (.text:__negll)
                  80007a20    00000020                 : _lock.obj (.text:__nop)
                  80007a40    00000020                 : printf.obj (.text:__outc)
                  80007a60    00000020                 : printf.obj (.text:__outs)
                  80007a80    00000020                 : exit.obj (.text:_abort)
                  80007aa0    00000020                 : remove.obj (.text:_remove)

.data      0    80000000    00000000     UNINITIALIZED

.stack     0    80007ac0    00000800     UNINITIALIZED
                  80007ac0    00000008     rts6740.lib : boot.obj (.stack)
                  80007ac8    000007f8     --HOLE--

.sysmem    0    800082c0    00000800     UNINITIALIZED
                  800082c0    00000008     rts6740.lib : memory.obj (.sysmem)
                  800082c8    000007f8     --HOLE--

.const     0    80008ac0    00000558     
                  80008ac0    000002ec     test_led_pb.obj (.const:.string)
                  80008dac    00000002     rts6740.lib : fputs.obj (.const:.string)
                  80008dae    00000002     --HOLE-- [fill = 0]
                  80008db0    00000101                 : ctype.obj (.const:__ctypes_)
                  80008eb1    00000007     --HOLE-- [fill = 0]
                  80008eb8    00000080     evmomapl138_bsl.lib : evmomapl138.obj (.const:_bitval_u32)
                  80008f38    00000070     main_led_pb.obj (.const:.string)
                  80008fa8    00000040     evmomapl138_bsl.lib : evmomapl138.obj (.const:.string)
                  80008fe8    00000023     rts6740.lib : _printfi.obj (.const:.string)
                  8000900b    00000005     --HOLE-- [fill = 0]
                  80009010    00000008                 : divd.obj (.const:_initial_approx$1)

.far       0    80009018    00000350     UNINITIALIZED
                  80009018    00000194     rts6740.lib : defs.obj (.far)
                  800091ac    00000004                 : fopen.obj (.far)
                  800091b0    000000d0                 : trgdrv.obj (.far)
                  80009280    000000cc                 : lowlev.obj (.far)
                  8000934c    0000000c                 : exit.obj (.far)
                  80009358    00000008                 : _lock.obj (.far)
                  80009360    00000008                 : memory.obj (.far)

.cinit     0    80009368    00000154     
                  80009368    0000005c     rts6740.lib : defs.obj (.cinit)
                  800093c4    00000004     --HOLE-- [fill = 0]
                  800093c8    0000005c                 : lowlev.obj (.cinit)
                  80009424    00000004     --HOLE-- [fill = 0]
                  80009428    0000002c                 : exit.obj (.cinit)
                  80009454    00000004     --HOLE-- [fill = 0]
                  80009458    0000002c                 : memory.obj (.cinit)
                  80009484    00000004     --HOLE-- [fill = 0]
                  80009488    0000001c                 : _lock.obj (.cinit)
                  800094a4    00000004     --HOLE-- [fill = 0]
                  800094a8    0000000c                 : fopen.obj (.cinit)
                  800094b4    00000004     --HOLE-- [fill = 0]
                  800094b8    00000004     (.pad.cinit) [fill = 0]

.cio       0    800094bc    00000120     UNINITIALIZED
                  800094bc    00000120     rts6740.lib : trgmsg.obj (.cio)

.switch    0    800095dc    00000020     
                  800095dc    00000020     evmomapl138_bsl.lib : evmomapl138_pb.obj (.switch:_convertPBToI2CGpioUI)

.bss       0    800095fc    00000004     UNINITIALIZED
                  800095fc    00000004     evmomapl138_bsl.lib : evmomapl138_i2c.obj (.bss)


GLOBAL SYMBOLS: SORTED ALPHABETICALLY BY Name 

address    name
--------   ----
800095fc   $bss
800095fc   .bss
80000000   .data
80000000   .text
80007a80   C$$EXIT
80007878   C$$IO$$
800001e8   _EVMOMAPL138_enableDsp
80000000   _EVMOMAPL138_init
8000002c   _EVMOMAPL138_initRAM
800002b0   _EVMOMAPL138_lpscTransition
80000214   _EVMOMAPL138_pinmuxConfig
80006d00   _HOSTclose
80005c60   _HOSTlseek
80006060   _HOSTopen
800064c0   _HOSTread
80005300   _HOSTrename
80006580   _HOSTunlink
80006640   _HOSTwrite
800018f4   _I2CGPIO_getInput
80001a10   _I2CGPIO_getInputAll
80001820   _I2CGPIO_init
80001b20   _I2CGPIO_setOutput
80001c68   _I2CGPIO_setOutputAll
800025c0   _I2C_init
800026ac   _I2C_read
80002808   _I2C_write
80004a40   _LED_init
80004a8c   _LED_isOn
80004b8c   _LED_toggle
80004b44   _LED_turnOff
80004af4   _LED_turnOn
80003cf4   _PB_get
80003d84   _PB_getAll
80003cc0   _PB_init
80002940   _TEST_ledPB
80004d04   _USTIMER_delay
80004dc4   _USTIMER_get
80004c20   _USTIMER_init
80004d94   _USTIMER_reset
80004dd8   _USTIMER_set
80000c00   _UTIL_isUIBoardAttached
80000aa8   _UTIL_printMem
800094bc   __CIOBUF_
800082c0   __STACK_END
00000800   __STACK_SIZE
00000800   __SYSMEM_SIZE
00000001   __TI_args_main
80009354   ___TI_enable_exit_profile_output
ffffffff   ___TI_pprof_out_hndl
ffffffff   ___TI_prof_data_size
ffffffff   ___TI_prof_data_start
ffffffff   ___binit__
800095fc   ___bss__
ffffffff   ___c_args__
80009368   ___cinit__
80000000   ___data__
80000000   ___edata__
80009600   ___end__
80007ac0   ___etext__
80007880   ___isinf
ffffffff   ___pinit__
80000000   ___text__
80007940   __args_main
80005d60   __auto_init
80006880   __c6xabi_divu
80006700   __cleanup
8000934c   __cleanup_ptr
80008db0   __ctypes_
80000c20   __divd
80006da0   __divli
80006880   __divu
80004fc0   __divul
80003f40   __divull
80006940   __doflush
80009350   __dtors_ptr
80006f80   __fixdli
800073e0   __fltlid
80005480   __frcmpyd_div
800091a8   __ft_end
80009018   __ftable
80007460   __llshl
80007980   __llshru
80009358   __lock
80007a00   __negll
80007a20   __nop
80002180   __printfi
800079c0   __remli
80007ac0   __stack
80007760   __subcull
800082c0   __sys_memory
80009108   __tmpnams
8000935c   __unlock
80005f60   __wrt_ok
80007a80   _abort
80006140   _atoi
80008eb8   _bitval_u32
800074e0   _c_int00
80006220   _close
80000688   _config_pll0
800008c4   _config_pll1
800070c0   _copy_in
80006300   _exit
80005b40   _fclose
800058c0   _fputc
80002c60   _fputs
80003a40   _free
80006a00   _fseek
80006ac0   _lseek
80006b80   _ltoa
800076e0   _main
80005600   _malloc
800077c0   _memccpy
80007200   _memcpy
800063e0   _memset
80007560   _printf
800058c0   _putc
800075e0   _readmsg
80007aa0   _remove
80005160   _setvbuf
80007660   _unlink
80006c40   _write
80007820   _writemsg
ffffffff   binit
80009368   cinit
80000000   edata
80009600   end
80007ac0   etext
ffffffff   pinit


GLOBAL SYMBOLS: SORTED BY Symbol Address 

address    name
--------   ----
00000001   __TI_args_main
00000800   __STACK_SIZE
00000800   __SYSMEM_SIZE
80000000   .data
80000000   .text
80000000   _EVMOMAPL138_init
80000000   ___data__
80000000   ___edata__
80000000   ___text__
80000000   edata
8000002c   _EVMOMAPL138_initRAM
800001e8   _EVMOMAPL138_enableDsp
80000214   _EVMOMAPL138_pinmuxConfig
800002b0   _EVMOMAPL138_lpscTransition
80000688   _config_pll0
800008c4   _config_pll1
80000aa8   _UTIL_printMem
80000c00   _UTIL_isUIBoardAttached
80000c20   __divd
80001820   _I2CGPIO_init
800018f4   _I2CGPIO_getInput
80001a10   _I2CGPIO_getInputAll
80001b20   _I2CGPIO_setOutput
80001c68   _I2CGPIO_setOutputAll
80002180   __printfi
800025c0   _I2C_init
800026ac   _I2C_read
80002808   _I2C_write
80002940   _TEST_ledPB
80002c60   _fputs
80003a40   _free
80003cc0   _PB_init
80003cf4   _PB_get
80003d84   _PB_getAll
80003f40   __divull
80004a40   _LED_init
80004a8c   _LED_isOn
80004af4   _LED_turnOn
80004b44   _LED_turnOff
80004b8c   _LED_toggle
80004c20   _USTIMER_init
80004d04   _USTIMER_delay
80004d94   _USTIMER_reset
80004dc4   _USTIMER_get
80004dd8   _USTIMER_set
80004fc0   __divul
80005160   _setvbuf
80005300   _HOSTrename
80005480   __frcmpyd_div
80005600   _malloc
800058c0   _fputc
800058c0   _putc
80005b40   _fclose
80005c60   _HOSTlseek
80005d60   __auto_init
80005f60   __wrt_ok
80006060   _HOSTopen
80006140   _atoi
80006220   _close
80006300   _exit
800063e0   _memset
800064c0   _HOSTread
80006580   _HOSTunlink
80006640   _HOSTwrite
80006700   __cleanup
80006880   __c6xabi_divu
80006880   __divu
80006940   __doflush
80006a00   _fseek
80006ac0   _lseek
80006b80   _ltoa
80006c40   _write
80006d00   _HOSTclose
80006da0   __divli
80006f80   __fixdli
800070c0   _copy_in
80007200   _memcpy
800073e0   __fltlid
80007460   __llshl
800074e0   _c_int00
80007560   _printf
800075e0   _readmsg
80007660   _unlink
800076e0   _main
80007760   __subcull
800077c0   _memccpy
80007820   _writemsg
80007878   C$$IO$$
80007880   ___isinf
80007940   __args_main
80007980   __llshru
800079c0   __remli
80007a00   __negll
80007a20   __nop
80007a80   C$$EXIT
80007a80   _abort
80007aa0   _remove
80007ac0   ___etext__
80007ac0   __stack
80007ac0   etext
800082c0   __STACK_END
800082c0   __sys_memory
80008db0   __ctypes_
80008eb8   _bitval_u32
80009018   __ftable
80009108   __tmpnams
800091a8   __ft_end
8000934c   __cleanup_ptr
80009350   __dtors_ptr
80009354   ___TI_enable_exit_profile_output
80009358   __lock
8000935c   __unlock
80009368   ___cinit__
80009368   cinit
800094bc   __CIOBUF_
800095fc   $bss
800095fc   .bss
800095fc   ___bss__
80009600   ___end__
80009600   end
ffffffff   ___TI_pprof_out_hndl
ffffffff   ___TI_prof_data_size
ffffffff   ___TI_prof_data_start
ffffffff   ___binit__
ffffffff   ___c_args__
ffffffff   ___pinit__
ffffffff   binit
ffffffff   pinit

[128 symbols]
