******************************************************************************
               TMS320C6x Linker PC v7.2.0                      
******************************************************************************
>> Linked Wed Jun 29 16:17:01 2011

OUTPUT FILE NAME:   <evmomapl138_test_pmic.out>
ENTRY POINT SYMBOL: "_c_int00"  address: 800074a0


MEMORY CONFIGURATION

         name            origin    length      used     unused   attr    fill
----------------------  --------  ---------  --------  --------  ----  --------
  dsp_l2_ram            11800000   00040000  00000000  00040000  RWIX
  shared_ram            80000000   00020000  00009644  000169bc  RWIX
  external_ram          c0000000   08000000  00000000  08000000  RWIX
  arm_local_ram         ffff0000   00002000  00000000  00002000  RWIX


SECTION ALLOCATION MAP

 output                                  attributes/
section   page    origin      length       input sections
--------  ----  ----------  ----------   ----------------
.text      0    80000000    00007a80     
                  80000000    00000c20     evmomapl138_bsl.lib : evmomapl138.obj (.text)
                  80000c20    00000680     rts6740.lib : divd.obj (.text:__divd)
                  800012a0    00000580                 : _printfi.obj (.text:__getarg_diouxp)
                  80001820    000004e0     evmomapl138_bsl.lib : evmomapl138_i2c_gpio.obj (.text)
                  80001d00    00000480     rts6740.lib : _printfi.obj (.text:__setfield)
                  80002180    00000440                 : _printfi.obj (.text:__printfi)
                  800025c0    00000380     evmomapl138_bsl.lib : evmomapl138_gpio.obj (.text)
                  80002940    00000380                         : evmomapl138_i2c.obj (.text)
                  80002cc0    00000300     rts6740.lib : fputs.obj (.text:_fputs)
                  80002fc0    000002e0                 : _printfi.obj (.text:__pproc_fwp)
                  800032a0    000002c0                 : _printfi.obj (.text:__pproc_fge)
                  80003560    000002a0                 : _printfi.obj (.text:_ecvt)
                  80003800    000002a0                 : _printfi.obj (.text:_fcvt)
                  80003aa0    00000280                 : memory.obj (.text:_free)
                  80003d20    00000260                 : imath64.obj (.text:__divull)
                  80003f80    00000260                 : _printfi.obj (.text:__pconv_e)
                  800041e0    00000220                 : _printfi.obj (.text:__pproc_diouxp)
                  80004400    00000220                 : _printfi.obj (.text:__pproc_str)
                  80004620    00000200                 : _printfi.obj (.text:__pconv_g)
                  80004820    000001e0     evmomapl138_bsl.lib : evmomapl138_pmic.obj (.text)
                  80004a00    000001e0                         : evmomapl138_timer.obj (.text)
                  80004be0    000001e0     test_pmic.obj (.text)
                  80004dc0    000001c0     rts6740.lib : _printfi.obj (.text:__mcpy)
                  80004f80    000001a0                 : imath40.obj (.text:__divul)
                  80005120    000001a0                 : setvbuf.obj (.text:_setvbuf)
                  800052c0    00000180                 : trgdrv.obj (.text:_HOSTrename)
                  80005440    00000180                 : frcmpyd_div.obj (.text:__frcmpyd_div)
                  800055c0    00000180                 : memory.obj (.text:_malloc)
                  80005740    00000140                 : _printfi.obj (.text:__pproc_fflags)
                  80005880    00000140                 : fputc.obj (.text:_fputc)
                  800059c0    00000140                 : lowlev.obj (.text:_getdevice)
                  80005b00    00000120                 : fclose.obj (.text:_fclose)
                  80005c20    00000100                 : trgdrv.obj (.text:_HOSTlseek)
                  80005d20    00000100                 : autoinit.obj (.text:__auto_init)
                  80005e20    00000100                 : _printfi.obj (.text:__ltostr)
                  80005f20    00000100                 : _io_perm.obj (.text:__wrt_ok)
                  80006020    000000e0                 : trgdrv.obj (.text:_HOSTopen)
                  80006100    000000e0                 : atoi.obj (.text:_atoi)
                  800061e0    000000e0                 : lowlev.obj (.text:_close)
                  800062c0    000000e0                 : exit.obj (.text:_exit)
                  800063a0    000000e0                 : memset.obj (.text:_memset)
                  80006480    000000c0                 : trgdrv.obj (.text:_HOSTread)
                  80006540    000000c0                 : trgdrv.obj (.text:_HOSTunlink)
                  80006600    000000c0                 : trgdrv.obj (.text:_HOSTwrite)
                  800066c0    000000c0                 : fopen.obj (.text:__cleanup)
                  80006780    000000c0                 : _printfi.obj (.text:__div)
                  80006840    000000c0                 : divu.obj (.text:__divu)
                  80006900    000000c0                 : fflush.obj (.text:__doflush)
                  800069c0    000000c0                 : fseek.obj (.text:_fseek)
                  80006a80    000000c0                 : lowlev.obj (.text:_lseek)
                  80006b40    000000c0                 : ltoa.obj (.text:_ltoa)
                  80006c00    000000c0                 : lowlev.obj (.text:_write)
                  80006cc0    000000a0                 : trgdrv.obj (.text:_HOSTclose)
                  80006d60    000000a0                 : imath40.obj (.text:__divli)
                  80006e00    000000a0                 : _printfi.obj (.text:__ecpy)
                  80006ea0    000000a0                 : _printfi.obj (.text:__fcpy)
                  80006f40    000000a0                 : fixdli.obj (.text:__fixdli)
                  80006fe0    000000a0                 : _printfi.obj (.text:__pconv_f)
                  80007080    000000a0                 : cpy_tbl.obj (.text:_copy_in)
                  80007120    000000a0                 : lowlev.obj (.text:_finddevice)
                  800071c0    000000a0                 : memcpy64.obj (.text:_memcpy)
                  80007260    000000a0                 : memory.obj (.text:_minsert)
                  80007300    000000a0                 : memory.obj (.text:_mremove)
                  800073a0    00000080                 : fltlid.obj (.text:__fltlid)
                  80007420    00000080                 : llshift.obj (.text:__llshl)
                  800074a0    00000080                 : boot.obj (.text:_c_int00)
                  80007520    00000080                 : printf.obj (.text:_printf)
                  800075a0    00000080                 : trgmsg.obj (.text:_readmsg)
                  80007620    00000080                 : lowlev.obj (.text:_unlink)
                  800076a0    00000080     main_pmic.obj (.text)
                  80007720    00000060     rts6740.lib : imath64.obj (.text:__subcull)
                  80007780    00000060                 : memccpy.obj (.text:_memccpy)
                  800077e0    00000060                 : trgmsg.obj (.text:_writemsg)
                  80007840    00000040                 : isinf.obj (.text:___isinf)
                  80007880    00000040                 : _printfi.obj (.text:___isnan)
                  800078c0    00000040                 : divd.obj (.text:___isnan)
                  80007900    00000040                 : args_main.obj (.text:__args_main)
                  80007940    00000040                 : llshift.obj (.text:__llshru)
                  80007980    00000040                 : imath40.obj (.text:__remli)
                  800079c0    00000020                 : negll.obj (.text:__negll)
                  800079e0    00000020                 : _lock.obj (.text:__nop)
                  80007a00    00000020                 : printf.obj (.text:__outc)
                  80007a20    00000020                 : printf.obj (.text:__outs)
                  80007a40    00000020                 : exit.obj (.text:_abort)
                  80007a60    00000020                 : remove.obj (.text:_remove)

.data      0    80000000    00000000     UNINITIALIZED

.stack     0    80007a80    00000800     UNINITIALIZED
                  80007a80    00000008     rts6740.lib : boot.obj (.stack)
                  80007a88    000007f8     --HOLE--

.sysmem    0    80008280    00000800     UNINITIALIZED
                  80008280    00000008     rts6740.lib : memory.obj (.sysmem)
                  80008288    000007f8     --HOLE--

.const     0    80008a80    000005d8     
                  80008a80    00000338     test_pmic.obj (.const:.string)
                  80008db8    00000101     rts6740.lib : ctype.obj (.const:__ctypes_)
                  80008eb9    00000002                 : fputs.obj (.const:.string)
                  80008ebb    00000005     --HOLE-- [fill = 0]
                  80008ec0    00000080     evmomapl138_bsl.lib : evmomapl138.obj (.const:_bitval_u32)
                  80008f40    00000070     main_pmic.obj (.const:.string)
                  80008fb0    00000040     evmomapl138_bsl.lib : evmomapl138.obj (.const:.string)
                  80008ff0    00000038                         : evmomapl138_pmic.obj (.const:.string)
                  80009028    00000023     rts6740.lib : _printfi.obj (.const:.string)
                  8000904b    00000005     --HOLE-- [fill = 0]
                  80009050    00000008                 : divd.obj (.const:_initial_approx$1)

.far       0    80009058    00000350     UNINITIALIZED
                  80009058    00000194     rts6740.lib : defs.obj (.far)
                  800091ec    00000004                 : fopen.obj (.far)
                  800091f0    000000d0                 : trgdrv.obj (.far)
                  800092c0    000000cc                 : lowlev.obj (.far)
                  8000938c    0000000c                 : exit.obj (.far)
                  80009398    00000008                 : _lock.obj (.far)
                  800093a0    00000008                 : memory.obj (.far)

.cinit     0    800093a8    00000154     
                  800093a8    0000005c     rts6740.lib : defs.obj (.cinit)
                  80009404    00000004     --HOLE-- [fill = 0]
                  80009408    0000005c                 : lowlev.obj (.cinit)
                  80009464    00000004     --HOLE-- [fill = 0]
                  80009468    0000002c                 : exit.obj (.cinit)
                  80009494    00000004     --HOLE-- [fill = 0]
                  80009498    0000002c                 : memory.obj (.cinit)
                  800094c4    00000004     --HOLE-- [fill = 0]
                  800094c8    0000001c                 : _lock.obj (.cinit)
                  800094e4    00000004     --HOLE-- [fill = 0]
                  800094e8    0000000c                 : fopen.obj (.cinit)
                  800094f4    00000004     --HOLE-- [fill = 0]
                  800094f8    00000004     (.pad.cinit) [fill = 0]

.cio       0    800094fc    00000120     UNINITIALIZED
                  800094fc    00000120     rts6740.lib : trgmsg.obj (.cio)

.switch    0    8000961c    00000024     
                  8000961c    00000024     evmomapl138_bsl.lib : evmomapl138_gpio.obj (.switch:_getRegisterBankAndBit)

.bss       0    80009640    00000004     UNINITIALIZED
                  80009640    00000004     evmomapl138_bsl.lib : evmomapl138_i2c.obj (.bss)


GLOBAL SYMBOLS: SORTED ALPHABETICALLY BY Name 

address    name
--------   ----
80009640   $bss
80009640   .bss
80000000   .data
80000000   .text
80007a40   C$$EXIT
80007838   C$$IO$$
800001e8   _EVMOMAPL138_enableDsp
80000000   _EVMOMAPL138_init
8000002c   _EVMOMAPL138_initRAM
800002b0   _EVMOMAPL138_lpscTransition
80000214   _EVMOMAPL138_pinmuxConfig
80002638   _GPIO_getInput
800025c0   _GPIO_setDir
800026ac   _GPIO_setOutput
8000272c   _GPIO_toggleLoop
80006cc0   _HOSTclose
80005c20   _HOSTlseek
80006020   _HOSTopen
80006480   _HOSTread
800052c0   _HOSTrename
80006540   _HOSTunlink
80006600   _HOSTwrite
800018f4   _I2CGPIO_getInput
80001a10   _I2CGPIO_getInputAll
80001820   _I2CGPIO_init
80001b20   _I2CGPIO_setOutput
80001c68   _I2CGPIO_setOutputAll
80002940   _I2C_init
80002a2c   _I2C_read
80002b88   _I2C_write
80004820   _PMIC_init
800048ac   _PMIC_readPrintRegs
8000494c   _PMIC_readRegister
800049a4   _PMIC_writeRegister
80004860   _PMIC_writeStartupRegs
80004be0   _TEST_pmic
80004ae4   _USTIMER_delay
80004ba4   _USTIMER_get
80004a00   _USTIMER_init
80004b74   _USTIMER_reset
80004bb8   _USTIMER_set
80000c00   _UTIL_isUIBoardAttached
80000aa8   _UTIL_printMem
800094fc   __CIOBUF_
80008280   __STACK_END
00000800   __STACK_SIZE
00000800   __SYSMEM_SIZE
00000001   __TI_args_main
80009394   ___TI_enable_exit_profile_output
ffffffff   ___TI_pprof_out_hndl
ffffffff   ___TI_prof_data_size
ffffffff   ___TI_prof_data_start
ffffffff   ___binit__
80009640   ___bss__
ffffffff   ___c_args__
800093a8   ___cinit__
80000000   ___data__
80000000   ___edata__
80009644   ___end__
80007a80   ___etext__
80007840   ___isinf
ffffffff   ___pinit__
80000000   ___text__
80007900   __args_main
80005d20   __auto_init
80006840   __c6xabi_divu
800066c0   __cleanup
8000938c   __cleanup_ptr
80008db8   __ctypes_
80000c20   __divd
80006d60   __divli
80006840   __divu
80004f80   __divul
80003d20   __divull
80006900   __doflush
80009390   __dtors_ptr
80006f40   __fixdli
800073a0   __fltlid
80005440   __frcmpyd_div
800091e8   __ft_end
80009058   __ftable
80007420   __llshl
80007940   __llshru
80009398   __lock
800079c0   __negll
800079e0   __nop
80002180   __printfi
80007980   __remli
80007a80   __stack
80007720   __subcull
80008280   __sys_memory
80009148   __tmpnams
8000939c   __unlock
80005f20   __wrt_ok
80007a40   _abort
80006100   _atoi
80008ec0   _bitval_u32
800074a0   _c_int00
800061e0   _close
80000688   _config_pll0
800008c4   _config_pll1
80007080   _copy_in
800062c0   _exit
80005b00   _fclose
80005880   _fputc
80002cc0   _fputs
80003aa0   _free
800069c0   _fseek
80006a80   _lseek
80006b40   _ltoa
800076a0   _main
800055c0   _malloc
80007780   _memccpy
800071c0   _memcpy
800063a0   _memset
80007520   _printf
80005880   _putc
800075a0   _readmsg
80007a60   _remove
80005120   _setvbuf
80007620   _unlink
80006c00   _write
800077e0   _writemsg
ffffffff   binit
800093a8   cinit
80000000   edata
80009644   end
80007a80   etext
ffffffff   pinit


GLOBAL SYMBOLS: SORTED BY Symbol Address 

address    name
--------   ----
00000001   __TI_args_main
00000800   __STACK_SIZE
00000800   __SYSMEM_SIZE
80000000   .data
80000000   .text
80000000   _EVMOMAPL138_init
80000000   ___data__
80000000   ___edata__
80000000   ___text__
80000000   edata
8000002c   _EVMOMAPL138_initRAM
800001e8   _EVMOMAPL138_enableDsp
80000214   _EVMOMAPL138_pinmuxConfig
800002b0   _EVMOMAPL138_lpscTransition
80000688   _config_pll0
800008c4   _config_pll1
80000aa8   _UTIL_printMem
80000c00   _UTIL_isUIBoardAttached
80000c20   __divd
80001820   _I2CGPIO_init
800018f4   _I2CGPIO_getInput
80001a10   _I2CGPIO_getInputAll
80001b20   _I2CGPIO_setOutput
80001c68   _I2CGPIO_setOutputAll
80002180   __printfi
800025c0   _GPIO_setDir
80002638   _GPIO_getInput
800026ac   _GPIO_setOutput
8000272c   _GPIO_toggleLoop
80002940   _I2C_init
80002a2c   _I2C_read
80002b88   _I2C_write
80002cc0   _fputs
80003aa0   _free
80003d20   __divull
80004820   _PMIC_init
80004860   _PMIC_writeStartupRegs
800048ac   _PMIC_readPrintRegs
8000494c   _PMIC_readRegister
800049a4   _PMIC_writeRegister
80004a00   _USTIMER_init
80004ae4   _USTIMER_delay
80004b74   _USTIMER_reset
80004ba4   _USTIMER_get
80004bb8   _USTIMER_set
80004be0   _TEST_pmic
80004f80   __divul
80005120   _setvbuf
800052c0   _HOSTrename
80005440   __frcmpyd_div
800055c0   _malloc
80005880   _fputc
80005880   _putc
80005b00   _fclose
80005c20   _HOSTlseek
80005d20   __auto_init
80005f20   __wrt_ok
80006020   _HOSTopen
80006100   _atoi
800061e0   _close
800062c0   _exit
800063a0   _memset
80006480   _HOSTread
80006540   _HOSTunlink
80006600   _HOSTwrite
800066c0   __cleanup
80006840   __c6xabi_divu
80006840   __divu
80006900   __doflush
800069c0   _fseek
80006a80   _lseek
80006b40   _ltoa
80006c00   _write
80006cc0   _HOSTclose
80006d60   __divli
80006f40   __fixdli
80007080   _copy_in
800071c0   _memcpy
800073a0   __fltlid
80007420   __llshl
800074a0   _c_int00
80007520   _printf
800075a0   _readmsg
80007620   _unlink
800076a0   _main
80007720   __subcull
80007780   _memccpy
800077e0   _writemsg
80007838   C$$IO$$
80007840   ___isinf
80007900   __args_main
80007940   __llshru
80007980   __remli
800079c0   __negll
800079e0   __nop
80007a40   C$$EXIT
80007a40   _abort
80007a60   _remove
80007a80   ___etext__
80007a80   __stack
80007a80   etext
80008280   __STACK_END
80008280   __sys_memory
80008db8   __ctypes_
80008ec0   _bitval_u32
80009058   __ftable
80009148   __tmpnams
800091e8   __ft_end
8000938c   __cleanup_ptr
80009390   __dtors_ptr
80009394   ___TI_enable_exit_profile_output
80009398   __lock
8000939c   __unlock
800093a8   ___cinit__
800093a8   cinit
800094fc   __CIOBUF_
80009640   $bss
80009640   .bss
80009640   ___bss__
80009644   ___end__
80009644   end
ffffffff   ___TI_pprof_out_hndl
ffffffff   ___TI_prof_data_size
ffffffff   ___TI_prof_data_start
ffffffff   ___binit__
ffffffff   ___c_args__
ffffffff   ___pinit__
ffffffff   binit
ffffffff   pinit

[129 symbols]
