******************************************************************************
               TMS320C6x Linker PC v7.2.0                      
******************************************************************************
>> Linked Wed Jun 29 16:17:36 2011

OUTPUT FILE NAME:   <evmomapl138_test_ram.out>
ENTRY POINT SYMBOL: "_c_int00"  address: 800070e0


MEMORY CONFIGURATION

         name            origin    length      used     unused   attr    fill
----------------------  --------  ---------  --------  --------  ----  --------
  dsp_l2_ram            11800000   00040000  00000000  00040000  RWIX
  shared_ram            80000000   00020000  000090f0  00016f10  RWIX
  external_ram          c0000000   08000000  00000000  08000000  RWIX
  arm_local_ram         ffff0000   00002000  00000000  00002000  RWIX


SECTION ALLOCATION MAP

 output                                  attributes/
section   page    origin      length       input sections
--------  ----  ----------  ----------   ----------------
.text      0    80000000    000076c0     
                  80000000    00000c20     evmomapl138_bsl.lib : evmomapl138.obj (.text)
                  80000c20    00000680     rts6740.lib : divd.obj (.text:__divd)
                  800012a0    00000580                 : _printfi.obj (.text:__getarg_diouxp)
                  80001820    000004e0     evmomapl138_bsl.lib : evmomapl138_i2c_gpio.obj (.text)
                  80001d00    00000480     rts6740.lib : _printfi.obj (.text:__setfield)
                  80002180    00000440                 : _printfi.obj (.text:__printfi)
                  800025c0    00000380     evmomapl138_bsl.lib : evmomapl138_i2c.obj (.text)
                  80002940    00000380     test_ram.obj (.text)
                  80002cc0    00000300     rts6740.lib : fputs.obj (.text:_fputs)
                  80002fc0    000002e0                 : _printfi.obj (.text:__pproc_fwp)
                  800032a0    000002c0                 : _printfi.obj (.text:__pproc_fge)
                  80003560    000002a0                 : _printfi.obj (.text:_ecvt)
                  80003800    000002a0                 : _printfi.obj (.text:_fcvt)
                  80003aa0    00000280                 : memory.obj (.text:_free)
                  80003d20    00000260                 : imath64.obj (.text:__divull)
                  80003f80    00000260                 : _printfi.obj (.text:__pconv_e)
                  800041e0    00000220                 : _printfi.obj (.text:__pproc_diouxp)
                  80004400    00000220                 : _printfi.obj (.text:__pproc_str)
                  80004620    00000200                 : _printfi.obj (.text:__pconv_g)
                  80004820    000001e0     evmomapl138_bsl.lib : evmomapl138_timer.obj (.text)
                  80004a00    000001c0     rts6740.lib : _printfi.obj (.text:__mcpy)
                  80004bc0    000001a0                 : imath40.obj (.text:__divul)
                  80004d60    000001a0                 : setvbuf.obj (.text:_setvbuf)
                  80004f00    00000180                 : trgdrv.obj (.text:_HOSTrename)
                  80005080    00000180                 : frcmpyd_div.obj (.text:__frcmpyd_div)
                  80005200    00000180                 : memory.obj (.text:_malloc)
                  80005380    00000140                 : _printfi.obj (.text:__pproc_fflags)
                  800054c0    00000140                 : fputc.obj (.text:_fputc)
                  80005600    00000140                 : lowlev.obj (.text:_getdevice)
                  80005740    00000120                 : fclose.obj (.text:_fclose)
                  80005860    00000100                 : trgdrv.obj (.text:_HOSTlseek)
                  80005960    00000100                 : autoinit.obj (.text:__auto_init)
                  80005a60    00000100                 : _printfi.obj (.text:__ltostr)
                  80005b60    00000100                 : _io_perm.obj (.text:__wrt_ok)
                  80005c60    000000e0                 : trgdrv.obj (.text:_HOSTopen)
                  80005d40    000000e0                 : atoi.obj (.text:_atoi)
                  80005e20    000000e0                 : lowlev.obj (.text:_close)
                  80005f00    000000e0                 : exit.obj (.text:_exit)
                  80005fe0    000000e0                 : memset.obj (.text:_memset)
                  800060c0    000000c0                 : trgdrv.obj (.text:_HOSTread)
                  80006180    000000c0                 : trgdrv.obj (.text:_HOSTunlink)
                  80006240    000000c0                 : trgdrv.obj (.text:_HOSTwrite)
                  80006300    000000c0                 : fopen.obj (.text:__cleanup)
                  800063c0    000000c0                 : _printfi.obj (.text:__div)
                  80006480    000000c0                 : divu.obj (.text:__divu)
                  80006540    000000c0                 : fflush.obj (.text:__doflush)
                  80006600    000000c0                 : fseek.obj (.text:_fseek)
                  800066c0    000000c0                 : lowlev.obj (.text:_lseek)
                  80006780    000000c0                 : ltoa.obj (.text:_ltoa)
                  80006840    000000c0                 : lowlev.obj (.text:_write)
                  80006900    000000a0                 : trgdrv.obj (.text:_HOSTclose)
                  800069a0    000000a0                 : imath40.obj (.text:__divli)
                  80006a40    000000a0                 : _printfi.obj (.text:__ecpy)
                  80006ae0    000000a0                 : _printfi.obj (.text:__fcpy)
                  80006b80    000000a0                 : fixdli.obj (.text:__fixdli)
                  80006c20    000000a0                 : _printfi.obj (.text:__pconv_f)
                  80006cc0    000000a0                 : cpy_tbl.obj (.text:_copy_in)
                  80006d60    000000a0                 : lowlev.obj (.text:_finddevice)
                  80006e00    000000a0                 : memcpy64.obj (.text:_memcpy)
                  80006ea0    000000a0                 : memory.obj (.text:_minsert)
                  80006f40    000000a0                 : memory.obj (.text:_mremove)
                  80006fe0    00000080                 : fltlid.obj (.text:__fltlid)
                  80007060    00000080                 : llshift.obj (.text:__llshl)
                  800070e0    00000080                 : boot.obj (.text:_c_int00)
                  80007160    00000080                 : printf.obj (.text:_printf)
                  800071e0    00000080                 : trgmsg.obj (.text:_readmsg)
                  80007260    00000080                 : lowlev.obj (.text:_unlink)
                  800072e0    00000080     main_ram.obj (.text)
                  80007360    00000060     rts6740.lib : imath64.obj (.text:__subcull)
                  800073c0    00000060                 : memccpy.obj (.text:_memccpy)
                  80007420    00000060                 : trgmsg.obj (.text:_writemsg)
                  80007480    00000040                 : isinf.obj (.text:___isinf)
                  800074c0    00000040                 : _printfi.obj (.text:___isnan)
                  80007500    00000040                 : divd.obj (.text:___isnan)
                  80007540    00000040                 : args_main.obj (.text:__args_main)
                  80007580    00000040                 : llshift.obj (.text:__llshru)
                  800075c0    00000040                 : imath40.obj (.text:__remli)
                  80007600    00000020                 : negll.obj (.text:__negll)
                  80007620    00000020                 : _lock.obj (.text:__nop)
                  80007640    00000020                 : printf.obj (.text:__outc)
                  80007660    00000020                 : printf.obj (.text:__outs)
                  80007680    00000020                 : exit.obj (.text:_abort)
                  800076a0    00000020                 : remove.obj (.text:_remove)

.data      0    80000000    00000000     UNINITIALIZED

.stack     0    800076c0    00000800     UNINITIALIZED
                  800076c0    00000008     rts6740.lib : boot.obj (.stack)
                  800076c8    000007f8     --HOLE--

.sysmem    0    80007ec0    00000800     UNINITIALIZED
                  80007ec0    00000008     rts6740.lib : memory.obj (.sysmem)
                  80007ec8    000007f8     --HOLE--

.const     0    800086c0    00000468     
                  800086c0    00000284     test_ram.obj (.const:.string)
                  80008944    00000002     rts6740.lib : fputs.obj (.const:.string)
                  80008946    00000002     --HOLE-- [fill = 0]
                  80008948    00000101                 : ctype.obj (.const:__ctypes_)
                  80008a49    00000003     --HOLE-- [fill = 0]
                  80008a4c    00000070     main_ram.obj (.const:.string)
                  80008abc    00000040     evmomapl138_bsl.lib : evmomapl138.obj (.const:.string)
                  80008afc    00000023     rts6740.lib : _printfi.obj (.const:.string)
                  80008b1f    00000001     --HOLE-- [fill = 0]
                  80008b20    00000008                 : divd.obj (.const:_initial_approx$1)

.far       0    80008b28    00000350     UNINITIALIZED
                  80008b28    00000194     rts6740.lib : defs.obj (.far)
                  80008cbc    00000004                 : fopen.obj (.far)
                  80008cc0    000000d0                 : trgdrv.obj (.far)
                  80008d90    000000cc                 : lowlev.obj (.far)
                  80008e5c    0000000c                 : exit.obj (.far)
                  80008e68    00000008                 : _lock.obj (.far)
                  80008e70    00000008                 : memory.obj (.far)

.cinit     0    80008e78    00000154     
                  80008e78    0000005c     rts6740.lib : defs.obj (.cinit)
                  80008ed4    00000004     --HOLE-- [fill = 0]
                  80008ed8    0000005c                 : lowlev.obj (.cinit)
                  80008f34    00000004     --HOLE-- [fill = 0]
                  80008f38    0000002c                 : exit.obj (.cinit)
                  80008f64    00000004     --HOLE-- [fill = 0]
                  80008f68    0000002c                 : memory.obj (.cinit)
                  80008f94    00000004     --HOLE-- [fill = 0]
                  80008f98    0000001c                 : _lock.obj (.cinit)
                  80008fb4    00000004     --HOLE-- [fill = 0]
                  80008fb8    0000000c                 : fopen.obj (.cinit)
                  80008fc4    00000004     --HOLE-- [fill = 0]
                  80008fc8    00000004     (.pad.cinit) [fill = 0]

.cio       0    80008fcc    00000120     UNINITIALIZED
                  80008fcc    00000120     rts6740.lib : trgmsg.obj (.cio)

.bss       0    800090ec    00000004     UNINITIALIZED
                  800090ec    00000004     evmomapl138_bsl.lib : evmomapl138_i2c.obj (.bss)


GLOBAL SYMBOLS: SORTED ALPHABETICALLY BY Name 

address    name
--------   ----
800090ec   $bss
800090ec   .bss
80000000   .data
80000000   .text
80007680   C$$EXIT
80007478   C$$IO$$
800001e8   _EVMOMAPL138_enableDsp
80000000   _EVMOMAPL138_init
8000002c   _EVMOMAPL138_initRAM
800002b0   _EVMOMAPL138_lpscTransition
80000214   _EVMOMAPL138_pinmuxConfig
80006900   _HOSTclose
80005860   _HOSTlseek
80005c60   _HOSTopen
800060c0   _HOSTread
80004f00   _HOSTrename
80006180   _HOSTunlink
80006240   _HOSTwrite
800018f4   _I2CGPIO_getInput
80001a10   _I2CGPIO_getInputAll
80001820   _I2CGPIO_init
80001b20   _I2CGPIO_setOutput
80001c68   _I2CGPIO_setOutputAll
800025c0   _I2C_init
800026ac   _I2C_read
80002808   _I2C_write
80002940   _TEST_ram
80004904   _USTIMER_delay
800049c4   _USTIMER_get
80004820   _USTIMER_init
80004994   _USTIMER_reset
800049d8   _USTIMER_set
80000c00   _UTIL_isUIBoardAttached
80000aa8   _UTIL_printMem
80008fcc   __CIOBUF_
80007ec0   __STACK_END
00000800   __STACK_SIZE
00000800   __SYSMEM_SIZE
00000001   __TI_args_main
80008e64   ___TI_enable_exit_profile_output
ffffffff   ___TI_pprof_out_hndl
ffffffff   ___TI_prof_data_size
ffffffff   ___TI_prof_data_start
ffffffff   ___binit__
800090ec   ___bss__
ffffffff   ___c_args__
80008e78   ___cinit__
80000000   ___data__
80000000   ___edata__
800090f0   ___end__
800076c0   ___etext__
80007480   ___isinf
ffffffff   ___pinit__
80000000   ___text__
80007540   __args_main
80005960   __auto_init
80006480   __c6xabi_divu
80006300   __cleanup
80008e5c   __cleanup_ptr
80008948   __ctypes_
80000c20   __divd
800069a0   __divli
80006480   __divu
80004bc0   __divul
80003d20   __divull
80006540   __doflush
80008e60   __dtors_ptr
80006b80   __fixdli
80006fe0   __fltlid
80005080   __frcmpyd_div
80008cb8   __ft_end
80008b28   __ftable
80007060   __llshl
80007580   __llshru
80008e68   __lock
80007600   __negll
80007620   __nop
80002180   __printfi
800075c0   __remli
800076c0   __stack
80007360   __subcull
80007ec0   __sys_memory
80008c18   __tmpnams
80008e6c   __unlock
80005b60   __wrt_ok
80007680   _abort
80005d40   _atoi
800070e0   _c_int00
80005e20   _close
80000688   _config_pll0
800008c4   _config_pll1
80006cc0   _copy_in
80005f00   _exit
80005740   _fclose
800054c0   _fputc
80002cc0   _fputs
80003aa0   _free
80006600   _fseek
800066c0   _lseek
80006780   _ltoa
800072e0   _main
80005200   _malloc
800073c0   _memccpy
80006e00   _memcpy
80005fe0   _memset
80007160   _printf
800054c0   _putc
800071e0   _readmsg
800076a0   _remove
80004d60   _setvbuf
80007260   _unlink
80002a58   _verifyAddrDataBus
80002b40   _verifyPattern
80006840   _write
80007420   _writemsg
ffffffff   binit
80008e78   cinit
80000000   edata
800090f0   end
800076c0   etext
ffffffff   pinit


GLOBAL SYMBOLS: SORTED BY Symbol Address 

address    name
--------   ----
00000001   __TI_args_main
00000800   __STACK_SIZE
00000800   __SYSMEM_SIZE
80000000   .data
80000000   .text
80000000   _EVMOMAPL138_init
80000000   ___data__
80000000   ___edata__
80000000   ___text__
80000000   edata
8000002c   _EVMOMAPL138_initRAM
800001e8   _EVMOMAPL138_enableDsp
80000214   _EVMOMAPL138_pinmuxConfig
800002b0   _EVMOMAPL138_lpscTransition
80000688   _config_pll0
800008c4   _config_pll1
80000aa8   _UTIL_printMem
80000c00   _UTIL_isUIBoardAttached
80000c20   __divd
80001820   _I2CGPIO_init
800018f4   _I2CGPIO_getInput
80001a10   _I2CGPIO_getInputAll
80001b20   _I2CGPIO_setOutput
80001c68   _I2CGPIO_setOutputAll
80002180   __printfi
800025c0   _I2C_init
800026ac   _I2C_read
80002808   _I2C_write
80002940   _TEST_ram
80002a58   _verifyAddrDataBus
80002b40   _verifyPattern
80002cc0   _fputs
80003aa0   _free
80003d20   __divull
80004820   _USTIMER_init
80004904   _USTIMER_delay
80004994   _USTIMER_reset
800049c4   _USTIMER_get
800049d8   _USTIMER_set
80004bc0   __divul
80004d60   _setvbuf
80004f00   _HOSTrename
80005080   __frcmpyd_div
80005200   _malloc
800054c0   _fputc
800054c0   _putc
80005740   _fclose
80005860   _HOSTlseek
80005960   __auto_init
80005b60   __wrt_ok
80005c60   _HOSTopen
80005d40   _atoi
80005e20   _close
80005f00   _exit
80005fe0   _memset
800060c0   _HOSTread
80006180   _HOSTunlink
80006240   _HOSTwrite
80006300   __cleanup
80006480   __c6xabi_divu
80006480   __divu
80006540   __doflush
80006600   _fseek
800066c0   _lseek
80006780   _ltoa
80006840   _write
80006900   _HOSTclose
800069a0   __divli
80006b80   __fixdli
80006cc0   _copy_in
80006e00   _memcpy
80006fe0   __fltlid
80007060   __llshl
800070e0   _c_int00
80007160   _printf
800071e0   _readmsg
80007260   _unlink
800072e0   _main
80007360   __subcull
800073c0   _memccpy
80007420   _writemsg
80007478   C$$IO$$
80007480   ___isinf
80007540   __args_main
80007580   __llshru
800075c0   __remli
80007600   __negll
80007620   __nop
80007680   C$$EXIT
80007680   _abort
800076a0   _remove
800076c0   ___etext__
800076c0   __stack
800076c0   etext
80007ec0   __STACK_END
80007ec0   __sys_memory
80008948   __ctypes_
80008b28   __ftable
80008c18   __tmpnams
80008cb8   __ft_end
80008e5c   __cleanup_ptr
80008e60   __dtors_ptr
80008e64   ___TI_enable_exit_profile_output
80008e68   __lock
80008e6c   __unlock
80008e78   ___cinit__
80008e78   cinit
80008fcc   __CIOBUF_
800090ec   $bss
800090ec   .bss
800090ec   ___bss__
800090f0   ___end__
800090f0   end
ffffffff   ___TI_pprof_out_hndl
ffffffff   ___TI_prof_data_size
ffffffff   ___TI_prof_data_start
ffffffff   ___binit__
ffffffff   ___c_args__
ffffffff   ___pinit__
ffffffff   binit
ffffffff   pinit

[121 symbols]
