******************************************************************************
                  TMS470 Linker PC v4.6.4                      
******************************************************************************
>> Linked Wed Apr 20 15:16:46 2011

OUTPUT FILE NAME:   <AM1808EVMLEDandPushbuttonTest.out>
ENTRY POINT SYMBOL: "_c_int00"  address: 800065f4


MEMORY CONFIGURATION

         name            origin    length      used     unused   attr    fill
----------------------  --------  ---------  --------  --------  ----  --------
  shared_ram            80000000   00020000  00007e61  0001819f  RWIX
  external_ram          c0000000   08000000  00000000  08000000  RWIX
  arm_local_ram         ffff0000   00002000  00000000  00002000  RWIX


SEGMENT ALLOCATION MAP

run origin  load origin   length   init length attrs members
----------  ----------- ---------- ----------- ----- -------
80000000    80000000    000067bc   000067bc    r-x
  80000000    80000000    000067bc   000067bc    r-x .text
800067bc    800067bc    00001295   00000000    rw-
  800067bc    800067bc    00000800   00000000    rw- .stack
  80006fc0    80006fc0    00000800   00000000    rw- .sysmem
  800077c0    800077c0    00000291   00000000    rw- .bss
80007a54    80007a54    000001f0   000001f0    rw-
  80007a54    80007a54    000001f0   000001f0    rw- .data
80007c44    80007c44    00000224   00000224    r--
  80007c44    80007c44    00000184   00000184    r-- .const
  80007dc8    80007dc8    000000a0   000000a0    r-- .cinit


SECTION ALLOCATION MAP

 output                                  attributes/
section   page    origin      length       input sections
--------  ----  ----------  ----------   ----------------
.text      0    80000000    000067bc     
                  80000000    00001660     am1808_rts.lib : _printfi.obj (.text)
                  80001660    00000cb0     am1808_bsl.lib : evmam1808.obj (.text)
                  80002310    00000638     am1808_rts.lib : memory.obj (.text)
                  80002948    000005c8                    : lowlev.obj (.text)
                  80002f10    00000570     test_led_pb.obj (.text)
                  80003480    00000530     am1808_bsl.lib : evmam1808_i2c_gpio.obj (.text)
                  800039b0    000004f8     am1808_rts.lib : trgdrv.obj (.text)
                  80003ea8    000003a8     am1808_bsl.lib : evmam1808_i2c.obj (.text)
                  80004250    00000300     am1808_rts.lib : fopen.obj (.text)
                  80004550    000002f0     am1808_bsl.lib : evmam1808_pb.obj (.text)
                  80004840    000002b8     am1808_rts.lib : ull_div32.obj (.text)
                  80004af8    0000023c     am1808_bsl.lib : evmam1808_timer.obj (.text)
                  80004d34    0000021c                    : evmam1808_led.obj (.text)
                  80004f50    00000214     am1808_rts.lib : fd_add32.obj (.text)
                  80005164    00000190                    : fd_div32.obj (.text)
                  800052f4    00000190                    : fputs.obj (.text)
                  80005484    00000180                    : memcpy32.obj (.text)
                  80005604    00000128                    : fd_mul32.obj (.text)
                  8000572c    00000118                    : _io_perm.obj (.text)
                  80005844    00000118                    : i_div32.obj (.text)
                  8000595c    00000114                    : setvbuf.obj (.text)
                  80005a70    00000110                    : fflush.obj (.text)
                  80005b80    000000f4                    : u_div32.obj (.text)
                  80005c74    000000d8     main_led_pb.obj (.text)
                  80005d4c    000000d4     am1808_rts.lib : auto_init.obj (.text)
                  80005e20    000000d4                    : fputc.obj (.text)
                  80005ef4    000000d0                    : fd_cmp32.obj (.text)
                  80005fc4    000000b0                    : memset32.obj (.text)
                  80006074    000000a8                    : trgmsg.obj (.text)
                  8000611c    00000098                    : fclose.obj (.text)
                  800061b4    00000088                    : cpy_tbl.obj (.text)
                  8000623c    00000084                    : atoi.obj (.text)
                  800062c0    00000080                    : fseek.obj (.text)
                  80006340    00000080                    : ltoa.obj (.text)
                  800063c0    00000078                    : exit.obj (.text)
                  80006438    00000070                    : printf.obj (.text)
                  800064a8    0000006c                    : copy_decompress_rle.obj (.text:decompress:rle)
                  80006514    0000005c                    : fd_toi32.obj (.text)
                  80006570    00000048                    : strncpy.obj (.text)
                  800065b8    0000003c                    : i_tofd32.obj (.text)
                  800065f4    00000038                    : boot.obj (.text)
                  8000662c    0000002c                    : args_main.obj (.text)
                  80006658    0000002c                    : memchr.obj (.text)
                  80006684    0000002c                    : strcmp.obj (.text)
                  800066b0    00000028                    : memccpy.obj (.text)
                  800066d8    00000028                    : strchr.obj (.text)
                  80006700    00000024                    : _lock.obj (.text)
                  80006724    00000020                    : icall32.obj (.text)
                  80006744    0000001c                    : strcpy.obj (.text)
                  80006760    0000001c                    : strlen.obj (.text)
                  8000677c    0000001c                    : copy_zero_init.obj (.text:decompress:ZI)
                  80006798    0000001c                    : copy_decompress_none.obj (.text:decompress:none)
                  800067b4    00000004                    : remove.obj (.text)
                  800067b8    00000004                    : tdeh_init.obj (.text)

.stack     0    800067bc    00000800     UNINITIALIZED
                  800067bc    00000800     --HOLE--

.sysmem    0    80006fc0    00000800     UNINITIALIZED
                  80006fc0    00000008     am1808_rts.lib : memory.obj (.sysmem)
                  80006fc8    000007f8     --HOLE--

.bss       0    800077c0    00000291     UNINITIALIZED
                  800077c0    00000120     am1808_rts.lib : trgmsg.obj (.bss:__CIOBUF_)
                  800078e0    000000c8                    : trgdrv.obj (.bss:result$1)
                  800079a8    000000a0                    : defs.obj (.bss:_tmpnams)
                  80007a48    00000008                    : trgdrv.obj (.bss)
                  80007a50    00000001     am1808_bsl.lib : evmam1808_i2c.obj (.bss)

.data      0    80007a54    000001f0     
                  80007a54    000000f0     am1808_rts.lib : defs.obj (.data:_ftable)
                  80007b44    00000078                    : lowlev.obj (.data:_device)
                  80007bbc    00000050                    : lowlev.obj (.data:_stream)
                  80007c0c    00000010                    : defs.obj (.data)
                  80007c1c    0000000c                    : memory.obj (.data)
                  80007c28    00000008                    : _lock.obj (.data)
                  80007c30    00000008                    : exit.obj (.data)
                  80007c38    00000004                    : fopen.obj (.data)
                  80007c3c    00000004                    : lowlev.obj (.data)
                  80007c40    00000004                    : stkdepth_vars.obj (.data)

.const     0    80007c44    00000184     
                  80007c44    00000101     am1808_rts.lib : ctype.obj (.const:_ctypes_)
                  80007d45    00000003     --HOLE-- [fill = 0]
                  80007d48    00000080     am1808_bsl.lib : evmam1808.obj (.const:bitval_u32)

.cinit     0    80007dc8    000000a0     
                  80007dc8    0000007c     (.cinit..data.load) [load image, compression = rle]
                  80007e44    0000000c     (__TI_handler_table)
                  80007e50    00000008     (.cinit..bss.load) [load image, compression = zero_init]
                  80007e58    00000010     (__TI_cinit_table)


LINKER GENERATED COPY TABLES

__TI_cinit_table @ 80007e58 records: 2, size/record: 8, table size: 16
	.data: load addr=80007dc8, load size=0000007c bytes, run addr=80007a54, run size=000001f0 bytes, compression=rle
	.bss: load addr=80007e50, load size=00000008 bytes, run addr=800077c0, run size=00000291 bytes, compression=zero_init


LINKER GENERATED HANDLER TABLE

__TI_handler_table @ 80007e44 records: 3, size/record: 4, table size: 12
	index: 0, handler: __TI_zero_init
	index: 1, handler: __TI_decompress_rle
	index: 2, handler: __TI_decompress_none


GLOBAL SYMBOLS: SORTED ALPHABETICALLY BY Name 

address    name
--------   ----
800063c0   C$$EXIT
800060bc   C$$IO$$
80001660   EVMAM1808_init
800016a0   EVMAM1808_initRAM
800018ec   EVMAM1808_lpscTransition
8000186c   EVMAM1808_pinmuxConfig
80003e34   HOSTclock
80003dc8   HOSTclose
80003d24   HOSTlseek
80003c94   HOSTopen
80003c0c   HOSTread
80003b6c   HOSTrename
80003b08   HOSTtime
80003aa0   HOSTunlink
80003a18   HOSTwrite
80003564   I2CGPIO_getInput
8000369c   I2CGPIO_getInputAll
80003480   I2CGPIO_init
800037e4   I2CGPIO_setOutput
80003934   I2CGPIO_setOutputAll
80003ea8   I2C_init
80003fa8   I2C_read
800040fc   I2C_write
80006724   IND_CALL
80004d34   LED_init
80004d98   LED_isOn
80004eb0   LED_toggle
80004e6c   LED_turnOff
80004e28   LED_turnOn
80004598   PB_get
8000465c   PB_getAll
80004550   PB_init
80002f3c   TEST_ledPB
80004c00   USTIMER_delay
80004cbc   USTIMER_get
80004af8   USTIMER_init
80004c8c   USTIMER_reset
80004ccc   USTIMER_set
80002210   UTIL_isUIBoardAttached
800020c8   UTIL_printMem
800077c0   __CIOBUF_
80006fbc   __STACK_END
00000800   __STACK_SIZE
00000800   __SYSMEM_SIZE
80007e58   __TI_CINIT_Base
80007e68   __TI_CINIT_Limit
80007e44   __TI_Handler_Table_Base
80007e50   __TI_Handler_Table_Limit
00000001   __TI_args_main
80005d4c   __TI_auto_init
80006798   __TI_decompress_none
800064a8   __TI_decompress_rle
80007dc8   __TI_static_base__
8000677c   __TI_zero_init
80005ef4   __aeabi_cdcmpeq
80005ef4   __aeabi_cdcmple
80006514   __aeabi_d2iz
80004f5c   __aeabi_dadd
80005164   __aeabi_ddiv
80005604   __aeabi_dmul
80004f50   __aeabi_dsub
800065b8   __aeabi_i2d
80005844   __aeabi_idivmod
80005fc4   __aeabi_memclr
80005fc4   __aeabi_memclr4
80005fc4   __aeabi_memclr8
80005484   __aeabi_memcpy
80005484   __aeabi_memcpy4
80005484   __aeabi_memcpy8
80005fc8   __aeabi_memset
80005fc8   __aeabi_memset4
80005fc8   __aeabi_memset8
80007c18   __aeabi_stderr
80007c10   __aeabi_stdin
80007c14   __aeabi_stdout
80005b80   __aeabi_uidivmod
80004840   __aeabi_uldivmod
ffffffff   __binit__
ffffffff   __c_args__
800067bc   __stack
800067b8   __tdeh_init
8000662c   _args_main
800065f4   _c_int00
80004390   _cleanup
80007c30   _cleanup_ptr
80007c44   _ctypes_
80005a70   _doflush
80007c34   _dtors_ptr
80007c0c   _ft_end
80007a54   _ftable
80007c28   _lock
80006718   _nop
800013d0   _printfi
800057cc   _rd_ok
8000670c   _register_lock
80006700   _register_unlock
80006fc0   _sys_memory
800079a8   _tmpnams
80007c2c   _unlock
8000572c   _wrt_ok
800063c8   abort
80002e34   add_device
8000623c   atoi
ffffffff   binit
80007d48   bitval_u32
800028f0   calloc
80002da4   close
80001c44   config_pll0
80001eb4   config_pll1
800061b4   copy_in
800063d4   exit
8000611c   fclose
80005af4   fflush
80002da0   find_registered_device
800044e4   fopen
80005e20   fputc
800052f4   fputs
800024cc   free
800043f4   freopen
800062c0   fseek
800039b0   getenv
80002d28   lseek
80006340   ltoa
80005c74   main
80007c40   main_func_sp
80002414   malloc
800027b4   memalign
800066b0   memccpy
80006658   memchr
80005484   memcpy
80005fd4   memset
80002310   minit
80002c58   open
80006438   printf
80005e20   putc
80005ee8   putchar
80005450   puts
80002b74   read
800060c4   readmsg
80002628   realloc
800067b4   remove
80002b28   remove_device
80002abc   rename
8000595c   setvbuf
800066d8   strchr
80006684   strcmp
80006744   strcpy
80006760   strlen
80006570   strncpy
80002a78   unlink
80002948   write
80006074   writemsg


GLOBAL SYMBOLS: SORTED BY Symbol Address 

address    name
--------   ----
00000001   __TI_args_main
00000800   __STACK_SIZE
00000800   __SYSMEM_SIZE
800013d0   _printfi
80001660   EVMAM1808_init
800016a0   EVMAM1808_initRAM
8000186c   EVMAM1808_pinmuxConfig
800018ec   EVMAM1808_lpscTransition
80001c44   config_pll0
80001eb4   config_pll1
800020c8   UTIL_printMem
80002210   UTIL_isUIBoardAttached
80002310   minit
80002414   malloc
800024cc   free
80002628   realloc
800027b4   memalign
800028f0   calloc
80002948   write
80002a78   unlink
80002abc   rename
80002b28   remove_device
80002b74   read
80002c58   open
80002d28   lseek
80002da0   find_registered_device
80002da4   close
80002e34   add_device
80002f3c   TEST_ledPB
80003480   I2CGPIO_init
80003564   I2CGPIO_getInput
8000369c   I2CGPIO_getInputAll
800037e4   I2CGPIO_setOutput
80003934   I2CGPIO_setOutputAll
800039b0   getenv
80003a18   HOSTwrite
80003aa0   HOSTunlink
80003b08   HOSTtime
80003b6c   HOSTrename
80003c0c   HOSTread
80003c94   HOSTopen
80003d24   HOSTlseek
80003dc8   HOSTclose
80003e34   HOSTclock
80003ea8   I2C_init
80003fa8   I2C_read
800040fc   I2C_write
80004390   _cleanup
800043f4   freopen
800044e4   fopen
80004550   PB_init
80004598   PB_get
8000465c   PB_getAll
80004840   __aeabi_uldivmod
80004af8   USTIMER_init
80004c00   USTIMER_delay
80004c8c   USTIMER_reset
80004cbc   USTIMER_get
80004ccc   USTIMER_set
80004d34   LED_init
80004d98   LED_isOn
80004e28   LED_turnOn
80004e6c   LED_turnOff
80004eb0   LED_toggle
80004f50   __aeabi_dsub
80004f5c   __aeabi_dadd
80005164   __aeabi_ddiv
800052f4   fputs
80005450   puts
80005484   __aeabi_memcpy
80005484   __aeabi_memcpy4
80005484   __aeabi_memcpy8
80005484   memcpy
80005604   __aeabi_dmul
8000572c   _wrt_ok
800057cc   _rd_ok
80005844   __aeabi_idivmod
8000595c   setvbuf
80005a70   _doflush
80005af4   fflush
80005b80   __aeabi_uidivmod
80005c74   main
80005d4c   __TI_auto_init
80005e20   fputc
80005e20   putc
80005ee8   putchar
80005ef4   __aeabi_cdcmpeq
80005ef4   __aeabi_cdcmple
80005fc4   __aeabi_memclr
80005fc4   __aeabi_memclr4
80005fc4   __aeabi_memclr8
80005fc8   __aeabi_memset
80005fc8   __aeabi_memset4
80005fc8   __aeabi_memset8
80005fd4   memset
80006074   writemsg
800060bc   C$$IO$$
800060c4   readmsg
8000611c   fclose
800061b4   copy_in
8000623c   atoi
800062c0   fseek
80006340   ltoa
800063c0   C$$EXIT
800063c8   abort
800063d4   exit
80006438   printf
800064a8   __TI_decompress_rle
80006514   __aeabi_d2iz
80006570   strncpy
800065b8   __aeabi_i2d
800065f4   _c_int00
8000662c   _args_main
80006658   memchr
80006684   strcmp
800066b0   memccpy
800066d8   strchr
80006700   _register_unlock
8000670c   _register_lock
80006718   _nop
80006724   IND_CALL
80006744   strcpy
80006760   strlen
8000677c   __TI_zero_init
80006798   __TI_decompress_none
800067b4   remove
800067b8   __tdeh_init
800067bc   __stack
80006fbc   __STACK_END
80006fc0   _sys_memory
800077c0   __CIOBUF_
800079a8   _tmpnams
80007a54   _ftable
80007c0c   _ft_end
80007c10   __aeabi_stdin
80007c14   __aeabi_stdout
80007c18   __aeabi_stderr
80007c28   _lock
80007c2c   _unlock
80007c30   _cleanup_ptr
80007c34   _dtors_ptr
80007c40   main_func_sp
80007c44   _ctypes_
80007d48   bitval_u32
80007dc8   __TI_static_base__
80007e44   __TI_Handler_Table_Base
80007e50   __TI_Handler_Table_Limit
80007e58   __TI_CINIT_Base
80007e68   __TI_CINIT_Limit
ffffffff   __binit__
ffffffff   __c_args__
ffffffff   binit

[281 symbols]
