******************************************************************************
                  TMS470 Linker PC v4.6.3                      
******************************************************************************
>> Linked Wed May 25 09:37:37 2011

OUTPUT FILE NAME:   <AM1808eXpReadMacTest.out>
ENTRY POINT SYMBOL: "_c_int00"  address: 80007100


MEMORY CONFIGURATION

         name            origin    length      used     unused   attr    fill
----------------------  --------  ---------  --------  --------  ----  --------
  shared_ram            80000000   00020000  0000896d  00017693  RWIX
  external_ram          c0000000   08000000  00000000  08000000  RWIX
  arm_local_ram         ffff0000   00002000  00000000  00002000  RWIX


SEGMENT ALLOCATION MAP

run origin  load origin   length   init length attrs members
----------  ----------- ---------- ----------- ----- -------
80000000    80000000    000072c8   000072c8    r-x
  80000000    80000000    000072c8   000072c8    r-x .text
800072c8    800072c8    00001291   00000000    rw-
  800072c8    800072c8    00000800   00000000    rw- .stack
  80007ac8    80007ac8    00000800   00000000    rw- .sysmem
  800082c8    800082c8    00000291   00000000    rw- .bss
8000855c    8000855c    000001f0   000001f0    rw-
  8000855c    8000855c    000001f0   000001f0    rw- .data
8000874c    8000874c    00000224   00000224    r--
  8000874c    8000874c    00000184   00000184    r-- .const
  800088d0    800088d0    000000a0   000000a0    r-- .cinit


SECTION ALLOCATION MAP

 output                                  attributes/
section   page    origin      length       input sections
--------  ----  ----------  ----------   ----------------
.text      0    80000000    000072c8     
                  80000000    00001660     am1808_rts.lib : _printfi.obj (.text)
                  80001660    00000cb0     am1808_bsl.lib : evmam1808.obj (.text)
                  80002310    00000638     am1808_rts.lib : memory.obj (.text)
                  80002948    000005f0     am1808_bsl.lib : evmam1808_spiflash.obj (.text)
                  80002f38    000005c8     am1808_rts.lib : lowlev.obj (.text)
                  80003500    00000550     am1808_bsl.lib : evmam1808_spi.obj (.text)
                  80003a50    00000530                    : evmam1808_i2c_gpio.obj (.text)
                  80003f80    000004f8     am1808_rts.lib : trgdrv.obj (.text)
                  80004478    000003d4     am1808_bsl.lib : spiflash_numonyx.obj (.text)
                  8000484c    000003ac                    : evmam1808_gpio.obj (.text)
                  80004bf8    000003a8                    : evmam1808_i2c.obj (.text)
                  80004fa0    00000300     am1808_rts.lib : fopen.obj (.text)
                  800052a0    000002d4     test_read_mac.obj (.text)
                  80005574    000002b8     am1808_rts.lib : ull_div32.obj (.text)
                  8000582c    0000023c     am1808_bsl.lib : evmam1808_timer.obj (.text)
                  80005a68    00000214     am1808_rts.lib : fd_add32.obj (.text)
                  80005c7c    00000190                    : fd_div32.obj (.text)
                  80005e0c    00000190                    : fputs.obj (.text)
                  80005f9c    00000180                    : memcpy32.obj (.text)
                  8000611c    00000128                    : fd_mul32.obj (.text)
                  80006244    00000118                    : _io_perm.obj (.text)
                  8000635c    00000118                    : i_div32.obj (.text)
                  80006474    00000114                    : setvbuf.obj (.text)
                  80006588    00000110                    : fflush.obj (.text)
                  80006698    000000f4                    : u_div32.obj (.text)
                  8000678c    000000d4                    : auto_init.obj (.text)
                  80006860    000000d4                    : fputc.obj (.text)
                  80006934    000000d0                    : fd_cmp32.obj (.text)
                  80006a04    000000cc     main_read_mac.obj (.text)
                  80006ad0    000000b0     am1808_rts.lib : memset32.obj (.text)
                  80006b80    000000a8                    : trgmsg.obj (.text)
                  80006c28    00000098                    : fclose.obj (.text)
                  80006cc0    00000088                    : cpy_tbl.obj (.text)
                  80006d48    00000084                    : atoi.obj (.text)
                  80006dcc    00000080                    : fseek.obj (.text)
                  80006e4c    00000080                    : ltoa.obj (.text)
                  80006ecc    00000078                    : exit.obj (.text)
                  80006f44    00000070                    : printf.obj (.text)
                  80006fb4    0000006c                    : copy_decompress_rle.obj (.text:decompress:rle)
                  80007020    0000005c                    : fd_toi32.obj (.text)
                  8000707c    00000048                    : strncpy.obj (.text)
                  800070c4    0000003c                    : i_tofd32.obj (.text)
                  80007100    00000038                    : boot.obj (.text)
                  80007138    0000002c                    : args_main.obj (.text)
                  80007164    0000002c                    : memchr.obj (.text)
                  80007190    0000002c                    : strcmp.obj (.text)
                  800071bc    00000028                    : memccpy.obj (.text)
                  800071e4    00000028                    : strchr.obj (.text)
                  8000720c    00000024                    : _lock.obj (.text)
                  80007230    00000020                    : icall32.obj (.text)
                  80007250    0000001c                    : strcpy.obj (.text)
                  8000726c    0000001c                    : strlen.obj (.text)
                  80007288    0000001c                    : copy_zero_init.obj (.text:decompress:ZI)
                  800072a4    0000001c                    : copy_decompress_none.obj (.text:decompress:none)
                  800072c0    00000004                    : remove.obj (.text)
                  800072c4    00000004                    : tdeh_init.obj (.text)

.stack     0    800072c8    00000800     UNINITIALIZED
                  800072c8    00000800     --HOLE--

.sysmem    0    80007ac8    00000800     UNINITIALIZED
                  80007ac8    00000008     am1808_rts.lib : memory.obj (.sysmem)
                  80007ad0    000007f8     --HOLE--

.bss       0    800082c8    00000291     UNINITIALIZED
                  800082c8    00000120     am1808_rts.lib : trgmsg.obj (.bss:__CIOBUF_)
                  800083e8    000000c8                    : trgdrv.obj (.bss:result$1)
                  800084b0    000000a0                    : defs.obj (.bss:_tmpnams)
                  80008550    00000008                    : trgdrv.obj (.bss)
                  80008558    00000001     am1808_bsl.lib : evmam1808_i2c.obj (.bss)

.data      0    8000855c    000001f0     
                  8000855c    000000f0     am1808_rts.lib : defs.obj (.data:_ftable)
                  8000864c    00000078                    : lowlev.obj (.data:_device)
                  800086c4    00000050                    : lowlev.obj (.data:_stream)
                  80008714    00000010                    : defs.obj (.data)
                  80008724    0000000c                    : memory.obj (.data)
                  80008730    00000008                    : _lock.obj (.data)
                  80008738    00000008                    : exit.obj (.data)
                  80008740    00000004                    : fopen.obj (.data)
                  80008744    00000004                    : lowlev.obj (.data)
                  80008748    00000004                    : stkdepth_vars.obj (.data)

.const     0    8000874c    00000184     
                  8000874c    00000101     am1808_rts.lib : ctype.obj (.const:_ctypes_)
                  8000884d    00000003     --HOLE-- [fill = 0]
                  80008850    00000080     am1808_bsl.lib : evmam1808.obj (.const:bitval_u32)

.cinit     0    800088d0    000000a0     
                  800088d0    0000007c     (.cinit..data.load) [load image, compression = rle]
                  8000894c    0000000c     (__TI_handler_table)
                  80008958    00000008     (.cinit..bss.load) [load image, compression = zero_init]
                  80008960    00000010     (__TI_cinit_table)


LINKER GENERATED COPY TABLES

__TI_cinit_table @ 80008960 records: 2, size/record: 8, table size: 16
	.data: load addr=800088d0, load size=0000007c bytes, run addr=8000855c, run size=000001f0 bytes, compression=rle
	.bss: load addr=80008958, load size=00000008 bytes, run addr=800082c8, run size=00000291 bytes, compression=zero_init


LINKER GENERATED HANDLER TABLE

__TI_handler_table @ 8000894c records: 3, size/record: 4, table size: 12
	index: 0, handler: __TI_zero_init
	index: 1, handler: __TI_decompress_rle
	index: 2, handler: __TI_decompress_none


GLOBAL SYMBOLS: SORTED ALPHABETICALLY BY Name 

address    name
--------   ----
80006ecc   C$$EXIT
80006bc8   C$$IO$$
80001660   EVMAM1808_init
800016a0   EVMAM1808_initRAM
800018ec   EVMAM1808_lpscTransition
8000186c   EVMAM1808_pinmuxConfig
800048e0   GPIO_getInput
8000484c   GPIO_setDir
8000496c   GPIO_setOutput
80004a00   GPIO_toggleLoop
80004404   HOSTclock
80004398   HOSTclose
800042f4   HOSTlseek
80004264   HOSTopen
800041dc   HOSTread
8000413c   HOSTrename
800040d8   HOSTtime
80004070   HOSTunlink
80003fe8   HOSTwrite
80003b34   I2CGPIO_getInput
80003c6c   I2CGPIO_getInputAll
80003a50   I2CGPIO_init
80003db4   I2CGPIO_setOutput
80003f04   I2CGPIO_setOutputAll
80004bf8   I2C_init
80004cf8   I2C_read
80004e4c   I2C_write
80007230   IND_CALL
80004478   NUMONYX_initSpiFlashPort
8000467c   NUMONYX_sendCmdFastRead
800046c8   NUMONYX_sendCmdPageProgram
80004704   NUMONYX_sendCmdSectorErase
80004650   NUMONYX_sendCmdWriteEnable
800044fc   NUMONYX_verifyDeviceID
800045d4   NUMONYX_waitFlashReady
80002b30   SPIFLASH_erase
80002948   SPIFLASH_init
80002a08   SPIFLASH_read
80002b84   SPIFLASH_readMACAddr
80002ac8   SPIFLASH_write
80002ba0   SPIFLASH_writeMACAddr
80003500   SPI_init
80003830   SPI_xfer
800052a0   TEST_readMAC
80005934   USTIMER_delay
800059f0   USTIMER_get
8000582c   USTIMER_init
800059c0   USTIMER_reset
80005a00   USTIMER_set
80002210   UTIL_isUIBoardAttached
800020c8   UTIL_printMem
800082c8   __CIOBUF_
80007ac8   __STACK_END
00000800   __STACK_SIZE
00000800   __SYSMEM_SIZE
80008960   __TI_CINIT_Base
80008970   __TI_CINIT_Limit
8000894c   __TI_Handler_Table_Base
80008958   __TI_Handler_Table_Limit
00000001   __TI_args_main
8000678c   __TI_auto_init
800072a4   __TI_decompress_none
80006fb4   __TI_decompress_rle
800088d0   __TI_static_base__
80007288   __TI_zero_init
80006934   __aeabi_cdcmpeq
80006934   __aeabi_cdcmple
80007020   __aeabi_d2iz
80005a74   __aeabi_dadd
80005c7c   __aeabi_ddiv
8000611c   __aeabi_dmul
80005a68   __aeabi_dsub
800070c4   __aeabi_i2d
8000635c   __aeabi_idivmod
80006ad0   __aeabi_memclr
80006ad0   __aeabi_memclr4
80006ad0   __aeabi_memclr8
80005f9c   __aeabi_memcpy
80005f9c   __aeabi_memcpy4
80005f9c   __aeabi_memcpy8
80006ad4   __aeabi_memset
80006ad4   __aeabi_memset4
80006ad4   __aeabi_memset8
80008720   __aeabi_stderr
80008718   __aeabi_stdin
8000871c   __aeabi_stdout
80006698   __aeabi_uidivmod
80005574   __aeabi_uldivmod
ffffffff   __binit__
ffffffff   __c_args__
800072c8   __stack
800072c4   __tdeh_init
80007138   _args_main
80007100   _c_int00
800050e0   _cleanup
80008738   _cleanup_ptr
8000874c   _ctypes_
80006588   _doflush
8000873c   _dtors_ptr
80008714   _ft_end
8000855c   _ftable
80008730   _lock
80007224   _nop
800013d0   _printfi
800062e4   _rd_ok
80007218   _register_lock
8000720c   _register_unlock
80007ac8   _sys_memory
800084b0   _tmpnams
80008734   _unlock
80006244   _wrt_ok
80006ed4   abort
80003424   add_device
80006d48   atoi
ffffffff   binit
80008850   bitval_u32
800028f0   calloc
80003394   close
80001c44   config_pll0
80001eb4   config_pll1
80006cc0   copy_in
80006ee0   exit
80006c28   fclose
8000660c   fflush
80003390   find_registered_device
80005234   fopen
80006860   fputc
80005e0c   fputs
800024cc   free
80005144   freopen
80006dcc   fseek
80003f80   getenv
80003318   lseek
80006e4c   ltoa
80006a04   main
80008748   main_func_sp
80002414   malloc
800027b4   memalign
800071bc   memccpy
80007164   memchr
80005f9c   memcpy
80006ae0   memset
80002310   minit
80003248   open
80006f44   printf
80006860   putc
80006928   putchar
80005f68   puts
80003164   read
80006bd0   readmsg
80002628   realloc
800072c0   remove
80003118   remove_device
800030ac   rename
80006474   setvbuf
800071e4   strchr
80007190   strcmp
80007250   strcpy
8000726c   strlen
8000707c   strncpy
80003068   unlink
80002f38   write
80006b80   writemsg


GLOBAL SYMBOLS: SORTED BY Symbol Address 

address    name
--------   ----
00000001   __TI_args_main
00000800   __STACK_SIZE
00000800   __SYSMEM_SIZE
800013d0   _printfi
80001660   EVMAM1808_init
800016a0   EVMAM1808_initRAM
8000186c   EVMAM1808_pinmuxConfig
800018ec   EVMAM1808_lpscTransition
80001c44   config_pll0
80001eb4   config_pll1
800020c8   UTIL_printMem
80002210   UTIL_isUIBoardAttached
80002310   minit
80002414   malloc
800024cc   free
80002628   realloc
800027b4   memalign
800028f0   calloc
80002948   SPIFLASH_init
80002a08   SPIFLASH_read
80002ac8   SPIFLASH_write
80002b30   SPIFLASH_erase
80002b84   SPIFLASH_readMACAddr
80002ba0   SPIFLASH_writeMACAddr
80002f38   write
80003068   unlink
800030ac   rename
80003118   remove_device
80003164   read
80003248   open
80003318   lseek
80003390   find_registered_device
80003394   close
80003424   add_device
80003500   SPI_init
80003830   SPI_xfer
80003a50   I2CGPIO_init
80003b34   I2CGPIO_getInput
80003c6c   I2CGPIO_getInputAll
80003db4   I2CGPIO_setOutput
80003f04   I2CGPIO_setOutputAll
80003f80   getenv
80003fe8   HOSTwrite
80004070   HOSTunlink
800040d8   HOSTtime
8000413c   HOSTrename
800041dc   HOSTread
80004264   HOSTopen
800042f4   HOSTlseek
80004398   HOSTclose
80004404   HOSTclock
80004478   NUMONYX_initSpiFlashPort
800044fc   NUMONYX_verifyDeviceID
800045d4   NUMONYX_waitFlashReady
80004650   NUMONYX_sendCmdWriteEnable
8000467c   NUMONYX_sendCmdFastRead
800046c8   NUMONYX_sendCmdPageProgram
80004704   NUMONYX_sendCmdSectorErase
8000484c   GPIO_setDir
800048e0   GPIO_getInput
8000496c   GPIO_setOutput
80004a00   GPIO_toggleLoop
80004bf8   I2C_init
80004cf8   I2C_read
80004e4c   I2C_write
800050e0   _cleanup
80005144   freopen
80005234   fopen
800052a0   TEST_readMAC
80005574   __aeabi_uldivmod
8000582c   USTIMER_init
80005934   USTIMER_delay
800059c0   USTIMER_reset
800059f0   USTIMER_get
80005a00   USTIMER_set
80005a68   __aeabi_dsub
80005a74   __aeabi_dadd
80005c7c   __aeabi_ddiv
80005e0c   fputs
80005f68   puts
80005f9c   __aeabi_memcpy
80005f9c   __aeabi_memcpy4
80005f9c   __aeabi_memcpy8
80005f9c   memcpy
8000611c   __aeabi_dmul
80006244   _wrt_ok
800062e4   _rd_ok
8000635c   __aeabi_idivmod
80006474   setvbuf
80006588   _doflush
8000660c   fflush
80006698   __aeabi_uidivmod
8000678c   __TI_auto_init
80006860   fputc
80006860   putc
80006928   putchar
80006934   __aeabi_cdcmpeq
80006934   __aeabi_cdcmple
80006a04   main
80006ad0   __aeabi_memclr
80006ad0   __aeabi_memclr4
80006ad0   __aeabi_memclr8
80006ad4   __aeabi_memset
80006ad4   __aeabi_memset4
80006ad4   __aeabi_memset8
80006ae0   memset
80006b80   writemsg
80006bc8   C$$IO$$
80006bd0   readmsg
80006c28   fclose
80006cc0   copy_in
80006d48   atoi
80006dcc   fseek
80006e4c   ltoa
80006ecc   C$$EXIT
80006ed4   abort
80006ee0   exit
80006f44   printf
80006fb4   __TI_decompress_rle
80007020   __aeabi_d2iz
8000707c   strncpy
800070c4   __aeabi_i2d
80007100   _c_int00
80007138   _args_main
80007164   memchr
80007190   strcmp
800071bc   memccpy
800071e4   strchr
8000720c   _register_unlock
80007218   _register_lock
80007224   _nop
80007230   IND_CALL
80007250   strcpy
8000726c   strlen
80007288   __TI_zero_init
800072a4   __TI_decompress_none
800072c0   remove
800072c4   __tdeh_init
800072c8   __stack
80007ac8   __STACK_END
80007ac8   _sys_memory
800082c8   __CIOBUF_
800084b0   _tmpnams
8000855c   _ftable
80008714   _ft_end
80008718   __aeabi_stdin
8000871c   __aeabi_stdout
80008720   __aeabi_stderr
80008730   _lock
80008734   _unlock
80008738   _cleanup_ptr
8000873c   _dtors_ptr
80008748   main_func_sp
8000874c   _ctypes_
80008850   bitval_u32
800088d0   __TI_static_base__
8000894c   __TI_Handler_Table_Base
80008958   __TI_Handler_Table_Limit
80008960   __TI_CINIT_Base
80008970   __TI_CINIT_Limit
ffffffff   __binit__
ffffffff   __c_args__
ffffffff   binit

[299 symbols]
