******************************************************************************
               TMS320C6x Linker PC v7.4.24                     
******************************************************************************
>> Linked Mon Mar 12 17:48:16 2018

OUTPUT FILE NAME:   <Lab1p2.out>
ENTRY POINT SYMBOL: "_c_int00"  address: 118195e0


MEMORY CONFIGURATION

         name            origin    length      used     unused   attr    fill
----------------------  --------  ---------  --------  --------  ----  --------
  dsp_l2_ram            11800000   00040000  0001b73f  000248c1  RWIX
  shared_ram            80000000   00020000  00000000  00020000  RWIX
  external_ram          c0000000   08000000  00000000  08000000  RWIX


SECTION ALLOCATION MAP

 output                                  attributes/
section   page    origin      length       input sections
--------  ----  ----------  ----------   ----------------
.data      0    11800000    00000000     UNINITIALIZED

.sysmem    0    11800000    00010000     UNINITIALIZED
                  11800000    00000008     rts6740.lib : memory.obj (.sysmem)
                  11800008    0000fff8     --HOLE--

.text      0    11810000    00009bc0     
                  11810000    000016e0     L138_LCDK_aic3106_init.obj (.text)
                  118116e0    00000c20     evmomapl138_bsl.lib : evmomapl138.obj (.text)
                  11812300    000005a0     rts6740.lib : divd.obj (.text:__divd)
                  118128a0    00000580                 : _printfi.obj (.text:__getarg_diouxp)
                  11812e20    00000520                 : _printfi.obj (.text:__setfield)
                  11813340    000004e0     evmomapl138_bsl.lib : evmomapl138_i2c_gpio.obj (.text)
                  11813820    00000440     rts6740.lib : _printfi.obj (.text:__printfi)
                  11813c60    000003a0                 : fputs.obj (.text:_fputs)
                  11814000    00000380     evmomapl138_bsl.lib : evmomapl138_gpio.obj (.text)
                  11814380    00000380                         : evmomapl138_i2c.obj (.text)
                  11814700    00000320     rts6740.lib : _printfi.obj (.text:__pproc_fge)
                  11814a20    000002e0                 : _printfi.obj (.text:_ecvt)
                  11814d00    000002e0                 : _printfi.obj (.text:_fcvt)
                  11814fe0    000002c0                 : _printfi.obj (.text:__pproc_fwp)
                  118152a0    000002c0     main.obj (.text)
                  11815560    00000280     rts6740.lib : divf.obj (.text:__divf)
                  118157e0    00000280                 : memory.obj (.text:_free)
                  11815a60    00000260                 : imath64.obj (.text:__divull)
                  11815cc0    00000240                 : _printfi.obj (.text:__pconv_e)
                  11815f00    00000240                 : _printfi.obj (.text:__pproc_diouxp)
                  11816140    00000240                 : sinf.obj (.text:_sinf)
                  11816380    00000220                 : _printfi.obj (.text:__pproc_str)
                  118165a0    00000220                 : cosf.obj (.text:_cosf)
                  118167c0    00000220                 : fputc.obj (.text:_fputc)
                  118169e0    00000200                 : _printfi.obj (.text:__pconv_g)
                  11816be0    00000200                 : setvbuf.obj (.text:_setvbuf)
                  11816de0    000001e0     evmomapl138_bsl.lib : evmomapl138_timer.obj (.text)
                  11816fc0    000001c0     rts6740.lib : _printfi.obj (.text:__mcpy)
                  11817180    000001a0                 : imath40.obj (.text:__divul)
                  11817320    000001a0     evmomapl138_bsl.lib : evmomapl138_aic3106.obj (.text)
                  118174c0    00000180     rts6740.lib : trgdrv.obj (.text:_HOSTrename)
                  11817640    00000180                 : memory.obj (.text:_malloc)
                  118177c0    00000140                 : _printfi.obj (.text:__pproc_fflags)
                  11817900    00000140                 : lowlev.obj (.text:_getdevice)
                  11817a40    00000120                 : fclose.obj (.text:__closefile)
                  11817b60    00000120                 : _printfi.obj (.text:__ltostr)
                  11817c80    00000120                 : fseek.obj (.text:_fseek)
                  11817da0    00000100                 : trgdrv.obj (.text:_HOSTlseek)
                  11817ea0    00000100                 : _io_perm.obj (.text:__wrt_ok)
                  11817fa0    000000e0                 : trgdrv.obj (.text:_HOSTopen)
                  11818080    000000e0                 : trgdrv.obj (.text:_HOSTread)
                  11818160    000000e0                 : atoi.obj (.text:_atoi)
                  11818240    000000e0                 : lowlev.obj (.text:_close)
                  11818320    000000e0                 : memset.obj (.text:_memset)
                  11818400    000000e0                 : printf.obj (.text:_printf)
                  118184e0    000000c0                 : trgdrv.obj (.text:_HOSTunlink)
                  118185a0    000000c0                 : trgdrv.obj (.text:_HOSTwrite)
                  11818660    000000c0                 : autoinit.obj (.text:__auto_init)
                  11818720    000000c0                 : _printfi.obj (.text:__div)
                  118187e0    000000c0                 : divu.obj (.text:__divu)
                  118188a0    000000c0                 : fflush.obj (.text:__doflush)
                  11818960    000000c0                 : remi.obj (.text:__remi)
                  11818a20    000000c0                 : exit.obj (.text:_exit)
                  11818ae0    000000c0                 : ltoa.obj (.text:_ltoa)
                  11818ba0    000000a0                 : trgdrv.obj (.text:_HOSTclose)
                  11818c40    000000a0                 : fopen.obj (.text:__cleanup)
                  11818ce0    000000a0                 : imath40.obj (.text:__divli)
                  11818d80    000000a0                 : _printfi.obj (.text:__ecpy)
                  11818e20    000000a0                 : _printfi.obj (.text:__fcpy)
                  11818ec0    000000a0                 : fixdli.obj (.text:__fixdli)
                  11818f60    000000a0                 : _printfi.obj (.text:__pconv_f)
                  11819000    000000a0                 : cpy_tbl.obj (.text:_copy_in)
                  118190a0    000000a0                 : lowlev.obj (.text:_finddevice)
                  11819140    000000a0                 : lowlev.obj (.text:_lseek)
                  118191e0    000000a0                 : memcpy64.obj (.text:_memcpy)
                  11819280    000000a0                 : memory.obj (.text:_minsert)
                  11819320    000000a0                 : memory.obj (.text:_mremove)
                  118193c0    000000a0                 : lowlev.obj (.text:_write)
                  11819460    00000080                 : fltlid.obj (.text:__fltlid)
                  118194e0    00000080                 : llshift.obj (.text:__llshl)
                  11819560    00000080                 : roundf.obj (.text:__roundf)
                  118195e0    00000080                 : boot.obj (.text:_c_int00)
                  11819660    00000080                 : trgmsg.obj (.text:_readmsg)
                  118196e0    00000080                 : lowlev.obj (.text:_unlink)
                  11819760    00000060                 : cpp_init.obj (.text:___TI_cpp_init)
                  118197c0    00000060                 : imath64.obj (.text:__subcull)
                  11819820    00000060                 : memccpy.obj (.text:_memccpy)
                  11819880    00000060                 : modff.obj (.text:_modff)
                  118198e0    00000060                 : trgmsg.obj (.text:_writemsg)
                  11819940    00000040                 : isinf.obj (.text:___isinf)
                  11819980    00000040                 : _printfi.obj (.text:___isnan)
                  118199c0    00000040                 : args_main.obj (.text:__args_main)
                  11819a00    00000040                 : frcmpyd_div.obj (.text:__frcmpyd_div)
                  11819a40    00000040                 : llshift.obj (.text:__llshru)
                  11819a80    00000040                 : imath40.obj (.text:__remli)
                  11819ac0    00000020                 : negll.obj (.text:__negll)
                  11819ae0    00000020                 : _lock.obj (.text:__nop)
                  11819b00    00000020                 : printf.obj (.text:__outc)
                  11819b20    00000020                 : printf.obj (.text:__outs)
                  11819b40    00000020                 : truncf.obj (.text:__truncf)
                  11819b60    00000020                 : exit.obj (.text:_abort)
                  11819b80    00000020                 : remove.obj (.text:_remove)
                  11819ba0    00000020     vectors_poll.obj (.text)

.far       0    11819bc0    00000bc0     UNINITIALIZED
                  11819bc0    00000724     main.obj (.far)
                  1181a2e4    00000004     rts6740.lib : fopen.obj (.far)
                  1181a2e8    00000324                 : defs.obj (.far)
                  1181a60c    00000004     --HOLE--
                  1181a610    0000011c                 : lowlev.obj (.far)
                  1181a72c    00000004     --HOLE--
                  1181a730    00000010                 : cosf.obj (.far)
                  1181a740    00000010                 : sinf.obj (.far)
                  1181a750    0000000c                 : exit.obj (.far)
                  1181a75c    00000008     L138_LCDK_aic3106_init.obj (.far)
                  1181a764    00000008     rts6740.lib : _lock.obj (.far)
                  1181a76c    00000008                 : memory.obj (.far)
                  1181a774    00000004     --HOLE--
                  1181a778    00000008                 : trgdrv.obj (.far)

.stack     0    1181a780    00000800     UNINITIALIZED
                  1181a780    00000008     rts6740.lib : boot.obj (.stack)
                  1181a788    000007f8     --HOLE--

.cinit     0    1181af80    0000023c     
                  1181af80    00000084     main.obj (.cinit)
                  1181b004    00000004     --HOLE-- [fill = 0]
                  1181b008    0000005c     rts6740.lib : defs.obj (.cinit)
                  1181b064    00000004     --HOLE-- [fill = 0]
                  1181b068    0000005c                 : lowlev.obj (.cinit)
                  1181b0c4    00000004     --HOLE-- [fill = 0]
                  1181b0c8    0000002c     L138_LCDK_aic3106_init.obj (.cinit)
                  1181b0f4    00000004     --HOLE-- [fill = 0]
                  1181b0f8    0000002c     rts6740.lib : exit.obj (.cinit)
                  1181b124    00000004     --HOLE-- [fill = 0]
                  1181b128    0000002c                 : memory.obj (.cinit)
                  1181b154    00000004     --HOLE-- [fill = 0]
                  1181b158    0000001c                 : _lock.obj (.cinit)
                  1181b174    00000004     --HOLE-- [fill = 0]
                  1181b178    00000018                 : cosf.obj (.cinit)
                  1181b190    00000018                 : sinf.obj (.cinit)
                  1181b1a8    0000000c                 : fopen.obj (.cinit)
                  1181b1b4    00000004     --HOLE-- [fill = 0]
                  1181b1b8    00000004     (.pad.cinit) [fill = 0]

.const     0    1181b1c0    000001eb     
                  1181b1c0    00000101     rts6740.lib : ctype.obj (.const:.string:__ctypes_)
                  1181b2c1    00000002                 : fputs.obj (.const:.string)
                  1181b2c3    00000005     --HOLE-- [fill = 0]
                  1181b2c8    00000080     evmomapl138_bsl.lib : evmomapl138.obj (.const:_bitval_u32)
                  1181b348    00000040                         : evmomapl138.obj (.const:.string)
                  1181b388    00000023     rts6740.lib : _printfi.obj (.const:.string)

.bss       0    1181b3ac    00000054     UNINITIALIZED
                  1181b3ac    00000034     main.obj (.bss)
                  1181b3e0    0000001c     L138_LCDK_aic3106_init.obj (.bss)
                  1181b3fc    00000004     evmomapl138_bsl.lib : evmomapl138_i2c.obj (.bss)

.vecs      0    1181b400    00000200     
                  1181b400    00000200     vectors_poll.obj (.vecs)

.cio       0    1181b600    00000120     UNINITIALIZED
                  1181b600    00000120     rts6740.lib : trgmsg.obj (.cio)

.switch    0    1181b720    00000024     
                  1181b720    00000024     evmomapl138_bsl.lib : evmomapl138_gpio.obj (.switch:_getRegisterBankAndBit)


GLOBAL SYMBOLS: SORTED ALPHABETICALLY BY Name 

address    name
--------   ----
1181b3ac   $bss
1181b3ac   .bss
11800000   .data
11810000   .text
11819b60   C$$EXIT
11819938   C$$IO$$
11817320   _AIC3106_init
11817418   _AIC3106_readRegister
11817470   _AIC3106_writeRegister
1181a75c   _AIC31_data
11810258   _EDMA3_PaRAM_setup
118118c8   _EVMOMAPL138_enableDsp
118116e0   _EVMOMAPL138_init
1181170c   _EVMOMAPL138_initRAM
11811990   _EVMOMAPL138_lpscTransition
118118f4   _EVMOMAPL138_pinmuxConfig
11814078   _GPIO_getInput
11814000   _GPIO_setDir
118140ec   _GPIO_setOutput
1181416c   _GPIO_toggleLoop
11818ba0   _HOSTclose
11817da0   _HOSTlseek
11817fa0   _HOSTopen
11818080   _HOSTread
118174c0   _HOSTrename
118184e0   _HOSTunlink
118185a0   _HOSTwrite
11813414   _I2CGPIO_getInput
11813530   _I2CGPIO_getInputAll
11813340   _I2CGPIO_init
11813640   _I2CGPIO_setOutput
11813788   _I2CGPIO_setOutputAll
11814380   _I2C_init
1181446c   _I2C_read
118145c8   _I2C_write
11811118   _L138_init_LCDK_DIP
11810de0   _L138_init_aic3106_registers
11810630   _L138_init_mcasp_edma
118108ec   _L138_init_mcasp_intr
11810b4c   _L138_init_mcasp_poll
118111c4   _L138_initialise_edma
1181142c   _L138_initialise_intr
11811348   _L138_initialise_poll
1181b3c8   _Thetak
1181b3cc   _Ttack
1181b3d0   _Ttask
11816ec4   _USTIMER_delay
11816f84   _USTIMER_get
11816de0   _USTIMER_init
11816f54   _USTIMER_reset
11816f98   _USTIMER_set
118122e0   _UTIL_isUIBoardAttached
11812188   _UTIL_printMem
1181b600   __CIOBUF_
1181af80   __STACK_END
00000800   __STACK_SIZE
00010000   __SYSMEM_SIZE
00000001   __TI_args_main
11819760   ___TI_cpp_init
1181a758   ___TI_enable_exit_profile_output
ffffffff   ___TI_pprof_out_hndl
ffffffff   ___TI_prof_data_size
ffffffff   ___TI_prof_data_start
ffffffff   ___binit__
1181b3ac   ___bss__
ffffffff   ___c_args__
1181af80   ___cinit__
11800000   ___data__
11800000   ___edata__
1181b400   ___end__
11819bc0   ___etext__
11819940   ___isinf
ffffffff   ___pinit__
11810000   ___text__
118199c0   __args_main
11818660   __auto_init
118187e0   __c6xabi_divu
11818960   __c6xabi_remi
11818c40   __cleanup
1181a750   __cleanup_ptr
11817a40   __closefile
1181b1c0   __ctypes_
11812300   __divd
11815560   __divf
11818ce0   __divli
118187e0   __divu
11817180   __divul
11815a60   __divull
118188a0   __doflush
1181a754   __dtors_ptr
11818ec0   __fixdli
11819460   __fltlid
11819a00   __frcmpyd_div
1181a608   __ft_end
1181a2e8   __ftable
118194e0   __llshl
11819a40   __llshru
1181a764   __lock
11819ac0   __negll
11819ae0   __nop
11813820   __printfi
11818960   __remi
11819a80   __remli
11819560   __roundf
1181a780   __stack
118197c0   __subcull
11800000   __sys_memory
1181a4c8   __tmpnams
11819b40   __truncf
1181a768   __unlock
11817ea0   __wrt_ok
11819b60   _abort
11818160   _atoi
1181b2c8   _bitval_u32
118195e0   _c_int00
11818240   _close
11819bc0   _codec_data
11811d68   _config_pll0
11811fa4   _config_pll1
11819000   _copy_in
118165a0   _cosf
1181b3c4   _dThetak
11818a20   _exit
1181b3f4   _fb
1181b3b4   _float_in_l
1181b3b0   _float_in_r
1181b3bc   _float_out_l
1181b3b8   _float_out_r
118167c0   _fputc
11813c60   _fputs
118157e0   _free
1181b3d4   _freq
11817c80   _fseek
1181b3c0   _i
118101a8   _input_left_sample
11810200   _input_right_sample
11810150   _input_sample
1181b3ae   _int_in_l
1181b3ac   _int_in_r
11819140   _lseek
11818ae0   _ltoa
118152a0   _main
11817640   _malloc
11819820   _memccpy
118191e0   _memcpy
11818320   _memset
11819880   _modff
11810068   _output_left_sample
118100e0   _output_right_sample
11810000   _output_sample
1181b3e4   _pingIN
1181b3e8   _pingOUT
1181b3ec   _pongIN
1181b3f0   _pongOUT
118116b4   _prand
1181b3f8   _prand_seed
11811568   _prbs
11818400   _printf
118167c0   _putc
11811638   _rand31_next
11811160   _read_LCDK_user_DIP
11819660   _readmsg
11819b80   _remove
11816be0   _setvbuf
11816140   _sinf
1181a760   _sreg
118196e0   _unlink
1181b420   _vector1
1181b540   _vector10
1181b560   _vector11
1181b580   _vector12
1181b5a0   _vector13
1181b5c0   _vector14
1181b5e0   _vector15
1181b440   _vector2
1181b460   _vector3
1181b480   _vector4
1181b4a0   _vector5
1181b4c0   _vector6
1181b4e0   _vector7
1181b500   _vector8
1181b520   _vector9
1181b400   _vectors
118193c0   _write
118198e0   _writemsg
1181a2d0   _x
1181a2d8   _y
1181b3d8   _yAM
1181b3dc   _yFM
11819bc8   _y_watch
ffffffff   binit
1181af80   cinit
11800000   edata
1181b400   end
11819bc0   etext
ffffffff   pinit


GLOBAL SYMBOLS: SORTED BY Symbol Address 

address    name
--------   ----
00000001   __TI_args_main
00000800   __STACK_SIZE
00010000   __SYSMEM_SIZE
11800000   .data
11800000   ___data__
11800000   ___edata__
11800000   __sys_memory
11800000   edata
11810000   .text
11810000   ___text__
11810000   _output_sample
11810068   _output_left_sample
118100e0   _output_right_sample
11810150   _input_sample
118101a8   _input_left_sample
11810200   _input_right_sample
11810258   _EDMA3_PaRAM_setup
11810630   _L138_init_mcasp_edma
118108ec   _L138_init_mcasp_intr
11810b4c   _L138_init_mcasp_poll
11810de0   _L138_init_aic3106_registers
11811118   _L138_init_LCDK_DIP
11811160   _read_LCDK_user_DIP
118111c4   _L138_initialise_edma
11811348   _L138_initialise_poll
1181142c   _L138_initialise_intr
11811568   _prbs
11811638   _rand31_next
118116b4   _prand
118116e0   _EVMOMAPL138_init
1181170c   _EVMOMAPL138_initRAM
118118c8   _EVMOMAPL138_enableDsp
118118f4   _EVMOMAPL138_pinmuxConfig
11811990   _EVMOMAPL138_lpscTransition
11811d68   _config_pll0
11811fa4   _config_pll1
11812188   _UTIL_printMem
118122e0   _UTIL_isUIBoardAttached
11812300   __divd
11813340   _I2CGPIO_init
11813414   _I2CGPIO_getInput
11813530   _I2CGPIO_getInputAll
11813640   _I2CGPIO_setOutput
11813788   _I2CGPIO_setOutputAll
11813820   __printfi
11813c60   _fputs
11814000   _GPIO_setDir
11814078   _GPIO_getInput
118140ec   _GPIO_setOutput
1181416c   _GPIO_toggleLoop
11814380   _I2C_init
1181446c   _I2C_read
118145c8   _I2C_write
118152a0   _main
11815560   __divf
118157e0   _free
11815a60   __divull
11816140   _sinf
118165a0   _cosf
118167c0   _fputc
118167c0   _putc
11816be0   _setvbuf
11816de0   _USTIMER_init
11816ec4   _USTIMER_delay
11816f54   _USTIMER_reset
11816f84   _USTIMER_get
11816f98   _USTIMER_set
11817180   __divul
11817320   _AIC3106_init
11817418   _AIC3106_readRegister
11817470   _AIC3106_writeRegister
118174c0   _HOSTrename
11817640   _malloc
11817a40   __closefile
11817c80   _fseek
11817da0   _HOSTlseek
11817ea0   __wrt_ok
11817fa0   _HOSTopen
11818080   _HOSTread
11818160   _atoi
11818240   _close
11818320   _memset
11818400   _printf
118184e0   _HOSTunlink
118185a0   _HOSTwrite
11818660   __auto_init
118187e0   __c6xabi_divu
118187e0   __divu
118188a0   __doflush
11818960   __c6xabi_remi
11818960   __remi
11818a20   _exit
11818ae0   _ltoa
11818ba0   _HOSTclose
11818c40   __cleanup
11818ce0   __divli
11818ec0   __fixdli
11819000   _copy_in
11819140   _lseek
118191e0   _memcpy
118193c0   _write
11819460   __fltlid
118194e0   __llshl
11819560   __roundf
118195e0   _c_int00
11819660   _readmsg
118196e0   _unlink
11819760   ___TI_cpp_init
118197c0   __subcull
11819820   _memccpy
11819880   _modff
118198e0   _writemsg
11819938   C$$IO$$
11819940   ___isinf
118199c0   __args_main
11819a00   __frcmpyd_div
11819a40   __llshru
11819a80   __remli
11819ac0   __negll
11819ae0   __nop
11819b40   __truncf
11819b60   C$$EXIT
11819b60   _abort
11819b80   _remove
11819bc0   ___etext__
11819bc0   _codec_data
11819bc0   etext
11819bc8   _y_watch
1181a2d0   _x
1181a2d8   _y
1181a2e8   __ftable
1181a4c8   __tmpnams
1181a608   __ft_end
1181a750   __cleanup_ptr
1181a754   __dtors_ptr
1181a758   ___TI_enable_exit_profile_output
1181a75c   _AIC31_data
1181a760   _sreg
1181a764   __lock
1181a768   __unlock
1181a780   __stack
1181af80   __STACK_END
1181af80   ___cinit__
1181af80   cinit
1181b1c0   __ctypes_
1181b2c8   _bitval_u32
1181b3ac   $bss
1181b3ac   .bss
1181b3ac   ___bss__
1181b3ac   _int_in_r
1181b3ae   _int_in_l
1181b3b0   _float_in_r
1181b3b4   _float_in_l
1181b3b8   _float_out_r
1181b3bc   _float_out_l
1181b3c0   _i
1181b3c4   _dThetak
1181b3c8   _Thetak
1181b3cc   _Ttack
1181b3d0   _Ttask
1181b3d4   _freq
1181b3d8   _yAM
1181b3dc   _yFM
1181b3e4   _pingIN
1181b3e8   _pingOUT
1181b3ec   _pongIN
1181b3f0   _pongOUT
1181b3f4   _fb
1181b3f8   _prand_seed
1181b400   ___end__
1181b400   _vectors
1181b400   end
1181b420   _vector1
1181b440   _vector2
1181b460   _vector3
1181b480   _vector4
1181b4a0   _vector5
1181b4c0   _vector6
1181b4e0   _vector7
1181b500   _vector8
1181b520   _vector9
1181b540   _vector10
1181b560   _vector11
1181b580   _vector12
1181b5a0   _vector13
1181b5c0   _vector14
1181b5e0   _vector15
1181b600   __CIOBUF_
ffffffff   ___TI_pprof_out_hndl
ffffffff   ___TI_prof_data_size
ffffffff   ___TI_prof_data_start
ffffffff   ___binit__
ffffffff   ___c_args__
ffffffff   ___pinit__
ffffffff   binit
ffffffff   pinit

[196 symbols]
