******************************************************************************
               TMS320C6x Linker PC v7.4.24                     
******************************************************************************
>> Linked Thu Mar 08 15:33:36 2018

OUTPUT FILE NAME:   <Test.out>
ENTRY POINT SYMBOL: "_c_int00"  address: 11818e00


MEMORY CONFIGURATION

         name            origin    length      used     unused   attr    fill
----------------------  --------  ---------  --------  --------  ----  --------
  dsp_l2_ram            11800000   00040000  0001abaf  00025451  RWIX
  shared_ram            80000000   00020000  00000000  00020000  RWIX
  external_ram          c0000000   08000000  00000000  08000000  RWIX


SECTION ALLOCATION MAP

 output                                  attributes/
section   page    origin      length       input sections
--------  ----  ----------  ----------   ----------------
.data      0    11800000    00000000     UNINITIALIZED

.sysmem    0    11800000    00010000     UNINITIALIZED
                  11800000    00000008     rts6740.lib : memory.obj (.sysmem)
                  11800008    0000fff8     --HOLE--

.text      0    11810000    00009380     
                  11810000    000016e0     L138_LCDK_aic3106_init.obj (.text)
                  118116e0    00000c20     evmomapl138_bsl.lib : evmomapl138.obj (.text)
                  11812300    000005a0     rts6740.lib : divd.obj (.text:__divd)
                  118128a0    00000580                 : _printfi.obj (.text:__getarg_diouxp)
                  11812e20    00000520                 : _printfi.obj (.text:__setfield)
                  11813340    000004e0     evmomapl138_bsl.lib : evmomapl138_i2c_gpio.obj (.text)
                  11813820    00000440     rts6740.lib : _printfi.obj (.text:__printfi)
                  11813c60    000003a0                 : fputs.obj (.text:_fputs)
                  11814000    00000380     evmomapl138_bsl.lib : evmomapl138_gpio.obj (.text)
                  11814380    00000380                         : evmomapl138_i2c.obj (.text)
                  11814700    00000320     rts6740.lib : _printfi.obj (.text:__pproc_fge)
                  11814a20    000002e0                 : _printfi.obj (.text:_ecvt)
                  11814d00    000002e0                 : _printfi.obj (.text:_fcvt)
                  11814fe0    000002c0                 : _printfi.obj (.text:__pproc_fwp)
                  118152a0    00000280                 : memory.obj (.text:_free)
                  11815520    00000260                 : imath64.obj (.text:__divull)
                  11815780    00000240                 : _printfi.obj (.text:__pconv_e)
                  118159c0    00000240                 : _printfi.obj (.text:__pproc_diouxp)
                  11815c00    00000240     main.obj (.text:retain)
                  11815e40    00000220     rts6740.lib : _printfi.obj (.text:__pproc_str)
                  11816060    00000220                 : fputc.obj (.text:_fputc)
                  11816280    00000200                 : _printfi.obj (.text:__pconv_g)
                  11816480    00000200                 : setvbuf.obj (.text:_setvbuf)
                  11816680    000001e0     evmomapl138_bsl.lib : evmomapl138_timer.obj (.text)
                  11816860    000001c0     rts6740.lib : _printfi.obj (.text:__mcpy)
                  11816a20    000001a0                 : imath40.obj (.text:__divul)
                  11816bc0    000001a0     evmomapl138_bsl.lib : evmomapl138_aic3106.obj (.text)
                  11816d60    00000180     rts6740.lib : trgdrv.obj (.text:_HOSTrename)
                  11816ee0    00000180                 : memory.obj (.text:_malloc)
                  11817060    00000140                 : _printfi.obj (.text:__pproc_fflags)
                  118171a0    00000140                 : lowlev.obj (.text:_getdevice)
                  118172e0    00000120                 : fclose.obj (.text:__closefile)
                  11817400    00000120                 : _printfi.obj (.text:__ltostr)
                  11817520    00000120                 : fseek.obj (.text:_fseek)
                  11817640    00000100                 : trgdrv.obj (.text:_HOSTlseek)
                  11817740    00000100                 : _io_perm.obj (.text:__wrt_ok)
                  11817840    000000e0                 : trgdrv.obj (.text:_HOSTopen)
                  11817920    000000e0                 : trgdrv.obj (.text:_HOSTread)
                  11817a00    000000e0                 : atoi.obj (.text:_atoi)
                  11817ae0    000000e0                 : lowlev.obj (.text:_close)
                  11817bc0    000000e0                 : memset.obj (.text:_memset)
                  11817ca0    000000e0                 : printf.obj (.text:_printf)
                  11817d80    000000c0                 : trgdrv.obj (.text:_HOSTunlink)
                  11817e40    000000c0                 : trgdrv.obj (.text:_HOSTwrite)
                  11817f00    000000c0                 : autoinit.obj (.text:__auto_init)
                  11817fc0    000000c0                 : _printfi.obj (.text:__div)
                  11818080    000000c0                 : divu.obj (.text:__divu)
                  11818140    000000c0                 : fflush.obj (.text:__doflush)
                  11818200    000000c0                 : remi.obj (.text:__remi)
                  118182c0    000000c0                 : exit.obj (.text:_exit)
                  11818380    000000c0                 : ltoa.obj (.text:_ltoa)
                  11818440    000000a0                 : trgdrv.obj (.text:_HOSTclose)
                  118184e0    000000a0                 : fopen.obj (.text:__cleanup)
                  11818580    000000a0                 : imath40.obj (.text:__divli)
                  11818620    000000a0                 : _printfi.obj (.text:__ecpy)
                  118186c0    000000a0                 : _printfi.obj (.text:__fcpy)
                  11818760    000000a0                 : fixdli.obj (.text:__fixdli)
                  11818800    000000a0                 : _printfi.obj (.text:__pconv_f)
                  118188a0    000000a0                 : cpy_tbl.obj (.text:_copy_in)
                  11818940    000000a0                 : lowlev.obj (.text:_finddevice)
                  118189e0    000000a0                 : lowlev.obj (.text:_lseek)
                  11818a80    000000a0                 : memcpy64.obj (.text:_memcpy)
                  11818b20    000000a0                 : memory.obj (.text:_minsert)
                  11818bc0    000000a0                 : memory.obj (.text:_mremove)
                  11818c60    000000a0                 : lowlev.obj (.text:_write)
                  11818d00    00000080                 : fltlid.obj (.text:__fltlid)
                  11818d80    00000080                 : llshift.obj (.text:__llshl)
                  11818e00    00000080                 : boot.obj (.text:_c_int00)
                  11818e80    00000080                 : trgmsg.obj (.text:_readmsg)
                  11818f00    00000080                 : lowlev.obj (.text:_unlink)
                  11818f80    00000060                 : cpp_init.obj (.text:___TI_cpp_init)
                  11818fe0    00000060                 : imath64.obj (.text:__subcull)
                  11819040    00000060                 : memccpy.obj (.text:_memccpy)
                  118190a0    00000060                 : trgmsg.obj (.text:_writemsg)
                  11819100    00000040                 : isinf.obj (.text:___isinf)
                  11819140    00000040                 : _printfi.obj (.text:___isnan)
                  11819180    00000040                 : args_main.obj (.text:__args_main)
                  118191c0    00000040                 : frcmpyd_div.obj (.text:__frcmpyd_div)
                  11819200    00000040                 : llshift.obj (.text:__llshru)
                  11819240    00000040                 : imath40.obj (.text:__remli)
                  11819280    00000020                 : negll.obj (.text:__negll)
                  118192a0    00000020                 : _lock.obj (.text:__nop)
                  118192c0    00000020                 : printf.obj (.text:__outc)
                  118192e0    00000020                 : printf.obj (.text:__outs)
                  11819300    00000020                 : exit.obj (.text:_abort)
                  11819320    00000020                 : remove.obj (.text:_remove)
                  11819340    00000020     main.obj (.text)
                  11819360    00000020     vectors_intr.obj (.text)

.far       0    11819380    000008d0     UNINITIALIZED
                  11819380    00000460     main.obj (.far)
                  118197e0    00000324     rts6740.lib : defs.obj (.far)
                  11819b04    00000004                 : fopen.obj (.far)
                  11819b08    0000011c                 : lowlev.obj (.far)
                  11819c24    0000000c                 : exit.obj (.far)
                  11819c30    00000008     L138_LCDK_aic3106_init.obj (.far)
                  11819c38    00000008     rts6740.lib : _lock.obj (.far)
                  11819c40    00000008                 : memory.obj (.far)
                  11819c48    00000008                 : trgdrv.obj (.far)

.stack     0    11819c50    00000800     UNINITIALIZED
                  11819c50    00000008     rts6740.lib : boot.obj (.stack)
                  11819c58    000007f8     --HOLE--

.cinit     0    1181a450    0000020c     
                  1181a450    00000082     main.obj (.cinit)
                  1181a4d2    00000006     --HOLE-- [fill = 0]
                  1181a4d8    0000005c     rts6740.lib : defs.obj (.cinit)
                  1181a534    00000004     --HOLE-- [fill = 0]
                  1181a538    0000005c                 : lowlev.obj (.cinit)
                  1181a594    00000004     --HOLE-- [fill = 0]
                  1181a598    0000002c     L138_LCDK_aic3106_init.obj (.cinit)
                  1181a5c4    00000004     --HOLE-- [fill = 0]
                  1181a5c8    0000002c     rts6740.lib : exit.obj (.cinit)
                  1181a5f4    00000004     --HOLE-- [fill = 0]
                  1181a5f8    0000002c                 : memory.obj (.cinit)
                  1181a624    00000004     --HOLE-- [fill = 0]
                  1181a628    0000001c                 : _lock.obj (.cinit)
                  1181a644    00000004     --HOLE-- [fill = 0]
                  1181a648    0000000c                 : fopen.obj (.cinit)
                  1181a654    00000004     --HOLE-- [fill = 0]
                  1181a658    00000004     (.pad.cinit) [fill = 0]

.cio       0    1181a660    00000120     UNINITIALIZED
                  1181a660    00000120     rts6740.lib : trgmsg.obj (.cio)

.bss       0    1181a780    00000024     UNINITIALIZED
                  1181a780    0000001c     L138_LCDK_aic3106_init.obj (.bss)
                  1181a79c    00000004     evmomapl138_bsl.lib : evmomapl138_i2c.obj (.bss)
                  1181a7a0    00000004     main.obj (.bss)

.switch    0    1181a7a4    00000024     
                  1181a7a4    00000024     evmomapl138_bsl.lib : evmomapl138_gpio.obj (.switch:_getRegisterBankAndBit)

.vecs      0    1181a800    00000200     
                  1181a800    00000200     vectors_intr.obj (.vecs)

.const     0    1181aa00    000001eb     
                  1181aa00    00000101     rts6740.lib : ctype.obj (.const:.string:__ctypes_)
                  1181ab01    00000002                 : fputs.obj (.const:.string)
                  1181ab03    00000005     --HOLE-- [fill = 0]
                  1181ab08    00000080     evmomapl138_bsl.lib : evmomapl138.obj (.const:_bitval_u32)
                  1181ab88    00000040                         : evmomapl138.obj (.const:.string)
                  1181abc8    00000023     rts6740.lib : _printfi.obj (.const:.string)


GLOBAL SYMBOLS: SORTED ALPHABETICALLY BY Name 

address    name
--------   ----
1181a780   $bss
1181a780   .bss
11800000   .data
11810000   .text
11819300   C$$EXIT
118190f8   C$$IO$$
11816bc0   _AIC3106_init
11816cb8   _AIC3106_readRegister
11816d10   _AIC3106_writeRegister
11819c30   _AIC31_data
11810258   _EDMA3_PaRAM_setup
118118c8   _EVMOMAPL138_enableDsp
118116e0   _EVMOMAPL138_init
1181170c   _EVMOMAPL138_initRAM
11811990   _EVMOMAPL138_lpscTransition
118118f4   _EVMOMAPL138_pinmuxConfig
11814078   _GPIO_getInput
11814000   _GPIO_setDir
118140ec   _GPIO_setOutput
1181416c   _GPIO_toggleLoop
11818440   _HOSTclose
11817640   _HOSTlseek
11817840   _HOSTopen
11817920   _HOSTread
11816d60   _HOSTrename
11817d80   _HOSTunlink
11817e40   _HOSTwrite
11813414   _I2CGPIO_getInput
11813530   _I2CGPIO_getInputAll
11813340   _I2CGPIO_init
11813640   _I2CGPIO_setOutput
11813788   _I2CGPIO_setOutputAll
11814380   _I2C_init
1181446c   _I2C_read
118145c8   _I2C_write
11811118   _L138_init_LCDK_DIP
11810de0   _L138_init_aic3106_registers
11810630   _L138_init_mcasp_edma
118108ec   _L138_init_mcasp_intr
11810b4c   _L138_init_mcasp_poll
118111c4   _L138_initialise_edma
1181142c   _L138_initialise_intr
11811348   _L138_initialise_poll
11816764   _USTIMER_delay
11816824   _USTIMER_get
11816680   _USTIMER_init
118167f4   _USTIMER_reset
11816838   _USTIMER_set
118122e0   _UTIL_isUIBoardAttached
11812188   _UTIL_printMem
1181a660   __CIOBUF_
1181a450   __STACK_END
00000800   __STACK_SIZE
00010000   __SYSMEM_SIZE
00000001   __TI_args_main
11818f80   ___TI_cpp_init
11819c2c   ___TI_enable_exit_profile_output
ffffffff   ___TI_pprof_out_hndl
ffffffff   ___TI_prof_data_size
ffffffff   ___TI_prof_data_start
ffffffff   ___binit__
1181a780   ___bss__
ffffffff   ___c_args__
1181a450   ___cinit__
11800000   ___data__
11800000   ___edata__
1181a7a4   ___end__
11819380   ___etext__
11819100   ___isinf
ffffffff   ___pinit__
11810000   ___text__
11819180   __args_main
11817f00   __auto_init
11818080   __c6xabi_divu
11818200   __c6xabi_remi
118184e0   __cleanup
11819c24   __cleanup_ptr
118172e0   __closefile
1181aa00   __ctypes_
11812300   __divd
11818580   __divli
11818080   __divu
11816a20   __divul
11815520   __divull
11818140   __doflush
11819c28   __dtors_ptr
11818760   __fixdli
11818d00   __fltlid
118191c0   __frcmpyd_div
11819b00   __ft_end
118197e0   __ftable
11818d80   __llshl
11819200   __llshru
11819c38   __lock
11819280   __negll
118192a0   __nop
11813820   __printfi
11818200   __remi
11819240   __remli
11819c50   __stack
11818fe0   __subcull
11800000   __sys_memory
118199c0   __tmpnams
11819c3c   __unlock
11817740   __wrt_ok
11819300   _abort
11817a00   _atoi
1181ab08   _bitval_u32
1181a7a2   _buf_ptr
118193e0   _buffer
11818e00   _c_int00
11817ae0   _close
11811d68   _config_pll0
11811fa4   _config_pll1
118188a0   _copy_in
118182c0   _exit
1181a794   _fb
11816060   _fputc
11813c60   _fputs
118152a0   _free
11817520   _fseek
118101a8   _input_left_sample
11810200   _input_right_sample
11810150   _input_sample
11815c00   _interrupt4
118189e0   _lseek
11818380   _ltoa
11819340   _main
11816ee0   _malloc
11819040   _memccpy
11818a80   _memcpy
11817bc0   _memset
11810068   _output_left_sample
118100e0   _output_right_sample
11810000   _output_sample
1181a784   _pingIN
1181a788   _pingOUT
1181a78c   _pongIN
1181a790   _pongOUT
118116b4   _prand
1181a798   _prand_seed
11811568   _prbs
11817ca0   _printf
11816060   _putc
11811638   _rand31_next
11811160   _read_LCDK_user_DIP
11818e80   _readmsg
11819320   _remove
11816480   _setvbuf
1181a7a0   _sine_ptr
11819380   _sine_table
11819c34   _sreg
11818f00   _unlink
1181a820   _vector1
1181a940   _vector10
1181a960   _vector11
1181a980   _vector12
1181a9a0   _vector13
1181a9c0   _vector14
1181a9e0   _vector15
1181a840   _vector2
1181a860   _vector3
1181a8a0   _vector5
1181a8c0   _vector6
1181a8e0   _vector7
1181a900   _vector8
1181a920   _vector9
1181a800   _vectors
11818c60   _write
118190a0   _writemsg
ffffffff   binit
1181a450   cinit
11800000   edata
1181a7a4   end
11819380   etext
ffffffff   pinit


GLOBAL SYMBOLS: SORTED BY Symbol Address 

address    name
--------   ----
00000001   __TI_args_main
00000800   __STACK_SIZE
00010000   __SYSMEM_SIZE
11800000   .data
11800000   ___data__
11800000   ___edata__
11800000   __sys_memory
11800000   edata
11810000   .text
11810000   ___text__
11810000   _output_sample
11810068   _output_left_sample
118100e0   _output_right_sample
11810150   _input_sample
118101a8   _input_left_sample
11810200   _input_right_sample
11810258   _EDMA3_PaRAM_setup
11810630   _L138_init_mcasp_edma
118108ec   _L138_init_mcasp_intr
11810b4c   _L138_init_mcasp_poll
11810de0   _L138_init_aic3106_registers
11811118   _L138_init_LCDK_DIP
11811160   _read_LCDK_user_DIP
118111c4   _L138_initialise_edma
11811348   _L138_initialise_poll
1181142c   _L138_initialise_intr
11811568   _prbs
11811638   _rand31_next
118116b4   _prand
118116e0   _EVMOMAPL138_init
1181170c   _EVMOMAPL138_initRAM
118118c8   _EVMOMAPL138_enableDsp
118118f4   _EVMOMAPL138_pinmuxConfig
11811990   _EVMOMAPL138_lpscTransition
11811d68   _config_pll0
11811fa4   _config_pll1
11812188   _UTIL_printMem
118122e0   _UTIL_isUIBoardAttached
11812300   __divd
11813340   _I2CGPIO_init
11813414   _I2CGPIO_getInput
11813530   _I2CGPIO_getInputAll
11813640   _I2CGPIO_setOutput
11813788   _I2CGPIO_setOutputAll
11813820   __printfi
11813c60   _fputs
11814000   _GPIO_setDir
11814078   _GPIO_getInput
118140ec   _GPIO_setOutput
1181416c   _GPIO_toggleLoop
11814380   _I2C_init
1181446c   _I2C_read
118145c8   _I2C_write
118152a0   _free
11815520   __divull
11815c00   _interrupt4
11816060   _fputc
11816060   _putc
11816480   _setvbuf
11816680   _USTIMER_init
11816764   _USTIMER_delay
118167f4   _USTIMER_reset
11816824   _USTIMER_get
11816838   _USTIMER_set
11816a20   __divul
11816bc0   _AIC3106_init
11816cb8   _AIC3106_readRegister
11816d10   _AIC3106_writeRegister
11816d60   _HOSTrename
11816ee0   _malloc
118172e0   __closefile
11817520   _fseek
11817640   _HOSTlseek
11817740   __wrt_ok
11817840   _HOSTopen
11817920   _HOSTread
11817a00   _atoi
11817ae0   _close
11817bc0   _memset
11817ca0   _printf
11817d80   _HOSTunlink
11817e40   _HOSTwrite
11817f00   __auto_init
11818080   __c6xabi_divu
11818080   __divu
11818140   __doflush
11818200   __c6xabi_remi
11818200   __remi
118182c0   _exit
11818380   _ltoa
11818440   _HOSTclose
118184e0   __cleanup
11818580   __divli
11818760   __fixdli
118188a0   _copy_in
118189e0   _lseek
11818a80   _memcpy
11818c60   _write
11818d00   __fltlid
11818d80   __llshl
11818e00   _c_int00
11818e80   _readmsg
11818f00   _unlink
11818f80   ___TI_cpp_init
11818fe0   __subcull
11819040   _memccpy
118190a0   _writemsg
118190f8   C$$IO$$
11819100   ___isinf
11819180   __args_main
118191c0   __frcmpyd_div
11819200   __llshru
11819240   __remli
11819280   __negll
118192a0   __nop
11819300   C$$EXIT
11819300   _abort
11819320   _remove
11819340   _main
11819380   ___etext__
11819380   _sine_table
11819380   etext
118193e0   _buffer
118197e0   __ftable
118199c0   __tmpnams
11819b00   __ft_end
11819c24   __cleanup_ptr
11819c28   __dtors_ptr
11819c2c   ___TI_enable_exit_profile_output
11819c30   _AIC31_data
11819c34   _sreg
11819c38   __lock
11819c3c   __unlock
11819c50   __stack
1181a450   __STACK_END
1181a450   ___cinit__
1181a450   cinit
1181a660   __CIOBUF_
1181a780   $bss
1181a780   .bss
1181a780   ___bss__
1181a784   _pingIN
1181a788   _pingOUT
1181a78c   _pongIN
1181a790   _pongOUT
1181a794   _fb
1181a798   _prand_seed
1181a7a0   _sine_ptr
1181a7a2   _buf_ptr
1181a7a4   ___end__
1181a7a4   end
1181a800   _vectors
1181a820   _vector1
1181a840   _vector2
1181a860   _vector3
1181a8a0   _vector5
1181a8c0   _vector6
1181a8e0   _vector7
1181a900   _vector8
1181a920   _vector9
1181a940   _vector10
1181a960   _vector11
1181a980   _vector12
1181a9a0   _vector13
1181a9c0   _vector14
1181a9e0   _vector15
1181aa00   __ctypes_
1181ab08   _bitval_u32
ffffffff   ___TI_pprof_out_hndl
ffffffff   ___TI_prof_data_size
ffffffff   ___TI_prof_data_start
ffffffff   ___binit__
ffffffff   ___c_args__
ffffffff   ___pinit__
ffffffff   binit
ffffffff   pinit

[176 symbols]
