******************************************************************************
               TMS320C6x Linker PC v7.2.0                      
******************************************************************************
>> Linked Thu Jun 30 10:28:48 2011

OUTPUT FILE NAME:   <evmomapl138_test_upp.out>
ENTRY POINT SYMBOL: "_c_int00"  address: 80007920


MEMORY CONFIGURATION

         name            origin    length      used     unused   attr    fill
----------------------  --------  ---------  --------  --------  ----  --------
  dsp_l2_ram            11800000   00040000  00000000  00040000  RWIX
  shared_ram            80000000   00020000  00009e58  000161a8  RWIX
  external_ram          c0000000   08000000  00000000  08000000  RWIX
  arm_local_ram         ffff0000   00002000  00000000  00002000  RWIX


SECTION ALLOCATION MAP

 output                                  attributes/
section   page    origin      length       input sections
--------  ----  ----------  ----------   ----------------
.text      0    80000000    00007f00     
                  80000000    00000c20     evmomapl138_bsl.lib : evmomapl138.obj (.text)
                  80000c20    00000680     rts6740.lib : divd.obj (.text:__divd)
                  800012a0    00000580                 : _printfi.obj (.text:__getarg_diouxp)
                  80001820    000004e0     evmomapl138_bsl.lib : evmomapl138_i2c_gpio.obj (.text)
                  80001d00    00000480     rts6740.lib : _printfi.obj (.text:__setfield)
                  80002180    00000460     test_upp.obj (.text)
                  800025e0    00000440     rts6740.lib : _printfi.obj (.text:__printfi)
                  80002a20    00000380     evmomapl138_bsl.lib : evmomapl138_gpio.obj (.text)
                  80002da0    00000380                         : evmomapl138_i2c.obj (.text)
                  80003120    00000300     rts6740.lib : fputs.obj (.text:_fputs)
                  80003420    000002e0                 : _printfi.obj (.text:__pproc_fwp)
                  80003700    000002c0                 : _printfi.obj (.text:__pproc_fge)
                  800039c0    000002a0                 : _printfi.obj (.text:_ecvt)
                  80003c60    000002a0                 : _printfi.obj (.text:_fcvt)
                  80003f00    00000280                 : memory.obj (.text:_free)
                  80004180    00000260                 : imath64.obj (.text:__divull)
                  800043e0    00000260                 : _printfi.obj (.text:__pconv_e)
                  80004640    00000220                 : _printfi.obj (.text:__pproc_diouxp)
                  80004860    00000220                 : _printfi.obj (.text:__pproc_str)
                  80004a80    00000200                 : _printfi.obj (.text:__pconv_g)
                  80004c80    00000200     evmomapl138_bsl.lib : evmomapl138_cdce913.obj (.text)
                  80004e80    000001e0                         : evmomapl138_timer.obj (.text)
                  80005060    000001e0                         : evmomapl138_uPP.obj (.text)
                  80005240    000001c0     rts6740.lib : _printfi.obj (.text:__mcpy)
                  80005400    000001a0                 : imath40.obj (.text:__divul)
                  800055a0    000001a0                 : setvbuf.obj (.text:_setvbuf)
                  80005740    00000180                 : trgdrv.obj (.text:_HOSTrename)
                  800058c0    00000180                 : frcmpyd_div.obj (.text:__frcmpyd_div)
                  80005a40    00000180                 : memory.obj (.text:_malloc)
                  80005bc0    00000140                 : _printfi.obj (.text:__pproc_fflags)
                  80005d00    00000140                 : fputc.obj (.text:_fputc)
                  80005e40    00000140                 : lowlev.obj (.text:_getdevice)
                  80005f80    00000120                 : fclose.obj (.text:_fclose)
                  800060a0    00000100                 : trgdrv.obj (.text:_HOSTlseek)
                  800061a0    00000100                 : autoinit.obj (.text:__auto_init)
                  800062a0    00000100                 : _printfi.obj (.text:__ltostr)
                  800063a0    00000100                 : _io_perm.obj (.text:__wrt_ok)
                  800064a0    000000e0                 : trgdrv.obj (.text:_HOSTopen)
                  80006580    000000e0                 : atoi.obj (.text:_atoi)
                  80006660    000000e0                 : lowlev.obj (.text:_close)
                  80006740    000000e0                 : exit.obj (.text:_exit)
                  80006820    000000e0                 : memset.obj (.text:_memset)
                  80006900    000000c0                 : trgdrv.obj (.text:_HOSTread)
                  800069c0    000000c0                 : trgdrv.obj (.text:_HOSTunlink)
                  80006a80    000000c0                 : trgdrv.obj (.text:_HOSTwrite)
                  80006b40    000000c0                 : fopen.obj (.text:__cleanup)
                  80006c00    000000c0                 : _printfi.obj (.text:__div)
                  80006cc0    000000c0                 : divu.obj (.text:__divu)
                  80006d80    000000c0                 : fflush.obj (.text:__doflush)
                  80006e40    000000c0                 : fseek.obj (.text:_fseek)
                  80006f00    000000c0                 : lowlev.obj (.text:_lseek)
                  80006fc0    000000c0                 : ltoa.obj (.text:_ltoa)
                  80007080    000000c0                 : lowlev.obj (.text:_write)
                  80007140    000000a0                 : trgdrv.obj (.text:_HOSTclose)
                  800071e0    000000a0                 : imath40.obj (.text:__divli)
                  80007280    000000a0                 : _printfi.obj (.text:__ecpy)
                  80007320    000000a0                 : _printfi.obj (.text:__fcpy)
                  800073c0    000000a0                 : fixdli.obj (.text:__fixdli)
                  80007460    000000a0                 : _printfi.obj (.text:__pconv_f)
                  80007500    000000a0                 : cpy_tbl.obj (.text:_copy_in)
                  800075a0    000000a0                 : lowlev.obj (.text:_finddevice)
                  80007640    000000a0                 : memcpy64.obj (.text:_memcpy)
                  800076e0    000000a0                 : memory.obj (.text:_minsert)
                  80007780    000000a0                 : memory.obj (.text:_mremove)
                  80007820    00000080                 : fltlid.obj (.text:__fltlid)
                  800078a0    00000080                 : llshift.obj (.text:__llshl)
                  80007920    00000080                 : boot.obj (.text:_c_int00)
                  800079a0    00000080                 : printf.obj (.text:_printf)
                  80007a20    00000080                 : trgmsg.obj (.text:_readmsg)
                  80007aa0    00000080                 : lowlev.obj (.text:_unlink)
                  80007b20    00000080     main_upp.obj (.text)
                  80007ba0    00000060     rts6740.lib : imath64.obj (.text:__subcull)
                  80007c00    00000060                 : memccpy.obj (.text:_memccpy)
                  80007c60    00000060                 : trgmsg.obj (.text:_writemsg)
                  80007cc0    00000040                 : isinf.obj (.text:___isinf)
                  80007d00    00000040                 : _printfi.obj (.text:___isnan)
                  80007d40    00000040                 : divd.obj (.text:___isnan)
                  80007d80    00000040                 : args_main.obj (.text:__args_main)
                  80007dc0    00000040                 : llshift.obj (.text:__llshru)
                  80007e00    00000040                 : imath40.obj (.text:__remli)
                  80007e40    00000020                 : negll.obj (.text:__negll)
                  80007e60    00000020                 : _lock.obj (.text:__nop)
                  80007e80    00000020                 : printf.obj (.text:__outc)
                  80007ea0    00000020                 : printf.obj (.text:__outs)
                  80007ec0    00000020                 : exit.obj (.text:_abort)
                  80007ee0    00000020                 : remove.obj (.text:_remove)

.data      0    80000000    00000000     UNINITIALIZED

.stack     0    80007f00    00000800     UNINITIALIZED
                  80007f00    00000008     rts6740.lib : boot.obj (.stack)
                  80007f08    000007f8     --HOLE--

.sysmem    0    80008700    00000800     UNINITIALIZED
                  80008700    00000008     rts6740.lib : memory.obj (.sysmem)
                  80008708    000007f8     --HOLE--

.const     0    80008f00    00000750     
                  80008f00    000004e4     test_upp.obj (.const:.string)
                  800093e4    00000002     rts6740.lib : fputs.obj (.const:.string)
                  800093e6    00000002     --HOLE-- [fill = 0]
                  800093e8    00000101                 : ctype.obj (.const:__ctypes_)
                  800094e9    00000007     --HOLE-- [fill = 0]
                  800094f0    00000080     evmomapl138_bsl.lib : evmomapl138.obj (.const:_bitval_u32)
                  80009570    00000070     main_upp.obj (.const:.string)
                  800095e0    00000040     evmomapl138_bsl.lib : evmomapl138.obj (.const:.string)
                  80009620    00000023     rts6740.lib : _printfi.obj (.const:.string)
                  80009643    00000005     --HOLE-- [fill = 0]
                  80009648    00000008                 : divd.obj (.const:_initial_approx$1)

.switch    0    80009650    00000024     
                  80009650    00000024     evmomapl138_bsl.lib : evmomapl138_gpio.obj (.switch:_getRegisterBankAndBit)

.bss       0    80009674    00000004     UNINITIALIZED
                  80009674    00000004     evmomapl138_bsl.lib : evmomapl138_i2c.obj (.bss)

.far       0    80009680    0000045c     UNINITIALIZED
                  80009680    00000194     rts6740.lib : defs.obj (.far)
                  80009814    0000000c                 : exit.obj (.far)
                  80009820    00000008                 : _lock.obj (.far)
                  80009828    00000008                 : memory.obj (.far)
                  80009830    00000004                 : fopen.obj (.far)
                  80009834    0000000c     --HOLE--
                  80009840    00000100     test_upp.obj (.far)
                  80009940    000000d0     rts6740.lib : trgdrv.obj (.far)
                  80009a10    000000cc                 : lowlev.obj (.far)

.cinit     0    80009ae0    00000264     
                  80009ae0    00000110     test_upp.obj (.cinit)
                  80009bf0    0000005c     rts6740.lib : defs.obj (.cinit)
                  80009c4c    00000004     --HOLE-- [fill = 0]
                  80009c50    0000005c                 : lowlev.obj (.cinit)
                  80009cac    00000004     --HOLE-- [fill = 0]
                  80009cb0    0000002c                 : exit.obj (.cinit)
                  80009cdc    00000004     --HOLE-- [fill = 0]
                  80009ce0    0000002c                 : memory.obj (.cinit)
                  80009d0c    00000004     --HOLE-- [fill = 0]
                  80009d10    0000001c                 : _lock.obj (.cinit)
                  80009d2c    00000004     --HOLE-- [fill = 0]
                  80009d30    0000000c                 : fopen.obj (.cinit)
                  80009d3c    00000004     --HOLE-- [fill = 0]
                  80009d40    00000004     (.pad.cinit) [fill = 0]

.cio       0    80009d44    00000120     UNINITIALIZED
                  80009d44    00000120     rts6740.lib : trgmsg.obj (.cio)


GLOBAL SYMBOLS: SORTED ALPHABETICALLY BY Name 

address    name
--------   ----
80009674   $bss
80009674   .bss
80000000   .data
80000000   .text
80007ec0   C$$EXIT
80007cb8   C$$IO$$
80004c80   _CDCE913_init
80004cb8   _CDCE913_readByte
80004d68   _CDCE913_setOutput
80004d20   _CDCE913_writeByte
800001e8   _EVMOMAPL138_enableDsp
80000000   _EVMOMAPL138_init
8000002c   _EVMOMAPL138_initRAM
800002b0   _EVMOMAPL138_lpscTransition
80000214   _EVMOMAPL138_pinmuxConfig
80002a98   _GPIO_getInput
80002a20   _GPIO_setDir
80002b0c   _GPIO_setOutput
80002b8c   _GPIO_toggleLoop
80007140   _HOSTclose
800060a0   _HOSTlseek
800064a0   _HOSTopen
80006900   _HOSTread
80005740   _HOSTrename
800069c0   _HOSTunlink
80006a80   _HOSTwrite
800018f4   _I2CGPIO_getInput
80001a10   _I2CGPIO_getInputAll
80001820   _I2CGPIO_init
80001b20   _I2CGPIO_setOutput
80001c68   _I2CGPIO_setOutputAll
80002da0   _I2C_init
80002e8c   _I2C_read
80002fe8   _I2C_write
80002180   _TEST_adcdac
80005060   _UPP_init
80004f64   _USTIMER_delay
80005024   _USTIMER_get
80004e80   _USTIMER_init
80004ff4   _USTIMER_reset
80005038   _USTIMER_set
80000c00   _UTIL_isUIBoardAttached
80000aa8   _UTIL_printMem
80009d44   __CIOBUF_
80008700   __STACK_END
00000800   __STACK_SIZE
00000800   __SYSMEM_SIZE
00000001   __TI_args_main
8000981c   ___TI_enable_exit_profile_output
ffffffff   ___TI_pprof_out_hndl
ffffffff   ___TI_prof_data_size
ffffffff   ___TI_prof_data_start
ffffffff   ___binit__
80009674   ___bss__
ffffffff   ___c_args__
80009ae0   ___cinit__
80000000   ___data__
80000000   ___edata__
80009678   ___end__
80007f00   ___etext__
80007cc0   ___isinf
ffffffff   ___pinit__
80000000   ___text__
80007d80   __args_main
800061a0   __auto_init
80006cc0   __c6xabi_divu
80006b40   __cleanup
80009814   __cleanup_ptr
800093e8   __ctypes_
80000c20   __divd
800071e0   __divli
80006cc0   __divu
80005400   __divul
80004180   __divull
80006d80   __doflush
80009818   __dtors_ptr
800073c0   __fixdli
80007820   __fltlid
800058c0   __frcmpyd_div
80009810   __ft_end
80009680   __ftable
800078a0   __llshl
80007dc0   __llshru
80009820   __lock
80007e40   __negll
80007e60   __nop
800025e0   __printfi
80007e00   __remli
80007f00   __stack
80007ba0   __subcull
80008700   __sys_memory
80009770   __tmpnams
80009824   __unlock
800063a0   __wrt_ok
80007ec0   _abort
80006580   _atoi
800094f0   _bitval_u32
80007920   _c_int00
80006660   _close
80000688   _config_pll0
800008c4   _config_pll1
80007500   _copy_in
80006740   _exit
80005f80   _fclose
80005d00   _fputc
80003120   _fputs
80003f00   _free
80006e40   _fseek
80006f00   _lseek
80006fc0   _ltoa
80007b20   _main
80005a40   _malloc
80007c00   _memccpy
80007640   _memcpy
80006820   _memset
800079a0   _printf
80005d00   _putc
80007a20   _readmsg
800098c0   _recv_buffer
80007ee0   _remove
800055a0   _setvbuf
80007aa0   _unlink
80007080   _write
80007c60   _writemsg
80009840   _xmit_buffer
ffffffff   binit
80009ae0   cinit
80000000   edata
80009678   end
80007f00   etext
ffffffff   pinit


GLOBAL SYMBOLS: SORTED BY Symbol Address 

address    name
--------   ----
00000001   __TI_args_main
00000800   __STACK_SIZE
00000800   __SYSMEM_SIZE
80000000   .data
80000000   .text
80000000   _EVMOMAPL138_init
80000000   ___data__
80000000   ___edata__
80000000   ___text__
80000000   edata
8000002c   _EVMOMAPL138_initRAM
800001e8   _EVMOMAPL138_enableDsp
80000214   _EVMOMAPL138_pinmuxConfig
800002b0   _EVMOMAPL138_lpscTransition
80000688   _config_pll0
800008c4   _config_pll1
80000aa8   _UTIL_printMem
80000c00   _UTIL_isUIBoardAttached
80000c20   __divd
80001820   _I2CGPIO_init
800018f4   _I2CGPIO_getInput
80001a10   _I2CGPIO_getInputAll
80001b20   _I2CGPIO_setOutput
80001c68   _I2CGPIO_setOutputAll
80002180   _TEST_adcdac
800025e0   __printfi
80002a20   _GPIO_setDir
80002a98   _GPIO_getInput
80002b0c   _GPIO_setOutput
80002b8c   _GPIO_toggleLoop
80002da0   _I2C_init
80002e8c   _I2C_read
80002fe8   _I2C_write
80003120   _fputs
80003f00   _free
80004180   __divull
80004c80   _CDCE913_init
80004cb8   _CDCE913_readByte
80004d20   _CDCE913_writeByte
80004d68   _CDCE913_setOutput
80004e80   _USTIMER_init
80004f64   _USTIMER_delay
80004ff4   _USTIMER_reset
80005024   _USTIMER_get
80005038   _USTIMER_set
80005060   _UPP_init
80005400   __divul
800055a0   _setvbuf
80005740   _HOSTrename
800058c0   __frcmpyd_div
80005a40   _malloc
80005d00   _fputc
80005d00   _putc
80005f80   _fclose
800060a0   _HOSTlseek
800061a0   __auto_init
800063a0   __wrt_ok
800064a0   _HOSTopen
80006580   _atoi
80006660   _close
80006740   _exit
80006820   _memset
80006900   _HOSTread
800069c0   _HOSTunlink
80006a80   _HOSTwrite
80006b40   __cleanup
80006cc0   __c6xabi_divu
80006cc0   __divu
80006d80   __doflush
80006e40   _fseek
80006f00   _lseek
80006fc0   _ltoa
80007080   _write
80007140   _HOSTclose
800071e0   __divli
800073c0   __fixdli
80007500   _copy_in
80007640   _memcpy
80007820   __fltlid
800078a0   __llshl
80007920   _c_int00
800079a0   _printf
80007a20   _readmsg
80007aa0   _unlink
80007b20   _main
80007ba0   __subcull
80007c00   _memccpy
80007c60   _writemsg
80007cb8   C$$IO$$
80007cc0   ___isinf
80007d80   __args_main
80007dc0   __llshru
80007e00   __remli
80007e40   __negll
80007e60   __nop
80007ec0   C$$EXIT
80007ec0   _abort
80007ee0   _remove
80007f00   ___etext__
80007f00   __stack
80007f00   etext
80008700   __STACK_END
80008700   __sys_memory
800093e8   __ctypes_
800094f0   _bitval_u32
80009674   $bss
80009674   .bss
80009674   ___bss__
80009678   ___end__
80009678   end
80009680   __ftable
80009770   __tmpnams
80009810   __ft_end
80009814   __cleanup_ptr
80009818   __dtors_ptr
8000981c   ___TI_enable_exit_profile_output
80009820   __lock
80009824   __unlock
80009840   _xmit_buffer
800098c0   _recv_buffer
80009ae0   ___cinit__
80009ae0   cinit
80009d44   __CIOBUF_
ffffffff   ___TI_pprof_out_hndl
ffffffff   ___TI_prof_data_size
ffffffff   ___TI_prof_data_start
ffffffff   ___binit__
ffffffff   ___c_args__
ffffffff   ___pinit__
ffffffff   binit
ffffffff   pinit

[131 symbols]
