******************************************************************************
                  TMS470 Linker PC v4.6.3                      
******************************************************************************
>> Linked Wed May 25 10:25:25 2011

OUTPUT FILE NAME:   <AM1808EVMNANDTest.out>
ENTRY POINT SYMBOL: "_c_int00"  address: 80007118


MEMORY CONFIGURATION

         name            origin    length      used     unused   attr    fill
----------------------  --------  ---------  --------  --------  ----  --------
  shared_ram            80000000   00020000  000099b9  00016647  RWIX
  external_ram          c0000000   08000000  00000000  08000000  RWIX
  arm_local_ram         ffff0000   00002000  00000000  00002000  RWIX


SEGMENT ALLOCATION MAP

run origin  load origin   length   init length attrs members
----------  ----------- ---------- ----------- ----- -------
80000000    80000000    00007314   00007314    r-x
  80000000    80000000    00007314   00007314    r-x .text
80007314    80007314    00002294   00000000    rw-
  80007314    80007314    00001291   00000000    rw- .bss
  800085a8    800085a8    00000800   00000000    rw- .stack
  80008da8    80008da8    00000800   00000000    rw- .sysmem
800095a8    800095a8    000001f0   000001f0    rw-
  800095a8    800095a8    000001f0   000001f0    rw- .data
80009798    80009798    00000228   00000228    r--
  80009798    80009798    00000184   00000184    r-- .const
  80009920    80009920    000000a0   000000a0    r-- .cinit


SECTION ALLOCATION MAP

 output                                  attributes/
section   page    origin      length       input sections
--------  ----  ----------  ----------   ----------------
.text      0    80000000    00007314     
                  80000000    00001660     am1808_rts.lib : _printfi.obj (.text)
                  80001660    00000cb0     am1808_bsl.lib : evmam1808.obj (.text)
                  80002310    00000a4c                    : evmam1808_nand.obj (.text)
                  80002d5c    00000778     test_nand.obj (.text)
                  800034d4    00000638     am1808_rts.lib : memory.obj (.text)
                  80003b0c    000005c8                    : lowlev.obj (.text)
                  800040d4    00000530     am1808_bsl.lib : evmam1808_i2c_gpio.obj (.text)
                  80004604    000004f8     am1808_rts.lib : trgdrv.obj (.text)
                  80004afc    000003ac     am1808_bsl.lib : evmam1808_gpio.obj (.text)
                  80004ea8    000003a8                    : evmam1808_i2c.obj (.text)
                  80005250    00000300     am1808_rts.lib : fopen.obj (.text)
                  80005550    000002b8                    : ull_div32.obj (.text)
                  80005808    0000023c     am1808_bsl.lib : evmam1808_timer.obj (.text)
                  80005a44    00000214     am1808_rts.lib : fd_add32.obj (.text)
                  80005c58    00000190                    : fd_div32.obj (.text)
                  80005de8    00000190                    : fputs.obj (.text)
                  80005f78    00000180                    : memcpy32.obj (.text)
                  800060f8    00000128                    : fd_mul32.obj (.text)
                  80006220    00000118                    : _io_perm.obj (.text)
                  80006338    00000118                    : i_div32.obj (.text)
                  80006450    00000114                    : setvbuf.obj (.text)
                  80006564    00000110                    : fflush.obj (.text)
                  80006674    00000108     main_nand.obj (.text)
                  8000677c    000000f4     am1808_rts.lib : u_div32.obj (.text)
                  80006870    000000d4                    : auto_init.obj (.text)
                  80006944    000000d4                    : fputc.obj (.text)
                  80006a18    000000d0                    : fd_cmp32.obj (.text)
                  80006ae8    000000b0                    : memset32.obj (.text)
                  80006b98    000000a8                    : trgmsg.obj (.text)
                  80006c40    00000098                    : fclose.obj (.text)
                  80006cd8    00000088                    : cpy_tbl.obj (.text)
                  80006d60    00000084                    : atoi.obj (.text)
                  80006de4    00000080                    : fseek.obj (.text)
                  80006e64    00000080                    : ltoa.obj (.text)
                  80006ee4    00000078                    : exit.obj (.text)
                  80006f5c    00000070                    : printf.obj (.text)
                  80006fcc    0000006c                    : copy_decompress_rle.obj (.text:decompress:rle)
                  80007038    0000005c                    : fd_toi32.obj (.text)
                  80007094    00000048                    : strncpy.obj (.text)
                  800070dc    0000003c                    : i_tofd32.obj (.text)
                  80007118    00000038                    : boot.obj (.text)
                  80007150    00000034                    : memcmp.obj (.text)
                  80007184    0000002c                    : args_main.obj (.text)
                  800071b0    0000002c                    : memchr.obj (.text)
                  800071dc    0000002c                    : strcmp.obj (.text)
                  80007208    00000028                    : memccpy.obj (.text)
                  80007230    00000028                    : strchr.obj (.text)
                  80007258    00000024                    : _lock.obj (.text)
                  8000727c    00000020                    : icall32.obj (.text)
                  8000729c    0000001c                    : strcpy.obj (.text)
                  800072b8    0000001c                    : strlen.obj (.text)
                  800072d4    0000001c                    : copy_zero_init.obj (.text:decompress:ZI)
                  800072f0    0000001c                    : copy_decompress_none.obj (.text:decompress:none)
                  8000730c    00000004                    : remove.obj (.text)
                  80007310    00000004                    : tdeh_init.obj (.text)

.bss       0    80007314    00001291     UNINITIALIZED
                  80007314    00000800     test_nand.obj (.bss:rx_buffer)
                  80007b14    00000800     test_nand.obj (.bss:tx_buffer)
                  80008314    00000120     am1808_rts.lib : trgmsg.obj (.bss:__CIOBUF_)
                  80008434    000000c8                    : trgdrv.obj (.bss:result$1)
                  800084fc    000000a0                    : defs.obj (.bss:_tmpnams)
                  8000859c    00000008                    : trgdrv.obj (.bss)
                  800085a4    00000001     am1808_bsl.lib : evmam1808_i2c.obj (.bss)

.stack     0    800085a8    00000800     UNINITIALIZED
                  800085a8    00000800     --HOLE--

.sysmem    0    80008da8    00000800     UNINITIALIZED
                  80008da8    00000008     am1808_rts.lib : memory.obj (.sysmem)
                  80008db0    000007f8     --HOLE--

.data      0    800095a8    000001f0     
                  800095a8    000000f0     am1808_rts.lib : defs.obj (.data:_ftable)
                  80009698    00000078                    : lowlev.obj (.data:_device)
                  80009710    00000050                    : lowlev.obj (.data:_stream)
                  80009760    00000010                    : defs.obj (.data)
                  80009770    0000000c                    : memory.obj (.data)
                  8000977c    00000008                    : _lock.obj (.data)
                  80009784    00000008                    : exit.obj (.data)
                  8000978c    00000004                    : fopen.obj (.data)
                  80009790    00000004                    : lowlev.obj (.data)
                  80009794    00000004                    : stkdepth_vars.obj (.data)

.const     0    80009798    00000184     
                  80009798    00000101     am1808_rts.lib : ctype.obj (.const:_ctypes_)
                  80009899    00000003     --HOLE-- [fill = 0]
                  8000989c    00000080     am1808_bsl.lib : evmam1808.obj (.const:bitval_u32)

.cinit     0    80009920    000000a0     
                  80009920    0000007c     (.cinit..data.load) [load image, compression = rle]
                  8000999c    0000000c     (__TI_handler_table)
                  800099a8    00000008     (.cinit..bss.load) [load image, compression = zero_init]
                  800099b0    00000010     (__TI_cinit_table)


LINKER GENERATED COPY TABLES

__TI_cinit_table @ 800099b0 records: 2, size/record: 8, table size: 16
	.data: load addr=80009920, load size=0000007c bytes, run addr=800095a8, run size=000001f0 bytes, compression=rle
	.bss: load addr=800099a8, load size=00000008 bytes, run addr=80007314, run size=00001291 bytes, compression=zero_init


LINKER GENERATED HANDLER TABLE

__TI_handler_table @ 8000999c records: 3, size/record: 4, table size: 12
	index: 0, handler: __TI_zero_init
	index: 1, handler: __TI_decompress_rle
	index: 2, handler: __TI_decompress_none


GLOBAL SYMBOLS: SORTED ALPHABETICALLY BY Name 

address    name
--------   ----
80006ee4   C$$EXIT
80006be0   C$$IO$$
80001660   EVMAM1808_init
800016a0   EVMAM1808_initRAM
800018ec   EVMAM1808_lpscTransition
8000186c   EVMAM1808_pinmuxConfig
80004b90   GPIO_getInput
80004afc   GPIO_setDir
80004c1c   GPIO_setOutput
80004cb0   GPIO_toggleLoop
80004a88   HOSTclock
80004a1c   HOSTclose
80004978   HOSTlseek
800048e8   HOSTopen
80004860   HOSTread
800047c0   HOSTrename
8000475c   HOSTtime
800046f4   HOSTunlink
8000466c   HOSTwrite
800041b8   I2CGPIO_getInput
800042f0   I2CGPIO_getInputAll
800040d4   I2CGPIO_init
80004438   I2CGPIO_setOutput
80004588   I2CGPIO_setOutputAll
80004ea8   I2C_init
80004fa8   I2C_read
800050fc   I2C_write
8000727c   IND_CALL
8000255c   NAND_eraseBlock
80002310   NAND_init
800025b8   NAND_isBadBlock
80002410   NAND_readPage
80002484   NAND_writePage
80002da0   TEST_nand
80005910   USTIMER_delay
800059cc   USTIMER_get
80005808   USTIMER_init
8000599c   USTIMER_reset
800059dc   USTIMER_set
80002210   UTIL_isUIBoardAttached
800020c8   UTIL_printMem
80008314   __CIOBUF_
80008da8   __STACK_END
00000800   __STACK_SIZE
00000800   __SYSMEM_SIZE
800099b0   __TI_CINIT_Base
800099c0   __TI_CINIT_Limit
8000999c   __TI_Handler_Table_Base
800099a8   __TI_Handler_Table_Limit
00000001   __TI_args_main
80006870   __TI_auto_init
800072f0   __TI_decompress_none
80006fcc   __TI_decompress_rle
80009920   __TI_static_base__
800072d4   __TI_zero_init
80006a18   __aeabi_cdcmpeq
80006a18   __aeabi_cdcmple
80007038   __aeabi_d2iz
80005a50   __aeabi_dadd
80005c58   __aeabi_ddiv
800060f8   __aeabi_dmul
80005a44   __aeabi_dsub
800070dc   __aeabi_i2d
80006338   __aeabi_idivmod
80006ae8   __aeabi_memclr
80006ae8   __aeabi_memclr4
80006ae8   __aeabi_memclr8
80005f78   __aeabi_memcpy
80005f78   __aeabi_memcpy4
80005f78   __aeabi_memcpy8
80006aec   __aeabi_memset
80006aec   __aeabi_memset4
80006aec   __aeabi_memset8
8000976c   __aeabi_stderr
80009764   __aeabi_stdin
80009768   __aeabi_stdout
8000677c   __aeabi_uidivmod
80005550   __aeabi_uldivmod
ffffffff   __binit__
ffffffff   __c_args__
800085a8   __stack
80007310   __tdeh_init
80007184   _args_main
80007118   _c_int00
80005390   _cleanup
80009784   _cleanup_ptr
80009798   _ctypes_
80006564   _doflush
80009788   _dtors_ptr
80009760   _ft_end
800095a8   _ftable
8000977c   _lock
80007270   _nop
800013d0   _printfi
800062c0   _rd_ok
80007264   _register_lock
80007258   _register_unlock
80008da8   _sys_memory
800084fc   _tmpnams
80009780   _unlock
80006220   _wrt_ok
80006eec   abort
80003ff8   add_device
80006d60   atoi
ffffffff   binit
8000989c   bitval_u32
80003ab4   calloc
80003f68   close
80001c44   config_pll0
80001eb4   config_pll1
80006cd8   copy_in
80006ef8   exit
80006c40   fclose
800065e8   fflush
80003f64   find_registered_device
800054e4   fopen
80006944   fputc
80005de8   fputs
80003690   free
800053f4   freopen
80006de4   fseek
80004604   getenv
80003eec   lseek
80006e64   ltoa
80006674   main
80009794   main_func_sp
800035d8   malloc
80003978   memalign
80007208   memccpy
800071b0   memchr
80007150   memcmp
80005f78   memcpy
80006af8   memset
800034d4   minit
80003e1c   open
80006f5c   printf
80006944   putc
80006a0c   putchar
80005f44   puts
80003d38   read
80006be8   readmsg
800037ec   realloc
8000730c   remove
80003cec   remove_device
80003c80   rename
80006450   setvbuf
80007230   strchr
800071dc   strcmp
8000729c   strcpy
800072b8   strlen
80007094   strncpy
80003c3c   unlink
80003b0c   write
80006b98   writemsg


GLOBAL SYMBOLS: SORTED BY Symbol Address 

address    name
--------   ----
00000001   __TI_args_main
00000800   __STACK_SIZE
00000800   __SYSMEM_SIZE
800013d0   _printfi
80001660   EVMAM1808_init
800016a0   EVMAM1808_initRAM
8000186c   EVMAM1808_pinmuxConfig
800018ec   EVMAM1808_lpscTransition
80001c44   config_pll0
80001eb4   config_pll1
800020c8   UTIL_printMem
80002210   UTIL_isUIBoardAttached
80002310   NAND_init
80002410   NAND_readPage
80002484   NAND_writePage
8000255c   NAND_eraseBlock
800025b8   NAND_isBadBlock
80002da0   TEST_nand
800034d4   minit
800035d8   malloc
80003690   free
800037ec   realloc
80003978   memalign
80003ab4   calloc
80003b0c   write
80003c3c   unlink
80003c80   rename
80003cec   remove_device
80003d38   read
80003e1c   open
80003eec   lseek
80003f64   find_registered_device
80003f68   close
80003ff8   add_device
800040d4   I2CGPIO_init
800041b8   I2CGPIO_getInput
800042f0   I2CGPIO_getInputAll
80004438   I2CGPIO_setOutput
80004588   I2CGPIO_setOutputAll
80004604   getenv
8000466c   HOSTwrite
800046f4   HOSTunlink
8000475c   HOSTtime
800047c0   HOSTrename
80004860   HOSTread
800048e8   HOSTopen
80004978   HOSTlseek
80004a1c   HOSTclose
80004a88   HOSTclock
80004afc   GPIO_setDir
80004b90   GPIO_getInput
80004c1c   GPIO_setOutput
80004cb0   GPIO_toggleLoop
80004ea8   I2C_init
80004fa8   I2C_read
800050fc   I2C_write
80005390   _cleanup
800053f4   freopen
800054e4   fopen
80005550   __aeabi_uldivmod
80005808   USTIMER_init
80005910   USTIMER_delay
8000599c   USTIMER_reset
800059cc   USTIMER_get
800059dc   USTIMER_set
80005a44   __aeabi_dsub
80005a50   __aeabi_dadd
80005c58   __aeabi_ddiv
80005de8   fputs
80005f44   puts
80005f78   __aeabi_memcpy
80005f78   __aeabi_memcpy4
80005f78   __aeabi_memcpy8
80005f78   memcpy
800060f8   __aeabi_dmul
80006220   _wrt_ok
800062c0   _rd_ok
80006338   __aeabi_idivmod
80006450   setvbuf
80006564   _doflush
800065e8   fflush
80006674   main
8000677c   __aeabi_uidivmod
80006870   __TI_auto_init
80006944   fputc
80006944   putc
80006a0c   putchar
80006a18   __aeabi_cdcmpeq
80006a18   __aeabi_cdcmple
80006ae8   __aeabi_memclr
80006ae8   __aeabi_memclr4
80006ae8   __aeabi_memclr8
80006aec   __aeabi_memset
80006aec   __aeabi_memset4
80006aec   __aeabi_memset8
80006af8   memset
80006b98   writemsg
80006be0   C$$IO$$
80006be8   readmsg
80006c40   fclose
80006cd8   copy_in
80006d60   atoi
80006de4   fseek
80006e64   ltoa
80006ee4   C$$EXIT
80006eec   abort
80006ef8   exit
80006f5c   printf
80006fcc   __TI_decompress_rle
80007038   __aeabi_d2iz
80007094   strncpy
800070dc   __aeabi_i2d
80007118   _c_int00
80007150   memcmp
80007184   _args_main
800071b0   memchr
800071dc   strcmp
80007208   memccpy
80007230   strchr
80007258   _register_unlock
80007264   _register_lock
80007270   _nop
8000727c   IND_CALL
8000729c   strcpy
800072b8   strlen
800072d4   __TI_zero_init
800072f0   __TI_decompress_none
8000730c   remove
80007310   __tdeh_init
80008314   __CIOBUF_
800084fc   _tmpnams
800085a8   __stack
80008da8   __STACK_END
80008da8   _sys_memory
800095a8   _ftable
80009760   _ft_end
80009764   __aeabi_stdin
80009768   __aeabi_stdout
8000976c   __aeabi_stderr
8000977c   _lock
80009780   _unlock
80009784   _cleanup_ptr
80009788   _dtors_ptr
80009794   main_func_sp
80009798   _ctypes_
8000989c   bitval_u32
80009920   __TI_static_base__
8000999c   __TI_Handler_Table_Base
800099a8   __TI_Handler_Table_Limit
800099b0   __TI_CINIT_Base
800099c0   __TI_CINIT_Limit
ffffffff   __binit__
ffffffff   __c_args__
ffffffff   binit

[290 symbols]
