******************************************************************************
               TMS320C6x Linker PC v7.4.24                     
******************************************************************************
>> Linked Mon Apr 16 17:47:46 2018

OUTPUT FILE NAME:   <Lab3p2.out>
ENTRY POINT SYMBOL: "_c_int00"  address: 11819d80


MEMORY CONFIGURATION

         name            origin    length      used     unused   attr    fill
----------------------  --------  ---------  --------  --------  ----  --------
  dsp_l2_ram            11800000   00040000  0001b85f  000247a1  RWIX
  shared_ram            80000000   00020000  00000000  00020000  RWIX
  external_ram          c0000000   08000000  00000000  08000000  RWIX


SECTION ALLOCATION MAP

 output                                  attributes/
section   page    origin      length       input sections
--------  ----  ----------  ----------   ----------------
.data      0    11800000    00000000     UNINITIALIZED

.sysmem    0    11800000    00010000     UNINITIALIZED
                  11800000    00000008     rts6740.lib : memory.obj (.sysmem)
                  11800008    0000fff8     --HOLE--

.text      0    11810000    0000a360     
                  11810000    000016e0     L138_LCDK_aic3106_init.obj (.text)
                  118116e0    00000c20     evmomapl138_bsl.lib : evmomapl138.obj (.text)
                  11812300    00000680     dsp_lab_utils.obj (.text)
                  11812980    000005a0     rts6740.lib : divd.obj (.text:__divd)
                  11812f20    00000580                 : _printfi.obj (.text:__getarg_diouxp)
                  118134a0    00000520                 : _printfi.obj (.text:__setfield)
                  118139c0    000004e0     evmomapl138_bsl.lib : evmomapl138_i2c_gpio.obj (.text)
                  11813ea0    000004a0     L3p3_2.obj (.text)
                  11814340    00000440     rts6740.lib : _printfi.obj (.text:__printfi)
                  11814780    000003a0                 : fputs.obj (.text:_fputs)
                  11814b20    00000380     evmomapl138_bsl.lib : evmomapl138_gpio.obj (.text)
                  11814ea0    00000380                         : evmomapl138_i2c.obj (.text)
                  11815220    00000320     rts6740.lib : _printfi.obj (.text:__pproc_fge)
                  11815540    000002e0                 : _printfi.obj (.text:_ecvt)
                  11815820    000002e0                 : _printfi.obj (.text:_fcvt)
                  11815b00    000002c0                 : _printfi.obj (.text:__pproc_fwp)
                  11815dc0    00000280                 : divf.obj (.text:__divf)
                  11816040    00000280                 : memory.obj (.text:_free)
                  118162c0    00000260                 : imath64.obj (.text:__divull)
                  11816520    00000240                 : _printfi.obj (.text:__pconv_e)
                  11816760    00000240                 : _printfi.obj (.text:__pproc_diouxp)
                  118169a0    00000240                 : sinf.obj (.text:_sinf)
                  11816be0    00000220                 : _printfi.obj (.text:__pproc_str)
                  11816e00    00000220                 : cosf.obj (.text:_cosf)
                  11817020    00000220                 : fputc.obj (.text:_fputc)
                  11817240    00000200                 : _printfi.obj (.text:__pconv_g)
                  11817440    00000200                 : setvbuf.obj (.text:_setvbuf)
                  11817640    000001e0     evmomapl138_bsl.lib : evmomapl138_timer.obj (.text)
                  11817820    000001c0     rts6740.lib : _printfi.obj (.text:__mcpy)
                  118179e0    000001a0                 : imath40.obj (.text:__divul)
                  11817b80    000001a0     evmomapl138_bsl.lib : evmomapl138_aic3106.obj (.text)
                  11817d20    00000180     rts6740.lib : trgdrv.obj (.text:_HOSTrename)
                  11817ea0    00000180                 : memory.obj (.text:_malloc)
                  11818020    00000140                 : _printfi.obj (.text:__pproc_fflags)
                  11818160    00000140                 : lowlev.obj (.text:_getdevice)
                  118182a0    00000120                 : fclose.obj (.text:__closefile)
                  118183c0    00000120                 : _printfi.obj (.text:__ltostr)
                  118184e0    00000120                 : fseek.obj (.text:_fseek)
                  11818600    00000100                 : trgdrv.obj (.text:_HOSTlseek)
                  11818700    00000100                 : _io_perm.obj (.text:__wrt_ok)
                  11818800    000000e0                 : trgdrv.obj (.text:_HOSTopen)
                  118188e0    000000e0                 : trgdrv.obj (.text:_HOSTread)
                  118189c0    000000e0                 : atoi.obj (.text:_atoi)
                  11818aa0    000000e0                 : lowlev.obj (.text:_close)
                  11818b80    000000e0                 : memset.obj (.text:_memset)
                  11818c60    000000e0                 : printf.obj (.text:_printf)
                  11818d40    000000c0                 : trgdrv.obj (.text:_HOSTunlink)
                  11818e00    000000c0                 : trgdrv.obj (.text:_HOSTwrite)
                  11818ec0    000000c0                 : autoinit.obj (.text:__auto_init)
                  11818f80    000000c0                 : _printfi.obj (.text:__div)
                  11819040    000000c0                 : divu.obj (.text:__divu)
                  11819100    000000c0                 : fflush.obj (.text:__doflush)
                  118191c0    000000c0                 : exit.obj (.text:_exit)
                  11819280    000000c0                 : ltoa.obj (.text:_ltoa)
                  11819340    000000a0                 : trgdrv.obj (.text:_HOSTclose)
                  118193e0    000000a0                 : fopen.obj (.text:__cleanup)
                  11819480    000000a0                 : imath40.obj (.text:__divli)
                  11819520    000000a0                 : _printfi.obj (.text:__ecpy)
                  118195c0    000000a0                 : _printfi.obj (.text:__fcpy)
                  11819660    000000a0                 : fixdli.obj (.text:__fixdli)
                  11819700    000000a0                 : _printfi.obj (.text:__pconv_f)
                  118197a0    000000a0                 : cpy_tbl.obj (.text:_copy_in)
                  11819840    000000a0                 : lowlev.obj (.text:_finddevice)
                  118198e0    000000a0                 : lowlev.obj (.text:_lseek)
                  11819980    000000a0                 : memcpy64.obj (.text:_memcpy)
                  11819a20    000000a0                 : memory.obj (.text:_minsert)
                  11819ac0    000000a0                 : memory.obj (.text:_mremove)
                  11819b60    000000a0                 : lowlev.obj (.text:_write)
                  11819c00    00000080                 : fltlid.obj (.text:__fltlid)
                  11819c80    00000080                 : llshift.obj (.text:__llshl)
                  11819d00    00000080                 : roundf.obj (.text:__roundf)
                  11819d80    00000080                 : boot.obj (.text:_c_int00)
                  11819e00    00000080                 : trgmsg.obj (.text:_readmsg)
                  11819e80    00000080                 : lowlev.obj (.text:_unlink)
                  11819f00    00000060                 : cpp_init.obj (.text:___TI_cpp_init)
                  11819f60    00000060                 : imath64.obj (.text:__subcull)
                  11819fc0    00000060                 : memccpy.obj (.text:_memccpy)
                  1181a020    00000060                 : modff.obj (.text:_modff)
                  1181a080    00000060                 : trgmsg.obj (.text:_writemsg)
                  1181a0e0    00000040                 : isinf.obj (.text:___isinf)
                  1181a120    00000040                 : _printfi.obj (.text:___isnan)
                  1181a160    00000040                 : args_main.obj (.text:__args_main)
                  1181a1a0    00000040                 : frcmpyd_div.obj (.text:__frcmpyd_div)
                  1181a1e0    00000040                 : llshift.obj (.text:__llshru)
                  1181a220    00000040                 : imath40.obj (.text:__remli)
                  1181a260    00000020                 : negll.obj (.text:__negll)
                  1181a280    00000020                 : _lock.obj (.text:__nop)
                  1181a2a0    00000020                 : printf.obj (.text:__outc)
                  1181a2c0    00000020                 : printf.obj (.text:__outs)
                  1181a2e0    00000020                 : truncf.obj (.text:__truncf)
                  1181a300    00000020                 : exit.obj (.text:_abort)
                  1181a320    00000020                 : remove.obj (.text:_remove)
                  1181a340    00000020     vectors_poll.obj (.text)

.stack     0    1181a360    00000800     UNINITIALIZED
                  1181a360    00000008     rts6740.lib : boot.obj (.stack)
                  1181a368    000007f8     --HOLE--

.far       0    1181ab60    000004f0     UNINITIALIZED
                  1181ab60    00000324     rts6740.lib : defs.obj (.far)
                  1181ae84    00000004                 : fopen.obj (.far)
                  1181ae88    0000011c                 : lowlev.obj (.far)
                  1181afa4    00000004     --HOLE--
                  1181afa8    00000044     L3p3_2.obj (.far)
                  1181afec    00000010     dsp_lab_utils.obj (.far)
                  1181affc    00000004     --HOLE--
                  1181b000    00000010     rts6740.lib : cosf.obj (.far)
                  1181b010    00000010                 : sinf.obj (.far)
                  1181b020    0000000c                 : exit.obj (.far)
                  1181b02c    00000008     L138_LCDK_aic3106_init.obj (.far)
                  1181b034    00000008     rts6740.lib : _lock.obj (.far)
                  1181b03c    00000008                 : memory.obj (.far)
                  1181b044    00000004     --HOLE--
                  1181b048    00000008                 : trgdrv.obj (.far)

.cinit     0    1181b050    00000284     
                  1181b050    0000007c     L3p3_2.obj (.cinit)
                  1181b0cc    00000004     --HOLE-- [fill = 0]
                  1181b0d0    0000005c     rts6740.lib : defs.obj (.cinit)
                  1181b12c    00000004     --HOLE-- [fill = 0]
                  1181b130    0000005c                 : lowlev.obj (.cinit)
                  1181b18c    00000004     --HOLE-- [fill = 0]
                  1181b190    0000004c     dsp_lab_utils.obj (.cinit)
                  1181b1dc    00000004     --HOLE-- [fill = 0]
                  1181b1e0    0000002c     L138_LCDK_aic3106_init.obj (.cinit)
                  1181b20c    00000004     --HOLE-- [fill = 0]
                  1181b210    0000002c     rts6740.lib : exit.obj (.cinit)
                  1181b23c    00000004     --HOLE-- [fill = 0]
                  1181b240    0000002c                 : memory.obj (.cinit)
                  1181b26c    00000004     --HOLE-- [fill = 0]
                  1181b270    0000001c                 : _lock.obj (.cinit)
                  1181b28c    00000004     --HOLE-- [fill = 0]
                  1181b290    00000018                 : cosf.obj (.cinit)
                  1181b2a8    00000018                 : sinf.obj (.cinit)
                  1181b2c0    0000000c                 : fopen.obj (.cinit)
                  1181b2cc    00000004     --HOLE-- [fill = 0]
                  1181b2d0    00000004     (.pad.cinit) [fill = 0]

.cio       0    1181b2d8    00000120     UNINITIALIZED
                  1181b2d8    00000120     rts6740.lib : trgmsg.obj (.cio)

.vecs      0    1181b400    00000200     
                  1181b400    00000200     vectors_poll.obj (.vecs)

.const     0    1181b600    000001eb     
                  1181b600    00000101     rts6740.lib : ctype.obj (.const:.string:__ctypes_)
                  1181b701    00000002                 : fputs.obj (.const:.string)
                  1181b703    00000005     --HOLE-- [fill = 0]
                  1181b708    00000080     evmomapl138_bsl.lib : evmomapl138.obj (.const:_bitval_u32)
                  1181b788    00000040                         : evmomapl138.obj (.const:.string)
                  1181b7c8    00000023     rts6740.lib : _printfi.obj (.const:.string)

.bss       0    1181b7ec    0000005c     UNINITIALIZED
                  1181b7ec    00000030     L3p3_2.obj (.bss)
                  1181b81c    0000001c     L138_LCDK_aic3106_init.obj (.bss)
                  1181b838    0000000c     dsp_lab_utils.obj (.bss)
                  1181b844    00000004     evmomapl138_bsl.lib : evmomapl138_i2c.obj (.bss)

.switch    0    1181b848    00000024     
                  1181b848    00000024     evmomapl138_bsl.lib : evmomapl138_gpio.obj (.switch:_getRegisterBankAndBit)


GLOBAL SYMBOLS: SORTED ALPHABETICALLY BY Name 

address    name
--------   ----
1181b7ec   $bss
1181b7ec   .bss
11800000   .data
11810000   .text
1181a300   C$$EXIT
1181a0d8   C$$IO$$
11817b80   _AIC3106_init
11817c78   _AIC3106_readRegister
11817cd0   _AIC3106_writeRegister
1181b02c   _AIC31_data
11812964   _DLU_biquad_lpf_coff
118125f0   _DLU_debouncer
11812458   _DLU_led_D4_set
11812478   _DLU_led_D5_set
11812498   _DLU_led_D6_set
118124b8   _DLU_led_D7_set
118124d8   _DLU_leds_init
1181268c   _DLU_pb_USER1_deb_get
11812560   _DLU_pb_USER1_get
118126b0   _DLU_pb_USER2_deb_get
11812588   _DLU_pb_USER2_get
118126d4   _DLU_pb_toggle_update
11812814   _DLU_pb_trim_counter_update
118125b0   _DLU_push_bottons_init
118123e0   _DLU_read_codec_outputs
11812300   _DLU_write_codec_outputs
11810258   _EDMA3_PaRAM_setup
118118c8   _EVMOMAPL138_enableDsp
118116e0   _EVMOMAPL138_init
1181170c   _EVMOMAPL138_initRAM
11811990   _EVMOMAPL138_lpscTransition
118118f4   _EVMOMAPL138_pinmuxConfig
11814b98   _GPIO_getInput
11814b20   _GPIO_setDir
11814c0c   _GPIO_setOutput
11814c8c   _GPIO_toggleLoop
11819340   _HOSTclose
11818600   _HOSTlseek
11818800   _HOSTopen
118188e0   _HOSTread
11817d20   _HOSTrename
11818d40   _HOSTunlink
11818e00   _HOSTwrite
11813a94   _I2CGPIO_getInput
11813bb0   _I2CGPIO_getInputAll
118139c0   _I2CGPIO_init
11813cc0   _I2CGPIO_setOutput
11813e08   _I2CGPIO_setOutputAll
11814ea0   _I2C_init
11814f8c   _I2C_read
118150e8   _I2C_write
11811118   _L138_init_LCDK_DIP
11810de0   _L138_init_aic3106_registers
11810630   _L138_init_mcasp_edma
118108ec   _L138_init_mcasp_intr
11810b4c   _L138_init_mcasp_poll
118111c4   _L138_initialise_edma
1181142c   _L138_initialise_intr
11811348   _L138_initialise_poll
11817724   _USTIMER_delay
118177e4   _USTIMER_get
11817640   _USTIMER_init
118177b4   _USTIMER_reset
118177f8   _USTIMER_set
118122e0   _UTIL_isUIBoardAttached
11812188   _UTIL_printMem
1181b2d8   __CIOBUF_
1181ab60   __STACK_END
00000800   __STACK_SIZE
00010000   __SYSMEM_SIZE
00000001   __TI_args_main
11819f00   ___TI_cpp_init
1181b028   ___TI_enable_exit_profile_output
ffffffff   ___TI_pprof_out_hndl
ffffffff   ___TI_prof_data_size
ffffffff   ___TI_prof_data_start
ffffffff   ___binit__
1181b7ec   ___bss__
ffffffff   ___c_args__
1181b050   ___cinit__
11800000   ___data__
11800000   ___edata__
1181b848   ___end__
1181a360   ___etext__
1181a0e0   ___isinf
ffffffff   ___pinit__
11810000   ___text__
1181a160   __args_main
11818ec0   __auto_init
11819040   __c6xabi_divu
118193e0   __cleanup
1181b020   __cleanup_ptr
118182a0   __closefile
1181b600   __ctypes_
11812980   __divd
11815dc0   __divf
11819480   __divli
11819040   __divu
118179e0   __divul
118162c0   __divull
11819100   __doflush
1181b024   __dtors_ptr
11819660   __fixdli
11819c00   __fltlid
1181a1a0   __frcmpyd_div
1181ae80   __ft_end
1181ab60   __ftable
11819c80   __llshl
1181a1e0   __llshru
1181b034   __lock
1181a260   __negll
1181a280   __nop
11814340   __printfi
1181a220   __remli
11819d00   __roundf
1181a360   __stack
11819f60   __subcull
11800000   __sys_memory
1181ad40   __tmpnams
1181a2e0   __truncf
1181b038   __unlock
11818700   __wrt_ok
1181afb0   _a_k
1181a300   _abort
118189c0   _atoi
1181afc0   _b_k
1181b708   _bitval_u32
11819d80   _c_int00
11818aa0   _close
1181afa8   _codec_data
11811d68   _config_pll0
11811fa4   _config_pll1
118197a0   _copy_in
11816e00   _cosf
1181b818   _count
118191c0   _exit
1181b810   _f
1181b830   _fb
1181b814   _flag
1181b7f0   _float_in_l
1181b7ec   _float_in_r
1181b7f8   _float_out_l
1181b7f4   _float_out_r
11817020   _fputc
11814780   _fputs
11816040   _free
118184e0   _fseek
118101a8   _input_left_sample
11810200   _input_right_sample
11810150   _input_sample
118198e0   _lseek
11819280   _ltoa
11813ea0   _main
11817ea0   _malloc
11819fc0   _memccpy
11819980   _memcpy
11818b80   _memset
1181a020   _modff
11810068   _output_left_sample
118100e0   _output_right_sample
11810000   _output_sample
1181b7fc   _pb1
1181b7fd   _pb2
1181b838   _pb_states_stat
1181b800   _pb_toggles
1181b804   _pb_trim_counter
1181b840   _pb_trim_counter_autoincdec_count
1181b83c   _pb_trim_counter_delay_count
1181afec   _pb_user1_deb_stat
1181aff4   _pb_user2_deb_stat
1181b820   _pingIN
1181b824   _pingOUT
1181b828   _pongIN
1181b82c   _pongOUT
118116b4   _prand
1181b834   _prand_seed
11811568   _prbs
11818c60   _printf
11817020   _putc
1181b80c   _r
11811638   _rand31_next
11811160   _read_LCDK_user_DIP
11819e00   _readmsg
1181a320   _remove
11817440   _setvbuf
118169a0   _sinf
1181b030   _sreg
11819e80   _unlink
1181b420   _vector1
1181b540   _vector10
1181b560   _vector11
1181b580   _vector12
1181b5a0   _vector13
1181b5c0   _vector14
1181b5e0   _vector15
1181b440   _vector2
1181b460   _vector3
1181b480   _vector4
1181b4a0   _vector5
1181b4c0   _vector6
1181b4e0   _vector7
1181b500   _vector8
1181b520   _vector9
1181b400   _vectors
1181afe0   _w
1181b808   _w0
11819b60   _write
1181a080   _writemsg
1181afd0   _xr
ffffffff   binit
1181b050   cinit
11800000   edata
1181b848   end
1181a360   etext
ffffffff   pinit


GLOBAL SYMBOLS: SORTED BY Symbol Address 

address    name
--------   ----
00000001   __TI_args_main
00000800   __STACK_SIZE
00010000   __SYSMEM_SIZE
11800000   .data
11800000   ___data__
11800000   ___edata__
11800000   __sys_memory
11800000   edata
11810000   .text
11810000   ___text__
11810000   _output_sample
11810068   _output_left_sample
118100e0   _output_right_sample
11810150   _input_sample
118101a8   _input_left_sample
11810200   _input_right_sample
11810258   _EDMA3_PaRAM_setup
11810630   _L138_init_mcasp_edma
118108ec   _L138_init_mcasp_intr
11810b4c   _L138_init_mcasp_poll
11810de0   _L138_init_aic3106_registers
11811118   _L138_init_LCDK_DIP
11811160   _read_LCDK_user_DIP
118111c4   _L138_initialise_edma
11811348   _L138_initialise_poll
1181142c   _L138_initialise_intr
11811568   _prbs
11811638   _rand31_next
118116b4   _prand
118116e0   _EVMOMAPL138_init
1181170c   _EVMOMAPL138_initRAM
118118c8   _EVMOMAPL138_enableDsp
118118f4   _EVMOMAPL138_pinmuxConfig
11811990   _EVMOMAPL138_lpscTransition
11811d68   _config_pll0
11811fa4   _config_pll1
11812188   _UTIL_printMem
118122e0   _UTIL_isUIBoardAttached
11812300   _DLU_write_codec_outputs
118123e0   _DLU_read_codec_outputs
11812458   _DLU_led_D4_set
11812478   _DLU_led_D5_set
11812498   _DLU_led_D6_set
118124b8   _DLU_led_D7_set
118124d8   _DLU_leds_init
11812560   _DLU_pb_USER1_get
11812588   _DLU_pb_USER2_get
118125b0   _DLU_push_bottons_init
118125f0   _DLU_debouncer
1181268c   _DLU_pb_USER1_deb_get
118126b0   _DLU_pb_USER2_deb_get
118126d4   _DLU_pb_toggle_update
11812814   _DLU_pb_trim_counter_update
11812964   _DLU_biquad_lpf_coff
11812980   __divd
118139c0   _I2CGPIO_init
11813a94   _I2CGPIO_getInput
11813bb0   _I2CGPIO_getInputAll
11813cc0   _I2CGPIO_setOutput
11813e08   _I2CGPIO_setOutputAll
11813ea0   _main
11814340   __printfi
11814780   _fputs
11814b20   _GPIO_setDir
11814b98   _GPIO_getInput
11814c0c   _GPIO_setOutput
11814c8c   _GPIO_toggleLoop
11814ea0   _I2C_init
11814f8c   _I2C_read
118150e8   _I2C_write
11815dc0   __divf
11816040   _free
118162c0   __divull
118169a0   _sinf
11816e00   _cosf
11817020   _fputc
11817020   _putc
11817440   _setvbuf
11817640   _USTIMER_init
11817724   _USTIMER_delay
118177b4   _USTIMER_reset
118177e4   _USTIMER_get
118177f8   _USTIMER_set
118179e0   __divul
11817b80   _AIC3106_init
11817c78   _AIC3106_readRegister
11817cd0   _AIC3106_writeRegister
11817d20   _HOSTrename
11817ea0   _malloc
118182a0   __closefile
118184e0   _fseek
11818600   _HOSTlseek
11818700   __wrt_ok
11818800   _HOSTopen
118188e0   _HOSTread
118189c0   _atoi
11818aa0   _close
11818b80   _memset
11818c60   _printf
11818d40   _HOSTunlink
11818e00   _HOSTwrite
11818ec0   __auto_init
11819040   __c6xabi_divu
11819040   __divu
11819100   __doflush
118191c0   _exit
11819280   _ltoa
11819340   _HOSTclose
118193e0   __cleanup
11819480   __divli
11819660   __fixdli
118197a0   _copy_in
118198e0   _lseek
11819980   _memcpy
11819b60   _write
11819c00   __fltlid
11819c80   __llshl
11819d00   __roundf
11819d80   _c_int00
11819e00   _readmsg
11819e80   _unlink
11819f00   ___TI_cpp_init
11819f60   __subcull
11819fc0   _memccpy
1181a020   _modff
1181a080   _writemsg
1181a0d8   C$$IO$$
1181a0e0   ___isinf
1181a160   __args_main
1181a1a0   __frcmpyd_div
1181a1e0   __llshru
1181a220   __remli
1181a260   __negll
1181a280   __nop
1181a2e0   __truncf
1181a300   C$$EXIT
1181a300   _abort
1181a320   _remove
1181a360   ___etext__
1181a360   __stack
1181a360   etext
1181ab60   __STACK_END
1181ab60   __ftable
1181ad40   __tmpnams
1181ae80   __ft_end
1181afa8   _codec_data
1181afb0   _a_k
1181afc0   _b_k
1181afd0   _xr
1181afe0   _w
1181afec   _pb_user1_deb_stat
1181aff4   _pb_user2_deb_stat
1181b020   __cleanup_ptr
1181b024   __dtors_ptr
1181b028   ___TI_enable_exit_profile_output
1181b02c   _AIC31_data
1181b030   _sreg
1181b034   __lock
1181b038   __unlock
1181b050   ___cinit__
1181b050   cinit
1181b2d8   __CIOBUF_
1181b400   _vectors
1181b420   _vector1
1181b440   _vector2
1181b460   _vector3
1181b480   _vector4
1181b4a0   _vector5
1181b4c0   _vector6
1181b4e0   _vector7
1181b500   _vector8
1181b520   _vector9
1181b540   _vector10
1181b560   _vector11
1181b580   _vector12
1181b5a0   _vector13
1181b5c0   _vector14
1181b5e0   _vector15
1181b600   __ctypes_
1181b708   _bitval_u32
1181b7ec   $bss
1181b7ec   .bss
1181b7ec   ___bss__
1181b7ec   _float_in_r
1181b7f0   _float_in_l
1181b7f4   _float_out_r
1181b7f8   _float_out_l
1181b7fc   _pb1
1181b7fd   _pb2
1181b800   _pb_toggles
1181b804   _pb_trim_counter
1181b808   _w0
1181b80c   _r
1181b810   _f
1181b814   _flag
1181b818   _count
1181b820   _pingIN
1181b824   _pingOUT
1181b828   _pongIN
1181b82c   _pongOUT
1181b830   _fb
1181b834   _prand_seed
1181b838   _pb_states_stat
1181b83c   _pb_trim_counter_delay_count
1181b840   _pb_trim_counter_autoincdec_count
1181b848   ___end__
1181b848   end
ffffffff   ___TI_pprof_out_hndl
ffffffff   ___TI_prof_data_size
ffffffff   ___TI_prof_data_start
ffffffff   ___binit__
ffffffff   ___c_args__
ffffffff   ___pinit__
ffffffff   binit
ffffffff   pinit

[215 symbols]
