<?xml version="1.0"?>
<link_info>
   <banner>TMS320C6x Linker PC v7.4.24</banner>
   <copyright>Copyright (c) 1996-2017 Texas Instruments Incorporated</copyright>
   <link_time>0x5ad50bf2</link_time>
   <output_file>Lab3p2.out</output_file>
   <entry_point>
      <name>_c_int00</name>
      <address>0x11819d80</address>
   </entry_point>
   <input_file_list>
      <input_file id="fl-2">
         <path>.\</path>
         <kind>object</kind>
         <file>L138_LCDK_aic3106_init.obj</file>
         <name>L138_LCDK_aic3106_init.obj</name>
      </input_file>
      <input_file id="fl-3">
         <path>.\</path>
         <kind>object</kind>
         <file>L3p3_2.obj</file>
         <name>L3p3_2.obj</name>
      </input_file>
      <input_file id="fl-4">
         <path>.\</path>
         <kind>object</kind>
         <file>dsp_lab_utils.obj</file>
         <name>dsp_lab_utils.obj</name>
      </input_file>
      <input_file id="fl-5">
         <path>.\</path>
         <kind>object</kind>
         <file>vectors_poll.obj</file>
         <name>vectors_poll.obj</name>
      </input_file>
      <input_file id="fl-81">
         <path>C:\ti\ccsv8\tools\compiler\c6000_7.4.24\lib\</path>
         <kind>archive</kind>
         <file>rts6740.lib</file>
         <name>boot.obj</name>
      </input_file>
      <input_file id="fl-82">
         <path>C:\ti\ccsv8\tools\compiler\c6000_7.4.24\lib\</path>
         <kind>archive</kind>
         <file>rts6740.lib</file>
         <name>cosf.obj</name>
      </input_file>
      <input_file id="fl-83">
         <path>C:\ti\ccsv8\tools\compiler\c6000_7.4.24\lib\</path>
         <kind>archive</kind>
         <file>rts6740.lib</file>
         <name>divd.obj</name>
      </input_file>
      <input_file id="fl-84">
         <path>C:\ti\ccsv8\tools\compiler\c6000_7.4.24\lib\</path>
         <kind>archive</kind>
         <file>rts6740.lib</file>
         <name>divf.obj</name>
      </input_file>
      <input_file id="fl-85">
         <path>C:\ti\ccsv8\tools\compiler\c6000_7.4.24\lib\</path>
         <kind>archive</kind>
         <file>rts6740.lib</file>
         <name>exit.obj</name>
      </input_file>
      <input_file id="fl-86">
         <path>C:\ti\ccsv8\tools\compiler\c6000_7.4.24\lib\</path>
         <kind>archive</kind>
         <file>rts6740.lib</file>
         <name>frcmpyd_div.obj</name>
      </input_file>
      <input_file id="fl-87">
         <path>C:\ti\ccsv8\tools\compiler\c6000_7.4.24\lib\</path>
         <kind>archive</kind>
         <file>rts6740.lib</file>
         <name>llshift.obj</name>
      </input_file>
      <input_file id="fl-88">
         <path>C:\ti\ccsv8\tools\compiler\c6000_7.4.24\lib\</path>
         <kind>archive</kind>
         <file>rts6740.lib</file>
         <name>memory.obj</name>
      </input_file>
      <input_file id="fl-89">
         <path>C:\ti\ccsv8\tools\compiler\c6000_7.4.24\lib\</path>
         <kind>archive</kind>
         <file>rts6740.lib</file>
         <name>modff.obj</name>
      </input_file>
      <input_file id="fl-8a">
         <path>C:\ti\ccsv8\tools\compiler\c6000_7.4.24\lib\</path>
         <kind>archive</kind>
         <file>rts6740.lib</file>
         <name>roundf.obj</name>
      </input_file>
      <input_file id="fl-8b">
         <path>C:\ti\ccsv8\tools\compiler\c6000_7.4.24\lib\</path>
         <kind>archive</kind>
         <file>rts6740.lib</file>
         <name>sinf.obj</name>
      </input_file>
      <input_file id="fl-8c">
         <path>C:\ti\ccsv8\tools\compiler\c6000_7.4.24\lib\</path>
         <kind>archive</kind>
         <file>rts6740.lib</file>
         <name>truncf.obj</name>
      </input_file>
      <input_file id="fl-8d">
         <path>C:\ti\ccsv8\tools\compiler\c6000_7.4.24\lib\</path>
         <kind>archive</kind>
         <file>rts6740.lib</file>
         <name>_lock.obj</name>
      </input_file>
      <input_file id="fl-8e">
         <path>C:\ti\ccsv8\tools\compiler\c6000_7.4.24\lib\</path>
         <kind>archive</kind>
         <file>rts6740.lib</file>
         <name>args_main.obj</name>
      </input_file>
      <input_file id="fl-8f">
         <path>C:\ti\ccsv8\tools\compiler\c6000_7.4.24\lib\</path>
         <kind>archive</kind>
         <file>rts6740.lib</file>
         <name>autoinit.obj</name>
      </input_file>
      <input_file id="fl-90">
         <path>C:\ti\ccsv8\tools\compiler\c6000_7.4.24\lib\</path>
         <kind>archive</kind>
         <file>rts6740.lib</file>
         <name>cpp_init.obj</name>
      </input_file>
      <input_file id="fl-91">
         <path>C:\ti\ccsv8\tools\compiler\c6000_7.4.24\lib\</path>
         <kind>archive</kind>
         <file>rts6740.lib</file>
         <name>cpy_tbl.obj</name>
      </input_file>
      <input_file id="fl-92">
         <path>C:\ti\ccsv8\tools\compiler\c6000_7.4.24\lib\</path>
         <kind>archive</kind>
         <file>rts6740.lib</file>
         <name>memcpy64.obj</name>
      </input_file>
      <input_file id="fl-93">
         <path>C:\Users\gabriel\Desktop\Lab DSP\CCSv4-2-4_with_SOM-M1_BSL_WS\DSP BSL\lib\</path>
         <kind>archive</kind>
         <file>evmomapl138_bsl.lib</file>
         <name>evmomapl138_timer.obj</name>
      </input_file>
      <input_file id="fl-94">
         <path>C:\Users\gabriel\Desktop\Lab DSP\CCSv4-2-4_with_SOM-M1_BSL_WS\DSP BSL\lib\</path>
         <kind>archive</kind>
         <file>evmomapl138_bsl.lib</file>
         <name>evmomapl138_gpio.obj</name>
      </input_file>
      <input_file id="fl-95">
         <path>C:\Users\gabriel\Desktop\Lab DSP\CCSv4-2-4_with_SOM-M1_BSL_WS\DSP BSL\lib\</path>
         <kind>archive</kind>
         <file>evmomapl138_bsl.lib</file>
         <name>evmomapl138_aic3106.obj</name>
      </input_file>
      <input_file id="fl-96">
         <path>C:\Users\gabriel\Desktop\Lab DSP\CCSv4-2-4_with_SOM-M1_BSL_WS\DSP BSL\lib\</path>
         <kind>archive</kind>
         <file>evmomapl138_bsl.lib</file>
         <name>evmomapl138.obj</name>
      </input_file>
      <input_file id="fl-97">
         <path>C:\Users\gabriel\Desktop\Lab DSP\CCSv4-2-4_with_SOM-M1_BSL_WS\DSP BSL\lib\</path>
         <kind>archive</kind>
         <file>evmomapl138_bsl.lib</file>
         <name>evmomapl138_i2c_gpio.obj</name>
      </input_file>
      <input_file id="fl-98">
         <path>C:\Users\gabriel\Desktop\Lab DSP\CCSv4-2-4_with_SOM-M1_BSL_WS\DSP BSL\lib\</path>
         <kind>archive</kind>
         <file>evmomapl138_bsl.lib</file>
         <name>evmomapl138_i2c.obj</name>
      </input_file>
      <input_file id="fl-99">
         <path>C:\ti\ccsv8\tools\compiler\c6000_7.4.24\lib\</path>
         <kind>archive</kind>
         <file>rts6740.lib</file>
         <name>printf.obj</name>
      </input_file>
      <input_file id="fl-9a">
         <path>C:\ti\ccsv8\tools\compiler\c6000_7.4.24\lib\</path>
         <kind>archive</kind>
         <file>rts6740.lib</file>
         <name>_printfi.obj</name>
      </input_file>
      <input_file id="fl-9b">
         <path>C:\ti\ccsv8\tools\compiler\c6000_7.4.24\lib\</path>
         <kind>archive</kind>
         <file>rts6740.lib</file>
         <name>atoi.obj</name>
      </input_file>
      <input_file id="fl-9c">
         <path>C:\ti\ccsv8\tools\compiler\c6000_7.4.24\lib\</path>
         <kind>archive</kind>
         <file>rts6740.lib</file>
         <name>ctype.obj</name>
      </input_file>
      <input_file id="fl-9d">
         <path>C:\ti\ccsv8\tools\compiler\c6000_7.4.24\lib\</path>
         <kind>archive</kind>
         <file>rts6740.lib</file>
         <name>defs.obj</name>
      </input_file>
      <input_file id="fl-9e">
         <path>C:\ti\ccsv8\tools\compiler\c6000_7.4.24\lib\</path>
         <kind>archive</kind>
         <file>rts6740.lib</file>
         <name>divu.obj</name>
      </input_file>
      <input_file id="fl-9f">
         <path>C:\ti\ccsv8\tools\compiler\c6000_7.4.24\lib\</path>
         <kind>archive</kind>
         <file>rts6740.lib</file>
         <name>fixdli.obj</name>
      </input_file>
      <input_file id="fl-a0">
         <path>C:\ti\ccsv8\tools\compiler\c6000_7.4.24\lib\</path>
         <kind>archive</kind>
         <file>rts6740.lib</file>
         <name>fltlid.obj</name>
      </input_file>
      <input_file id="fl-a1">
         <path>C:\ti\ccsv8\tools\compiler\c6000_7.4.24\lib\</path>
         <kind>archive</kind>
         <file>rts6740.lib</file>
         <name>fputc.obj</name>
      </input_file>
      <input_file id="fl-a2">
         <path>C:\ti\ccsv8\tools\compiler\c6000_7.4.24\lib\</path>
         <kind>archive</kind>
         <file>rts6740.lib</file>
         <name>fputs.obj</name>
      </input_file>
      <input_file id="fl-a3">
         <path>C:\ti\ccsv8\tools\compiler\c6000_7.4.24\lib\</path>
         <kind>archive</kind>
         <file>rts6740.lib</file>
         <name>imath40.obj</name>
      </input_file>
      <input_file id="fl-a4">
         <path>C:\ti\ccsv8\tools\compiler\c6000_7.4.24\lib\</path>
         <kind>archive</kind>
         <file>rts6740.lib</file>
         <name>imath64.obj</name>
      </input_file>
      <input_file id="fl-a5">
         <path>C:\ti\ccsv8\tools\compiler\c6000_7.4.24\lib\</path>
         <kind>archive</kind>
         <file>rts6740.lib</file>
         <name>isinf.obj</name>
      </input_file>
      <input_file id="fl-a6">
         <path>C:\ti\ccsv8\tools\compiler\c6000_7.4.24\lib\</path>
         <kind>archive</kind>
         <file>rts6740.lib</file>
         <name>lowlev.obj</name>
      </input_file>
      <input_file id="fl-a7">
         <path>C:\ti\ccsv8\tools\compiler\c6000_7.4.24\lib\</path>
         <kind>archive</kind>
         <file>rts6740.lib</file>
         <name>ltoa.obj</name>
      </input_file>
      <input_file id="fl-a8">
         <path>C:\ti\ccsv8\tools\compiler\c6000_7.4.24\lib\</path>
         <kind>archive</kind>
         <file>rts6740.lib</file>
         <name>memccpy.obj</name>
      </input_file>
      <input_file id="fl-a9">
         <path>C:\ti\ccsv8\tools\compiler\c6000_7.4.24\lib\</path>
         <kind>archive</kind>
         <file>rts6740.lib</file>
         <name>memset.obj</name>
      </input_file>
      <input_file id="fl-aa">
         <path>C:\ti\ccsv8\tools\compiler\c6000_7.4.24\lib\</path>
         <kind>archive</kind>
         <file>rts6740.lib</file>
         <name>negll.obj</name>
      </input_file>
      <input_file id="fl-ab">
         <path>C:\ti\ccsv8\tools\compiler\c6000_7.4.24\lib\</path>
         <kind>archive</kind>
         <file>rts6740.lib</file>
         <name>trgdrv.obj</name>
      </input_file>
      <input_file id="fl-ac">
         <path>C:\ti\ccsv8\tools\compiler\c6000_7.4.24\lib\</path>
         <kind>archive</kind>
         <file>rts6740.lib</file>
         <name>trgmsg.obj</name>
      </input_file>
      <input_file id="fl-ad">
         <path>C:\ti\ccsv8\tools\compiler\c6000_7.4.24\lib\</path>
         <kind>archive</kind>
         <file>rts6740.lib</file>
         <name>_io_perm.obj</name>
      </input_file>
      <input_file id="fl-ae">
         <path>C:\ti\ccsv8\tools\compiler\c6000_7.4.24\lib\</path>
         <kind>archive</kind>
         <file>rts6740.lib</file>
         <name>abs.obj</name>
      </input_file>
      <input_file id="fl-af">
         <path>C:\ti\ccsv8\tools\compiler\c6000_7.4.24\lib\</path>
         <kind>archive</kind>
         <file>rts6740.lib</file>
         <name>fflush.obj</name>
      </input_file>
      <input_file id="fl-b0">
         <path>C:\ti\ccsv8\tools\compiler\c6000_7.4.24\lib\</path>
         <kind>archive</kind>
         <file>rts6740.lib</file>
         <name>fseek.obj</name>
      </input_file>
      <input_file id="fl-b1">
         <path>C:\ti\ccsv8\tools\compiler\c6000_7.4.24\lib\</path>
         <kind>archive</kind>
         <file>rts6740.lib</file>
         <name>setvbuf.obj</name>
      </input_file>
      <input_file id="fl-b2">
         <path>C:\ti\ccsv8\tools\compiler\c6000_7.4.24\lib\</path>
         <kind>archive</kind>
         <file>rts6740.lib</file>
         <name>fopen.obj</name>
      </input_file>
      <input_file id="fl-b3">
         <path>C:\ti\ccsv8\tools\compiler\c6000_7.4.24\lib\</path>
         <kind>archive</kind>
         <file>rts6740.lib</file>
         <name>fclose.obj</name>
      </input_file>
      <input_file id="fl-b4">
         <path>C:\ti\ccsv8\tools\compiler\c6000_7.4.24\lib\</path>
         <kind>archive</kind>
         <file>rts6740.lib</file>
         <name>remove.obj</name>
      </input_file>
   </input_file_list>
   <object_component_list>
      <object_component id="oc-f3">
         <name>.text</name>
         <load_address>0x11810000</load_address>
         <run_address>0x11810000</run_address>
         <size>0x16e0</size>
         <input_file_ref idref="fl-2"/>
      </object_component>
      <object_component id="oc-fd">
         <name>.text</name>
         <load_address>0x118116e0</load_address>
         <run_address>0x118116e0</run_address>
         <size>0xc20</size>
         <input_file_ref idref="fl-96"/>
      </object_component>
      <object_component id="oc-f4">
         <name>.text</name>
         <load_address>0x11812300</load_address>
         <run_address>0x11812300</run_address>
         <size>0x680</size>
         <input_file_ref idref="fl-4"/>
      </object_component>
      <object_component id="oc-f5">
         <name>.text:__divd</name>
         <load_address>0x11812980</load_address>
         <run_address>0x11812980</run_address>
         <size>0x5a0</size>
         <input_file_ref idref="fl-83"/>
      </object_component>
      <object_component id="oc-123">
         <name>.text:__getarg_diouxp</name>
         <load_address>0x11812f20</load_address>
         <run_address>0x11812f20</run_address>
         <size>0x580</size>
         <input_file_ref idref="fl-9a"/>
      </object_component>
      <object_component id="oc-110">
         <name>.text:__setfield</name>
         <load_address>0x118134a0</load_address>
         <run_address>0x118134a0</run_address>
         <size>0x520</size>
         <input_file_ref idref="fl-9a"/>
      </object_component>
      <object_component id="oc-109">
         <name>.text</name>
         <load_address>0x118139c0</load_address>
         <run_address>0x118139c0</run_address>
         <size>0x4e0</size>
         <input_file_ref idref="fl-97"/>
      </object_component>
      <object_component id="oc-ef">
         <name>.text</name>
         <load_address>0x11813ea0</load_address>
         <run_address>0x11813ea0</run_address>
         <size>0x4a0</size>
         <input_file_ref idref="fl-3"/>
      </object_component>
      <object_component id="oc-10b">
         <name>.text:__printfi</name>
         <load_address>0x11814340</load_address>
         <run_address>0x11814340</run_address>
         <size>0x440</size>
         <input_file_ref idref="fl-9a"/>
      </object_component>
      <object_component id="oc-10d">
         <name>.text:_fputs</name>
         <load_address>0x11814780</load_address>
         <run_address>0x11814780</run_address>
         <size>0x3a0</size>
         <input_file_ref idref="fl-a2"/>
      </object_component>
      <object_component id="oc-fa">
         <name>.text</name>
         <load_address>0x11814b20</load_address>
         <run_address>0x11814b20</run_address>
         <size>0x380</size>
         <input_file_ref idref="fl-94"/>
      </object_component>
      <object_component id="oc-103">
         <name>.text</name>
         <load_address>0x11814ea0</load_address>
         <run_address>0x11814ea0</run_address>
         <size>0x380</size>
         <input_file_ref idref="fl-98"/>
      </object_component>
      <object_component id="oc-118">
         <name>.text:__pproc_fge</name>
         <load_address>0x11815220</load_address>
         <run_address>0x11815220</run_address>
         <size>0x320</size>
         <input_file_ref idref="fl-9a"/>
      </object_component>
      <object_component id="oc-129">
         <name>.text:_ecvt</name>
         <load_address>0x11815540</load_address>
         <run_address>0x11815540</run_address>
         <size>0x2e0</size>
         <input_file_ref idref="fl-9a"/>
      </object_component>
      <object_component id="oc-12c">
         <name>.text:_fcvt</name>
         <load_address>0x11815820</load_address>
         <run_address>0x11815820</run_address>
         <size>0x2e0</size>
         <input_file_ref idref="fl-9a"/>
      </object_component>
      <object_component id="oc-10f">
         <name>.text:__pproc_fwp</name>
         <load_address>0x11815b00</load_address>
         <run_address>0x11815b00</run_address>
         <size>0x2c0</size>
         <input_file_ref idref="fl-9a"/>
      </object_component>
      <object_component id="oc-f8">
         <name>.text:__divf</name>
         <load_address>0x11815dc0</load_address>
         <run_address>0x11815dc0</run_address>
         <size>0x280</size>
         <input_file_ref idref="fl-84"/>
      </object_component>
      <object_component id="oc-127">
         <name>.text:_free</name>
         <load_address>0x11816040</load_address>
         <run_address>0x11816040</run_address>
         <size>0x280</size>
         <input_file_ref idref="fl-88"/>
      </object_component>
      <object_component id="oc-135">
         <name>.text:__divull</name>
         <load_address>0x118162c0</load_address>
         <run_address>0x118162c0</run_address>
         <size>0x260</size>
         <input_file_ref idref="fl-a4"/>
      </object_component>
      <object_component id="oc-122">
         <name>.text:__pconv_e</name>
         <load_address>0x11816520</load_address>
         <run_address>0x11816520</run_address>
         <size>0x240</size>
         <input_file_ref idref="fl-9a"/>
      </object_component>
      <object_component id="oc-119">
         <name>.text:__pproc_diouxp</name>
         <load_address>0x11816760</load_address>
         <run_address>0x11816760</run_address>
         <size>0x240</size>
         <input_file_ref idref="fl-9a"/>
      </object_component>
      <object_component id="oc-f6">
         <name>.text:_sinf</name>
         <load_address>0x118169a0</load_address>
         <run_address>0x118169a0</run_address>
         <size>0x240</size>
         <input_file_ref idref="fl-8b"/>
      </object_component>
      <object_component id="oc-111">
         <name>.text:__pproc_str</name>
         <load_address>0x11816be0</load_address>
         <run_address>0x11816be0</run_address>
         <size>0x220</size>
         <input_file_ref idref="fl-9a"/>
      </object_component>
      <object_component id="oc-f7">
         <name>.text:_cosf</name>
         <load_address>0x11816e00</load_address>
         <run_address>0x11816e00</run_address>
         <size>0x220</size>
         <input_file_ref idref="fl-82"/>
      </object_component>
      <object_component id="oc-112">
         <name>.text:_fputc</name>
         <load_address>0x11817020</load_address>
         <run_address>0x11817020</run_address>
         <size>0x220</size>
         <input_file_ref idref="fl-a1"/>
      </object_component>
      <object_component id="oc-120">
         <name>.text:__pconv_g</name>
         <load_address>0x11817240</load_address>
         <run_address>0x11817240</run_address>
         <size>0x200</size>
         <input_file_ref idref="fl-9a"/>
      </object_component>
      <object_component id="oc-11c">
         <name>.text:_setvbuf</name>
         <load_address>0x11817440</load_address>
         <run_address>0x11817440</run_address>
         <size>0x200</size>
         <input_file_ref idref="fl-b1"/>
      </object_component>
      <object_component id="oc-fc">
         <name>.text</name>
         <load_address>0x11817640</load_address>
         <run_address>0x11817640</run_address>
         <size>0x1e0</size>
         <input_file_ref idref="fl-93"/>
      </object_component>
      <object_component id="oc-12b">
         <name>.text:__mcpy</name>
         <load_address>0x11817820</load_address>
         <run_address>0x11817820</run_address>
         <size>0x1c0</size>
         <input_file_ref idref="fl-9a"/>
      </object_component>
      <object_component id="oc-134">
         <name>.text:__divul</name>
         <load_address>0x118179e0</load_address>
         <run_address>0x118179e0</run_address>
         <size>0x1a0</size>
         <input_file_ref idref="fl-a3"/>
      </object_component>
      <object_component id="oc-f9">
         <name>.text</name>
         <load_address>0x11817b80</load_address>
         <run_address>0x11817b80</run_address>
         <size>0x1a0</size>
         <input_file_ref idref="fl-95"/>
      </object_component>
      <object_component id="oc-eb">
         <name>.text:_HOSTrename</name>
         <load_address>0x11817d20</load_address>
         <run_address>0x11817d20</run_address>
         <size>0x180</size>
         <input_file_ref idref="fl-ab"/>
      </object_component>
      <object_component id="oc-fb">
         <name>.text:_malloc</name>
         <load_address>0x11817ea0</load_address>
         <run_address>0x11817ea0</run_address>
         <size>0x180</size>
         <input_file_ref idref="fl-88"/>
      </object_component>
      <object_component id="oc-10e">
         <name>.text:__pproc_fflags</name>
         <load_address>0x11818020</load_address>
         <run_address>0x11818020</run_address>
         <size>0x140</size>
         <input_file_ref idref="fl-9a"/>
      </object_component>
      <object_component id="oc-13d">
         <name>.text:_getdevice</name>
         <load_address>0x11818160</load_address>
         <run_address>0x11818160</run_address>
         <size>0x140</size>
         <input_file_ref idref="fl-a6"/>
      </object_component>
      <object_component id="oc-12f">
         <name>.text:__closefile</name>
         <load_address>0x118182a0</load_address>
         <run_address>0x118182a0</run_address>
         <size>0x120</size>
         <input_file_ref idref="fl-b3"/>
      </object_component>
      <object_component id="oc-125">
         <name>.text:__ltostr</name>
         <load_address>0x118183c0</load_address>
         <run_address>0x118183c0</run_address>
         <size>0x120</size>
         <input_file_ref idref="fl-9a"/>
      </object_component>
      <object_component id="oc-11b">
         <name>.text:_fseek</name>
         <load_address>0x118184e0</load_address>
         <run_address>0x118184e0</run_address>
         <size>0x120</size>
         <input_file_ref idref="fl-b0"/>
      </object_component>
      <object_component id="oc-e9">
         <name>.text:_HOSTlseek</name>
         <load_address>0x11818600</load_address>
         <run_address>0x11818600</run_address>
         <size>0x100</size>
         <input_file_ref idref="fl-ab"/>
      </object_component>
      <object_component id="oc-113">
         <name>.text:__wrt_ok</name>
         <load_address>0x11818700</load_address>
         <run_address>0x11818700</run_address>
         <size>0x100</size>
         <input_file_ref idref="fl-ad"/>
      </object_component>
      <object_component id="oc-e5">
         <name>.text:_HOSTopen</name>
         <load_address>0x11818800</load_address>
         <run_address>0x11818800</run_address>
         <size>0xe0</size>
         <input_file_ref idref="fl-ab"/>
      </object_component>
      <object_component id="oc-e7">
         <name>.text:_HOSTread</name>
         <load_address>0x118188e0</load_address>
         <run_address>0x118188e0</run_address>
         <size>0xe0</size>
         <input_file_ref idref="fl-ab"/>
      </object_component>
      <object_component id="oc-117">
         <name>.text:_atoi</name>
         <load_address>0x118189c0</load_address>
         <run_address>0x118189c0</run_address>
         <size>0xe0</size>
         <input_file_ref idref="fl-9b"/>
      </object_component>
      <object_component id="oc-136">
         <name>.text:_close</name>
         <load_address>0x11818aa0</load_address>
         <run_address>0x11818aa0</run_address>
         <size>0xe0</size>
         <input_file_ref idref="fl-a6"/>
      </object_component>
      <object_component id="oc-116">
         <name>.text:_memset</name>
         <load_address>0x11818b80</load_address>
         <run_address>0x11818b80</run_address>
         <size>0xe0</size>
         <input_file_ref idref="fl-a9"/>
      </object_component>
      <object_component id="oc-108">
         <name>.text:_printf</name>
         <load_address>0x11818c60</load_address>
         <run_address>0x11818c60</run_address>
         <size>0xe0</size>
         <input_file_ref idref="fl-99"/>
      </object_component>
      <object_component id="oc-ea">
         <name>.text:_HOSTunlink</name>
         <load_address>0x11818d40</load_address>
         <run_address>0x11818d40</run_address>
         <size>0xc0</size>
         <input_file_ref idref="fl-ab"/>
      </object_component>
      <object_component id="oc-e8">
         <name>.text:_HOSTwrite</name>
         <load_address>0x11818e00</load_address>
         <run_address>0x11818e00</run_address>
         <size>0xc0</size>
         <input_file_ref idref="fl-ab"/>
      </object_component>
      <object_component id="oc-e1">
         <name>.text:__auto_init</name>
         <load_address>0x11818ec0</load_address>
         <run_address>0x11818ec0</run_address>
         <size>0xc0</size>
         <input_file_ref idref="fl-8f"/>
      </object_component>
      <object_component id="oc-12e">
         <name>.text:__div</name>
         <load_address>0x11818f80</load_address>
         <run_address>0x11818f80</run_address>
         <size>0xc0</size>
         <input_file_ref idref="fl-9a"/>
      </object_component>
      <object_component id="oc-133">
         <name>.text:__divu</name>
         <load_address>0x11819040</load_address>
         <run_address>0x11819040</run_address>
         <size>0xc0</size>
         <input_file_ref idref="fl-9e"/>
      </object_component>
      <object_component id="oc-114">
         <name>.text:__doflush</name>
         <load_address>0x11819100</load_address>
         <run_address>0x11819100</run_address>
         <size>0xc0</size>
         <input_file_ref idref="fl-af"/>
      </object_component>
      <object_component id="oc-e3">
         <name>.text:_exit</name>
         <load_address>0x118191c0</load_address>
         <run_address>0x118191c0</run_address>
         <size>0xc0</size>
         <input_file_ref idref="fl-85"/>
      </object_component>
      <object_component id="oc-131">
         <name>.text:_ltoa</name>
         <load_address>0x11819280</load_address>
         <run_address>0x11819280</run_address>
         <size>0xc0</size>
         <input_file_ref idref="fl-a7"/>
      </object_component>
      <object_component id="oc-e6">
         <name>.text:_HOSTclose</name>
         <load_address>0x11819340</load_address>
         <run_address>0x11819340</run_address>
         <size>0xa0</size>
         <input_file_ref idref="fl-ab"/>
      </object_component>
      <object_component id="oc-128">
         <name>.text:__cleanup</name>
         <load_address>0x118193e0</load_address>
         <run_address>0x118193e0</run_address>
         <size>0xa0</size>
         <input_file_ref idref="fl-b2"/>
      </object_component>
      <object_component id="oc-139">
         <name>.text:__divli</name>
         <load_address>0x11819480</load_address>
         <run_address>0x11819480</run_address>
         <size>0xa0</size>
         <input_file_ref idref="fl-a3"/>
      </object_component>
      <object_component id="oc-12a">
         <name>.text:__ecpy</name>
         <load_address>0x11819520</load_address>
         <run_address>0x11819520</run_address>
         <size>0xa0</size>
         <input_file_ref idref="fl-9a"/>
      </object_component>
      <object_component id="oc-12d">
         <name>.text:__fcpy</name>
         <load_address>0x118195c0</load_address>
         <run_address>0x118195c0</run_address>
         <size>0xa0</size>
         <input_file_ref idref="fl-9a"/>
      </object_component>
      <object_component id="oc-130">
         <name>.text:__fixdli</name>
         <load_address>0x11819660</load_address>
         <run_address>0x11819660</run_address>
         <size>0xa0</size>
         <input_file_ref idref="fl-9f"/>
      </object_component>
      <object_component id="oc-121">
         <name>.text:__pconv_f</name>
         <load_address>0x11819700</load_address>
         <run_address>0x11819700</run_address>
         <size>0xa0</size>
         <input_file_ref idref="fl-9a"/>
      </object_component>
      <object_component id="oc-ec">
         <name>.text:_copy_in</name>
         <load_address>0x118197a0</load_address>
         <run_address>0x118197a0</run_address>
         <size>0xa0</size>
         <input_file_ref idref="fl-91"/>
      </object_component>
      <object_component id="oc-13e">
         <name>.text:_finddevice</name>
         <load_address>0x11819840</load_address>
         <run_address>0x11819840</run_address>
         <size>0xa0</size>
         <input_file_ref idref="fl-a6"/>
      </object_component>
      <object_component id="oc-126">
         <name>.text:_lseek</name>
         <load_address>0x118198e0</load_address>
         <run_address>0x118198e0</run_address>
         <size>0xa0</size>
         <input_file_ref idref="fl-a6"/>
      </object_component>
      <object_component id="oc-ed">
         <name>.text:_memcpy</name>
         <load_address>0x11819980</load_address>
         <run_address>0x11819980</run_address>
         <size>0xa0</size>
         <input_file_ref idref="fl-92"/>
      </object_component>
      <object_component id="oc-107">
         <name>.text:_minsert</name>
         <load_address>0x11819a20</load_address>
         <run_address>0x11819a20</run_address>
         <size>0xa0</size>
         <input_file_ref idref="fl-88"/>
      </object_component>
      <object_component id="oc-106">
         <name>.text:_mremove</name>
         <load_address>0x11819ac0</load_address>
         <run_address>0x11819ac0</run_address>
         <size>0xa0</size>
         <input_file_ref idref="fl-88"/>
      </object_component>
      <object_component id="oc-115">
         <name>.text:_write</name>
         <load_address>0x11819b60</load_address>
         <run_address>0x11819b60</run_address>
         <size>0xa0</size>
         <input_file_ref idref="fl-a6"/>
      </object_component>
      <object_component id="oc-132">
         <name>.text:__fltlid</name>
         <load_address>0x11819c00</load_address>
         <run_address>0x11819c00</run_address>
         <size>0x80</size>
         <input_file_ref idref="fl-a0"/>
      </object_component>
      <object_component id="oc-13a">
         <name>.text:__llshl</name>
         <load_address>0x11819c80</load_address>
         <run_address>0x11819c80</run_address>
         <size>0x80</size>
         <input_file_ref idref="fl-87"/>
      </object_component>
      <object_component id="oc-101">
         <name>.text:__roundf</name>
         <load_address>0x11819d00</load_address>
         <run_address>0x11819d00</run_address>
         <size>0x80</size>
         <input_file_ref idref="fl-8a"/>
      </object_component>
      <object_component id="oc-e">
         <name>.text:_c_int00</name>
         <load_address>0x11819d80</load_address>
         <run_address>0x11819d80</run_address>
         <size>0x80</size>
         <input_file_ref idref="fl-81"/>
      </object_component>
      <object_component id="oc-f2">
         <name>.text:_readmsg</name>
         <load_address>0x11819e00</load_address>
         <run_address>0x11819e00</run_address>
         <size>0x80</size>
         <input_file_ref idref="fl-ac"/>
      </object_component>
      <object_component id="oc-13c">
         <name>.text:_unlink</name>
         <load_address>0x11819e80</load_address>
         <run_address>0x11819e80</run_address>
         <size>0x80</size>
         <input_file_ref idref="fl-a6"/>
      </object_component>
      <object_component id="oc-ee">
         <name>.text:___TI_cpp_init</name>
         <load_address>0x11819f00</load_address>
         <run_address>0x11819f00</run_address>
         <size>0x60</size>
         <input_file_ref idref="fl-90"/>
      </object_component>
      <object_component id="oc-13b">
         <name>.text:__subcull</name>
         <load_address>0x11819f60</load_address>
         <run_address>0x11819f60</run_address>
         <size>0x60</size>
         <input_file_ref idref="fl-a4"/>
      </object_component>
      <object_component id="oc-11a">
         <name>.text:_memccpy</name>
         <load_address>0x11819fc0</load_address>
         <run_address>0x11819fc0</run_address>
         <size>0x60</size>
         <input_file_ref idref="fl-a8"/>
      </object_component>
      <object_component id="oc-102">
         <name>.text:_modff</name>
         <load_address>0x1181a020</load_address>
         <run_address>0x1181a020</run_address>
         <size>0x60</size>
         <input_file_ref idref="fl-89"/>
      </object_component>
      <object_component id="oc-f1">
         <name>.text:_writemsg</name>
         <load_address>0x1181a080</load_address>
         <run_address>0x1181a080</run_address>
         <size>0x60</size>
         <input_file_ref idref="fl-ac"/>
      </object_component>
      <object_component id="oc-11f">
         <name>.text:___isinf</name>
         <load_address>0x1181a0e0</load_address>
         <run_address>0x1181a0e0</run_address>
         <size>0x40</size>
         <input_file_ref idref="fl-a5"/>
      </object_component>
      <object_component id="oc-11e">
         <name>.text:___isnan</name>
         <load_address>0x1181a120</load_address>
         <run_address>0x1181a120</run_address>
         <size>0x40</size>
         <input_file_ref idref="fl-9a"/>
      </object_component>
      <object_component id="oc-e2">
         <name>.text:__args_main</name>
         <load_address>0x1181a160</load_address>
         <run_address>0x1181a160</run_address>
         <size>0x40</size>
         <input_file_ref idref="fl-8e"/>
      </object_component>
      <object_component id="oc-ff">
         <name>.text:__frcmpyd_div</name>
         <load_address>0x1181a1a0</load_address>
         <run_address>0x1181a1a0</run_address>
         <size>0x40</size>
         <input_file_ref idref="fl-86"/>
      </object_component>
      <object_component id="oc-fe">
         <name>.text:__llshru</name>
         <load_address>0x1181a1e0</load_address>
         <run_address>0x1181a1e0</run_address>
         <size>0x40</size>
         <input_file_ref idref="fl-87"/>
      </object_component>
      <object_component id="oc-138">
         <name>.text:__remli</name>
         <load_address>0x1181a220</load_address>
         <run_address>0x1181a220</run_address>
         <size>0x40</size>
         <input_file_ref idref="fl-a3"/>
      </object_component>
      <object_component id="oc-124">
         <name>.text:__negll</name>
         <load_address>0x1181a260</load_address>
         <run_address>0x1181a260</run_address>
         <size>0x20</size>
         <input_file_ref idref="fl-aa"/>
      </object_component>
      <object_component id="oc-e4">
         <name>.text:__nop</name>
         <load_address>0x1181a280</load_address>
         <run_address>0x1181a280</run_address>
         <size>0x20</size>
         <input_file_ref idref="fl-8d"/>
      </object_component>
      <object_component id="oc-10c">
         <name>.text:__outc</name>
         <load_address>0x1181a2a0</load_address>
         <run_address>0x1181a2a0</run_address>
         <size>0x20</size>
         <input_file_ref idref="fl-99"/>
      </object_component>
      <object_component id="oc-10a">
         <name>.text:__outs</name>
         <load_address>0x1181a2c0</load_address>
         <run_address>0x1181a2c0</run_address>
         <size>0x20</size>
         <input_file_ref idref="fl-99"/>
      </object_component>
      <object_component id="oc-100">
         <name>.text:__truncf</name>
         <load_address>0x1181a2e0</load_address>
         <run_address>0x1181a2e0</run_address>
         <size>0x20</size>
         <input_file_ref idref="fl-8c"/>
      </object_component>
      <object_component id="oc-f0">
         <name>.text:_abort</name>
         <load_address>0x1181a300</load_address>
         <run_address>0x1181a300</run_address>
         <size>0x20</size>
         <input_file_ref idref="fl-85"/>
      </object_component>
      <object_component id="oc-137">
         <name>.text:_remove</name>
         <load_address>0x1181a320</load_address>
         <run_address>0x1181a320</run_address>
         <size>0x20</size>
         <input_file_ref idref="fl-b4"/>
      </object_component>
      <object_component id="oc-24">
         <name>.text</name>
         <load_address>0x1181a340</load_address>
         <run_address>0x1181a340</run_address>
         <size>0x20</size>
         <input_file_ref idref="fl-5"/>
      </object_component>
      <object_component id="oc-11d">
         <name>.const:.string:__ctypes_</name>
         <load_address>0x1181b600</load_address>
         <run_address>0x1181b600</run_address>
         <size>0x101</size>
         <input_file_ref idref="fl-9c"/>
      </object_component>
      <object_component id="oc-a2">
         <name>.const:.string</name>
         <load_address>0x1181b701</load_address>
         <run_address>0x1181b701</run_address>
         <size>0x2</size>
         <input_file_ref idref="fl-a2"/>
      </object_component>
      <object_component id="oc-105">
         <name>.const:_bitval_u32</name>
         <load_address>0x1181b708</load_address>
         <run_address>0x1181b708</run_address>
         <size>0x80</size>
         <input_file_ref idref="fl-96"/>
      </object_component>
      <object_component id="oc-78">
         <name>.const:.string</name>
         <load_address>0x1181b788</load_address>
         <run_address>0x1181b788</run_address>
         <size>0x40</size>
         <input_file_ref idref="fl-96"/>
      </object_component>
      <object_component id="oc-89">
         <name>.const:.string</name>
         <load_address>0x1181b7c8</load_address>
         <run_address>0x1181b7c8</run_address>
         <size>0x23</size>
         <input_file_ref idref="fl-9a"/>
      </object_component>
      <object_component id="oc-f">
         <name>.bss</name>
         <uninitialized>true</uninitialized>
         <run_address>0x1181b81c</run_address>
         <size>0x1c</size>
         <input_file_ref idref="fl-2"/>
      </object_component>
      <object_component id="oc-16">
         <name>.bss</name>
         <uninitialized>true</uninitialized>
         <run_address>0x1181b7ec</run_address>
         <size>0x30</size>
         <input_file_ref idref="fl-3"/>
      </object_component>
      <object_component id="oc-1d">
         <name>.bss</name>
         <uninitialized>true</uninitialized>
         <run_address>0x1181b838</run_address>
         <size>0xc</size>
         <input_file_ref idref="fl-4"/>
      </object_component>
      <object_component id="oc-80">
         <name>.bss</name>
         <uninitialized>true</uninitialized>
         <run_address>0x1181b844</run_address>
         <size>0x4</size>
         <input_file_ref idref="fl-98"/>
      </object_component>
      <object_component id="oc-12">
         <name>.far</name>
         <uninitialized>true</uninitialized>
         <run_address>0x1181b02c</run_address>
         <size>0x8</size>
         <input_file_ref idref="fl-2"/>
      </object_component>
      <object_component id="oc-19">
         <name>.far</name>
         <uninitialized>true</uninitialized>
         <run_address>0x1181afa8</run_address>
         <size>0x44</size>
         <input_file_ref idref="fl-3"/>
      </object_component>
      <object_component id="oc-20">
         <name>.far</name>
         <uninitialized>true</uninitialized>
         <run_address>0x1181afec</run_address>
         <size>0x10</size>
         <input_file_ref idref="fl-4"/>
      </object_component>
      <object_component id="oc-2f">
         <name>.far</name>
         <uninitialized>true</uninitialized>
         <run_address>0x1181b000</run_address>
         <size>0x10</size>
         <input_file_ref idref="fl-82"/>
      </object_component>
      <object_component id="oc-3a">
         <name>.far</name>
         <uninitialized>true</uninitialized>
         <run_address>0x1181b020</run_address>
         <size>0xc</size>
         <input_file_ref idref="fl-85"/>
      </object_component>
      <object_component id="oc-45">
         <name>.far</name>
         <uninitialized>true</uninitialized>
         <run_address>0x1181b03c</run_address>
         <size>0x8</size>
         <input_file_ref idref="fl-88"/>
      </object_component>
      <object_component id="oc-51">
         <name>.far</name>
         <uninitialized>true</uninitialized>
         <run_address>0x1181b010</run_address>
         <size>0x10</size>
         <input_file_ref idref="fl-8b"/>
      </object_component>
      <object_component id="oc-59">
         <name>.far</name>
         <uninitialized>true</uninitialized>
         <run_address>0x1181b034</run_address>
         <size>0x8</size>
         <input_file_ref idref="fl-8d"/>
      </object_component>
      <object_component id="oc-93">
         <name>.far</name>
         <uninitialized>true</uninitialized>
         <run_address>0x1181ab60</run_address>
         <size>0x324</size>
         <input_file_ref idref="fl-9d"/>
      </object_component>
      <object_component id="oc-b0">
         <name>.far</name>
         <uninitialized>true</uninitialized>
         <run_address>0x1181ae88</run_address>
         <size>0x11c</size>
         <input_file_ref idref="fl-a6"/>
      </object_component>
      <object_component id="oc-c0">
         <name>.far</name>
         <uninitialized>true</uninitialized>
         <run_address>0x1181b048</run_address>
         <size>0x8</size>
         <input_file_ref idref="fl-ab"/>
      </object_component>
      <object_component id="oc-d8">
         <name>.far</name>
         <uninitialized>true</uninitialized>
         <run_address>0x1181ae84</run_address>
         <size>0x4</size>
         <input_file_ref idref="fl-b2"/>
      </object_component>
      <object_component id="oc-104">
         <name>.switch:_getRegisterBankAndBit</name>
         <load_address>0x1181b848</load_address>
         <run_address>0x1181b848</run_address>
         <size>0x24</size>
         <input_file_ref idref="fl-94"/>
      </object_component>
      <object_component id="oc-2a">
         <name>.stack</name>
         <uninitialized>true</uninitialized>
         <run_address>0x1181a360</run_address>
         <size>0x8</size>
         <input_file_ref idref="fl-81"/>
      </object_component>
      <object_component id="oc-154">
         <name>.stack</name>
         <uninitialized>true</uninitialized>
         <run_address>0x1181a360</run_address>
         <size>0x0</size>
      </object_component>
      <object_component id="oc-18">
         <name>.cinit</name>
         <load_address>0x1181b050</load_address>
         <run_address>0x1181b050</run_address>
         <size>0x7c</size>
         <input_file_ref idref="fl-3"/>
      </object_component>
      <object_component id="oc-92">
         <name>.cinit</name>
         <load_address>0x1181b0d0</load_address>
         <run_address>0x1181b0d0</run_address>
         <size>0x5c</size>
         <input_file_ref idref="fl-9d"/>
      </object_component>
      <object_component id="oc-af">
         <name>.cinit</name>
         <load_address>0x1181b130</load_address>
         <run_address>0x1181b130</run_address>
         <size>0x5c</size>
         <input_file_ref idref="fl-a6"/>
      </object_component>
      <object_component id="oc-1f">
         <name>.cinit</name>
         <load_address>0x1181b190</load_address>
         <run_address>0x1181b190</run_address>
         <size>0x4c</size>
         <input_file_ref idref="fl-4"/>
      </object_component>
      <object_component id="oc-11">
         <name>.cinit</name>
         <load_address>0x1181b1e0</load_address>
         <run_address>0x1181b1e0</run_address>
         <size>0x2c</size>
         <input_file_ref idref="fl-2"/>
      </object_component>
      <object_component id="oc-39">
         <name>.cinit</name>
         <load_address>0x1181b210</load_address>
         <run_address>0x1181b210</run_address>
         <size>0x2c</size>
         <input_file_ref idref="fl-85"/>
      </object_component>
      <object_component id="oc-44">
         <name>.cinit</name>
         <load_address>0x1181b240</load_address>
         <run_address>0x1181b240</run_address>
         <size>0x2c</size>
         <input_file_ref idref="fl-88"/>
      </object_component>
      <object_component id="oc-58">
         <name>.cinit</name>
         <load_address>0x1181b270</load_address>
         <run_address>0x1181b270</run_address>
         <size>0x1c</size>
         <input_file_ref idref="fl-8d"/>
      </object_component>
      <object_component id="oc-2e">
         <name>.cinit</name>
         <load_address>0x1181b290</load_address>
         <run_address>0x1181b290</run_address>
         <size>0x18</size>
         <input_file_ref idref="fl-82"/>
      </object_component>
      <object_component id="oc-50">
         <name>.cinit</name>
         <load_address>0x1181b2a8</load_address>
         <run_address>0x1181b2a8</run_address>
         <size>0x18</size>
         <input_file_ref idref="fl-8b"/>
      </object_component>
      <object_component id="oc-d7">
         <name>.cinit</name>
         <load_address>0x1181b2c0</load_address>
         <run_address>0x1181b2c0</run_address>
         <size>0xc</size>
         <input_file_ref idref="fl-b2"/>
      </object_component>
      <object_component id="oc-46">
         <name>.sysmem</name>
         <uninitialized>true</uninitialized>
         <run_address>0x11800000</run_address>
         <size>0x8</size>
         <input_file_ref idref="fl-88"/>
      </object_component>
      <object_component id="oc-155">
         <name>.sysmem</name>
         <uninitialized>true</uninitialized>
         <run_address>0x11800000</run_address>
         <size>0x0</size>
      </object_component>
      <object_component id="oc-c4">
         <name>.cio</name>
         <uninitialized>true</uninitialized>
         <run_address>0x1181b2d8</run_address>
         <size>0x120</size>
         <input_file_ref idref="fl-ac"/>
      </object_component>
      <object_component id="oc-25">
         <name>.vecs</name>
         <load_address>0x1181b400</load_address>
         <run_address>0x1181b400</run_address>
         <size>0x200</size>
         <input_file_ref idref="fl-5"/>
      </object_component>
      <object_component id="oc-10">
         <name>.debug_info</name>
         <load_address>0x0</load_address>
         <run_address>0x0</run_address>
         <size>0x4209</size>
         <input_file_ref idref="fl-2"/>
      </object_component>
      <object_component id="oc-17">
         <name>.debug_info</name>
         <load_address>0x4209</load_address>
         <run_address>0x4209</run_address>
         <size>0xeb0</size>
         <input_file_ref idref="fl-3"/>
      </object_component>
      <object_component id="oc-1e">
         <name>.debug_info</name>
         <load_address>0x50b9</load_address>
         <run_address>0x50b9</run_address>
         <size>0x16a5</size>
         <input_file_ref idref="fl-4"/>
      </object_component>
      <object_component id="oc-26">
         <name>.debug_info</name>
         <load_address>0x675e</load_address>
         <run_address>0x675e</run_address>
         <size>0xf7</size>
         <input_file_ref idref="fl-5"/>
      </object_component>
      <object_component id="oc-29">
         <name>.debug_info</name>
         <load_address>0x6855</load_address>
         <run_address>0x6855</run_address>
         <size>0x739</size>
         <input_file_ref idref="fl-81"/>
      </object_component>
      <object_component id="oc-2d">
         <name>.debug_info</name>
         <load_address>0x6f8e</load_address>
         <run_address>0x6f8e</run_address>
         <size>0x6e4</size>
         <input_file_ref idref="fl-82"/>
      </object_component>
      <object_component id="oc-32">
         <name>.debug_info</name>
         <load_address>0x7672</load_address>
         <run_address>0x7672</run_address>
         <size>0x9b1</size>
         <input_file_ref idref="fl-83"/>
      </object_component>
      <object_component id="oc-35">
         <name>.debug_info</name>
         <load_address>0x8023</load_address>
         <run_address>0x8023</run_address>
         <size>0x8fc</size>
         <input_file_ref idref="fl-84"/>
      </object_component>
      <object_component id="oc-38">
         <name>.debug_info</name>
         <load_address>0x891f</load_address>
         <run_address>0x891f</run_address>
         <size>0x867</size>
         <input_file_ref idref="fl-85"/>
      </object_component>
      <object_component id="oc-3d">
         <name>.debug_info</name>
         <load_address>0x9186</load_address>
         <run_address>0x9186</run_address>
         <size>0x69a</size>
         <input_file_ref idref="fl-86"/>
      </object_component>
      <object_component id="oc-40">
         <name>.debug_info</name>
         <load_address>0x9820</load_address>
         <run_address>0x9820</run_address>
         <size>0x72f</size>
         <input_file_ref idref="fl-87"/>
      </object_component>
      <object_component id="oc-43">
         <name>.debug_info</name>
         <load_address>0x9f4f</load_address>
         <run_address>0x9f4f</run_address>
         <size>0xc91</size>
         <input_file_ref idref="fl-88"/>
      </object_component>
      <object_component id="oc-49">
         <name>.debug_info</name>
         <load_address>0xabe0</load_address>
         <run_address>0xabe0</run_address>
         <size>0x69c</size>
         <input_file_ref idref="fl-89"/>
      </object_component>
      <object_component id="oc-4c">
         <name>.debug_info</name>
         <load_address>0xb27c</load_address>
         <run_address>0xb27c</run_address>
         <size>0x687</size>
         <input_file_ref idref="fl-8a"/>
      </object_component>
      <object_component id="oc-4f">
         <name>.debug_info</name>
         <load_address>0xb903</load_address>
         <run_address>0xb903</run_address>
         <size>0x6e4</size>
         <input_file_ref idref="fl-8b"/>
      </object_component>
      <object_component id="oc-54">
         <name>.debug_info</name>
         <load_address>0xbfe7</load_address>
         <run_address>0xbfe7</run_address>
         <size>0x687</size>
         <input_file_ref idref="fl-8c"/>
      </object_component>
      <object_component id="oc-57">
         <name>.debug_info</name>
         <load_address>0xc66e</load_address>
         <run_address>0xc66e</run_address>
         <size>0x67a</size>
         <input_file_ref idref="fl-8d"/>
      </object_component>
      <object_component id="oc-5c">
         <name>.debug_info</name>
         <load_address>0xcce8</load_address>
         <run_address>0xcce8</run_address>
         <size>0x70f</size>
         <input_file_ref idref="fl-8e"/>
      </object_component>
      <object_component id="oc-5f">
         <name>.debug_info</name>
         <load_address>0xd3f7</load_address>
         <run_address>0xd3f7</run_address>
         <size>0x8e6</size>
         <input_file_ref idref="fl-8f"/>
      </object_component>
      <object_component id="oc-62">
         <name>.debug_info</name>
         <load_address>0xdcdd</load_address>
         <run_address>0xdcdd</run_address>
         <size>0x75e</size>
         <input_file_ref idref="fl-90"/>
      </object_component>
      <object_component id="oc-65">
         <name>.debug_info</name>
         <load_address>0xe43b</load_address>
         <run_address>0xe43b</run_address>
         <size>0x854</size>
         <input_file_ref idref="fl-91"/>
      </object_component>
      <object_component id="oc-68">
         <name>.debug_info</name>
         <load_address>0xec8f</load_address>
         <run_address>0xec8f</run_address>
         <size>0x111</size>
         <input_file_ref idref="fl-92"/>
      </object_component>
      <object_component id="oc-6b">
         <name>.debug_info</name>
         <load_address>0xeda0</load_address>
         <run_address>0xeda0</run_address>
         <size>0xb3f</size>
         <input_file_ref idref="fl-93"/>
      </object_component>
      <object_component id="oc-6f">
         <name>.debug_info</name>
         <load_address>0xf8df</load_address>
         <run_address>0xf8df</run_address>
         <size>0x1014</size>
         <input_file_ref idref="fl-94"/>
      </object_component>
      <object_component id="oc-73">
         <name>.debug_info</name>
         <load_address>0x108f3</load_address>
         <run_address>0x108f3</run_address>
         <size>0xee6</size>
         <input_file_ref idref="fl-95"/>
      </object_component>
      <object_component id="oc-77">
         <name>.debug_info</name>
         <load_address>0x117d9</load_address>
         <run_address>0x117d9</run_address>
         <size>0x2784</size>
         <input_file_ref idref="fl-96"/>
      </object_component>
      <object_component id="oc-7c">
         <name>.debug_info</name>
         <load_address>0x13f5d</load_address>
         <run_address>0x13f5d</run_address>
         <size>0xf3c</size>
         <input_file_ref idref="fl-97"/>
      </object_component>
      <object_component id="oc-81">
         <name>.debug_info</name>
         <load_address>0x14e99</load_address>
         <run_address>0x14e99</run_address>
         <size>0x13d9</size>
         <input_file_ref idref="fl-98"/>
      </object_component>
      <object_component id="oc-85">
         <name>.debug_info</name>
         <load_address>0x16272</load_address>
         <run_address>0x16272</run_address>
         <size>0x930</size>
         <input_file_ref idref="fl-99"/>
      </object_component>
      <object_component id="oc-88">
         <name>.debug_info</name>
         <load_address>0x16ba2</load_address>
         <run_address>0x16ba2</run_address>
         <size>0x38a3</size>
         <input_file_ref idref="fl-9a"/>
      </object_component>
      <object_component id="oc-8c">
         <name>.debug_info</name>
         <load_address>0x1a445</load_address>
         <run_address>0x1a445</run_address>
         <size>0x7de</size>
         <input_file_ref idref="fl-9b"/>
      </object_component>
      <object_component id="oc-8f">
         <name>.debug_info</name>
         <load_address>0x1ac23</load_address>
         <run_address>0x1ac23</run_address>
         <size>0x628</size>
         <input_file_ref idref="fl-9c"/>
      </object_component>
      <object_component id="oc-91">
         <name>.debug_info</name>
         <load_address>0x1b24b</load_address>
         <run_address>0x1b24b</run_address>
         <size>0x715</size>
         <input_file_ref idref="fl-9d"/>
      </object_component>
      <object_component id="oc-95">
         <name>.debug_info</name>
         <load_address>0x1b960</load_address>
         <run_address>0x1b960</run_address>
         <size>0x102</size>
         <input_file_ref idref="fl-9e"/>
      </object_component>
      <object_component id="oc-98">
         <name>.debug_info</name>
         <load_address>0x1ba62</load_address>
         <run_address>0x1ba62</run_address>
         <size>0x6bf</size>
         <input_file_ref idref="fl-9f"/>
      </object_component>
      <object_component id="oc-9b">
         <name>.debug_info</name>
         <load_address>0x1c121</load_address>
         <run_address>0x1c121</run_address>
         <size>0x6de</size>
         <input_file_ref idref="fl-a0"/>
      </object_component>
      <object_component id="oc-9e">
         <name>.debug_info</name>
         <load_address>0x1c7ff</load_address>
         <run_address>0x1c7ff</run_address>
         <size>0x858</size>
         <input_file_ref idref="fl-a1"/>
      </object_component>
      <object_component id="oc-a1">
         <name>.debug_info</name>
         <load_address>0x1d057</load_address>
         <run_address>0x1d057</run_address>
         <size>0xd9b</size>
         <input_file_ref idref="fl-a2"/>
      </object_component>
      <object_component id="oc-a5">
         <name>.debug_info</name>
         <load_address>0x1ddf2</load_address>
         <run_address>0x1ddf2</run_address>
         <size>0x832</size>
         <input_file_ref idref="fl-a3"/>
      </object_component>
      <object_component id="oc-a8">
         <name>.debug_info</name>
         <load_address>0x1e624</load_address>
         <run_address>0x1e624</run_address>
         <size>0x82d</size>
         <input_file_ref idref="fl-a4"/>
      </object_component>
      <object_component id="oc-ab">
         <name>.debug_info</name>
         <load_address>0x1ee51</load_address>
         <run_address>0x1ee51</run_address>
         <size>0x844</size>
         <input_file_ref idref="fl-a5"/>
      </object_component>
      <object_component id="oc-ae">
         <name>.debug_info</name>
         <load_address>0x1f695</load_address>
         <run_address>0x1f695</run_address>
         <size>0x11b4</size>
         <input_file_ref idref="fl-a6"/>
      </object_component>
      <object_component id="oc-b3">
         <name>.debug_info</name>
         <load_address>0x20849</load_address>
         <run_address>0x20849</run_address>
         <size>0x7be</size>
         <input_file_ref idref="fl-a7"/>
      </object_component>
      <object_component id="oc-b6">
         <name>.debug_info</name>
         <load_address>0x21007</load_address>
         <run_address>0x21007</run_address>
         <size>0x761</size>
         <input_file_ref idref="fl-a8"/>
      </object_component>
      <object_component id="oc-b9">
         <name>.debug_info</name>
         <load_address>0x21768</load_address>
         <run_address>0x21768</run_address>
         <size>0x845</size>
         <input_file_ref idref="fl-a9"/>
      </object_component>
      <object_component id="oc-bc">
         <name>.debug_info</name>
         <load_address>0x21fad</load_address>
         <run_address>0x21fad</run_address>
         <size>0x646</size>
         <input_file_ref idref="fl-aa"/>
      </object_component>
      <object_component id="oc-bf">
         <name>.debug_info</name>
         <load_address>0x225f3</load_address>
         <run_address>0x225f3</run_address>
         <size>0x11f4</size>
         <input_file_ref idref="fl-ab"/>
      </object_component>
      <object_component id="oc-c3">
         <name>.debug_info</name>
         <load_address>0x237e7</load_address>
         <run_address>0x237e7</run_address>
         <size>0xa1b</size>
         <input_file_ref idref="fl-ac"/>
      </object_component>
      <object_component id="oc-c7">
         <name>.debug_info</name>
         <load_address>0x24202</load_address>
         <run_address>0x24202</run_address>
         <size>0x788</size>
         <input_file_ref idref="fl-ad"/>
      </object_component>
      <object_component id="oc-ca">
         <name>.debug_info</name>
         <load_address>0x2498a</load_address>
         <run_address>0x2498a</run_address>
         <size>0x5fa</size>
         <input_file_ref idref="fl-ae"/>
      </object_component>
      <object_component id="oc-cd">
         <name>.debug_info</name>
         <load_address>0x24f84</load_address>
         <run_address>0x24f84</run_address>
         <size>0x7af</size>
         <input_file_ref idref="fl-af"/>
      </object_component>
      <object_component id="oc-d0">
         <name>.debug_info</name>
         <load_address>0x25733</load_address>
         <run_address>0x25733</run_address>
         <size>0x7e7</size>
         <input_file_ref idref="fl-b0"/>
      </object_component>
      <object_component id="oc-d3">
         <name>.debug_info</name>
         <load_address>0x25f1a</load_address>
         <run_address>0x25f1a</run_address>
         <size>0x841</size>
         <input_file_ref idref="fl-b1"/>
      </object_component>
      <object_component id="oc-d6">
         <name>.debug_info</name>
         <load_address>0x2675b</load_address>
         <run_address>0x2675b</run_address>
         <size>0x8fa</size>
         <input_file_ref idref="fl-b2"/>
      </object_component>
      <object_component id="oc-db">
         <name>.debug_info</name>
         <load_address>0x27055</load_address>
         <run_address>0x27055</run_address>
         <size>0x834</size>
         <input_file_ref idref="fl-b3"/>
      </object_component>
      <object_component id="oc-de">
         <name>.debug_info</name>
         <load_address>0x27889</load_address>
         <run_address>0x27889</run_address>
         <size>0x692</size>
         <input_file_ref idref="fl-b4"/>
      </object_component>
      <object_component id="oc-156">
         <name>.debug_info</name>
         <load_address>0x27f1b</load_address>
         <run_address>0x27f1b</run_address>
         <size>0x6e</size>
      </object_component>
      <object_component id="oc-13">
         <name>.debug_frame</name>
         <load_address>0x0</load_address>
         <run_address>0x0</run_address>
         <size>0x464</size>
         <input_file_ref idref="fl-2"/>
      </object_component>
      <object_component id="oc-1a">
         <name>.debug_frame</name>
         <load_address>0x464</load_address>
         <run_address>0x464</run_address>
         <size>0x25c</size>
         <input_file_ref idref="fl-3"/>
      </object_component>
      <object_component id="oc-21">
         <name>.debug_frame</name>
         <load_address>0x6c0</load_address>
         <run_address>0x6c0</run_address>
         <size>0x42c</size>
         <input_file_ref idref="fl-4"/>
      </object_component>
      <object_component id="oc-6c">
         <name>.debug_frame</name>
         <load_address>0xaec</load_address>
         <run_address>0xaec</run_address>
         <size>0x2b9</size>
         <input_file_ref idref="fl-93"/>
      </object_component>
      <object_component id="oc-70">
         <name>.debug_frame</name>
         <load_address>0xda5</load_address>
         <run_address>0xda5</run_address>
         <size>0x2d0</size>
         <input_file_ref idref="fl-94"/>
      </object_component>
      <object_component id="oc-74">
         <name>.debug_frame</name>
         <load_address>0x1075</load_address>
         <run_address>0x1075</run_address>
         <size>0x29a</size>
         <input_file_ref idref="fl-95"/>
      </object_component>
      <object_component id="oc-79">
         <name>.debug_frame</name>
         <load_address>0x130f</load_address>
         <run_address>0x130f</run_address>
         <size>0x38b</size>
         <input_file_ref idref="fl-96"/>
      </object_component>
      <object_component id="oc-7d">
         <name>.debug_frame</name>
         <load_address>0x169a</load_address>
         <run_address>0x169a</run_address>
         <size>0x2da</size>
         <input_file_ref idref="fl-97"/>
      </object_component>
      <object_component id="oc-82">
         <name>.debug_frame</name>
         <load_address>0x1974</load_address>
         <run_address>0x1974</run_address>
         <size>0x29c</size>
         <input_file_ref idref="fl-98"/>
      </object_component>
      <object_component id="oc-14">
         <name>.debug_line</name>
         <load_address>0x0</load_address>
         <run_address>0x0</run_address>
         <size>0x65b</size>
         <input_file_ref idref="fl-2"/>
      </object_component>
      <object_component id="oc-1b">
         <name>.debug_line</name>
         <load_address>0x65b</load_address>
         <run_address>0x65b</run_address>
         <size>0xe5</size>
         <input_file_ref idref="fl-3"/>
      </object_component>
      <object_component id="oc-22">
         <name>.debug_line</name>
         <load_address>0x740</load_address>
         <run_address>0x740</run_address>
         <size>0x279</size>
         <input_file_ref idref="fl-4"/>
      </object_component>
      <object_component id="oc-27">
         <name>.debug_line</name>
         <load_address>0x9b9</load_address>
         <run_address>0x9b9</run_address>
         <size>0xd1</size>
         <input_file_ref idref="fl-5"/>
      </object_component>
      <object_component id="oc-2b">
         <name>.debug_line</name>
         <load_address>0xa8a</load_address>
         <run_address>0xa8a</run_address>
         <size>0x3d</size>
         <input_file_ref idref="fl-81"/>
      </object_component>
      <object_component id="oc-30">
         <name>.debug_line</name>
         <load_address>0xac7</load_address>
         <run_address>0xac7</run_address>
         <size>0x37</size>
         <input_file_ref idref="fl-82"/>
      </object_component>
      <object_component id="oc-33">
         <name>.debug_line</name>
         <load_address>0xafe</load_address>
         <run_address>0xafe</run_address>
         <size>0x3c</size>
         <input_file_ref idref="fl-83"/>
      </object_component>
      <object_component id="oc-36">
         <name>.debug_line</name>
         <load_address>0xb3a</load_address>
         <run_address>0xb3a</run_address>
         <size>0x3c</size>
         <input_file_ref idref="fl-84"/>
      </object_component>
      <object_component id="oc-3b">
         <name>.debug_line</name>
         <load_address>0xb76</load_address>
         <run_address>0xb76</run_address>
         <size>0x4f</size>
         <input_file_ref idref="fl-85"/>
      </object_component>
      <object_component id="oc-3e">
         <name>.debug_line</name>
         <load_address>0xbc5</load_address>
         <run_address>0xbc5</run_address>
         <size>0x3e</size>
         <input_file_ref idref="fl-86"/>
      </object_component>
      <object_component id="oc-41">
         <name>.debug_line</name>
         <load_address>0xc03</load_address>
         <run_address>0xc03</run_address>
         <size>0x56</size>
         <input_file_ref idref="fl-87"/>
      </object_component>
      <object_component id="oc-47">
         <name>.debug_line</name>
         <load_address>0xc59</load_address>
         <run_address>0xc59</run_address>
         <size>0xa7</size>
         <input_file_ref idref="fl-88"/>
      </object_component>
      <object_component id="oc-4a">
         <name>.debug_line</name>
         <load_address>0xd00</load_address>
         <run_address>0xd00</run_address>
         <size>0x38</size>
         <input_file_ref idref="fl-89"/>
      </object_component>
      <object_component id="oc-4d">
         <name>.debug_line</name>
         <load_address>0xd38</load_address>
         <run_address>0xd38</run_address>
         <size>0x39</size>
         <input_file_ref idref="fl-8a"/>
      </object_component>
      <object_component id="oc-52">
         <name>.debug_line</name>
         <load_address>0xd71</load_address>
         <run_address>0xd71</run_address>
         <size>0x3c</size>
         <input_file_ref idref="fl-8b"/>
      </object_component>
      <object_component id="oc-55">
         <name>.debug_line</name>
         <load_address>0xdad</load_address>
         <run_address>0xdad</run_address>
         <size>0x39</size>
         <input_file_ref idref="fl-8c"/>
      </object_component>
      <object_component id="oc-5a">
         <name>.debug_line</name>
         <load_address>0xde6</load_address>
         <run_address>0xde6</run_address>
         <size>0x35</size>
         <input_file_ref idref="fl-8d"/>
      </object_component>
      <object_component id="oc-5d">
         <name>.debug_line</name>
         <load_address>0xe1b</load_address>
         <run_address>0xe1b</run_address>
         <size>0x3f</size>
         <input_file_ref idref="fl-8e"/>
      </object_component>
      <object_component id="oc-60">
         <name>.debug_line</name>
         <load_address>0xe5a</load_address>
         <run_address>0xe5a</run_address>
         <size>0x49</size>
         <input_file_ref idref="fl-8f"/>
      </object_component>
      <object_component id="oc-63">
         <name>.debug_line</name>
         <load_address>0xea3</load_address>
         <run_address>0xea3</run_address>
         <size>0x45</size>
         <input_file_ref idref="fl-90"/>
      </object_component>
      <object_component id="oc-66">
         <name>.debug_line</name>
         <load_address>0xee8</load_address>
         <run_address>0xee8</run_address>
         <size>0x44</size>
         <input_file_ref idref="fl-91"/>
      </object_component>
      <object_component id="oc-69">
         <name>.debug_line</name>
         <load_address>0xf2c</load_address>
         <run_address>0xf2c</run_address>
         <size>0x4a</size>
         <input_file_ref idref="fl-92"/>
      </object_component>
      <object_component id="oc-6d">
         <name>.debug_line</name>
         <load_address>0xf76</load_address>
         <run_address>0xf76</run_address>
         <size>0xd8</size>
         <input_file_ref idref="fl-93"/>
      </object_component>
      <object_component id="oc-71">
         <name>.debug_line</name>
         <load_address>0x104e</load_address>
         <run_address>0x104e</run_address>
         <size>0x1ba</size>
         <input_file_ref idref="fl-94"/>
      </object_component>
      <object_component id="oc-75">
         <name>.debug_line</name>
         <load_address>0x1208</load_address>
         <run_address>0x1208</run_address>
         <size>0xad</size>
         <input_file_ref idref="fl-95"/>
      </object_component>
      <object_component id="oc-7a">
         <name>.debug_line</name>
         <load_address>0x12b5</load_address>
         <run_address>0x12b5</run_address>
         <size>0x2d8</size>
         <input_file_ref idref="fl-96"/>
      </object_component>
      <object_component id="oc-7e">
         <name>.debug_line</name>
         <load_address>0x158d</load_address>
         <run_address>0x158d</run_address>
         <size>0x169</size>
         <input_file_ref idref="fl-97"/>
      </object_component>
      <object_component id="oc-83">
         <name>.debug_line</name>
         <load_address>0x16f6</load_address>
         <run_address>0x16f6</run_address>
         <size>0x143</size>
         <input_file_ref idref="fl-98"/>
      </object_component>
      <object_component id="oc-86">
         <name>.debug_line</name>
         <load_address>0x1839</load_address>
         <run_address>0x1839</run_address>
         <size>0x6a</size>
         <input_file_ref idref="fl-99"/>
      </object_component>
      <object_component id="oc-8a">
         <name>.debug_line</name>
         <load_address>0x18a3</load_address>
         <run_address>0x18a3</run_address>
         <size>0x3a6</size>
         <input_file_ref idref="fl-9a"/>
      </object_component>
      <object_component id="oc-8d">
         <name>.debug_line</name>
         <load_address>0x1c49</load_address>
         <run_address>0x1c49</run_address>
         <size>0x45</size>
         <input_file_ref idref="fl-9b"/>
      </object_component>
      <object_component id="oc-96">
         <name>.debug_line</name>
         <load_address>0x1c8e</load_address>
         <run_address>0x1c8e</run_address>
         <size>0x44</size>
         <input_file_ref idref="fl-9e"/>
      </object_component>
      <object_component id="oc-99">
         <name>.debug_line</name>
         <load_address>0x1cd2</load_address>
         <run_address>0x1cd2</run_address>
         <size>0x3d</size>
         <input_file_ref idref="fl-9f"/>
      </object_component>
      <object_component id="oc-9c">
         <name>.debug_line</name>
         <load_address>0x1d0f</load_address>
         <run_address>0x1d0f</run_address>
         <size>0x3d</size>
         <input_file_ref idref="fl-a0"/>
      </object_component>
      <object_component id="oc-9f">
         <name>.debug_line</name>
         <load_address>0x1d4c</load_address>
         <run_address>0x1d4c</run_address>
         <size>0x3f</size>
         <input_file_ref idref="fl-a1"/>
      </object_component>
      <object_component id="oc-a3">
         <name>.debug_line</name>
         <load_address>0x1d8b</load_address>
         <run_address>0x1d8b</run_address>
         <size>0xd9</size>
         <input_file_ref idref="fl-a2"/>
      </object_component>
      <object_component id="oc-a6">
         <name>.debug_line</name>
         <load_address>0x1e64</load_address>
         <run_address>0x1e64</run_address>
         <size>0x73</size>
         <input_file_ref idref="fl-a3"/>
      </object_component>
      <object_component id="oc-a9">
         <name>.debug_line</name>
         <load_address>0x1ed7</load_address>
         <run_address>0x1ed7</run_address>
         <size>0x61</size>
         <input_file_ref idref="fl-a4"/>
      </object_component>
      <object_component id="oc-ac">
         <name>.debug_line</name>
         <load_address>0x1f38</load_address>
         <run_address>0x1f38</run_address>
         <size>0x38</size>
         <input_file_ref idref="fl-a5"/>
      </object_component>
      <object_component id="oc-b1">
         <name>.debug_line</name>
         <load_address>0x1f70</load_address>
         <run_address>0x1f70</run_address>
         <size>0x13b</size>
         <input_file_ref idref="fl-a6"/>
      </object_component>
      <object_component id="oc-b4">
         <name>.debug_line</name>
         <load_address>0x20ab</load_address>
         <run_address>0x20ab</run_address>
         <size>0x40</size>
         <input_file_ref idref="fl-a7"/>
      </object_component>
      <object_component id="oc-b7">
         <name>.debug_line</name>
         <load_address>0x20eb</load_address>
         <run_address>0x20eb</run_address>
         <size>0x3f</size>
         <input_file_ref idref="fl-a8"/>
      </object_component>
      <object_component id="oc-ba">
         <name>.debug_line</name>
         <load_address>0x212a</load_address>
         <run_address>0x212a</run_address>
         <size>0x46</size>
         <input_file_ref idref="fl-a9"/>
      </object_component>
      <object_component id="oc-bd">
         <name>.debug_line</name>
         <load_address>0x2170</load_address>
         <run_address>0x2170</run_address>
         <size>0x39</size>
         <input_file_ref idref="fl-aa"/>
      </object_component>
      <object_component id="oc-c1">
         <name>.debug_line</name>
         <load_address>0x21a9</load_address>
         <run_address>0x21a9</run_address>
         <size>0x16c</size>
         <input_file_ref idref="fl-ab"/>
      </object_component>
      <object_component id="oc-c5">
         <name>.debug_line</name>
         <load_address>0x2315</load_address>
         <run_address>0x2315</run_address>
         <size>0x66</size>
         <input_file_ref idref="fl-ac"/>
      </object_component>
      <object_component id="oc-c8">
         <name>.debug_line</name>
         <load_address>0x237b</load_address>
         <run_address>0x237b</run_address>
         <size>0x40</size>
         <input_file_ref idref="fl-ad"/>
      </object_component>
      <object_component id="oc-cb">
         <name>.debug_line</name>
         <load_address>0x23bb</load_address>
         <run_address>0x23bb</run_address>
         <size>0x23</size>
         <input_file_ref idref="fl-ae"/>
      </object_component>
      <object_component id="oc-ce">
         <name>.debug_line</name>
         <load_address>0x23de</load_address>
         <run_address>0x23de</run_address>
         <size>0x3e</size>
         <input_file_ref idref="fl-af"/>
      </object_component>
      <object_component id="oc-d1">
         <name>.debug_line</name>
         <load_address>0x241c</load_address>
         <run_address>0x241c</run_address>
         <size>0x3c</size>
         <input_file_ref idref="fl-b0"/>
      </object_component>
      <object_component id="oc-d4">
         <name>.debug_line</name>
         <load_address>0x2458</load_address>
         <run_address>0x2458</run_address>
         <size>0x40</size>
         <input_file_ref idref="fl-b1"/>
      </object_component>
      <object_component id="oc-d9">
         <name>.debug_line</name>
         <load_address>0x2498</load_address>
         <run_address>0x2498</run_address>
         <size>0x42</size>
         <input_file_ref idref="fl-b2"/>
      </object_component>
      <object_component id="oc-dc">
         <name>.debug_line</name>
         <load_address>0x24da</load_address>
         <run_address>0x24da</run_address>
         <size>0x3e</size>
         <input_file_ref idref="fl-b3"/>
      </object_component>
      <object_component id="oc-df">
         <name>.debug_line</name>
         <load_address>0x2518</load_address>
         <run_address>0x2518</run_address>
         <size>0x39</size>
         <input_file_ref idref="fl-b4"/>
      </object_component>
      <object_component id="oc-15">
         <name>.debug_abbrev</name>
         <load_address>0x0</load_address>
         <run_address>0x0</run_address>
         <size>0x230</size>
         <input_file_ref idref="fl-2"/>
      </object_component>
      <object_component id="oc-1c">
         <name>.debug_abbrev</name>
         <load_address>0x230</load_address>
         <run_address>0x230</run_address>
         <size>0x118</size>
         <input_file_ref idref="fl-3"/>
      </object_component>
      <object_component id="oc-23">
         <name>.debug_abbrev</name>
         <load_address>0x348</load_address>
         <run_address>0x348</run_address>
         <size>0x1b6</size>
         <input_file_ref idref="fl-4"/>
      </object_component>
      <object_component id="oc-28">
         <name>.debug_abbrev</name>
         <load_address>0x4fe</load_address>
         <run_address>0x4fe</run_address>
         <size>0x21</size>
         <input_file_ref idref="fl-5"/>
      </object_component>
      <object_component id="oc-2c">
         <name>.debug_abbrev</name>
         <load_address>0x51f</load_address>
         <run_address>0x51f</run_address>
         <size>0xfe</size>
         <input_file_ref idref="fl-81"/>
      </object_component>
      <object_component id="oc-31">
         <name>.debug_abbrev</name>
         <load_address>0x61d</load_address>
         <run_address>0x61d</run_address>
         <size>0xaf</size>
         <input_file_ref idref="fl-82"/>
      </object_component>
      <object_component id="oc-34">
         <name>.debug_abbrev</name>
         <load_address>0x6cc</load_address>
         <run_address>0x6cc</run_address>
         <size>0xf5</size>
         <input_file_ref idref="fl-83"/>
      </object_component>
      <object_component id="oc-37">
         <name>.debug_abbrev</name>
         <load_address>0x7c1</load_address>
         <run_address>0x7c1</run_address>
         <size>0xe7</size>
         <input_file_ref idref="fl-84"/>
      </object_component>
      <object_component id="oc-3c">
         <name>.debug_abbrev</name>
         <load_address>0x8a8</load_address>
         <run_address>0x8a8</run_address>
         <size>0x119</size>
         <input_file_ref idref="fl-85"/>
      </object_component>
      <object_component id="oc-3f">
         <name>.debug_abbrev</name>
         <load_address>0x9c1</load_address>
         <run_address>0x9c1</run_address>
         <size>0x8c</size>
         <input_file_ref idref="fl-86"/>
      </object_component>
      <object_component id="oc-42">
         <name>.debug_abbrev</name>
         <load_address>0xa4d</load_address>
         <run_address>0xa4d</run_address>
         <size>0xa3</size>
         <input_file_ref idref="fl-87"/>
      </object_component>
      <object_component id="oc-48">
         <name>.debug_abbrev</name>
         <load_address>0xaf0</load_address>
[...]
      </symbol>
      <symbol id="sm-21a">
         <name>_DLU_led_D5_set</name>
         <value>0x11812478</value>
         <object_component_ref idref="oc-f4"/>
      </symbol>
      <symbol id="sm-21b">
         <name>_pb_user2_deb_stat</name>
         <value>0x1181aff4</value>
         <object_component_ref idref="oc-20"/>
      </symbol>
      <symbol id="sm-21c">
         <name>_DLU_led_D6_set</name>
         <value>0x11812498</value>
         <object_component_ref idref="oc-f4"/>
      </symbol>
      <symbol id="sm-21d">
         <name>_pb_states_stat</name>
         <value>0x1181b838</value>
         <object_component_ref idref="oc-1d"/>
      </symbol>
      <symbol id="sm-229">
         <name>_vector10</name>
         <value>0x1181b540</value>
         <object_component_ref idref="oc-25"/>
      </symbol>
      <symbol id="sm-22a">
         <name>_vector11</name>
         <value>0x1181b560</value>
         <object_component_ref idref="oc-25"/>
      </symbol>
      <symbol id="sm-22b">
         <name>_vector12</name>
         <value>0x1181b580</value>
         <object_component_ref idref="oc-25"/>
      </symbol>
      <symbol id="sm-22c">
         <name>_vector13</name>
         <value>0x1181b5a0</value>
         <object_component_ref idref="oc-25"/>
      </symbol>
      <symbol id="sm-22d">
         <name>_vector14</name>
         <value>0x1181b5c0</value>
         <object_component_ref idref="oc-25"/>
      </symbol>
      <symbol id="sm-22e">
         <name>_vector15</name>
         <value>0x1181b5e0</value>
         <object_component_ref idref="oc-25"/>
      </symbol>
      <symbol id="sm-22f">
         <name>_vectors</name>
         <value>0x1181b400</value>
         <object_component_ref idref="oc-25"/>
      </symbol>
      <symbol id="sm-230">
         <name>_vector1</name>
         <value>0x1181b420</value>
         <object_component_ref idref="oc-25"/>
      </symbol>
      <symbol id="sm-231">
         <name>_vector3</name>
         <value>0x1181b460</value>
         <object_component_ref idref="oc-25"/>
      </symbol>
      <symbol id="sm-232">
         <name>_vector2</name>
         <value>0x1181b440</value>
         <object_component_ref idref="oc-25"/>
      </symbol>
      <symbol id="sm-233">
         <name>_vector5</name>
         <value>0x1181b4a0</value>
         <object_component_ref idref="oc-25"/>
      </symbol>
      <symbol id="sm-234">
         <name>_vector4</name>
         <value>0x1181b480</value>
         <object_component_ref idref="oc-25"/>
      </symbol>
      <symbol id="sm-235">
         <name>_vector7</name>
         <value>0x1181b4e0</value>
         <object_component_ref idref="oc-25"/>
      </symbol>
      <symbol id="sm-236">
         <name>_vector6</name>
         <value>0x1181b4c0</value>
         <object_component_ref idref="oc-25"/>
      </symbol>
      <symbol id="sm-237">
         <name>_vector9</name>
         <value>0x1181b520</value>
         <object_component_ref idref="oc-25"/>
      </symbol>
      <symbol id="sm-238">
         <name>_vector8</name>
         <value>0x1181b500</value>
         <object_component_ref idref="oc-25"/>
      </symbol>
      <symbol id="sm-247">
         <name>_c_int00</name>
         <value>0x11819d80</value>
         <object_component_ref idref="oc-e"/>
      </symbol>
      <symbol id="sm-248">
         <name>__stack</name>
         <value>0x1181a360</value>
         <object_component_ref idref="oc-2a"/>
      </symbol>
      <symbol id="sm-25d">
         <name>_cosf</name>
         <value>0x11816e00</value>
         <object_component_ref idref="oc-f7"/>
      </symbol>
      <symbol id="sm-26f">
         <name>__divd</name>
         <value>0x11812980</value>
         <object_component_ref idref="oc-f5"/>
      </symbol>
      <symbol id="sm-27f">
         <name>__divf</name>
         <value>0x11815dc0</value>
         <object_component_ref idref="oc-f8"/>
      </symbol>
      <symbol id="sm-296">
         <name>C$$EXIT</name>
         <value>0x1181a300</value>
         <object_component_ref idref="oc-f0"/>
      </symbol>
      <symbol id="sm-297">
         <name>_exit</name>
         <value>0x118191c0</value>
         <object_component_ref idref="oc-e3"/>
      </symbol>
      <symbol id="sm-298">
         <name>___TI_enable_exit_profile_output</name>
         <value>0x1181b028</value>
         <object_component_ref idref="oc-3a"/>
      </symbol>
      <symbol id="sm-299">
         <name>_abort</name>
         <value>0x1181a300</value>
         <object_component_ref idref="oc-f0"/>
      </symbol>
      <symbol id="sm-29a">
         <name>__cleanup_ptr</name>
         <value>0x1181b020</value>
         <object_component_ref idref="oc-3a"/>
      </symbol>
      <symbol id="sm-29b">
         <name>__dtors_ptr</name>
         <value>0x1181b024</value>
         <object_component_ref idref="oc-3a"/>
      </symbol>
      <symbol id="sm-2a5">
         <name>__frcmpyd_div</name>
         <value>0x1181a1a0</value>
         <object_component_ref idref="oc-ff"/>
      </symbol>
      <symbol id="sm-2b3">
         <name>__llshl</name>
         <value>0x11819c80</value>
         <object_component_ref idref="oc-13a"/>
      </symbol>
      <symbol id="sm-2b4">
         <name>__llshru</name>
         <value>0x1181a1e0</value>
         <object_component_ref idref="oc-fe"/>
      </symbol>
      <symbol id="sm-2ec">
         <name>__sys_memory</name>
         <value>0x11800000</value>
         <object_component_ref idref="oc-46"/>
      </symbol>
      <symbol id="sm-2ed">
         <name>_free</name>
         <value>0x11816040</value>
         <object_component_ref idref="oc-127"/>
      </symbol>
      <symbol id="sm-2ee">
         <name>_malloc</name>
         <value>0x11817ea0</value>
         <object_component_ref idref="oc-fb"/>
      </symbol>
      <symbol id="sm-2f9">
         <name>_modff</name>
         <value>0x1181a020</value>
         <object_component_ref idref="oc-102"/>
      </symbol>
      <symbol id="sm-303">
         <name>__roundf</name>
         <value>0x11819d00</value>
         <object_component_ref idref="oc-101"/>
      </symbol>
      <symbol id="sm-317">
         <name>_sinf</name>
         <value>0x118169a0</value>
         <object_component_ref idref="oc-f6"/>
      </symbol>
      <symbol id="sm-321">
         <name>__truncf</name>
         <value>0x1181a2e0</value>
         <object_component_ref idref="oc-100"/>
      </symbol>
      <symbol id="sm-32f">
         <name>__unlock</name>
         <value>0x1181b038</value>
         <object_component_ref idref="oc-59"/>
      </symbol>
      <symbol id="sm-330">
         <name>__lock</name>
         <value>0x1181b034</value>
         <object_component_ref idref="oc-59"/>
      </symbol>
      <symbol id="sm-331">
         <name>__nop</name>
         <value>0x1181a280</value>
         <object_component_ref idref="oc-e4"/>
      </symbol>
      <symbol id="sm-33b">
         <name>__args_main</name>
         <value>0x1181a160</value>
         <object_component_ref idref="oc-e2"/>
      </symbol>
      <symbol id="sm-33c">
         <name>__TI_args_main</name>
         <value>0x1</value>
      </symbol>
      <symbol id="sm-34b">
         <name>__auto_init</name>
         <value>0x11818ec0</value>
         <object_component_ref idref="oc-e1"/>
      </symbol>
      <symbol id="sm-358">
         <name>___TI_cpp_init</name>
         <value>0x11819f00</value>
         <object_component_ref idref="oc-ee"/>
      </symbol>
      <symbol id="sm-366">
         <name>_copy_in</name>
         <value>0x118197a0</value>
         <object_component_ref idref="oc-ec"/>
      </symbol>
      <symbol id="sm-36e">
         <name>_memcpy</name>
         <value>0x11819980</value>
         <object_component_ref idref="oc-ed"/>
      </symbol>
      <symbol id="sm-37d">
         <name>_USTIMER_get</name>
         <value>0x118177e4</value>
         <object_component_ref idref="oc-fc"/>
      </symbol>
      <symbol id="sm-37e">
         <name>_USTIMER_delay</name>
         <value>0x11817724</value>
         <object_component_ref idref="oc-fc"/>
      </symbol>
      <symbol id="sm-37f">
         <name>_USTIMER_set</name>
         <value>0x118177f8</value>
         <object_component_ref idref="oc-fc"/>
      </symbol>
      <symbol id="sm-380">
         <name>_USTIMER_init</name>
         <value>0x11817640</value>
         <object_component_ref idref="oc-fc"/>
      </symbol>
      <symbol id="sm-381">
         <name>_USTIMER_reset</name>
         <value>0x118177b4</value>
         <object_component_ref idref="oc-fc"/>
      </symbol>
      <symbol id="sm-3bb">
         <name>_GPIO_getInput</name>
         <value>0x11814b98</value>
         <object_component_ref idref="oc-fa"/>
      </symbol>
      <symbol id="sm-3bc">
         <name>_GPIO_setDir</name>
         <value>0x11814b20</value>
         <object_component_ref idref="oc-fa"/>
      </symbol>
      <symbol id="sm-3bd">
         <name>_GPIO_toggleLoop</name>
         <value>0x11814c8c</value>
         <object_component_ref idref="oc-fa"/>
      </symbol>
      <symbol id="sm-3be">
         <name>_GPIO_setOutput</name>
         <value>0x11814c0c</value>
         <object_component_ref idref="oc-fa"/>
      </symbol>
      <symbol id="sm-3ea">
         <name>_AIC3106_writeRegister</name>
         <value>0x11817cd0</value>
         <object_component_ref idref="oc-f9"/>
      </symbol>
      <symbol id="sm-3eb">
         <name>_AIC3106_init</name>
         <value>0x11817b80</value>
         <object_component_ref idref="oc-f9"/>
      </symbol>
      <symbol id="sm-3ec">
         <name>_AIC3106_readRegister</name>
         <value>0x11817c78</value>
         <object_component_ref idref="oc-f9"/>
      </symbol>
      <symbol id="sm-489">
         <name>_config_pll1</name>
         <value>0x11811fa4</value>
         <object_component_ref idref="oc-fd"/>
      </symbol>
      <symbol id="sm-48a">
         <name>_config_pll0</name>
         <value>0x11811d68</value>
         <object_component_ref idref="oc-fd"/>
      </symbol>
      <symbol id="sm-48b">
         <name>_UTIL_isUIBoardAttached</name>
         <value>0x118122e0</value>
         <object_component_ref idref="oc-fd"/>
      </symbol>
      <symbol id="sm-48c">
         <name>_EVMOMAPL138_initRAM</name>
         <value>0x1181170c</value>
         <object_component_ref idref="oc-fd"/>
      </symbol>
      <symbol id="sm-48d">
         <name>_EVMOMAPL138_lpscTransition</name>
         <value>0x11811990</value>
         <object_component_ref idref="oc-fd"/>
      </symbol>
      <symbol id="sm-48e">
         <name>_EVMOMAPL138_enableDsp</name>
         <value>0x118118c8</value>
         <object_component_ref idref="oc-fd"/>
      </symbol>
      <symbol id="sm-48f">
         <name>_EVMOMAPL138_init</name>
         <value>0x118116e0</value>
         <object_component_ref idref="oc-fd"/>
      </symbol>
      <symbol id="sm-490">
         <name>_UTIL_printMem</name>
         <value>0x11812188</value>
         <object_component_ref idref="oc-fd"/>
      </symbol>
      <symbol id="sm-491">
         <name>_EVMOMAPL138_pinmuxConfig</name>
         <value>0x118118f4</value>
         <object_component_ref idref="oc-fd"/>
      </symbol>
      <symbol id="sm-492">
         <name>_bitval_u32</name>
         <value>0x1181b708</value>
         <object_component_ref idref="oc-105"/>
      </symbol>
      <symbol id="sm-4c0">
         <name>_I2CGPIO_getInput</name>
         <value>0x11813a94</value>
         <object_component_ref idref="oc-109"/>
      </symbol>
      <symbol id="sm-4c1">
         <name>_I2CGPIO_setOutputAll</name>
         <value>0x11813e08</value>
         <object_component_ref idref="oc-109"/>
      </symbol>
      <symbol id="sm-4c2">
         <name>_I2CGPIO_setOutput</name>
         <value>0x11813cc0</value>
         <object_component_ref idref="oc-109"/>
      </symbol>
      <symbol id="sm-4c3">
         <name>_I2CGPIO_getInputAll</name>
         <value>0x11813bb0</value>
         <object_component_ref idref="oc-109"/>
      </symbol>
      <symbol id="sm-4c4">
         <name>_I2CGPIO_init</name>
         <value>0x118139c0</value>
         <object_component_ref idref="oc-109"/>
      </symbol>
      <symbol id="sm-50d">
         <name>_I2C_read</name>
         <value>0x11814f8c</value>
         <object_component_ref idref="oc-103"/>
      </symbol>
      <symbol id="sm-50e">
         <name>_I2C_write</name>
         <value>0x118150e8</value>
         <object_component_ref idref="oc-103"/>
      </symbol>
      <symbol id="sm-50f">
         <name>_I2C_init</name>
         <value>0x11814ea0</value>
         <object_component_ref idref="oc-103"/>
      </symbol>
      <symbol id="sm-524">
         <name>_printf</name>
         <value>0x11818c60</value>
         <object_component_ref idref="oc-108"/>
      </symbol>
      <symbol id="sm-630">
         <name>__printfi</name>
         <value>0x11814340</value>
         <object_component_ref idref="oc-10b"/>
      </symbol>
      <symbol id="sm-63e">
         <name>_atoi</name>
         <value>0x118189c0</value>
         <object_component_ref idref="oc-117"/>
      </symbol>
      <symbol id="sm-646">
         <name>__ctypes_</name>
         <value>0x1181b600</value>
         <object_component_ref idref="oc-11d"/>
      </symbol>
      <symbol id="sm-650">
         <name>__tmpnams</name>
         <value>0x1181ad40</value>
         <object_component_ref idref="oc-93"/>
      </symbol>
      <symbol id="sm-651">
         <name>__ft_end</name>
         <value>0x1181ae80</value>
         <object_component_ref idref="oc-93"/>
      </symbol>
      <symbol id="sm-652">
         <name>__ftable</name>
         <value>0x1181ab60</value>
         <object_component_ref idref="oc-93"/>
      </symbol>
      <symbol id="sm-65b">
         <name>__c6xabi_divu</name>
         <value>0x11819040</value>
         <object_component_ref idref="oc-133"/>
      </symbol>
      <symbol id="sm-65c">
         <name>__divu</name>
         <value>0x11819040</value>
         <object_component_ref idref="oc-133"/>
      </symbol>
      <symbol id="sm-669">
         <name>__fixdli</name>
         <value>0x11819660</value>
         <object_component_ref idref="oc-130"/>
      </symbol>
      <symbol id="sm-674">
         <name>__fltlid</name>
         <value>0x11819c00</value>
         <object_component_ref idref="oc-132"/>
      </symbol>
      <symbol id="sm-68f">
         <name>_putc</name>
         <value>0x11817020</value>
         <object_component_ref idref="oc-112"/>
      </symbol>
      <symbol id="sm-690">
         <name>_fputc</name>
         <value>0x11817020</value>
         <object_component_ref idref="oc-112"/>
      </symbol>
      <symbol id="sm-6b2">
         <name>_fputs</name>
         <value>0x11814780</value>
         <object_component_ref idref="oc-10d"/>
      </symbol>
      <symbol id="sm-6c2">
         <name>__divul</name>
         <value>0x118179e0</value>
         <object_component_ref idref="oc-134"/>
      </symbol>
      <symbol id="sm-6c3">
         <name>__remli</name>
         <value>0x1181a220</value>
         <object_component_ref idref="oc-138"/>
      </symbol>
      <symbol id="sm-6c4">
         <name>__divli</name>
         <value>0x11819480</value>
         <object_component_ref idref="oc-139"/>
      </symbol>
      <symbol id="sm-6d8">
         <name>__subcull</name>
         <value>0x11819f60</value>
         <object_component_ref idref="oc-13b"/>
      </symbol>
      <symbol id="sm-6d9">
         <name>__divull</name>
         <value>0x118162c0</value>
         <object_component_ref idref="oc-135"/>
      </symbol>
      <symbol id="sm-6e3">
         <name>___isinf</name>
         <value>0x1181a0e0</value>
         <object_component_ref idref="oc-11f"/>
      </symbol>
      <symbol id="sm-720">
         <name>_unlink</name>
         <value>0x11819e80</value>
         <object_component_ref idref="oc-13c"/>
      </symbol>
      <symbol id="sm-721">
         <name>_lseek</name>
         <value>0x118198e0</value>
         <object_component_ref idref="oc-126"/>
      </symbol>
      <symbol id="sm-722">
         <name>_close</name>
         <value>0x11818aa0</value>
         <object_component_ref idref="oc-136"/>
      </symbol>
      <symbol id="sm-723">
         <name>_write</name>
         <value>0x11819b60</value>
         <object_component_ref idref="oc-115"/>
      </symbol>
      <symbol id="sm-730">
         <name>_ltoa</name>
         <value>0x11819280</value>
         <object_component_ref idref="oc-131"/>
      </symbol>
      <symbol id="sm-73d">
         <name>_memccpy</name>
         <value>0x11819fc0</value>
         <object_component_ref idref="oc-11a"/>
      </symbol>
      <symbol id="sm-748">
         <name>_memset</name>
         <value>0x11818b80</value>
         <object_component_ref idref="oc-116"/>
      </symbol>
      <symbol id="sm-752">
         <name>__negll</name>
         <value>0x1181a260</value>
         <object_component_ref idref="oc-124"/>
      </symbol>
      <symbol id="sm-77b">
         <name>_HOSTopen</name>
         <value>0x11818800</value>
         <object_component_ref idref="oc-e5"/>
      </symbol>
      <symbol id="sm-77c">
         <name>_HOSTread</name>
         <value>0x118188e0</value>
         <object_component_ref idref="oc-e7"/>
      </symbol>
      <symbol id="sm-77d">
         <name>_HOSTrename</name>
         <value>0x11817d20</value>
         <object_component_ref idref="oc-eb"/>
      </symbol>
      <symbol id="sm-77e">
         <name>_HOSTwrite</name>
         <value>0x11818e00</value>
         <object_component_ref idref="oc-e8"/>
      </symbol>
      <symbol id="sm-77f">
         <name>_HOSTlseek</name>
         <value>0x11818600</value>
         <object_component_ref idref="oc-e9"/>
      </symbol>
      <symbol id="sm-780">
         <name>_HOSTunlink</name>
         <value>0x11818d40</value>
         <object_component_ref idref="oc-ea"/>
      </symbol>
      <symbol id="sm-781">
         <name>_HOSTclose</name>
         <value>0x11819340</value>
         <object_component_ref idref="oc-e6"/>
      </symbol>
      <symbol id="sm-791">
         <name>C$$IO$$</name>
         <value>0x1181a0d8</value>
         <object_component_ref idref="oc-f1"/>
      </symbol>
      <symbol id="sm-792">
         <name>__CIOBUF_</name>
         <value>0x1181b2d8</value>
         <object_component_ref idref="oc-c4"/>
      </symbol>
      <symbol id="sm-793">
         <name>_readmsg</name>
         <value>0x11819e00</value>
         <object_component_ref idref="oc-f2"/>
      </symbol>
      <symbol id="sm-794">
         <name>_writemsg</name>
         <value>0x1181a080</value>
         <object_component_ref idref="oc-f1"/>
      </symbol>
      <symbol id="sm-7a3">
         <name>__wrt_ok</name>
         <value>0x11818700</value>
         <object_component_ref idref="oc-113"/>
      </symbol>
      <symbol id="sm-7b7">
         <name>__doflush</name>
         <value>0x11819100</value>
         <object_component_ref idref="oc-114"/>
      </symbol>
      <symbol id="sm-7c8">
         <name>_fseek</name>
         <value>0x118184e0</value>
         <object_component_ref idref="oc-11b"/>
      </symbol>
      <symbol id="sm-7df">
         <name>_setvbuf</name>
         <value>0x11817440</value>
         <object_component_ref idref="oc-11c"/>
      </symbol>
      <symbol id="sm-7f2">
         <name>__cleanup</name>
         <value>0x118193e0</value>
         <object_component_ref idref="oc-128"/>
      </symbol>
      <symbol id="sm-804">
         <name>__closefile</name>
         <value>0x118182a0</value>
         <object_component_ref idref="oc-12f"/>
      </symbol>
      <symbol id="sm-80e">
         <name>_remove</name>
         <value>0x1181a320</value>
         <object_component_ref idref="oc-137"/>
      </symbol>
   </symbol_table>
</link_info>
