******************************************************************************
                  TMS470 Linker PC v4.6.3                      
******************************************************************************
>> Linked Thu May 19 16:11:08 2011

OUTPUT FILE NAME:   <AM1808eXpSATATest.out>
ENTRY POINT SYMBOL: "_c_int00"  address: 80009038


MEMORY CONFIGURATION

         name            origin    length      used     unused   attr    fill
----------------------  --------  ---------  --------  --------  ----  --------
  shared_ram            80000000   00020000  0000ba05  000145fb  RWIX
  external_ram          c0000000   08000000  00000000  08000000  RWIX
  arm_local_ram         ffff0000   00002000  00000000  00002000  RWIX


SEGMENT ALLOCATION MAP

run origin  load origin   length   init length attrs members
----------  ----------- ---------- ----------- ----- -------
80000000    80000000    00009200   00009200    r-x
  80000000    80000000    00009200   00009200    r-x .text
80009200    80009200    00002018   00000000    rw-
  80009200    80009200    00001014   00000000    rw- .bss
  8000a214    8000a214    00000800   00000000    rw- .stack
  8000aa18    8000aa18    00000800   00000000    rw- .sysmem
8000b218    8000b218    000001d0   000001d0    r--
  8000b218    8000b218    00000101   00000101    r-- .const
  8000b320    8000b320    000000c8   000000c8    r-- .cinit
8000b400    8000b400    00000628   00000628    rw-
  8000b400    8000b400    00000628   00000628    rw- .data


SECTION ALLOCATION MAP

 output                                  attributes/
section   page    origin      length       input sections
--------  ----  ----------  ----------   ----------------
.text      0    80000000    00009200     
                  80000000    00002f34     sata_utilities.obj (.text)
                  80002f34    00001660     am1808_rts.lib : _printfi.obj (.text)
                  80004594    00000cb0     am1808_bsl.lib : evmam1808.obj (.text)
                  80005244    00000638     am1808_rts.lib : memory.obj (.text)
                  8000587c    000005c8                    : lowlev.obj (.text)
                  80005e44    00000560     test_sata.obj (.text)
                  800063a4    00000530     am1808_bsl.lib : evmam1808_i2c_gpio.obj (.text)
                  800068d4    000004f8     am1808_rts.lib : trgdrv.obj (.text)
                  80006dcc    000003a8     am1808_bsl.lib : evmam1808_i2c.obj (.text)
                  80007174    00000300     am1808_rts.lib : fopen.obj (.text)
                  80007474    000002b8                    : ull_div32.obj (.text)
                  8000772c    0000023c     am1808_bsl.lib : evmam1808_timer.obj (.text)
                  80007968    00000214     am1808_rts.lib : fd_add32.obj (.text)
                  80007b7c    00000190                    : fd_div32.obj (.text)
                  80007d0c    00000190                    : fputs.obj (.text)
                  80007e9c    00000180                    : memcpy32.obj (.text)
                  8000801c    00000128                    : fd_mul32.obj (.text)
                  80008144    00000118                    : _io_perm.obj (.text)
                  8000825c    00000118                    : i_div32.obj (.text)
                  80008374    00000114                    : setvbuf.obj (.text)
                  80008488    00000110                    : fflush.obj (.text)
                  80008598    00000104     main_sata.obj (.text)
                  8000869c    000000f4     am1808_rts.lib : u_div32.obj (.text)
                  80008790    000000d4                    : auto_init.obj (.text)
                  80008864    000000d4                    : fputc.obj (.text)
                  80008938    000000d0                    : fd_cmp32.obj (.text)
                  80008a08    000000b0                    : memset32.obj (.text)
                  80008ab8    000000a8                    : trgmsg.obj (.text)
                  80008b60    00000098                    : fclose.obj (.text)
                  80008bf8    00000088                    : cpy_tbl.obj (.text)
                  80008c80    00000084                    : atoi.obj (.text)
                  80008d04    00000080                    : fseek.obj (.text)
                  80008d84    00000080                    : ltoa.obj (.text)
                  80008e04    00000078                    : exit.obj (.text)
                  80008e7c    00000070                    : printf.obj (.text)
                  80008eec    0000006c                    : copy_decompress_rle.obj (.text:decompress:rle)
                  80008f58    0000005c                    : fd_toi32.obj (.text)
                  80008fb4    00000048                    : strncpy.obj (.text)
                  80008ffc    0000003c                    : i_tofd32.obj (.text)
                  80009038    00000038                    : boot.obj (.text)
                  80009070    0000002c                    : args_main.obj (.text)
                  8000909c    0000002c                    : memchr.obj (.text)
                  800090c8    0000002c                    : strcmp.obj (.text)
                  800090f4    00000028                    : memccpy.obj (.text)
                  8000911c    00000028                    : strchr.obj (.text)
                  80009144    00000024                    : _lock.obj (.text)
                  80009168    00000020                    : icall32.obj (.text)
                  80009188    0000001c                    : strcpy.obj (.text)
                  800091a4    0000001c                    : strlen.obj (.text)
                  800091c0    0000001c                    : copy_zero_init.obj (.text:decompress:ZI)
                  800091dc    0000001c                    : copy_decompress_none.obj (.text:decompress:none)
                  800091f8    00000004                    : remove.obj (.text)
                  800091fc    00000004                    : tdeh_init.obj (.text)

.bss       0    80009200    00001014     UNINITIALIZED
                  80009200    00000800     sata_utilities.obj (.bss:prdTableDataBuff)
                  80009a00    00000400     sata_utilities.obj (.bss:CmdTable)
                  80009e00    00000120     am1808_rts.lib : trgmsg.obj (.bss:__CIOBUF_)
                  80009f20    000000c8                    : trgdrv.obj (.bss:result$1)
                  80009fe8    00000008                    : trgdrv.obj (.bss)
                  80009ff0    00000001     am1808_bsl.lib : evmam1808_i2c.obj (.bss)
                  80009ff1    0000000f     --HOLE--
                  8000a000    000000a0     sata_utilities.obj (.bss:RcvFis)
                  8000a0a0    000000a0     am1808_rts.lib : defs.obj (.bss:_tmpnams)
                  8000a140    00000094     sata_utilities.obj (.bss)
                  8000a1d4    00000040     sata_utilities.obj (.bss:myUnknownFis)

.stack     0    8000a214    00000800     UNINITIALIZED
                  8000a214    00000800     --HOLE--

.sysmem    0    8000aa18    00000800     UNINITIALIZED
                  8000aa18    00000008     am1808_rts.lib : memory.obj (.sysmem)
                  8000aa20    000007f8     --HOLE--

.const     0    8000b218    00000101     
                  8000b218    00000101     am1808_rts.lib : ctype.obj (.const:_ctypes_)

.cinit     0    8000b320    000000c8     
                  8000b320    000000a4     (.cinit..data.load) [load image, compression = rle]
                  8000b3c4    0000000c     (__TI_handler_table)
                  8000b3d0    00000008     (.cinit..bss.load) [load image, compression = zero_init]
                  8000b3d8    00000010     (__TI_cinit_table)

.data      0    8000b400    00000628     
                  8000b400    00000400     sata_utilities.obj (.data:CmdLists)
                  8000b800    000000f0     am1808_rts.lib : defs.obj (.data:_ftable)
                  8000b8f0    00000078                    : lowlev.obj (.data:_device)
                  8000b968    00000050                    : lowlev.obj (.data:_stream)
                  8000b9b8    00000031     sata_utilities.obj (.data)
                  8000b9e9    00000003     --HOLE--
                  8000b9ec    00000010     am1808_rts.lib : defs.obj (.data)
                  8000b9fc    0000000c                    : memory.obj (.data)
                  8000ba08    00000008                    : _lock.obj (.data)
                  8000ba10    00000008                    : exit.obj (.data)
                  8000ba18    00000004                    : fopen.obj (.data)
                  8000ba1c    00000004                    : lowlev.obj (.data)
                  8000ba20    00000004                    : stkdepth_vars.obj (.data)
                  8000ba24    00000004     test_sata.obj (.data)


LINKER GENERATED COPY TABLES

__TI_cinit_table @ 8000b3d8 records: 2, size/record: 8, table size: 16
	.data: load addr=8000b320, load size=000000a4 bytes, run addr=8000b400, run size=00000628 bytes, compression=rle
	.bss: load addr=8000b3d0, load size=00000008 bytes, run addr=80009200, run size=00001014 bytes, compression=zero_init


LINKER GENERATED HANDLER TABLE

__TI_handler_table @ 8000b3c4 records: 3, size/record: 4, table size: 12
	index: 0, handler: __TI_zero_init
	index: 1, handler: __TI_decompress_rle
	index: 2, handler: __TI_decompress_none


GLOBAL SYMBOLS: SORTED ALPHABETICALLY BY Name 

address    name
--------   ----
80008e04   C$$EXIT
80008b00   C$$IO$$
8000b400   CmdLists
80009a00   CmdTable
8000a140   Dev28bitLbaAddress
80004594   EVMAM1808_init
800045d4   EVMAM1808_initRAM
80004820   EVMAM1808_lpscTransition
800047a0   EVMAM1808_pinmuxConfig
80006d58   HOSTclock
80006cec   HOSTclose
80006c48   HOSTlseek
80006bb8   HOSTopen
80006b30   HOSTread
80006a90   HOSTrename
80006a2c   HOSTtime
800069c4   HOSTunlink
8000693c   HOSTwrite
80006488   I2CGPIO_getInput
800065c0   I2CGPIO_getInputAll
800063a4   I2CGPIO_init
80006708   I2CGPIO_setOutput
80006858   I2CGPIO_setOutputAll
80006dcc   I2C_init
80006ecc   I2C_read
80007020   I2C_write
80009168   IND_CALL
8000a194   IdDevData
8000a185   PioCmd
8000a000   RcvFis
80005f0c   SATA_init
80005e44   TEST_sata
80007834   USTIMER_delay
800078f0   USTIMER_get
8000772c   USTIMER_init
800078c0   USTIMER_reset
80007900   USTIMER_set
80005144   UTIL_isUIBoardAttached
80004ffc   UTIL_printMem
80009e00   __CIOBUF_
8000aa14   __STACK_END
00000800   __STACK_SIZE
00000800   __SYSMEM_SIZE
8000b3d8   __TI_CINIT_Base
8000b3e8   __TI_CINIT_Limit
8000b3c4   __TI_Handler_Table_Base
8000b3d0   __TI_Handler_Table_Limit
00000001   __TI_args_main
80008790   __TI_auto_init
800091dc   __TI_decompress_none
80008eec   __TI_decompress_rle
8000b320   __TI_static_base__
800091c0   __TI_zero_init
80008938   __aeabi_cdcmpeq
80008938   __aeabi_cdcmple
80008f58   __aeabi_d2iz
80007974   __aeabi_dadd
80007b7c   __aeabi_ddiv
8000801c   __aeabi_dmul
80007968   __aeabi_dsub
80008ffc   __aeabi_i2d
8000825c   __aeabi_idivmod
80008a08   __aeabi_memclr
80008a08   __aeabi_memclr4
80008a08   __aeabi_memclr8
80007e9c   __aeabi_memcpy
80007e9c   __aeabi_memcpy4
80007e9c   __aeabi_memcpy8
80008a0c   __aeabi_memset
80008a0c   __aeabi_memset4
80008a0c   __aeabi_memset8
8000b9f8   __aeabi_stderr
8000b9f0   __aeabi_stdin
8000b9f4   __aeabi_stdout
8000869c   __aeabi_uidivmod
80007474   __aeabi_uldivmod
ffffffff   __binit__
ffffffff   __c_args__
8000a214   __stack
800091fc   __tdeh_init
80009070   _args_main
80009038   _c_int00
800072b4   _cleanup
8000ba10   _cleanup_ptr
8000b218   _ctypes_
80008488   _doflush
8000ba14   _dtors_ptr
8000b9ec   _ft_end
8000b800   _ftable
8000ba08   _lock
8000915c   _nop
80004304   _printfi
800081e4   _rd_ok
80009150   _register_lock
80009144   _register_unlock
8000aa18   _sys_memory
8000a0a0   _tmpnams
8000ba0c   _unlock
80008144   _wrt_ok
80008e0c   abort
80005d68   add_device
80000304   associateMem2HBA
8000231c   associateSysMem2Hba
80002194   associtateCmdSlotWithCmdTable
800021e8   associtateCmdTableWithPrds
80008c80   atoi
ffffffff   binit
80000fec   buildCmdFis
80005824   calloc
80002cc8   captureDeviceState
80001958   cfgDmaSetting
80002980   cfgHBAlinkPwrTransState
80002b14   cfgHbaPwrTrans
80001978   chceckSysMemorySize
80002080   clearCmdList
800007c4   clearCmdTableAndDmaBuff
800020bc   clearCmdTables
80002178   clearDmaBuffers
8000071c   clearError
8000209c   clearIndividualCmdList
80002130   clearIndividualCmdTable
800006a0   clearIntOrErrorDiag
80000848   clearRcvFis
80002070   clearSystemMemory
80005cd8   close
8000b9e0   cmdListRdPrdCnt
8000b9dc   cmdListWrPrdCnt
8000b9d0   cmdSlot2Use
800019dc   compMemContent
80004b78   config_pll0
80004de8   config_pll1
80008bf8   copy_in
8000a1d0   debugP0CIreg
8000a1a4   debugP0sctl
8000a1bc   debugP0stat
8000a1b8   debugStat
80002aa0   detHBApwrTransSupport
80002938   detHostPwrMgmtStateCfg
800028a4   detPwrMgmtSupport
80001930   disableCCCint
8000190c   eanbleCCCint
80002a58   enableDisableHBAlinkPwrMgmt
800005ec   enableDisableInt
8000042c   enableRcvFis
80008e18   exit
80002d7c   exitHostPwrDwn
80008b60   fclose
8000850c   fflush
80005cd4   find_registered_device
80007408   fopen
80008864   fputc
80007d0c   fputs
80005400   free
80007318   freopen
80008d04   fseek
8000111c   getCmdFis
8000121c   getDmaSetupFis
800012bc   getPioSetupFis
800013b0   getRegDev2HostFis
80000cac   getRegStatus
80001454   getSetDevBitsFis
800014a8   getUnkownFis
800068d4   getenv
8000a1a0   hbaPwrState
8000a18c   hostPwrMgmtCfg
80001f2c   initBaseAddresses
8000189c   initCCCint
800022c0   initIntAndClearFlags
80000744   initMemory
80002294   initPhyAndDmaPars
8000185c   initTimer1ms
8000a18a   intHandlingMethod
8000a186   intIsrCnt
8000a188   intIsrFlag
8000b9d2   intSpeed
800008b4   invokeHBAReset
80001d34   invokeIdentifyDevCmd
800008f8   invokePortReset
80001e74   invokeSetFeatureCmd
800023d8   invokeSoftReset
8000a1a2   lineSpeedNegotiated
80005c5c   lseek
80008d84   ltoa
80008598   main
8000ba20   main_func_sp
80005348   malloc
800056e8   memalign
800090f4   memccpy
8000909c   memchr
80007e9c   memcpy
80008a18   memset
80005244   minit
80000f14   modifyCfisEntries4NCQ
8000a148   myCmdFis
8000a158   myDsFis
8000a16c   myPsFis
8000a178   myRegFis
8000a181   mySdbFis
8000a1d4   myUnknownFis
80005b8c   open
8000b9d8   p0sctlHighp0sstsLow
8000a190   pIdDevData
8000a19c   pIdDevPwrData
80002bd8   parseDeviceCapabilityNdetermineLowPowerSupport
80001f50   performFirmwareInit
800001a4   placeHbaInIdle
80002d9c   pllInit
80009200   prdTableDataBuff
80008e7c   printf
8000b9b8   progStatus
8000ba24   pscRegs
80008864   putc
8000892c   putchar
80007e68   puts
8000a18b   pwrMgmtCap
80005aa8   read
80008b08   readmsg
8000555c   realloc
800091f8   remove
80005a5c   remove_device
800059f0   rename
800029c8   reqPwrTransState
8000a196   sataCapabilities
8000a19a   sataFeaturesEnabled
8000a198   sataFeaturesSupported
80002348   sataIsr
8000b9bc   sataRegs
80006210   sata_DoTest
80000000   sata_init_and_spin_up
800005ac   setSataSpeed
80000cd0   setupCfisEntriesForDataRdWr
80001bd4   setupCfisEntriesForSetFeature
80001a70   setupCfisEntriesForSetFeatureAll
80002700   setupCfisEntriesForSwReset
80008374   setvbuf
80000470   spinUpDeviceAndWaitForInitToComplete
80000b0c   startCmdListProcessing
8000911c   strchr
800090c8   strcmp
80009188   strcpy
800091a4   strlen
80008fb4   strncpy
80000c6c   submitBatchNCQcmds
80000ba8   submitCmd
8000b9e8   support4NativeCommandQueuing
8000b9e5   support4PwrMgmtInitiatedByDevice
8000b9e7   support4PwrMgmtInitiatedByDeviceAfterEnable
8000b9e6   support4PwrMgmtInitiatedByDeviceEnabled
8000b9e4   support4PwrMgmtInitiatedByHost
8000a144   swCtrlFeatures
8000b9d4   temp
8000b9c0   tempDebug0
8000b9c4   tempDebug1
8000b9c8   tempDebug2
8000b9cc   tempDebug3
800015d4   testWriteDsFis
8000165c   testWritePsFis
80001504   testWriteRegFis
80001744   testWriteSdbFis
80001784   testWriteUnknownFis
800059ac   unlink
80000284   waitForXms
8000a1a1   wrRdByteCntCompStatus
8000587c   write
80008ab8   writemsg


GLOBAL SYMBOLS: SORTED BY Symbol Address 

address    name
--------   ----
00000001   __TI_args_main
00000800   __STACK_SIZE
00000800   __SYSMEM_SIZE
80000000   sata_init_and_spin_up
800001a4   placeHbaInIdle
80000284   waitForXms
80000304   associateMem2HBA
8000042c   enableRcvFis
80000470   spinUpDeviceAndWaitForInitToComplete
800005ac   setSataSpeed
800005ec   enableDisableInt
800006a0   clearIntOrErrorDiag
8000071c   clearError
80000744   initMemory
800007c4   clearCmdTableAndDmaBuff
80000848   clearRcvFis
800008b4   invokeHBAReset
800008f8   invokePortReset
80000b0c   startCmdListProcessing
80000ba8   submitCmd
80000c6c   submitBatchNCQcmds
80000cac   getRegStatus
80000cd0   setupCfisEntriesForDataRdWr
80000f14   modifyCfisEntries4NCQ
80000fec   buildCmdFis
8000111c   getCmdFis
8000121c   getDmaSetupFis
800012bc   getPioSetupFis
800013b0   getRegDev2HostFis
80001454   getSetDevBitsFis
800014a8   getUnkownFis
80001504   testWriteRegFis
800015d4   testWriteDsFis
8000165c   testWritePsFis
80001744   testWriteSdbFis
80001784   testWriteUnknownFis
8000185c   initTimer1ms
8000189c   initCCCint
8000190c   eanbleCCCint
80001930   disableCCCint
80001958   cfgDmaSetting
80001978   chceckSysMemorySize
800019dc   compMemContent
80001a70   setupCfisEntriesForSetFeatureAll
80001bd4   setupCfisEntriesForSetFeature
80001d34   invokeIdentifyDevCmd
80001e74   invokeSetFeatureCmd
80001f2c   initBaseAddresses
80001f50   performFirmwareInit
80002070   clearSystemMemory
80002080   clearCmdList
8000209c   clearIndividualCmdList
800020bc   clearCmdTables
80002130   clearIndividualCmdTable
80002178   clearDmaBuffers
80002194   associtateCmdSlotWithCmdTable
800021e8   associtateCmdTableWithPrds
80002294   initPhyAndDmaPars
800022c0   initIntAndClearFlags
8000231c   associateSysMem2Hba
80002348   sataIsr
800023d8   invokeSoftReset
80002700   setupCfisEntriesForSwReset
800028a4   detPwrMgmtSupport
80002938   detHostPwrMgmtStateCfg
80002980   cfgHBAlinkPwrTransState
800029c8   reqPwrTransState
80002a58   enableDisableHBAlinkPwrMgmt
80002aa0   detHBApwrTransSupport
80002b14   cfgHbaPwrTrans
80002bd8   parseDeviceCapabilityNdetermineLowPowerSupport
80002cc8   captureDeviceState
80002d7c   exitHostPwrDwn
80002d9c   pllInit
80004304   _printfi
80004594   EVMAM1808_init
800045d4   EVMAM1808_initRAM
800047a0   EVMAM1808_pinmuxConfig
80004820   EVMAM1808_lpscTransition
80004b78   config_pll0
80004de8   config_pll1
80004ffc   UTIL_printMem
80005144   UTIL_isUIBoardAttached
80005244   minit
80005348   malloc
80005400   free
8000555c   realloc
800056e8   memalign
80005824   calloc
8000587c   write
800059ac   unlink
800059f0   rename
80005a5c   remove_device
80005aa8   read
80005b8c   open
80005c5c   lseek
80005cd4   find_registered_device
80005cd8   close
80005d68   add_device
80005e44   TEST_sata
80005f0c   SATA_init
80006210   sata_DoTest
800063a4   I2CGPIO_init
80006488   I2CGPIO_getInput
800065c0   I2CGPIO_getInputAll
80006708   I2CGPIO_setOutput
80006858   I2CGPIO_setOutputAll
800068d4   getenv
8000693c   HOSTwrite
800069c4   HOSTunlink
80006a2c   HOSTtime
80006a90   HOSTrename
80006b30   HOSTread
80006bb8   HOSTopen
80006c48   HOSTlseek
80006cec   HOSTclose
80006d58   HOSTclock
80006dcc   I2C_init
80006ecc   I2C_read
80007020   I2C_write
800072b4   _cleanup
80007318   freopen
80007408   fopen
80007474   __aeabi_uldivmod
8000772c   USTIMER_init
80007834   USTIMER_delay
800078c0   USTIMER_reset
800078f0   USTIMER_get
80007900   USTIMER_set
80007968   __aeabi_dsub
80007974   __aeabi_dadd
80007b7c   __aeabi_ddiv
80007d0c   fputs
80007e68   puts
80007e9c   __aeabi_memcpy
80007e9c   __aeabi_memcpy4
80007e9c   __aeabi_memcpy8
80007e9c   memcpy
8000801c   __aeabi_dmul
80008144   _wrt_ok
800081e4   _rd_ok
8000825c   __aeabi_idivmod
80008374   setvbuf
80008488   _doflush
8000850c   fflush
80008598   main
8000869c   __aeabi_uidivmod
80008790   __TI_auto_init
80008864   fputc
80008864   putc
8000892c   putchar
80008938   __aeabi_cdcmpeq
80008938   __aeabi_cdcmple
80008a08   __aeabi_memclr
80008a08   __aeabi_memclr4
80008a08   __aeabi_memclr8
80008a0c   __aeabi_memset
80008a0c   __aeabi_memset4
80008a0c   __aeabi_memset8
80008a18   memset
80008ab8   writemsg
80008b00   C$$IO$$
80008b08   readmsg
80008b60   fclose
80008bf8   copy_in
80008c80   atoi
80008d04   fseek
80008d84   ltoa
80008e04   C$$EXIT
80008e0c   abort
80008e18   exit
80008e7c   printf
80008eec   __TI_decompress_rle
80008f58   __aeabi_d2iz
80008fb4   strncpy
80008ffc   __aeabi_i2d
80009038   _c_int00
80009070   _args_main
8000909c   memchr
800090c8   strcmp
800090f4   memccpy
8000911c   strchr
80009144   _register_unlock
80009150   _register_lock
8000915c   _nop
80009168   IND_CALL
80009188   strcpy
800091a4   strlen
800091c0   __TI_zero_init
800091dc   __TI_decompress_none
800091f8   remove
800091fc   __tdeh_init
80009200   prdTableDataBuff
80009a00   CmdTable
80009e00   __CIOBUF_
8000a000   RcvFis
8000a0a0   _tmpnams
8000a140   Dev28bitLbaAddress
8000a144   swCtrlFeatures
8000a148   myCmdFis
8000a158   myDsFis
8000a16c   myPsFis
8000a178   myRegFis
8000a181   mySdbFis
8000a185   PioCmd
8000a186   intIsrCnt
8000a188   intIsrFlag
8000a18a   intHandlingMethod
8000a18b   pwrMgmtCap
8000a18c   hostPwrMgmtCfg
8000a190   pIdDevData
8000a194   IdDevData
8000a196   sataCapabilities
8000a198   sataFeaturesSupported
8000a19a   sataFeaturesEnabled
8000a19c   pIdDevPwrData
8000a1a0   hbaPwrState
8000a1a1   wrRdByteCntCompStatus
8000a1a2   lineSpeedNegotiated
8000a1a4   debugP0sctl
8000a1b8   debugStat
8000a1bc   debugP0stat
8000a1d0   debugP0CIreg
8000a1d4   myUnknownFis
8000a214   __stack
8000aa14   __STACK_END
8000aa18   _sys_memory
8000b218   _ctypes_
8000b320   __TI_static_base__
8000b3c4   __TI_Handler_Table_Base
8000b3d0   __TI_Handler_Table_Limit
8000b3d8   __TI_CINIT_Base
8000b3e8   __TI_CINIT_Limit
8000b400   CmdLists
8000b800   _ftable
8000b9b8   progStatus
8000b9bc   sataRegs
8000b9c0   tempDebug0
8000b9c4   tempDebug1
8000b9c8   tempDebug2
8000b9cc   tempDebug3
8000b9d0   cmdSlot2Use
8000b9d2   intSpeed
8000b9d4   temp
8000b9d8   p0sctlHighp0sstsLow
8000b9dc   cmdListWrPrdCnt
8000b9e0   cmdListRdPrdCnt
8000b9e4   support4PwrMgmtInitiatedByHost
8000b9e5   support4PwrMgmtInitiatedByDevice
8000b9e6   support4PwrMgmtInitiatedByDeviceEnabled
8000b9e7   support4PwrMgmtInitiatedByDeviceAfterEnable
8000b9e8   support4NativeCommandQueuing
8000b9ec   _ft_end
8000b9f0   __aeabi_stdin
8000b9f4   __aeabi_stdout
8000b9f8   __aeabi_stderr
8000ba08   _lock
8000ba0c   _unlock
8000ba10   _cleanup_ptr
8000ba14   _dtors_ptr
8000ba20   main_func_sp
8000ba24   pscRegs
ffffffff   __binit__
ffffffff   __c_args__
ffffffff   binit

[405 symbols]
