******************************************************************************
                  TMS470 Linker PC v4.6.4                      
******************************************************************************
>> Linked Wed Apr 20 14:54:16 2011

OUTPUT FILE NAME:   <AM1808EVMCharacterLCDTest.out>
ENTRY POINT SYMBOL: "_c_int00"  address: 80006618


MEMORY CONFIGURATION

         name            origin    length      used     unused   attr    fill
----------------------  --------  ---------  --------  --------  ----  --------
  shared_ram            80000000   00020000  00007e37  000181c9  RWIX
  external_ram          c0000000   08000000  00000000  08000000  RWIX
  arm_local_ram         ffff0000   00002000  00000000  00002000  RWIX


SEGMENT ALLOCATION MAP

run origin  load origin   length   init length attrs members
----------  ----------- ---------- ----------- ----- -------
80000000    80000000    000067e0   000067e0    r-x
  80000000    80000000    000067e0   000067e0    r-x .text
800067e0    800067e0    00001291   00000000    rw-
  800067e0    800067e0    00000800   00000000    rw- .stack
  80006fe0    80006fe0    00000800   00000000    rw- .sysmem
  800077e0    800077e0    00000291   00000000    rw- .bss
80007a74    80007a74    000001f0   000001f0    rw-
  80007a74    80007a74    000001f0   000001f0    rw- .data
80007c64    80007c64    000001dc   000001dc    r--
  80007c64    80007c64    00000136   00000136    r-- .const
  80007da0    80007da0    000000a0   000000a0    r-- .cinit


SECTION ALLOCATION MAP

 output                                  attributes/
section   page    origin      length       input sections
--------  ----  ----------  ----------   ----------------
.text      0    80000000    000067e0     
                  80000000    00001660     am1808_rts.lib : _printfi.obj (.text)
                  80001660    00000cb0     am1808_bsl.lib : evmam1808.obj (.text)
                  80002310    00000638     am1808_rts.lib : memory.obj (.text)
                  80002948    000005c8                    : lowlev.obj (.text)
                  80002f10    00000530     am1808_bsl.lib : evmam1808_i2c_gpio.obj (.text)
                  80003440    000004f8     am1808_rts.lib : trgdrv.obj (.text)
                  80003938    0000042c     test_lcd_char.obj (.text)
                  80003d64    000003a8     am1808_bsl.lib : evmam1808_i2c.obj (.text)
                  8000410c    00000300     am1808_rts.lib : fopen.obj (.text)
                  8000440c    000002b8                    : ull_div32.obj (.text)
                  800046c4    0000023c     am1808_bsl.lib : evmam1808_timer.obj (.text)
                  80004900    00000230                    : evmam1808_lcd_lidd.obj (.text)
                  80004b30    00000228                    : evmam1808_cdce913.obj (.text)
                  80004d58    0000021c                    : evmam1808_led.obj (.text)
                  80004f74    00000214     am1808_rts.lib : fd_add32.obj (.text)
                  80005188    00000190                    : fd_div32.obj (.text)
                  80005318    00000190                    : fputs.obj (.text)
                  800054a8    00000180                    : memcpy32.obj (.text)
                  80005628    00000128                    : fd_mul32.obj (.text)
                  80005750    00000118                    : _io_perm.obj (.text)
                  80005868    00000118                    : i_div32.obj (.text)
                  80005980    00000114                    : setvbuf.obj (.text)
                  80005a94    00000110                    : fflush.obj (.text)
                  80005ba4    000000f4                    : u_div32.obj (.text)
                  80005c98    000000d8     main_lcd_char.obj (.text)
                  80005d70    000000d4     am1808_rts.lib : auto_init.obj (.text)
                  80005e44    000000d4                    : fputc.obj (.text)
                  80005f18    000000d0                    : fd_cmp32.obj (.text)
                  80005fe8    000000b0                    : memset32.obj (.text)
                  80006098    000000a8                    : trgmsg.obj (.text)
                  80006140    00000098                    : fclose.obj (.text)
                  800061d8    00000088                    : cpy_tbl.obj (.text)
                  80006260    00000084                    : atoi.obj (.text)
                  800062e4    00000080                    : fseek.obj (.text)
                  80006364    00000080                    : ltoa.obj (.text)
                  800063e4    00000078                    : exit.obj (.text)
                  8000645c    00000070                    : printf.obj (.text)
                  800064cc    0000006c                    : copy_decompress_rle.obj (.text:decompress:rle)
                  80006538    0000005c                    : fd_toi32.obj (.text)
                  80006594    00000048                    : strncpy.obj (.text)
                  800065dc    0000003c                    : i_tofd32.obj (.text)
                  80006618    00000038                    : boot.obj (.text)
                  80006650    0000002c                    : args_main.obj (.text)
                  8000667c    0000002c                    : memchr.obj (.text)
                  800066a8    0000002c                    : strcmp.obj (.text)
                  800066d4    00000028                    : memccpy.obj (.text)
                  800066fc    00000028                    : strchr.obj (.text)
                  80006724    00000024                    : _lock.obj (.text)
                  80006748    00000020                    : icall32.obj (.text)
                  80006768    0000001c                    : strcpy.obj (.text)
                  80006784    0000001c                    : strlen.obj (.text)
                  800067a0    0000001c                    : copy_zero_init.obj (.text:decompress:ZI)
                  800067bc    0000001c                    : copy_decompress_none.obj (.text:decompress:none)
                  800067d8    00000004                    : remove.obj (.text)
                  800067dc    00000004                    : tdeh_init.obj (.text)

.stack     0    800067e0    00000800     UNINITIALIZED
                  800067e0    00000800     --HOLE--

.sysmem    0    80006fe0    00000800     UNINITIALIZED
                  80006fe0    00000008     am1808_rts.lib : memory.obj (.sysmem)
                  80006fe8    000007f8     --HOLE--

.bss       0    800077e0    00000291     UNINITIALIZED
                  800077e0    00000120     am1808_rts.lib : trgmsg.obj (.bss:__CIOBUF_)
                  80007900    000000c8                    : trgdrv.obj (.bss:result$1)
                  800079c8    000000a0                    : defs.obj (.bss:_tmpnams)
                  80007a68    00000008                    : trgdrv.obj (.bss)
                  80007a70    00000001     am1808_bsl.lib : evmam1808_i2c.obj (.bss)

.data      0    80007a74    000001f0     
                  80007a74    000000f0     am1808_rts.lib : defs.obj (.data:_ftable)
                  80007b64    00000078                    : lowlev.obj (.data:_device)
                  80007bdc    00000050                    : lowlev.obj (.data:_stream)
                  80007c2c    00000010                    : defs.obj (.data)
                  80007c3c    0000000c                    : memory.obj (.data)
                  80007c48    00000008                    : _lock.obj (.data)
                  80007c50    00000008                    : exit.obj (.data)
                  80007c58    00000004                    : fopen.obj (.data)
                  80007c5c    00000004                    : lowlev.obj (.data)
                  80007c60    00000004                    : stkdepth_vars.obj (.data)

.const     0    80007c64    00000136     
                  80007c64    00000101     am1808_rts.lib : ctype.obj (.const:_ctypes_)
                  80007d65    00000003     --HOLE-- [fill = 0]
                  80007d68    00000032     test_lcd_char.obj (.const:$P$T0$1)

.cinit     0    80007da0    000000a0     
                  80007da0    0000007c     (.cinit..data.load) [load image, compression = rle]
                  80007e1c    0000000c     (__TI_handler_table)
                  80007e28    00000008     (.cinit..bss.load) [load image, compression = zero_init]
                  80007e30    00000010     (__TI_cinit_table)


LINKER GENERATED COPY TABLES

__TI_cinit_table @ 80007e30 records: 2, size/record: 8, table size: 16
	.data: load addr=80007da0, load size=0000007c bytes, run addr=80007a74, run size=000001f0 bytes, compression=rle
	.bss: load addr=80007e28, load size=00000008 bytes, run addr=800077e0, run size=00000291 bytes, compression=zero_init


LINKER GENERATED HANDLER TABLE

__TI_handler_table @ 80007e1c records: 3, size/record: 4, table size: 12
	index: 0, handler: __TI_zero_init
	index: 1, handler: __TI_decompress_rle
	index: 2, handler: __TI_decompress_none


GLOBAL SYMBOLS: SORTED ALPHABETICALLY BY Name 

address    name
--------   ----
800063e4   C$$EXIT
800060e0   C$$IO$$
80004b30   CDCE913_init
80004b8c   CDCE913_readByte
80004c58   CDCE913_setOutput
80004c08   CDCE913_writeByte
80001660   EVMAM1808_init
800016a0   EVMAM1808_initRAM
800018ec   EVMAM1808_lpscTransition
8000186c   EVMAM1808_pinmuxConfig
800038c4   HOSTclock
80003858   HOSTclose
800037b4   HOSTlseek
80003724   HOSTopen
8000369c   HOSTread
800035fc   HOSTrename
80003598   HOSTtime
80003530   HOSTunlink
800034a8   HOSTwrite
80002ff4   I2CGPIO_getInput
8000312c   I2CGPIO_getInputAll
80002f10   I2CGPIO_init
80003274   I2CGPIO_setOutput
800033c4   I2CGPIO_setOutputAll
80003d64   I2C_init
80003e64   I2C_read
80003fb8   I2C_write
80006748   IND_CALL
80004d58   LED_init
80004dbc   LED_isOn
80004ed4   LED_toggle
80004e90   LED_turnOff
80004e4c   LED_turnOn
80004900   LIDD_init
80004a50   LIDD_writeByte
80004a90   LIDD_writeString
80003938   TEST_charLcd
800047cc   USTIMER_delay
80004888   USTIMER_get
800046c4   USTIMER_init
80004858   USTIMER_reset
80004898   USTIMER_set
80002210   UTIL_isUIBoardAttached
800020c8   UTIL_printMem
800077e0   __CIOBUF_
80006fe0   __STACK_END
00000800   __STACK_SIZE
00000800   __SYSMEM_SIZE
80007e30   __TI_CINIT_Base
80007e40   __TI_CINIT_Limit
80007e1c   __TI_Handler_Table_Base
80007e28   __TI_Handler_Table_Limit
00000001   __TI_args_main
80005d70   __TI_auto_init
800067bc   __TI_decompress_none
800064cc   __TI_decompress_rle
80007da0   __TI_static_base__
800067a0   __TI_zero_init
80005f18   __aeabi_cdcmpeq
80005f18   __aeabi_cdcmple
80006538   __aeabi_d2iz
80004f80   __aeabi_dadd
80005188   __aeabi_ddiv
80005628   __aeabi_dmul
80004f74   __aeabi_dsub
800065dc   __aeabi_i2d
80005868   __aeabi_idivmod
80005fe8   __aeabi_memclr
80005fe8   __aeabi_memclr4
80005fe8   __aeabi_memclr8
800054a8   __aeabi_memcpy
800054a8   __aeabi_memcpy4
800054a8   __aeabi_memcpy8
80005fec   __aeabi_memset
80005fec   __aeabi_memset4
80005fec   __aeabi_memset8
80007c38   __aeabi_stderr
80007c30   __aeabi_stdin
80007c34   __aeabi_stdout
80005ba4   __aeabi_uidivmod
8000440c   __aeabi_uldivmod
ffffffff   __binit__
ffffffff   __c_args__
800067e0   __stack
800067dc   __tdeh_init
80006650   _args_main
80006618   _c_int00
8000424c   _cleanup
80007c50   _cleanup_ptr
80007c64   _ctypes_
80005a94   _doflush
80007c54   _dtors_ptr
80007c2c   _ft_end
80007a74   _ftable
80007c48   _lock
8000673c   _nop
800013d0   _printfi
800057f0   _rd_ok
80006730   _register_lock
80006724   _register_unlock
80006fe0   _sys_memory
800079c8   _tmpnams
80007c4c   _unlock
80005750   _wrt_ok
800063ec   abort
80002e34   add_device
80006260   atoi
ffffffff   binit
800028f0   calloc
80002da4   close
80001c44   config_pll0
80001eb4   config_pll1
800061d8   copy_in
800063f8   exit
80006140   fclose
80005b18   fflush
80002da0   find_registered_device
800043a0   fopen
80005e44   fputc
80005318   fputs
800024cc   free
800042b0   freopen
800062e4   fseek
80003440   getenv
80002d28   lseek
80006364   ltoa
80005c98   main
80007c60   main_func_sp
80002414   malloc
800027b4   memalign
800066d4   memccpy
8000667c   memchr
800054a8   memcpy
80005ff8   memset
80002310   minit
80002c58   open
8000645c   printf
80005e44   putc
80005f0c   putchar
80005474   puts
80002b74   read
800060e8   readmsg
80002628   realloc
800067d8   remove
80002b28   remove_device
80002abc   rename
80005980   setvbuf
800066fc   strchr
800066a8   strcmp
80006768   strcpy
80006784   strlen
80006594   strncpy
80002a78   unlink
80002948   write
80006098   writemsg


GLOBAL SYMBOLS: SORTED BY Symbol Address 

address    name
--------   ----
00000001   __TI_args_main
00000800   __STACK_SIZE
00000800   __SYSMEM_SIZE
800013d0   _printfi
80001660   EVMAM1808_init
800016a0   EVMAM1808_initRAM
8000186c   EVMAM1808_pinmuxConfig
800018ec   EVMAM1808_lpscTransition
80001c44   config_pll0
80001eb4   config_pll1
800020c8   UTIL_printMem
80002210   UTIL_isUIBoardAttached
80002310   minit
80002414   malloc
800024cc   free
80002628   realloc
800027b4   memalign
800028f0   calloc
80002948   write
80002a78   unlink
80002abc   rename
80002b28   remove_device
80002b74   read
80002c58   open
80002d28   lseek
80002da0   find_registered_device
80002da4   close
80002e34   add_device
80002f10   I2CGPIO_init
80002ff4   I2CGPIO_getInput
8000312c   I2CGPIO_getInputAll
80003274   I2CGPIO_setOutput
800033c4   I2CGPIO_setOutputAll
80003440   getenv
800034a8   HOSTwrite
80003530   HOSTunlink
80003598   HOSTtime
800035fc   HOSTrename
8000369c   HOSTread
80003724   HOSTopen
800037b4   HOSTlseek
80003858   HOSTclose
800038c4   HOSTclock
80003938   TEST_charLcd
80003d64   I2C_init
80003e64   I2C_read
80003fb8   I2C_write
8000424c   _cleanup
800042b0   freopen
800043a0   fopen
8000440c   __aeabi_uldivmod
800046c4   USTIMER_init
800047cc   USTIMER_delay
80004858   USTIMER_reset
80004888   USTIMER_get
80004898   USTIMER_set
80004900   LIDD_init
80004a50   LIDD_writeByte
80004a90   LIDD_writeString
80004b30   CDCE913_init
80004b8c   CDCE913_readByte
80004c08   CDCE913_writeByte
80004c58   CDCE913_setOutput
80004d58   LED_init
80004dbc   LED_isOn
80004e4c   LED_turnOn
80004e90   LED_turnOff
80004ed4   LED_toggle
80004f74   __aeabi_dsub
80004f80   __aeabi_dadd
80005188   __aeabi_ddiv
80005318   fputs
80005474   puts
800054a8   __aeabi_memcpy
800054a8   __aeabi_memcpy4
800054a8   __aeabi_memcpy8
800054a8   memcpy
80005628   __aeabi_dmul
80005750   _wrt_ok
800057f0   _rd_ok
80005868   __aeabi_idivmod
80005980   setvbuf
80005a94   _doflush
80005b18   fflush
80005ba4   __aeabi_uidivmod
80005c98   main
80005d70   __TI_auto_init
80005e44   fputc
80005e44   putc
80005f0c   putchar
80005f18   __aeabi_cdcmpeq
80005f18   __aeabi_cdcmple
80005fe8   __aeabi_memclr
80005fe8   __aeabi_memclr4
80005fe8   __aeabi_memclr8
80005fec   __aeabi_memset
80005fec   __aeabi_memset4
80005fec   __aeabi_memset8
80005ff8   memset
80006098   writemsg
800060e0   C$$IO$$
800060e8   readmsg
80006140   fclose
800061d8   copy_in
80006260   atoi
800062e4   fseek
80006364   ltoa
800063e4   C$$EXIT
800063ec   abort
800063f8   exit
8000645c   printf
800064cc   __TI_decompress_rle
80006538   __aeabi_d2iz
80006594   strncpy
800065dc   __aeabi_i2d
80006618   _c_int00
80006650   _args_main
8000667c   memchr
800066a8   strcmp
800066d4   memccpy
800066fc   strchr
80006724   _register_unlock
80006730   _register_lock
8000673c   _nop
80006748   IND_CALL
80006768   strcpy
80006784   strlen
800067a0   __TI_zero_init
800067bc   __TI_decompress_none
800067d8   remove
800067dc   __tdeh_init
800067e0   __stack
80006fe0   __STACK_END
80006fe0   _sys_memory
800077e0   __CIOBUF_
800079c8   _tmpnams
80007a74   _ftable
80007c2c   _ft_end
80007c30   __aeabi_stdin
80007c34   __aeabi_stdout
80007c38   __aeabi_stderr
80007c48   _lock
80007c4c   _unlock
80007c50   _cleanup_ptr
80007c54   _dtors_ptr
80007c60   main_func_sp
80007c64   _ctypes_
80007da0   __TI_static_base__
80007e1c   __TI_Handler_Table_Base
80007e28   __TI_Handler_Table_Limit
80007e30   __TI_CINIT_Base
80007e40   __TI_CINIT_Limit
ffffffff   __binit__
ffffffff   __c_args__
ffffffff   binit

[289 symbols]
