******************************************************************************
               TMS320C6x Linker PC v7.2.0                      
******************************************************************************
>> Linked Thu Jun 30 11:29:48 2011

OUTPUT FILE NAME:   <evmomapl138_test_lcd_graphics.out>
ENTRY POINT SYMBOL: "_c_int00"  address: 800080a0


MEMORY CONFIGURATION

         name            origin    length      used     unused   attr    fill
----------------------  --------  ---------  --------  --------  ----  --------
  dsp_l2_ram            11800000   00040000  00000000  00040000  RWIX
  shared_ram            80000000   00020000  0000a1bc  00015e44  RWIX
  external_ram          c0000000   08000000  00000000  08000000  RWIX
  arm_local_ram         ffff0000   00002000  00000000  00002000  RWIX


SECTION ALLOCATION MAP

 output                                  attributes/
section   page    origin      length       input sections
--------  ----  ----------  ----------   ----------------
.text      0    80000000    00008680     
                  80000000    00000c20     evmomapl138_bsl.lib : evmomapl138.obj (.text)
                  80000c20    00000a40     test_lcd_graphics.obj (.text)
                  80001660    00000680     rts6740.lib : divd.obj (.text:__divd)
                  80001ce0    00000580                 : _printfi.obj (.text:__getarg_diouxp)
                  80002260    000004e0     evmomapl138_bsl.lib : evmomapl138_i2c_gpio.obj (.text)
                  80002740    00000480     rts6740.lib : _printfi.obj (.text:__setfield)
                  80002bc0    00000440                 : _printfi.obj (.text:__printfi)
                  80003000    000003a0     evmomapl138_bsl.lib : evmomapl138_lcd_raster.obj (.text)
                  800033a0    00000380                         : evmomapl138_gpio.obj (.text)
                  80003720    00000380                         : evmomapl138_i2c.obj (.text)
                  80003aa0    00000300     rts6740.lib : fputs.obj (.text:_fputs)
                  80003da0    000002e0                 : _printfi.obj (.text:__pproc_fwp)
                  80004080    000002c0                 : _printfi.obj (.text:__pproc_fge)
                  80004340    000002a0                 : _printfi.obj (.text:_ecvt)
                  800045e0    000002a0                 : _printfi.obj (.text:_fcvt)
                  80004880    00000280                 : memory.obj (.text:_free)
                  80004b00    00000260                 : imath64.obj (.text:__divull)
                  80004d60    00000260                 : _printfi.obj (.text:__pconv_e)
                  80004fc0    00000220                 : _printfi.obj (.text:__pproc_diouxp)
                  800051e0    00000220                 : _printfi.obj (.text:__pproc_str)
                  80005400    00000200                 : _printfi.obj (.text:__pconv_g)
                  80005600    000001e0     evmomapl138_bsl.lib : evmomapl138_led.obj (.text)
                  800057e0    000001e0                         : evmomapl138_timer.obj (.text)
                  800059c0    000001c0     rts6740.lib : _printfi.obj (.text:__mcpy)
                  80005b80    000001a0                 : imath40.obj (.text:__divul)
                  80005d20    000001a0                 : setvbuf.obj (.text:_setvbuf)
                  80005ec0    00000180                 : trgdrv.obj (.text:_HOSTrename)
                  80006040    00000180                 : frcmpyd_div.obj (.text:__frcmpyd_div)
                  800061c0    00000180                 : memory.obj (.text:_malloc)
                  80006340    00000140                 : _printfi.obj (.text:__pproc_fflags)
                  80006480    00000140                 : fputc.obj (.text:_fputc)
                  800065c0    00000140                 : lowlev.obj (.text:_getdevice)
                  80006700    00000120                 : fclose.obj (.text:_fclose)
                  80006820    00000100                 : trgdrv.obj (.text:_HOSTlseek)
                  80006920    00000100                 : autoinit.obj (.text:__auto_init)
                  80006a20    00000100                 : _printfi.obj (.text:__ltostr)
                  80006b20    00000100                 : _io_perm.obj (.text:__wrt_ok)
                  80006c20    000000e0                 : trgdrv.obj (.text:_HOSTopen)
                  80006d00    000000e0                 : atoi.obj (.text:_atoi)
                  80006de0    000000e0                 : lowlev.obj (.text:_close)
                  80006ec0    000000e0                 : exit.obj (.text:_exit)
                  80006fa0    000000e0                 : memset.obj (.text:_memset)
                  80007080    000000c0                 : trgdrv.obj (.text:_HOSTread)
                  80007140    000000c0                 : trgdrv.obj (.text:_HOSTunlink)
                  80007200    000000c0                 : trgdrv.obj (.text:_HOSTwrite)
                  800072c0    000000c0                 : fopen.obj (.text:__cleanup)
                  80007380    000000c0                 : _printfi.obj (.text:__div)
                  80007440    000000c0                 : divu.obj (.text:__divu)
                  80007500    000000c0                 : fflush.obj (.text:__doflush)
                  800075c0    000000c0                 : fseek.obj (.text:_fseek)
                  80007680    000000c0                 : lowlev.obj (.text:_lseek)
                  80007740    000000c0                 : ltoa.obj (.text:_ltoa)
                  80007800    000000c0                 : lowlev.obj (.text:_write)
                  800078c0    000000a0                 : trgdrv.obj (.text:_HOSTclose)
                  80007960    000000a0                 : imath40.obj (.text:__divli)
                  80007a00    000000a0                 : _printfi.obj (.text:__ecpy)
                  80007aa0    000000a0                 : _printfi.obj (.text:__fcpy)
                  80007b40    000000a0                 : fixdli.obj (.text:__fixdli)
                  80007be0    000000a0                 : _printfi.obj (.text:__pconv_f)
                  80007c80    000000a0                 : cpy_tbl.obj (.text:_copy_in)
                  80007d20    000000a0                 : lowlev.obj (.text:_finddevice)
                  80007dc0    000000a0                 : memcpy64.obj (.text:_memcpy)
                  80007e60    000000a0                 : memory.obj (.text:_minsert)
                  80007f00    000000a0                 : memory.obj (.text:_mremove)
                  80007fa0    00000080                 : fltlid.obj (.text:__fltlid)
                  80008020    00000080                 : llshift.obj (.text:__llshl)
                  800080a0    00000080                 : boot.obj (.text:_c_int00)
                  80008120    00000080                 : printf.obj (.text:_printf)
                  800081a0    00000080                 : trgmsg.obj (.text:_readmsg)
                  80008220    00000080                 : lowlev.obj (.text:_unlink)
                  800082a0    00000080     main_lcd_graphics.obj (.text)
                  80008320    00000060     rts6740.lib : imath64.obj (.text:__subcull)
                  80008380    00000060                 : memccpy.obj (.text:_memccpy)
                  800083e0    00000060                 : trgmsg.obj (.text:_writemsg)
                  80008440    00000040                 : isinf.obj (.text:___isinf)
                  80008480    00000040                 : _printfi.obj (.text:___isnan)
                  800084c0    00000040                 : divd.obj (.text:___isnan)
                  80008500    00000040                 : args_main.obj (.text:__args_main)
                  80008540    00000040                 : llshift.obj (.text:__llshru)
                  80008580    00000040                 : imath40.obj (.text:__remli)
                  800085c0    00000020                 : negll.obj (.text:__negll)
                  800085e0    00000020                 : _lock.obj (.text:__nop)
                  80008600    00000020                 : printf.obj (.text:__outc)
                  80008620    00000020                 : printf.obj (.text:__outs)
                  80008640    00000020                 : exit.obj (.text:_abort)
                  80008660    00000020                 : remove.obj (.text:_remove)

.data      0    80000000    00000000     UNINITIALIZED

.stack     0    80008680    00000800     UNINITIALIZED
                  80008680    00000008     rts6740.lib : boot.obj (.stack)
                  80008688    000007f8     --HOLE--

.sysmem    0    80008e80    00000800     UNINITIALIZED
                  80008e80    00000008     rts6740.lib : memory.obj (.sysmem)
                  80008e88    000007f8     --HOLE--

.const     0    80009680    00000550     
                  80009680    000002e4     test_lcd_graphics.obj (.const:.string)
                  80009964    00000002     rts6740.lib : fputs.obj (.const:.string)
                  80009966    00000002     --HOLE-- [fill = 0]
                  80009968    00000101                 : ctype.obj (.const:__ctypes_)
                  80009a69    00000007     --HOLE-- [fill = 0]
                  80009a70    00000080     evmomapl138_bsl.lib : evmomapl138.obj (.const:_bitval_u32)
                  80009af0    00000070     main_lcd_graphics.obj (.const:.string)
                  80009b60    00000040     evmomapl138_bsl.lib : evmomapl138.obj (.const:.string)
                  80009ba0    00000023     rts6740.lib : _printfi.obj (.const:.string)
                  80009bc3    00000005     --HOLE-- [fill = 0]
                  80009bc8    00000008                 : divd.obj (.const:_initial_approx$1)

.far       0    80009bd0    00000350     UNINITIALIZED
                  80009bd0    00000194     rts6740.lib : defs.obj (.far)
                  80009d64    00000004                 : fopen.obj (.far)
                  80009d68    000000d0                 : trgdrv.obj (.far)
                  80009e38    000000cc                 : lowlev.obj (.far)
                  80009f04    0000000c                 : exit.obj (.far)
                  80009f10    00000008                 : _lock.obj (.far)
                  80009f18    00000008                 : memory.obj (.far)

.cinit     0    80009f20    00000154     
                  80009f20    0000005c     rts6740.lib : defs.obj (.cinit)
                  80009f7c    00000004     --HOLE-- [fill = 0]
                  80009f80    0000005c                 : lowlev.obj (.cinit)
                  80009fdc    00000004     --HOLE-- [fill = 0]
                  80009fe0    0000002c                 : exit.obj (.cinit)
                  8000a00c    00000004     --HOLE-- [fill = 0]
                  8000a010    0000002c                 : memory.obj (.cinit)
                  8000a03c    00000004     --HOLE-- [fill = 0]
                  8000a040    0000001c                 : _lock.obj (.cinit)
                  8000a05c    00000004     --HOLE-- [fill = 0]
                  8000a060    0000000c                 : fopen.obj (.cinit)
                  8000a06c    00000004     --HOLE-- [fill = 0]
                  8000a070    00000004     (.pad.cinit) [fill = 0]

.cio       0    8000a074    00000120     UNINITIALIZED
                  8000a074    00000120     rts6740.lib : trgmsg.obj (.cio)

.switch    0    8000a194    00000024     
                  8000a194    00000024     evmomapl138_bsl.lib : evmomapl138_gpio.obj (.switch:_getRegisterBankAndBit)

.bss       0    8000a1b8    00000004     UNINITIALIZED
                  8000a1b8    00000004     evmomapl138_bsl.lib : evmomapl138_i2c.obj (.bss)


GLOBAL SYMBOLS: SORTED ALPHABETICALLY BY Name 

address    name
--------   ----
8000a1b8   $bss
8000a1b8   .bss
80000000   .data
80000000   .text
80008640   C$$EXIT
80008438   C$$IO$$
800001e8   _EVMOMAPL138_enableDsp
80000000   _EVMOMAPL138_init
8000002c   _EVMOMAPL138_initRAM
800002b0   _EVMOMAPL138_lpscTransition
80000214   _EVMOMAPL138_pinmuxConfig
80003418   _GPIO_getInput
800033a0   _GPIO_setDir
8000348c   _GPIO_setOutput
8000350c   _GPIO_toggleLoop
800078c0   _HOSTclose
80006820   _HOSTlseek
80006c20   _HOSTopen
80007080   _HOSTread
80005ec0   _HOSTrename
80007140   _HOSTunlink
80007200   _HOSTwrite
80002334   _I2CGPIO_getInput
80002450   _I2CGPIO_getInputAll
80002260   _I2CGPIO_init
80002560   _I2CGPIO_setOutput
800026a8   _I2CGPIO_setOutputAll
80003720   _I2C_init
8000380c   _I2C_read
80003968   _I2C_write
80005600   _LED_init
8000564c   _LED_isOn
8000574c   _LED_toggle
80005704   _LED_turnOff
800056b4   _LED_turnOn
80003154   _RASTER_clear
80003000   _RASTER_init
8000310c   _RASTER_plot
80000c20   _TEST_graphicsLcd
80000dac   _TEST_stressTestGraphicsLcd
800058c4   _USTIMER_delay
80005984   _USTIMER_get
800057e0   _USTIMER_init
80005954   _USTIMER_reset
80005998   _USTIMER_set
80000c00   _UTIL_isUIBoardAttached
80000aa8   _UTIL_printMem
8000a074   __CIOBUF_
80008e80   __STACK_END
00000800   __STACK_SIZE
00000800   __SYSMEM_SIZE
00000001   __TI_args_main
80009f0c   ___TI_enable_exit_profile_output
ffffffff   ___TI_pprof_out_hndl
ffffffff   ___TI_prof_data_size
ffffffff   ___TI_prof_data_start
ffffffff   ___binit__
8000a1b8   ___bss__
ffffffff   ___c_args__
80009f20   ___cinit__
80000000   ___data__
80000000   ___edata__
8000a1bc   ___end__
80008680   ___etext__
80008440   ___isinf
ffffffff   ___pinit__
80000000   ___text__
80008500   __args_main
80006920   __auto_init
80007440   __c6xabi_divu
800072c0   __cleanup
80009f04   __cleanup_ptr
80009968   __ctypes_
80001660   __divd
80007960   __divli
80007440   __divu
80005b80   __divul
80004b00   __divull
80007500   __doflush
80009f08   __dtors_ptr
80007b40   __fixdli
80007fa0   __fltlid
80006040   __frcmpyd_div
80009d60   __ft_end
80009bd0   __ftable
80008020   __llshl
80008540   __llshru
80009f10   __lock
800085c0   __negll
800085e0   __nop
80002bc0   __printfi
80008580   __remli
80008680   __stack
80008320   __subcull
80008e80   __sys_memory
80009cc0   __tmpnams
80009f14   __unlock
80006b20   __wrt_ok
80008640   _abort
80006d00   _atoi
80009a70   _bitval_u32
800080a0   _c_int00
80006de0   _close
80000688   _config_pll0
800008c4   _config_pll1
80007c80   _copy_in
80006ec0   _exit
80006700   _fclose
80006480   _fputc
80003aa0   _fputs
80004880   _free
800075c0   _fseek
80007680   _lseek
80007740   _ltoa
800082a0   _main
800061c0   _malloc
80008380   _memccpy
80007dc0   _memcpy
80006fa0   _memset
80008120   _printf
80006480   _putc
800081a0   _readmsg
80008660   _remove
80005d20   _setvbuf
80000e90   _testPattern
80001564   _testPatternBlackWhiteSplit
80008220   _unlink
80007800   _write
800083e0   _writemsg
ffffffff   binit
80009f20   cinit
80000000   edata
8000a1bc   end
80008680   etext
ffffffff   pinit


GLOBAL SYMBOLS: SORTED BY Symbol Address 

address    name
--------   ----
00000001   __TI_args_main
00000800   __STACK_SIZE
00000800   __SYSMEM_SIZE
80000000   .data
80000000   .text
80000000   _EVMOMAPL138_init
80000000   ___data__
80000000   ___edata__
80000000   ___text__
80000000   edata
8000002c   _EVMOMAPL138_initRAM
800001e8   _EVMOMAPL138_enableDsp
80000214   _EVMOMAPL138_pinmuxConfig
800002b0   _EVMOMAPL138_lpscTransition
80000688   _config_pll0
800008c4   _config_pll1
80000aa8   _UTIL_printMem
80000c00   _UTIL_isUIBoardAttached
80000c20   _TEST_graphicsLcd
80000dac   _TEST_stressTestGraphicsLcd
80000e90   _testPattern
80001564   _testPatternBlackWhiteSplit
80001660   __divd
80002260   _I2CGPIO_init
80002334   _I2CGPIO_getInput
80002450   _I2CGPIO_getInputAll
80002560   _I2CGPIO_setOutput
800026a8   _I2CGPIO_setOutputAll
80002bc0   __printfi
80003000   _RASTER_init
8000310c   _RASTER_plot
80003154   _RASTER_clear
800033a0   _GPIO_setDir
80003418   _GPIO_getInput
8000348c   _GPIO_setOutput
8000350c   _GPIO_toggleLoop
80003720   _I2C_init
8000380c   _I2C_read
80003968   _I2C_write
80003aa0   _fputs
80004880   _free
80004b00   __divull
80005600   _LED_init
8000564c   _LED_isOn
800056b4   _LED_turnOn
80005704   _LED_turnOff
8000574c   _LED_toggle
800057e0   _USTIMER_init
800058c4   _USTIMER_delay
80005954   _USTIMER_reset
80005984   _USTIMER_get
80005998   _USTIMER_set
80005b80   __divul
80005d20   _setvbuf
80005ec0   _HOSTrename
80006040   __frcmpyd_div
800061c0   _malloc
80006480   _fputc
80006480   _putc
80006700   _fclose
80006820   _HOSTlseek
80006920   __auto_init
80006b20   __wrt_ok
80006c20   _HOSTopen
80006d00   _atoi
80006de0   _close
80006ec0   _exit
80006fa0   _memset
80007080   _HOSTread
80007140   _HOSTunlink
80007200   _HOSTwrite
800072c0   __cleanup
80007440   __c6xabi_divu
80007440   __divu
80007500   __doflush
800075c0   _fseek
80007680   _lseek
80007740   _ltoa
80007800   _write
800078c0   _HOSTclose
80007960   __divli
80007b40   __fixdli
80007c80   _copy_in
80007dc0   _memcpy
80007fa0   __fltlid
80008020   __llshl
800080a0   _c_int00
80008120   _printf
800081a0   _readmsg
80008220   _unlink
800082a0   _main
80008320   __subcull
80008380   _memccpy
800083e0   _writemsg
80008438   C$$IO$$
80008440   ___isinf
80008500   __args_main
80008540   __llshru
80008580   __remli
800085c0   __negll
800085e0   __nop
80008640   C$$EXIT
80008640   _abort
80008660   _remove
80008680   ___etext__
80008680   __stack
80008680   etext
80008e80   __STACK_END
80008e80   __sys_memory
80009968   __ctypes_
80009a70   _bitval_u32
80009bd0   __ftable
80009cc0   __tmpnams
80009d60   __ft_end
80009f04   __cleanup_ptr
80009f08   __dtors_ptr
80009f0c   ___TI_enable_exit_profile_output
80009f10   __lock
80009f14   __unlock
80009f20   ___cinit__
80009f20   cinit
8000a074   __CIOBUF_
8000a1b8   $bss
8000a1b8   .bss
8000a1b8   ___bss__
8000a1bc   ___end__
8000a1bc   end
ffffffff   ___TI_pprof_out_hndl
ffffffff   ___TI_prof_data_size
ffffffff   ___TI_prof_data_start
ffffffff   ___binit__
ffffffff   ___c_args__
ffffffff   ___pinit__
ffffffff   binit
ffffffff   pinit

[135 symbols]
