******************************************************************************
               TMS320C6x Linker PC v7.2.0                      
******************************************************************************
>> Linked Wed Jun 29 16:19:21 2011

OUTPUT FILE NAME:   <evmomapl138_test_rtc.out>
ENTRY POINT SYMBOL: "_c_int00"  address: 800071a0


MEMORY CONFIGURATION

         name            origin    length      used     unused   attr    fill
----------------------  --------  ---------  --------  --------  ----  --------
  dsp_l2_ram            11800000   00040000  00000000  00040000  RWIX
  shared_ram            80000000   00020000  00009197  00016e69  RWIX
  external_ram          c0000000   08000000  00000000  08000000  RWIX
  arm_local_ram         ffff0000   00002000  00000000  00002000  RWIX


SECTION ALLOCATION MAP

 output                                  attributes/
section   page    origin      length       input sections
--------  ----  ----------  ----------   ----------------
.text      0    80000000    00007780     
                  80000000    00000c20     evmomapl138_bsl.lib : evmomapl138.obj (.text)
                  80000c20    00000680     rts6740.lib : divd.obj (.text:__divd)
                  800012a0    00000580                 : _printfi.obj (.text:__getarg_diouxp)
                  80001820    000004e0     evmomapl138_bsl.lib : evmomapl138_i2c_gpio.obj (.text)
                  80001d00    00000480     rts6740.lib : _printfi.obj (.text:__setfield)
                  80002180    00000440                 : _printfi.obj (.text:__printfi)
                  800025c0    00000380     evmomapl138_bsl.lib : evmomapl138_i2c.obj (.text)
                  80002940    00000300     rts6740.lib : fputs.obj (.text:_fputs)
                  80002c40    000002e0                 : _printfi.obj (.text:__pproc_fwp)
                  80002f20    000002c0                 : _printfi.obj (.text:__pproc_fge)
                  800031e0    000002a0                 : _printfi.obj (.text:_ecvt)
                  80003480    000002a0                 : _printfi.obj (.text:_fcvt)
                  80003720    00000280                 : memory.obj (.text:_free)
                  800039a0    00000260                 : imath64.obj (.text:__divull)
                  80003c00    00000260                 : _printfi.obj (.text:__pconv_e)
                  80003e60    00000240     evmomapl138_bsl.lib : evmomapl138_rtc.obj (.text)
                  800040a0    00000220     rts6740.lib : _printfi.obj (.text:__pproc_diouxp)
                  800042c0    00000220                 : _printfi.obj (.text:__pproc_str)
                  800044e0    00000200                 : _printfi.obj (.text:__pconv_g)
                  800046e0    00000200     test_rtc.obj (.text)
                  800048e0    000001e0     evmomapl138_bsl.lib : evmomapl138_timer.obj (.text)
                  80004ac0    000001c0     rts6740.lib : _printfi.obj (.text:__mcpy)
                  80004c80    000001a0                 : imath40.obj (.text:__divul)
                  80004e20    000001a0                 : setvbuf.obj (.text:_setvbuf)
                  80004fc0    00000180                 : trgdrv.obj (.text:_HOSTrename)
                  80005140    00000180                 : frcmpyd_div.obj (.text:__frcmpyd_div)
                  800052c0    00000180                 : memory.obj (.text:_malloc)
                  80005440    00000140                 : _printfi.obj (.text:__pproc_fflags)
                  80005580    00000140                 : fputc.obj (.text:_fputc)
                  800056c0    00000140                 : lowlev.obj (.text:_getdevice)
                  80005800    00000120                 : fclose.obj (.text:_fclose)
                  80005920    00000100                 : trgdrv.obj (.text:_HOSTlseek)
                  80005a20    00000100                 : autoinit.obj (.text:__auto_init)
                  80005b20    00000100                 : _printfi.obj (.text:__ltostr)
                  80005c20    00000100                 : _io_perm.obj (.text:__wrt_ok)
                  80005d20    000000e0                 : trgdrv.obj (.text:_HOSTopen)
                  80005e00    000000e0                 : atoi.obj (.text:_atoi)
                  80005ee0    000000e0                 : lowlev.obj (.text:_close)
                  80005fc0    000000e0                 : exit.obj (.text:_exit)
                  800060a0    000000e0                 : memset.obj (.text:_memset)
                  80006180    000000c0                 : trgdrv.obj (.text:_HOSTread)
                  80006240    000000c0                 : trgdrv.obj (.text:_HOSTunlink)
                  80006300    000000c0                 : trgdrv.obj (.text:_HOSTwrite)
                  800063c0    000000c0                 : fopen.obj (.text:__cleanup)
                  80006480    000000c0                 : _printfi.obj (.text:__div)
                  80006540    000000c0                 : divu.obj (.text:__divu)
                  80006600    000000c0                 : fflush.obj (.text:__doflush)
                  800066c0    000000c0                 : fseek.obj (.text:_fseek)
                  80006780    000000c0                 : lowlev.obj (.text:_lseek)
                  80006840    000000c0                 : ltoa.obj (.text:_ltoa)
                  80006900    000000c0                 : lowlev.obj (.text:_write)
                  800069c0    000000a0                 : trgdrv.obj (.text:_HOSTclose)
                  80006a60    000000a0                 : imath40.obj (.text:__divli)
                  80006b00    000000a0                 : _printfi.obj (.text:__ecpy)
                  80006ba0    000000a0                 : _printfi.obj (.text:__fcpy)
                  80006c40    000000a0                 : fixdli.obj (.text:__fixdli)
                  80006ce0    000000a0                 : _printfi.obj (.text:__pconv_f)
                  80006d80    000000a0                 : cpy_tbl.obj (.text:_copy_in)
                  80006e20    000000a0                 : lowlev.obj (.text:_finddevice)
                  80006ec0    000000a0                 : memcpy64.obj (.text:_memcpy)
                  80006f60    000000a0                 : memory.obj (.text:_minsert)
                  80007000    000000a0                 : memory.obj (.text:_mremove)
                  800070a0    00000080                 : fltlid.obj (.text:__fltlid)
                  80007120    00000080                 : llshift.obj (.text:__llshl)
                  800071a0    00000080                 : boot.obj (.text:_c_int00)
                  80007220    00000080                 : printf.obj (.text:_printf)
                  800072a0    00000080                 : trgmsg.obj (.text:_readmsg)
                  80007320    00000080                 : lowlev.obj (.text:_unlink)
                  800073a0    00000080     main_rtc.obj (.text)
                  80007420    00000060     rts6740.lib : imath64.obj (.text:__subcull)
                  80007480    00000060                 : memccpy.obj (.text:_memccpy)
                  800074e0    00000060                 : trgmsg.obj (.text:_writemsg)
                  80007540    00000040                 : isinf.obj (.text:___isinf)
                  80007580    00000040                 : _printfi.obj (.text:___isnan)
                  800075c0    00000040                 : divd.obj (.text:___isnan)
                  80007600    00000040                 : args_main.obj (.text:__args_main)
                  80007640    00000040                 : llshift.obj (.text:__llshru)
                  80007680    00000040                 : imath40.obj (.text:__remli)
                  800076c0    00000020                 : negll.obj (.text:__negll)
                  800076e0    00000020                 : _lock.obj (.text:__nop)
                  80007700    00000020                 : printf.obj (.text:__outc)
                  80007720    00000020                 : printf.obj (.text:__outs)
                  80007740    00000020                 : exit.obj (.text:_abort)
                  80007760    00000020                 : remove.obj (.text:_remove)

.data      0    80000000    00000000     UNINITIALIZED

.stack     0    80007780    00000800     UNINITIALIZED
                  80007780    00000008     rts6740.lib : boot.obj (.stack)
                  80007788    000007f8     --HOLE--

.sysmem    0    80007f80    00000800     UNINITIALIZED
                  80007f80    00000008     rts6740.lib : memory.obj (.sysmem)
                  80007f88    000007f8     --HOLE--

.const     0    80008780    0000044f     
                  80008780    00000268     test_rtc.obj (.const:.string)
                  800089e8    00000101     rts6740.lib : ctype.obj (.const:__ctypes_)
                  80008ae9    00000002                 : fputs.obj (.const:.string)
                  80008aeb    00000001     --HOLE-- [fill = 0]
                  80008aec    00000070     main_rtc.obj (.const:.string)
                  80008b5c    00000040     evmomapl138_bsl.lib : evmomapl138.obj (.const:.string)
                  80008b9c    00000023     rts6740.lib : _printfi.obj (.const:.string)
                  80008bbf    00000001     --HOLE-- [fill = 0]
                  80008bc0    00000008                 : divd.obj (.const:_initial_approx$1)
                  80008bc8    00000007     test_rtc.obj (.const)

.far       0    80008bd0    00000350     UNINITIALIZED
                  80008bd0    00000194     rts6740.lib : defs.obj (.far)
                  80008d64    00000004                 : fopen.obj (.far)
                  80008d68    000000d0                 : trgdrv.obj (.far)
                  80008e38    000000cc                 : lowlev.obj (.far)
                  80008f04    0000000c                 : exit.obj (.far)
                  80008f10    00000008                 : _lock.obj (.far)
                  80008f18    00000008                 : memory.obj (.far)

.cinit     0    80008f20    00000154     
                  80008f20    0000005c     rts6740.lib : defs.obj (.cinit)
                  80008f7c    00000004     --HOLE-- [fill = 0]
                  80008f80    0000005c                 : lowlev.obj (.cinit)
                  80008fdc    00000004     --HOLE-- [fill = 0]
                  80008fe0    0000002c                 : exit.obj (.cinit)
                  8000900c    00000004     --HOLE-- [fill = 0]
                  80009010    0000002c                 : memory.obj (.cinit)
                  8000903c    00000004     --HOLE-- [fill = 0]
                  80009040    0000001c                 : _lock.obj (.cinit)
                  8000905c    00000004     --HOLE-- [fill = 0]
                  80009060    0000000c                 : fopen.obj (.cinit)
                  8000906c    00000004     --HOLE-- [fill = 0]
                  80009070    00000004     (.pad.cinit) [fill = 0]

.cio       0    80009074    00000120     UNINITIALIZED
                  80009074    00000120     rts6740.lib : trgmsg.obj (.cio)

.bss       0    80009194    00000004     UNINITIALIZED
                  80009194    00000004     evmomapl138_bsl.lib : evmomapl138_i2c.obj (.bss)


GLOBAL SYMBOLS: SORTED ALPHABETICALLY BY Name 

address    name
--------   ----
80009194   $bss
80009194   .bss
80000000   .data
80000000   .text
80007740   C$$EXIT
80007538   C$$IO$$
800001e8   _EVMOMAPL138_enableDsp
80000000   _EVMOMAPL138_init
8000002c   _EVMOMAPL138_initRAM
800002b0   _EVMOMAPL138_lpscTransition
80000214   _EVMOMAPL138_pinmuxConfig
800069c0   _HOSTclose
80005920   _HOSTlseek
80005d20   _HOSTopen
80006180   _HOSTread
80004fc0   _HOSTrename
80006240   _HOSTunlink
80006300   _HOSTwrite
800018f4   _I2CGPIO_getInput
80001a10   _I2CGPIO_getInputAll
80001820   _I2CGPIO_init
80001b20   _I2CGPIO_setOutput
80001c68   _I2CGPIO_setOutputAll
800025c0   _I2C_init
800026ac   _I2C_read
80002808   _I2C_write
80003ef0   _RTC_getTime
80003e60   _RTC_init
80003fc8   _RTC_setTime
800046e0   _TEST_rtc
800049c4   _USTIMER_delay
80004a84   _USTIMER_get
800048e0   _USTIMER_init
80004a54   _USTIMER_reset
80004a98   _USTIMER_set
80000c00   _UTIL_isUIBoardAttached
80000aa8   _UTIL_printMem
80009074   __CIOBUF_
80007f80   __STACK_END
00000800   __STACK_SIZE
00000800   __SYSMEM_SIZE
00000001   __TI_args_main
80008f0c   ___TI_enable_exit_profile_output
ffffffff   ___TI_pprof_out_hndl
ffffffff   ___TI_prof_data_size
ffffffff   ___TI_prof_data_start
ffffffff   ___binit__
80009194   ___bss__
ffffffff   ___c_args__
80008f20   ___cinit__
80000000   ___data__
80000000   ___edata__
80009198   ___end__
80007780   ___etext__
80007540   ___isinf
ffffffff   ___pinit__
80000000   ___text__
80007600   __args_main
80005a20   __auto_init
80006540   __c6xabi_divu
800063c0   __cleanup
80008f04   __cleanup_ptr
800089e8   __ctypes_
80000c20   __divd
80006a60   __divli
80006540   __divu
80004c80   __divul
800039a0   __divull
80006600   __doflush
80008f08   __dtors_ptr
80006c40   __fixdli
800070a0   __fltlid
80005140   __frcmpyd_div
80008d60   __ft_end
80008bd0   __ftable
80007120   __llshl
80007640   __llshru
80008f10   __lock
800076c0   __negll
800076e0   __nop
80002180   __printfi
80007680   __remli
80007780   __stack
80007420   __subcull
80007f80   __sys_memory
80008cc0   __tmpnams
80008f14   __unlock
80005c20   __wrt_ok
80007740   _abort
80005e00   _atoi
800071a0   _c_int00
80005ee0   _close
80000688   _config_pll0
800008c4   _config_pll1
80006d80   _copy_in
80005fc0   _exit
80005800   _fclose
80005580   _fputc
80002940   _fputs
80003720   _free
800066c0   _fseek
80006780   _lseek
80006840   _ltoa
800073a0   _main
800052c0   _malloc
80007480   _memccpy
80006ec0   _memcpy
800060a0   _memset
80007220   _printf
80005580   _putc
800072a0   _readmsg
80007760   _remove
80004e20   _setvbuf
80007320   _unlink
80006900   _write
800074e0   _writemsg
ffffffff   binit
80008f20   cinit
80000000   edata
80009198   end
80007780   etext
ffffffff   pinit


GLOBAL SYMBOLS: SORTED BY Symbol Address 

address    name
--------   ----
00000001   __TI_args_main
00000800   __STACK_SIZE
00000800   __SYSMEM_SIZE
80000000   .data
80000000   .text
80000000   _EVMOMAPL138_init
80000000   ___data__
80000000   ___edata__
80000000   ___text__
80000000   edata
8000002c   _EVMOMAPL138_initRAM
800001e8   _EVMOMAPL138_enableDsp
80000214   _EVMOMAPL138_pinmuxConfig
800002b0   _EVMOMAPL138_lpscTransition
80000688   _config_pll0
800008c4   _config_pll1
80000aa8   _UTIL_printMem
80000c00   _UTIL_isUIBoardAttached
80000c20   __divd
80001820   _I2CGPIO_init
800018f4   _I2CGPIO_getInput
80001a10   _I2CGPIO_getInputAll
80001b20   _I2CGPIO_setOutput
80001c68   _I2CGPIO_setOutputAll
80002180   __printfi
800025c0   _I2C_init
800026ac   _I2C_read
80002808   _I2C_write
80002940   _fputs
80003720   _free
800039a0   __divull
80003e60   _RTC_init
80003ef0   _RTC_getTime
80003fc8   _RTC_setTime
800046e0   _TEST_rtc
800048e0   _USTIMER_init
800049c4   _USTIMER_delay
80004a54   _USTIMER_reset
80004a84   _USTIMER_get
80004a98   _USTIMER_set
80004c80   __divul
80004e20   _setvbuf
80004fc0   _HOSTrename
80005140   __frcmpyd_div
800052c0   _malloc
80005580   _fputc
80005580   _putc
80005800   _fclose
80005920   _HOSTlseek
80005a20   __auto_init
80005c20   __wrt_ok
80005d20   _HOSTopen
80005e00   _atoi
80005ee0   _close
80005fc0   _exit
800060a0   _memset
80006180   _HOSTread
80006240   _HOSTunlink
80006300   _HOSTwrite
800063c0   __cleanup
80006540   __c6xabi_divu
80006540   __divu
80006600   __doflush
800066c0   _fseek
80006780   _lseek
80006840   _ltoa
80006900   _write
800069c0   _HOSTclose
80006a60   __divli
80006c40   __fixdli
80006d80   _copy_in
80006ec0   _memcpy
800070a0   __fltlid
80007120   __llshl
800071a0   _c_int00
80007220   _printf
800072a0   _readmsg
80007320   _unlink
800073a0   _main
80007420   __subcull
80007480   _memccpy
800074e0   _writemsg
80007538   C$$IO$$
80007540   ___isinf
80007600   __args_main
80007640   __llshru
80007680   __remli
800076c0   __negll
800076e0   __nop
80007740   C$$EXIT
80007740   _abort
80007760   _remove
80007780   ___etext__
80007780   __stack
80007780   etext
80007f80   __STACK_END
80007f80   __sys_memory
800089e8   __ctypes_
80008bd0   __ftable
80008cc0   __tmpnams
80008d60   __ft_end
80008f04   __cleanup_ptr
80008f08   __dtors_ptr
80008f0c   ___TI_enable_exit_profile_output
80008f10   __lock
80008f14   __unlock
80008f20   ___cinit__
80008f20   cinit
80009074   __CIOBUF_
80009194   $bss
80009194   .bss
80009194   ___bss__
80009198   ___end__
80009198   end
ffffffff   ___TI_pprof_out_hndl
ffffffff   ___TI_prof_data_size
ffffffff   ___TI_prof_data_start
ffffffff   ___binit__
ffffffff   ___c_args__
ffffffff   ___pinit__
ffffffff   binit
ffffffff   pinit

[122 symbols]
