******************************************************************************
               TMS320C6x Linker PC v7.3.1                      
******************************************************************************
>> Linked Tue May 15 17:13:34 2012

OUTPUT FILE NAME:   <L138_loop_poll.out>
ENTRY POINT SYMBOL: "_c_int00"  address: 118186e0


MEMORY CONFIGURATION

         name            origin    length      used     unused   attr    fill
----------------------  --------  ---------  --------  --------  ----  --------
  dsp_l2_ram            11800000   00040000  0001a0af  00025f51  RWIX
  shared_ram            80000000   00020000  00000000  00020000  RWIX
  external_ram          c0000000   08000000  00000000  08000000  RWIX


SECTION ALLOCATION MAP

 output                                  attributes/
section   page    origin      length       input sections
--------  ----  ----------  ----------   ----------------
.data      0    11800000    00000000     UNINITIALIZED

.sysmem    0    11800000    00010000     UNINITIALIZED
                  11800000    00000008     rts6740.lib : memory.obj (.sysmem)
                  11800008    0000fff8     --HOLE--

.text      0    11810000    00008ca0     
                  11810000    000016e0     L138_LCDK_aic3106_init.obj (.text)
                  118116e0    00000c20     evmomapl138_bsl.lib : evmomapl138.obj (.text)
                  11812300    000005a0     rts6740.lib : divd.obj (.text:__divd)
                  118128a0    00000580                 : _printfi.obj (.text:__getarg_diouxp)
                  11812e20    000004e0     evmomapl138_bsl.lib : evmomapl138_i2c_gpio.obj (.text)
                  11813300    00000480     rts6740.lib : _printfi.obj (.text:__setfield)
                  11813780    00000440                 : _printfi.obj (.text:__printfi)
                  11813bc0    00000380     evmomapl138_bsl.lib : evmomapl138_gpio.obj (.text)
                  11813f40    00000380                         : evmomapl138_i2c.obj (.text)
                  118142c0    00000300     rts6740.lib : fputs.obj (.text:_fputs)
                  118145c0    000002c0                 : _printfi.obj (.text:__pproc_fge)
                  11814880    000002c0                 : _printfi.obj (.text:__pproc_fwp)
                  11814b40    000002a0                 : _printfi.obj (.text:_ecvt)
                  11814de0    000002a0                 : _printfi.obj (.text:_fcvt)
                  11815080    00000280                 : memory.obj (.text:_free)
                  11815300    00000260                 : imath64.obj (.text:__divull)
                  11815560    00000260                 : _printfi.obj (.text:__pconv_e)
                  118157c0    00000240                 : _printfi.obj (.text:__pproc_diouxp)
                  11815a00    00000220                 : _printfi.obj (.text:__pproc_str)
                  11815c20    00000200                 : _printfi.obj (.text:__pconv_g)
                  11815e20    000001e0     evmomapl138_bsl.lib : evmomapl138_timer.obj (.text)
                  11816000    000001c0     rts6740.lib : _printfi.obj (.text:__mcpy)
                  118161c0    000001a0                 : imath40.obj (.text:__divul)
                  11816360    000001a0     evmomapl138_bsl.lib : evmomapl138_aic3106.obj (.text)
                  11816500    00000180     rts6740.lib : trgdrv.obj (.text:_HOSTrename)
                  11816680    00000180                 : memory.obj (.text:_malloc)
                  11816800    00000180                 : setvbuf.obj (.text:_setvbuf)
                  11816980    00000140                 : _printfi.obj (.text:__pproc_fflags)
                  11816ac0    00000140                 : fputc.obj (.text:_fputc)
                  11816c00    00000140                 : lowlev.obj (.text:_getdevice)
                  11816d40    00000120                 : fclose.obj (.text:_fclose)
                  11816e60    00000100                 : trgdrv.obj (.text:_HOSTlseek)
                  11816f60    00000100                 : autoinit.obj (.text:__auto_init)
                  11817060    00000100                 : _printfi.obj (.text:__ltostr)
                  11817160    00000100                 : _io_perm.obj (.text:__wrt_ok)
                  11817260    000000e0                 : trgdrv.obj (.text:_HOSTopen)
                  11817340    000000e0                 : atoi.obj (.text:_atoi)
                  11817420    000000e0                 : lowlev.obj (.text:_close)
                  11817500    000000e0                 : exit.obj (.text:_exit)
                  118175e0    000000e0                 : memset.obj (.text:_memset)
                  118176c0    000000c0                 : trgdrv.obj (.text:_HOSTread)
                  11817780    000000c0                 : trgdrv.obj (.text:_HOSTunlink)
                  11817840    000000c0                 : trgdrv.obj (.text:_HOSTwrite)
                  11817900    000000c0                 : fopen.obj (.text:__cleanup)
                  118179c0    000000c0                 : _printfi.obj (.text:__div)
                  11817a80    000000c0                 : divu.obj (.text:__divu)
                  11817b40    000000c0                 : fflush.obj (.text:__doflush)
                  11817c00    000000c0                 : fseek.obj (.text:_fseek)
                  11817cc0    000000c0                 : lowlev.obj (.text:_lseek)
                  11817d80    000000c0                 : ltoa.obj (.text:_ltoa)
                  11817e40    000000c0                 : lowlev.obj (.text:_write)
                  11817f00    000000a0                 : trgdrv.obj (.text:_HOSTclose)
                  11817fa0    000000a0                 : imath40.obj (.text:__divli)
                  11818040    000000a0                 : _printfi.obj (.text:__ecpy)
                  118180e0    000000a0                 : _printfi.obj (.text:__fcpy)
                  11818180    000000a0                 : fixdli.obj (.text:__fixdli)
                  11818220    000000a0                 : _printfi.obj (.text:__pconv_f)
                  118182c0    000000a0                 : cpy_tbl.obj (.text:_copy_in)
                  11818360    000000a0                 : lowlev.obj (.text:_finddevice)
                  11818400    000000a0                 : memcpy64.obj (.text:_memcpy)
                  118184a0    000000a0                 : memory.obj (.text:_minsert)
                  11818540    000000a0                 : memory.obj (.text:_mremove)
                  118185e0    00000080                 : fltlid.obj (.text:__fltlid)
                  11818660    00000080                 : llshift.obj (.text:__llshl)
                  118186e0    00000080                 : boot.obj (.text:_c_int00)
                  11818760    00000080                 : printf.obj (.text:_printf)
                  118187e0    00000080                 : trgmsg.obj (.text:_readmsg)
                  11818860    00000080                 : lowlev.obj (.text:_unlink)
                  118188e0    00000060                 : imath64.obj (.text:__subcull)
                  11818940    00000060                 : memccpy.obj (.text:_memccpy)
                  118189a0    00000060                 : trgmsg.obj (.text:_writemsg)
                  11818a00    00000040     L138_loop_poll.obj (.text)
                  11818a40    00000040     rts6740.lib : isinf.obj (.text:___isinf)
                  11818a80    00000040                 : _printfi.obj (.text:___isnan)
                  11818ac0    00000040                 : args_main.obj (.text:__args_main)
                  11818b00    00000040                 : frcmpyd_div.obj (.text:__frcmpyd_div)
                  11818b40    00000040                 : llshift.obj (.text:__llshru)
                  11818b80    00000040                 : imath40.obj (.text:__remli)
                  11818bc0    00000020                 : negll.obj (.text:__negll)
                  11818be0    00000020                 : _lock.obj (.text:__nop)
                  11818c00    00000020                 : printf.obj (.text:__outc)
                  11818c20    00000020                 : printf.obj (.text:__outs)
                  11818c40    00000020                 : exit.obj (.text:_abort)
                  11818c60    00000020                 : remove.obj (.text:_remove)
                  11818c80    00000020     vectors_poll.obj (.text)

.stack     0    11818ca0    00000800     UNINITIALIZED
                  11818ca0    00000008     rts6740.lib : boot.obj (.stack)
                  11818ca8    000007f8     --HOLE--

.far       0    118194a0    0000053c     UNINITIALIZED
                  118194a0    00000324     rts6740.lib : defs.obj (.far)
                  118197c4    00000004                 : fopen.obj (.far)
                  118197c8    0000011c                 : lowlev.obj (.far)
                  118198e4    00000004     --HOLE--
                  118198e8    000000d0                 : trgdrv.obj (.far)
                  118199b8    0000000c                 : exit.obj (.far)
                  118199c4    00000008     L138_LCDK_aic3106_init.obj (.far)
                  118199cc    00000008     rts6740.lib : _lock.obj (.far)
                  118199d4    00000008                 : memory.obj (.far)

.const     0    118199e0    000001eb     
                  118199e0    00000101     rts6740.lib : ctype.obj (.const:__ctypes_)
                  11819ae1    00000002                 : fputs.obj (.const)
                  11819ae3    00000005     --HOLE-- [fill = 0]
                  11819ae8    00000080     evmomapl138_bsl.lib : evmomapl138.obj (.const:_bitval_u32)
                  11819b68    00000040                         : evmomapl138.obj (.const:.string)
                  11819ba8    00000023     rts6740.lib : _printfi.obj (.const)

.switch    0    11819bcc    00000024     
                  11819bcc    00000024     evmomapl138_bsl.lib : evmomapl138_gpio.obj (.switch:_getRegisterBankAndBit)

.vecs      0    11819c00    00000200     
                  11819c00    00000200     vectors_poll.obj (.vecs)

.cinit     0    11819e00    00000184     
                  11819e00    0000005c     rts6740.lib : defs.obj (.cinit)
                  11819e5c    00000004     --HOLE-- [fill = 0]
                  11819e60    0000005c                 : lowlev.obj (.cinit)
                  11819ebc    00000004     --HOLE-- [fill = 0]
                  11819ec0    0000002c     L138_LCDK_aic3106_init.obj (.cinit)
                  11819eec    00000004     --HOLE-- [fill = 0]
                  11819ef0    0000002c     rts6740.lib : exit.obj (.cinit)
                  11819f1c    00000004     --HOLE-- [fill = 0]
                  11819f20    0000002c                 : memory.obj (.cinit)
                  11819f4c    00000004     --HOLE-- [fill = 0]
                  11819f50    0000001c                 : _lock.obj (.cinit)
                  11819f6c    00000004     --HOLE-- [fill = 0]
                  11819f70    0000000c                 : fopen.obj (.cinit)
                  11819f7c    00000004     --HOLE-- [fill = 0]
                  11819f80    00000004     (.pad.cinit) [fill = 0]

.cio       0    11819f84    00000120     UNINITIALIZED
                  11819f84    00000120     rts6740.lib : trgmsg.obj (.cio)

.bss       0    1181a0a4    00000020     UNINITIALIZED
                  1181a0a4    0000001c     L138_LCDK_aic3106_init.obj (.bss)
                  1181a0c0    00000004     evmomapl138_bsl.lib : evmomapl138_i2c.obj (.bss)


GLOBAL SYMBOLS: SORTED ALPHABETICALLY BY Name 

address    name
--------   ----
1181a0a4   $bss
1181a0a4   .bss
11800000   .data
11810000   .text
11818c40   C$$EXIT
118189f8   C$$IO$$
11816360   _AIC3106_init
11816458   _AIC3106_readRegister
118164b0   _AIC3106_writeRegister
118199c4   _AIC31_data
11810258   _EDMA3_PaRAM_setup
118118c8   _EVMOMAPL138_enableDsp
118116e0   _EVMOMAPL138_init
1181170c   _EVMOMAPL138_initRAM
11811990   _EVMOMAPL138_lpscTransition
118118f4   _EVMOMAPL138_pinmuxConfig
11813c38   _GPIO_getInput
11813bc0   _GPIO_setDir
11813cac   _GPIO_setOutput
11813d2c   _GPIO_toggleLoop
11817f00   _HOSTclose
11816e60   _HOSTlseek
11817260   _HOSTopen
118176c0   _HOSTread
11816500   _HOSTrename
11817780   _HOSTunlink
11817840   _HOSTwrite
11812ef4   _I2CGPIO_getInput
11813010   _I2CGPIO_getInputAll
11812e20   _I2CGPIO_init
11813120   _I2CGPIO_setOutput
11813268   _I2CGPIO_setOutputAll
11813f40   _I2C_init
1181402c   _I2C_read
11814188   _I2C_write
11811118   _L138_init_LCDK_DIP
11810de0   _L138_init_aic3106_registers
11810630   _L138_init_mcasp_edma
118108ec   _L138_init_mcasp_intr
11810b4c   _L138_init_mcasp_poll
118111c4   _L138_initialise_edma
1181142c   _L138_initialise_intr
11811348   _L138_initialise_poll
11815f04   _USTIMER_delay
11815fc4   _USTIMER_get
11815e20   _USTIMER_init
11815f94   _USTIMER_reset
11815fd8   _USTIMER_set
118122e0   _UTIL_isUIBoardAttached
11812188   _UTIL_printMem
11819f84   __CIOBUF_
118194a0   __STACK_END
00000800   __STACK_SIZE
00010000   __SYSMEM_SIZE
00000001   __TI_args_main
118199c0   ___TI_enable_exit_profile_output
ffffffff   ___TI_pprof_out_hndl
ffffffff   ___TI_prof_data_size
ffffffff   ___TI_prof_data_start
ffffffff   ___binit__
1181a0a4   ___bss__
ffffffff   ___c_args__
11819e00   ___cinit__
11800000   ___data__
11800000   ___edata__
1181a0c4   ___end__
11818ca0   ___etext__
11818a40   ___isinf
ffffffff   ___pinit__
11810000   ___text__
11818ac0   __args_main
11816f60   __auto_init
11817a80   __c6xabi_divu
11817900   __cleanup
118199b8   __cleanup_ptr
118199e0   __ctypes_
11812300   __divd
11817fa0   __divli
11817a80   __divu
118161c0   __divul
11815300   __divull
11817b40   __doflush
118199bc   __dtors_ptr
11818180   __fixdli
118185e0   __fltlid
11818b00   __frcmpyd_div
118197c0   __ft_end
118194a0   __ftable
11818660   __llshl
11818b40   __llshru
118199cc   __lock
11818bc0   __negll
11818be0   __nop
11813780   __printfi
11818b80   __remli
11818ca0   __stack
118188e0   __subcull
11800000   __sys_memory
11819680   __tmpnams
118199d0   __unlock
11817160   __wrt_ok
11818c40   _abort
11817340   _atoi
11819ae8   _bitval_u32
118186e0   _c_int00
11817420   _close
11811d68   _config_pll0
11811fa4   _config_pll1
118182c0   _copy_in
11817500   _exit
1181a0b8   _fb
11816d40   _fclose
11816ac0   _fputc
118142c0   _fputs
11815080   _free
11817c00   _fseek
118101a8   _input_left_sample
11810200   _input_right_sample
11810150   _input_sample
11817cc0   _lseek
11817d80   _ltoa
11818a00   _main
11816680   _malloc
11818940   _memccpy
11818400   _memcpy
118175e0   _memset
11810068   _output_left_sample
118100e0   _output_right_sample
11810000   _output_sample
1181a0a8   _pingIN
1181a0ac   _pingOUT
1181a0b0   _pongIN
1181a0b4   _pongOUT
118116b4   _prand
1181a0bc   _prand_seed
11811568   _prbs
11818760   _printf
11816ac0   _putc
11811638   _rand31_next
11811160   _read_LCDK_user_DIP
118187e0   _readmsg
11818c60   _remove
11816800   _setvbuf
118199c8   _sreg
11818860   _unlink
11819c20   _vector1
11819d40   _vector10
11819d60   _vector11
11819d80   _vector12
11819da0   _vector13
11819dc0   _vector14
11819de0   _vector15
11819c40   _vector2
11819c60   _vector3
11819c80   _vector4
11819ca0   _vector5
11819cc0   _vector6
11819ce0   _vector7
11819d00   _vector8
11819d20   _vector9
11819c00   _vectors
11817e40   _write
118189a0   _writemsg
ffffffff   binit
11819e00   cinit
11800000   edata
1181a0c4   end
11818ca0   etext
ffffffff   pinit


GLOBAL SYMBOLS: SORTED BY Symbol Address 

address    name
--------   ----
00000001   __TI_args_main
00000800   __STACK_SIZE
00010000   __SYSMEM_SIZE
11800000   .data
11800000   ___data__
11800000   ___edata__
11800000   __sys_memory
11800000   edata
11810000   .text
11810000   ___text__
11810000   _output_sample
11810068   _output_left_sample
118100e0   _output_right_sample
11810150   _input_sample
118101a8   _input_left_sample
11810200   _input_right_sample
11810258   _EDMA3_PaRAM_setup
11810630   _L138_init_mcasp_edma
118108ec   _L138_init_mcasp_intr
11810b4c   _L138_init_mcasp_poll
11810de0   _L138_init_aic3106_registers
11811118   _L138_init_LCDK_DIP
11811160   _read_LCDK_user_DIP
118111c4   _L138_initialise_edma
11811348   _L138_initialise_poll
1181142c   _L138_initialise_intr
11811568   _prbs
11811638   _rand31_next
118116b4   _prand
118116e0   _EVMOMAPL138_init
1181170c   _EVMOMAPL138_initRAM
118118c8   _EVMOMAPL138_enableDsp
118118f4   _EVMOMAPL138_pinmuxConfig
11811990   _EVMOMAPL138_lpscTransition
11811d68   _config_pll0
11811fa4   _config_pll1
11812188   _UTIL_printMem
118122e0   _UTIL_isUIBoardAttached
11812300   __divd
11812e20   _I2CGPIO_init
11812ef4   _I2CGPIO_getInput
11813010   _I2CGPIO_getInputAll
11813120   _I2CGPIO_setOutput
11813268   _I2CGPIO_setOutputAll
11813780   __printfi
11813bc0   _GPIO_setDir
11813c38   _GPIO_getInput
11813cac   _GPIO_setOutput
11813d2c   _GPIO_toggleLoop
11813f40   _I2C_init
1181402c   _I2C_read
11814188   _I2C_write
118142c0   _fputs
11815080   _free
11815300   __divull
11815e20   _USTIMER_init
11815f04   _USTIMER_delay
11815f94   _USTIMER_reset
11815fc4   _USTIMER_get
11815fd8   _USTIMER_set
118161c0   __divul
11816360   _AIC3106_init
11816458   _AIC3106_readRegister
118164b0   _AIC3106_writeRegister
11816500   _HOSTrename
11816680   _malloc
11816800   _setvbuf
11816ac0   _fputc
11816ac0   _putc
11816d40   _fclose
11816e60   _HOSTlseek
11816f60   __auto_init
11817160   __wrt_ok
11817260   _HOSTopen
11817340   _atoi
11817420   _close
11817500   _exit
118175e0   _memset
118176c0   _HOSTread
11817780   _HOSTunlink
11817840   _HOSTwrite
11817900   __cleanup
11817a80   __c6xabi_divu
11817a80   __divu
11817b40   __doflush
11817c00   _fseek
11817cc0   _lseek
11817d80   _ltoa
11817e40   _write
11817f00   _HOSTclose
11817fa0   __divli
11818180   __fixdli
118182c0   _copy_in
11818400   _memcpy
118185e0   __fltlid
11818660   __llshl
118186e0   _c_int00
11818760   _printf
118187e0   _readmsg
11818860   _unlink
118188e0   __subcull
11818940   _memccpy
118189a0   _writemsg
118189f8   C$$IO$$
11818a00   _main
11818a40   ___isinf
11818ac0   __args_main
11818b00   __frcmpyd_div
11818b40   __llshru
11818b80   __remli
11818bc0   __negll
11818be0   __nop
11818c40   C$$EXIT
11818c40   _abort
11818c60   _remove
11818ca0   ___etext__
11818ca0   __stack
11818ca0   etext
118194a0   __STACK_END
118194a0   __ftable
11819680   __tmpnams
118197c0   __ft_end
118199b8   __cleanup_ptr
118199bc   __dtors_ptr
118199c0   ___TI_enable_exit_profile_output
118199c4   _AIC31_data
118199c8   _sreg
118199cc   __lock
118199d0   __unlock
118199e0   __ctypes_
11819ae8   _bitval_u32
11819c00   _vectors
11819c20   _vector1
11819c40   _vector2
11819c60   _vector3
11819c80   _vector4
11819ca0   _vector5
11819cc0   _vector6
11819ce0   _vector7
11819d00   _vector8
11819d20   _vector9
11819d40   _vector10
11819d60   _vector11
11819d80   _vector12
11819da0   _vector13
11819dc0   _vector14
11819de0   _vector15
11819e00   ___cinit__
11819e00   cinit
11819f84   __CIOBUF_
1181a0a4   $bss
1181a0a4   .bss
1181a0a4   ___bss__
1181a0a8   _pingIN
1181a0ac   _pingOUT
1181a0b0   _pongIN
1181a0b4   _pongOUT
1181a0b8   _fb
1181a0bc   _prand_seed
1181a0c4   ___end__
1181a0c4   end
ffffffff   ___TI_pprof_out_hndl
ffffffff   ___TI_prof_data_size
ffffffff   ___TI_prof_data_start
ffffffff   ___binit__
ffffffff   ___c_args__
ffffffff   ___pinit__
ffffffff   binit
ffffffff   pinit

[169 symbols]
