******************************************************************************
               TMS320C6x Linker PC v7.2.0                      
******************************************************************************
>> Linked Wed Jun 29 16:23:49 2011

OUTPUT FILE NAME:   <evmomapl138_test_usb.out>
ENTRY POINT SYMBOL: "_c_int00"  address: 80007580


MEMORY CONFIGURATION

         name            origin    length      used     unused   attr    fill
----------------------  --------  ---------  --------  --------  ----  --------
  dsp_l2_ram            11800000   00040000  00000000  00040000  RWIX
  shared_ram            80000000   00020000  000099f0  00016610  RWIX
  external_ram          c0000000   08000000  00000000  08000000  RWIX
  arm_local_ram         ffff0000   00002000  00000000  00002000  RWIX


SECTION ALLOCATION MAP

 output                                  attributes/
section   page    origin      length       input sections
--------  ----  ----------  ----------   ----------------
.text      0    80000000    00007b40     
                  80000000    00000c20     evmomapl138_bsl.lib : evmomapl138.obj (.text)
                  80000c20    00000680     rts6740.lib : divd.obj (.text:__divd)
                  800012a0    00000580                 : _printfi.obj (.text:__getarg_diouxp)
                  80001820    00000560     test_usb.obj (.text)
                  80001d80    000004e0     evmomapl138_bsl.lib : evmomapl138_i2c_gpio.obj (.text)
                  80002260    00000480     rts6740.lib : _printfi.obj (.text:__setfield)
                  800026e0    00000440                 : _printfi.obj (.text:__printfi)
                  80002b20    00000380     evmomapl138_bsl.lib : evmomapl138_i2c.obj (.text)
                  80002ea0    00000300     rts6740.lib : fputs.obj (.text:_fputs)
                  800031a0    000002e0                 : _printfi.obj (.text:__pproc_fwp)
                  80003480    000002c0                 : _printfi.obj (.text:__pproc_fge)
                  80003740    000002c0     evmomapl138_bsl.lib : evmomapl138_usb.obj (.text)
                  80003a00    000002a0     rts6740.lib : _printfi.obj (.text:_ecvt)
                  80003ca0    000002a0                 : _printfi.obj (.text:_fcvt)
                  80003f40    00000280                 : memory.obj (.text:_free)
                  800041c0    00000260                 : imath64.obj (.text:__divull)
                  80004420    00000260                 : _printfi.obj (.text:__pconv_e)
                  80004680    00000220                 : _printfi.obj (.text:__pproc_diouxp)
                  800048a0    00000220                 : _printfi.obj (.text:__pproc_str)
                  80004ac0    00000200                 : _printfi.obj (.text:__pconv_g)
                  80004cc0    000001e0     evmomapl138_bsl.lib : evmomapl138_timer.obj (.text)
                  80004ea0    000001c0     rts6740.lib : _printfi.obj (.text:__mcpy)
                  80005060    000001a0                 : imath40.obj (.text:__divul)
                  80005200    000001a0                 : setvbuf.obj (.text:_setvbuf)
                  800053a0    00000180                 : trgdrv.obj (.text:_HOSTrename)
                  80005520    00000180                 : frcmpyd_div.obj (.text:__frcmpyd_div)
                  800056a0    00000180                 : memory.obj (.text:_malloc)
                  80005820    00000140                 : _printfi.obj (.text:__pproc_fflags)
                  80005960    00000140                 : fputc.obj (.text:_fputc)
                  80005aa0    00000140                 : lowlev.obj (.text:_getdevice)
                  80005be0    00000120                 : fclose.obj (.text:_fclose)
                  80005d00    00000100                 : trgdrv.obj (.text:_HOSTlseek)
                  80005e00    00000100                 : autoinit.obj (.text:__auto_init)
                  80005f00    00000100                 : _printfi.obj (.text:__ltostr)
                  80006000    00000100                 : _io_perm.obj (.text:__wrt_ok)
                  80006100    000000e0                 : trgdrv.obj (.text:_HOSTopen)
                  800061e0    000000e0                 : atoi.obj (.text:_atoi)
                  800062c0    000000e0                 : lowlev.obj (.text:_close)
                  800063a0    000000e0                 : exit.obj (.text:_exit)
                  80006480    000000e0                 : memset.obj (.text:_memset)
                  80006560    000000c0                 : trgdrv.obj (.text:_HOSTread)
                  80006620    000000c0                 : trgdrv.obj (.text:_HOSTunlink)
                  800066e0    000000c0                 : trgdrv.obj (.text:_HOSTwrite)
                  800067a0    000000c0                 : fopen.obj (.text:__cleanup)
                  80006860    000000c0                 : _printfi.obj (.text:__div)
                  80006920    000000c0                 : divu.obj (.text:__divu)
                  800069e0    000000c0                 : fflush.obj (.text:__doflush)
                  80006aa0    000000c0                 : fseek.obj (.text:_fseek)
                  80006b60    000000c0                 : lowlev.obj (.text:_lseek)
                  80006c20    000000c0                 : ltoa.obj (.text:_ltoa)
                  80006ce0    000000c0                 : lowlev.obj (.text:_write)
                  80006da0    000000a0                 : trgdrv.obj (.text:_HOSTclose)
                  80006e40    000000a0                 : imath40.obj (.text:__divli)
                  80006ee0    000000a0                 : _printfi.obj (.text:__ecpy)
                  80006f80    000000a0                 : _printfi.obj (.text:__fcpy)
                  80007020    000000a0                 : fixdli.obj (.text:__fixdli)
                  800070c0    000000a0                 : _printfi.obj (.text:__pconv_f)
                  80007160    000000a0                 : cpy_tbl.obj (.text:_copy_in)
                  80007200    000000a0                 : lowlev.obj (.text:_finddevice)
                  800072a0    000000a0                 : memcpy64.obj (.text:_memcpy)
                  80007340    000000a0                 : memory.obj (.text:_minsert)
                  800073e0    000000a0                 : memory.obj (.text:_mremove)
                  80007480    00000080                 : fltlid.obj (.text:__fltlid)
                  80007500    00000080                 : llshift.obj (.text:__llshl)
                  80007580    00000080                 : boot.obj (.text:_c_int00)
                  80007600    00000080                 : printf.obj (.text:_printf)
                  80007680    00000080                 : trgmsg.obj (.text:_readmsg)
                  80007700    00000080                 : lowlev.obj (.text:_unlink)
                  80007780    00000060                 : imath64.obj (.text:__subcull)
                  800077e0    00000060                 : memccpy.obj (.text:_memccpy)
                  80007840    00000060                 : trgmsg.obj (.text:_writemsg)
                  800078a0    00000060     main_usb.obj (.text)
                  80007900    00000040     rts6740.lib : isinf.obj (.text:___isinf)
                  80007940    00000040                 : _printfi.obj (.text:___isnan)
                  80007980    00000040                 : divd.obj (.text:___isnan)
                  800079c0    00000040                 : args_main.obj (.text:__args_main)
                  80007a00    00000040                 : llshift.obj (.text:__llshru)
                  80007a40    00000040                 : imath40.obj (.text:__remli)
                  80007a80    00000020                 : negll.obj (.text:__negll)
                  80007aa0    00000020                 : _lock.obj (.text:__nop)
                  80007ac0    00000020                 : printf.obj (.text:__outc)
                  80007ae0    00000020                 : printf.obj (.text:__outs)
                  80007b00    00000020                 : exit.obj (.text:_abort)
                  80007b20    00000020                 : remove.obj (.text:_remove)

.data      0    80000000    00000000     UNINITIALIZED

.const     0    80007b40    000008e8     
                  80007b40    000006b0     test_usb.obj (.const:.string)
                  800081f0    00000101     rts6740.lib : ctype.obj (.const:__ctypes_)
                  800082f1    00000002                 : fputs.obj (.const:.string)
                  800082f3    00000001     --HOLE-- [fill = 0]
                  800082f4    00000068     main_usb.obj (.const:.string)
                  8000835c    00000060     evmomapl138_bsl.lib : evmomapl138_usb.obj (.const:.string)
                  800083bc    00000040                         : evmomapl138.obj (.const:.string)
                  800083fc    00000023     rts6740.lib : _printfi.obj (.const:.string)
                  8000841f    00000001     --HOLE-- [fill = 0]
                  80008420    00000008                 : divd.obj (.const:_initial_approx$1)

.stack     0    80008428    00000800     UNINITIALIZED
                  80008428    00000008     rts6740.lib : boot.obj (.stack)
                  80008430    000007f8     --HOLE--

.sysmem    0    80008c28    00000800     UNINITIALIZED
                  80008c28    00000008     rts6740.lib : memory.obj (.sysmem)
                  80008c30    000007f8     --HOLE--

.far       0    80009428    00000350     UNINITIALIZED
                  80009428    00000194     rts6740.lib : defs.obj (.far)
                  800095bc    00000004                 : fopen.obj (.far)
                  800095c0    000000d0                 : trgdrv.obj (.far)
                  80009690    000000cc                 : lowlev.obj (.far)
                  8000975c    0000000c                 : exit.obj (.far)
                  80009768    00000008                 : _lock.obj (.far)
                  80009770    00000008                 : memory.obj (.far)

.cinit     0    80009778    00000154     
                  80009778    0000005c     rts6740.lib : defs.obj (.cinit)
                  800097d4    00000004     --HOLE-- [fill = 0]
                  800097d8    0000005c                 : lowlev.obj (.cinit)
                  80009834    00000004     --HOLE-- [fill = 0]
                  80009838    0000002c                 : exit.obj (.cinit)
                  80009864    00000004     --HOLE-- [fill = 0]
                  80009868    0000002c                 : memory.obj (.cinit)
                  80009894    00000004     --HOLE-- [fill = 0]
                  80009898    0000001c                 : _lock.obj (.cinit)
                  800098b4    00000004     --HOLE-- [fill = 0]
                  800098b8    0000000c                 : fopen.obj (.cinit)
                  800098c4    00000004     --HOLE-- [fill = 0]
                  800098c8    00000004     (.pad.cinit) [fill = 0]

.cio       0    800098cc    00000120     UNINITIALIZED
                  800098cc    00000120     rts6740.lib : trgmsg.obj (.cio)

.bss       0    800099ec    00000004     UNINITIALIZED
                  800099ec    00000004     evmomapl138_bsl.lib : evmomapl138_i2c.obj (.bss)


GLOBAL SYMBOLS: SORTED ALPHABETICALLY BY Name 

address    name
--------   ----
800099ec   $bss
800099ec   .bss
80000000   .data
80000000   .text
80007b00   C$$EXIT
80007898   C$$IO$$
800001e8   _EVMOMAPL138_enableDsp
80000000   _EVMOMAPL138_init
8000002c   _EVMOMAPL138_initRAM
800002b0   _EVMOMAPL138_lpscTransition
80000214   _EVMOMAPL138_pinmuxConfig
80006da0   _HOSTclose
80005d00   _HOSTlseek
80006100   _HOSTopen
80006560   _HOSTread
800053a0   _HOSTrename
80006620   _HOSTunlink
800066e0   _HOSTwrite
80001e54   _I2CGPIO_getInput
80001f70   _I2CGPIO_getInputAll
80001d80   _I2CGPIO_init
80002080   _I2CGPIO_setOutput
800021c8   _I2CGPIO_setOutputAll
80002b20   _I2C_init
80002c0c   _I2C_read
80002d68   _I2C_write
80001820   _TEST_usb
80003858   _USB_OTG_init
80003834   _USB_getHostRevision
80003740   _USB_init
80004da4   _USTIMER_delay
80004e64   _USTIMER_get
80004cc0   _USTIMER_init
80004e34   _USTIMER_reset
80004e78   _USTIMER_set
80000c00   _UTIL_isUIBoardAttached
80000aa8   _UTIL_printMem
800098cc   __CIOBUF_
80008c28   __STACK_END
00000800   __STACK_SIZE
00000800   __SYSMEM_SIZE
00000001   __TI_args_main
80009764   ___TI_enable_exit_profile_output
ffffffff   ___TI_pprof_out_hndl
ffffffff   ___TI_prof_data_size
ffffffff   ___TI_prof_data_start
ffffffff   ___binit__
800099ec   ___bss__
ffffffff   ___c_args__
80009778   ___cinit__
80000000   ___data__
80000000   ___edata__
800099f0   ___end__
80007b40   ___etext__
80007900   ___isinf
ffffffff   ___pinit__
80000000   ___text__
800079c0   __args_main
80005e00   __auto_init
80006920   __c6xabi_divu
800067a0   __cleanup
8000975c   __cleanup_ptr
800081f0   __ctypes_
80000c20   __divd
80006e40   __divli
80006920   __divu
80005060   __divul
800041c0   __divull
800069e0   __doflush
80009760   __dtors_ptr
80007020   __fixdli
80007480   __fltlid
80005520   __frcmpyd_div
800095b8   __ft_end
80009428   __ftable
80007500   __llshl
80007a00   __llshru
80009768   __lock
80007a80   __negll
80007aa0   __nop
800026e0   __printfi
80007a40   __remli
80008428   __stack
80007780   __subcull
80008c28   __sys_memory
80009518   __tmpnams
8000976c   __unlock
80006000   __wrt_ok
80007b00   _abort
800061e0   _atoi
80007580   _c_int00
800062c0   _close
80000688   _config_pll0
800008c4   _config_pll1
80007160   _copy_in
800063a0   _exit
80005be0   _fclose
80005960   _fputc
80002ea0   _fputs
80003f40   _free
80006aa0   _fseek
80006b60   _lseek
80006c20   _ltoa
800078a0   _main
800056a0   _malloc
800077e0   _memccpy
800072a0   _memcpy
80006480   _memset
80007600   _printf
80005960   _putc
80007680   _readmsg
80007b20   _remove
80005200   _setvbuf
80007700   _unlink
80006ce0   _write
80007840   _writemsg
ffffffff   binit
80009778   cinit
80000000   edata
800099f0   end
80007b40   etext
ffffffff   pinit


GLOBAL SYMBOLS: SORTED BY Symbol Address 

address    name
--------   ----
00000001   __TI_args_main
00000800   __STACK_SIZE
00000800   __SYSMEM_SIZE
80000000   .data
80000000   .text
80000000   _EVMOMAPL138_init
80000000   ___data__
80000000   ___edata__
80000000   ___text__
80000000   edata
8000002c   _EVMOMAPL138_initRAM
800001e8   _EVMOMAPL138_enableDsp
80000214   _EVMOMAPL138_pinmuxConfig
800002b0   _EVMOMAPL138_lpscTransition
80000688   _config_pll0
800008c4   _config_pll1
80000aa8   _UTIL_printMem
80000c00   _UTIL_isUIBoardAttached
80000c20   __divd
80001820   _TEST_usb
80001d80   _I2CGPIO_init
80001e54   _I2CGPIO_getInput
80001f70   _I2CGPIO_getInputAll
80002080   _I2CGPIO_setOutput
800021c8   _I2CGPIO_setOutputAll
800026e0   __printfi
80002b20   _I2C_init
80002c0c   _I2C_read
80002d68   _I2C_write
80002ea0   _fputs
80003740   _USB_init
80003834   _USB_getHostRevision
80003858   _USB_OTG_init
80003f40   _free
800041c0   __divull
80004cc0   _USTIMER_init
80004da4   _USTIMER_delay
80004e34   _USTIMER_reset
80004e64   _USTIMER_get
80004e78   _USTIMER_set
80005060   __divul
80005200   _setvbuf
800053a0   _HOSTrename
80005520   __frcmpyd_div
800056a0   _malloc
80005960   _fputc
80005960   _putc
80005be0   _fclose
80005d00   _HOSTlseek
80005e00   __auto_init
80006000   __wrt_ok
80006100   _HOSTopen
800061e0   _atoi
800062c0   _close
800063a0   _exit
80006480   _memset
80006560   _HOSTread
80006620   _HOSTunlink
800066e0   _HOSTwrite
800067a0   __cleanup
80006920   __c6xabi_divu
80006920   __divu
800069e0   __doflush
80006aa0   _fseek
80006b60   _lseek
80006c20   _ltoa
80006ce0   _write
80006da0   _HOSTclose
80006e40   __divli
80007020   __fixdli
80007160   _copy_in
800072a0   _memcpy
80007480   __fltlid
80007500   __llshl
80007580   _c_int00
80007600   _printf
80007680   _readmsg
80007700   _unlink
80007780   __subcull
800077e0   _memccpy
80007840   _writemsg
80007898   C$$IO$$
800078a0   _main
80007900   ___isinf
800079c0   __args_main
80007a00   __llshru
80007a40   __remli
80007a80   __negll
80007aa0   __nop
80007b00   C$$EXIT
80007b00   _abort
80007b20   _remove
80007b40   ___etext__
80007b40   etext
800081f0   __ctypes_
80008428   __stack
80008c28   __STACK_END
80008c28   __sys_memory
80009428   __ftable
80009518   __tmpnams
800095b8   __ft_end
8000975c   __cleanup_ptr
80009760   __dtors_ptr
80009764   ___TI_enable_exit_profile_output
80009768   __lock
8000976c   __unlock
80009778   ___cinit__
80009778   cinit
800098cc   __CIOBUF_
800099ec   $bss
800099ec   .bss
800099ec   ___bss__
800099f0   ___end__
800099f0   end
ffffffff   ___TI_pprof_out_hndl
ffffffff   ___TI_prof_data_size
ffffffff   ___TI_prof_data_start
ffffffff   ___binit__
ffffffff   ___c_args__
ffffffff   ___pinit__
ffffffff   binit
ffffffff   pinit

[122 symbols]
