******************************************************************************
               TMS320C6x Linker PC v7.2.0                      
******************************************************************************
>> Linked Wed Jun 29 16:18:58 2011

OUTPUT FILE NAME:   <evmomapl138_test_read_mac.out>
ENTRY POINT SYMBOL: "_c_int00"  address: 80007e80


MEMORY CONFIGURATION

         name            origin    length      used     unused   attr    fill
----------------------  --------  ---------  --------  --------  ----  --------
  dsp_l2_ram            11800000   00040000  00000000  00040000  RWIX
  shared_ram            80000000   00020000  00009ffc  00016004  RWIX
  external_ram          c0000000   08000000  00000000  08000000  RWIX
  arm_local_ram         ffff0000   00002000  00000000  00002000  RWIX


SECTION ALLOCATION MAP

 output                                  attributes/
section   page    origin      length       input sections
--------  ----  ----------  ----------   ----------------
.text      0    80000000    00008460     
                  80000000    00000c20     evmomapl138_bsl.lib : evmomapl138.obj (.text)
                  80000c20    00000680     rts6740.lib : divd.obj (.text:__divd)
                  800012a0    00000580                 : _printfi.obj (.text:__getarg_diouxp)
                  80001820    000004e0     evmomapl138_bsl.lib : evmomapl138_i2c_gpio.obj (.text)
                  80001d00    000004e0                         : evmomapl138_spi.obj (.text)
                  800021e0    00000480     rts6740.lib : _printfi.obj (.text:__setfield)
                  80002660    00000440                 : _printfi.obj (.text:__printfi)
                  80002aa0    00000440     evmomapl138_bsl.lib : evmomapl138_spiflash.obj (.text)
                  80002ee0    00000380                         : evmomapl138_gpio.obj (.text)
                  80003260    00000380                         : evmomapl138_i2c.obj (.text)
                  800035e0    00000320                         : spiflash_numonyx.obj (.text)
                  80003900    00000300     rts6740.lib : fputs.obj (.text:_fputs)
                  80003c00    000002e0                 : _printfi.obj (.text:__pproc_fwp)
                  80003ee0    000002c0                 : _printfi.obj (.text:__pproc_fge)
                  800041a0    000002a0                 : _printfi.obj (.text:_ecvt)
                  80004440    000002a0                 : _printfi.obj (.text:_fcvt)
                  800046e0    00000280                 : memory.obj (.text:_free)
                  80004960    00000260                 : imath64.obj (.text:__divull)
                  80004bc0    00000260                 : _printfi.obj (.text:__pconv_e)
                  80004e20    00000220                 : _printfi.obj (.text:__pproc_diouxp)
                  80005040    00000220                 : _printfi.obj (.text:__pproc_str)
                  80005260    00000200                 : _printfi.obj (.text:__pconv_g)
                  80005460    000001e0     evmomapl138_bsl.lib : evmomapl138_timer.obj (.text)
                  80005640    000001c0     rts6740.lib : _printfi.obj (.text:__mcpy)
                  80005800    000001a0                 : imath40.obj (.text:__divul)
                  800059a0    000001a0                 : setvbuf.obj (.text:_setvbuf)
                  80005b40    00000180                 : trgdrv.obj (.text:_HOSTrename)
                  80005cc0    00000180                 : frcmpyd_div.obj (.text:__frcmpyd_div)
                  80005e40    00000180                 : memory.obj (.text:_malloc)
                  80005fc0    00000160     test_read_mac.obj (.text)
                  80006120    00000140     rts6740.lib : _printfi.obj (.text:__pproc_fflags)
                  80006260    00000140                 : fputc.obj (.text:_fputc)
                  800063a0    00000140                 : lowlev.obj (.text:_getdevice)
                  800064e0    00000120                 : fclose.obj (.text:_fclose)
                  80006600    00000100                 : trgdrv.obj (.text:_HOSTlseek)
                  80006700    00000100                 : autoinit.obj (.text:__auto_init)
                  80006800    00000100                 : _printfi.obj (.text:__ltostr)
                  80006900    00000100                 : _io_perm.obj (.text:__wrt_ok)
                  80006a00    000000e0                 : trgdrv.obj (.text:_HOSTopen)
                  80006ae0    000000e0                 : atoi.obj (.text:_atoi)
                  80006bc0    000000e0                 : lowlev.obj (.text:_close)
                  80006ca0    000000e0                 : exit.obj (.text:_exit)
                  80006d80    000000e0                 : memset.obj (.text:_memset)
                  80006e60    000000c0                 : trgdrv.obj (.text:_HOSTread)
                  80006f20    000000c0                 : trgdrv.obj (.text:_HOSTunlink)
                  80006fe0    000000c0                 : trgdrv.obj (.text:_HOSTwrite)
                  800070a0    000000c0                 : fopen.obj (.text:__cleanup)
                  80007160    000000c0                 : _printfi.obj (.text:__div)
                  80007220    000000c0                 : divu.obj (.text:__divu)
                  800072e0    000000c0                 : fflush.obj (.text:__doflush)
                  800073a0    000000c0                 : fseek.obj (.text:_fseek)
                  80007460    000000c0                 : lowlev.obj (.text:_lseek)
                  80007520    000000c0                 : ltoa.obj (.text:_ltoa)
                  800075e0    000000c0                 : lowlev.obj (.text:_write)
                  800076a0    000000a0                 : trgdrv.obj (.text:_HOSTclose)
                  80007740    000000a0                 : imath40.obj (.text:__divli)
                  800077e0    000000a0                 : _printfi.obj (.text:__ecpy)
                  80007880    000000a0                 : _printfi.obj (.text:__fcpy)
                  80007920    000000a0                 : fixdli.obj (.text:__fixdli)
                  800079c0    000000a0                 : _printfi.obj (.text:__pconv_f)
                  80007a60    000000a0                 : cpy_tbl.obj (.text:_copy_in)
                  80007b00    000000a0                 : lowlev.obj (.text:_finddevice)
                  80007ba0    000000a0                 : memcpy64.obj (.text:_memcpy)
                  80007c40    000000a0                 : memory.obj (.text:_minsert)
                  80007ce0    000000a0                 : memory.obj (.text:_mremove)
                  80007d80    00000080                 : fltlid.obj (.text:__fltlid)
                  80007e00    00000080                 : llshift.obj (.text:__llshl)
                  80007e80    00000080                 : boot.obj (.text:_c_int00)
                  80007f00    00000080                 : printf.obj (.text:_printf)
                  80007f80    00000080                 : trgmsg.obj (.text:_readmsg)
                  80008000    00000080                 : lowlev.obj (.text:_unlink)
                  80008080    00000080     main_read_mac.obj (.text)
                  80008100    00000060     rts6740.lib : imath64.obj (.text:__subcull)
                  80008160    00000060                 : memccpy.obj (.text:_memccpy)
                  800081c0    00000060                 : trgmsg.obj (.text:_writemsg)
                  80008220    00000040                 : isinf.obj (.text:___isinf)
                  80008260    00000040                 : _printfi.obj (.text:___isnan)
                  800082a0    00000040                 : divd.obj (.text:___isnan)
                  800082e0    00000040                 : args_main.obj (.text:__args_main)
                  80008320    00000040                 : llshift.obj (.text:__llshru)
                  80008360    00000040                 : imath40.obj (.text:__remli)
                  800083a0    00000020                 : negll.obj (.text:__negll)
                  800083c0    00000020                 : _lock.obj (.text:__nop)
                  800083e0    00000020                 : printf.obj (.text:__outc)
                  80008400    00000020                 : printf.obj (.text:__outs)
                  80008420    00000020                 : exit.obj (.text:_abort)
                  80008440    00000020                 : remove.obj (.text:_remove)

.data      0    80000000    00000000     UNINITIALIZED

.stack     0    80008460    00000800     UNINITIALIZED
                  80008460    00000008     rts6740.lib : boot.obj (.stack)
                  80008468    000007f8     --HOLE--

.sysmem    0    80008c60    00000800     UNINITIALIZED
                  80008c60    00000008     rts6740.lib : memory.obj (.sysmem)
                  80008c68    000007f8     --HOLE--

.const     0    80009460    000005a0     
                  80009460    000001d4     test_read_mac.obj (.const:.string)
                  80009634    00000002     rts6740.lib : fputs.obj (.const:.string)
                  80009636    00000002     --HOLE-- [fill = 0]
                  80009638    00000101                 : ctype.obj (.const:__ctypes_)
                  80009739    00000003     --HOLE-- [fill = 0]
                  8000973c    000000b4     evmomapl138_bsl.lib : spiflash_numonyx.obj (.const:.string)
                  800097f0    00000080                         : evmomapl138.obj (.const:_bitval_u32)
                  80009870    00000070     main_read_mac.obj (.const:.string)
                  800098e0    0000006c     evmomapl138_bsl.lib : evmomapl138_spiflash.obj (.const:.string)
                  8000994c    00000048                         : evmomapl138_spi.obj (.const:.string)
                  80009994    00000040                         : evmomapl138.obj (.const:.string)
                  800099d4    00000023     rts6740.lib : _printfi.obj (.const:.string)
                  800099f7    00000001     --HOLE-- [fill = 0]
                  800099f8    00000008                 : divd.obj (.const:_initial_approx$1)

.far       0    80009a00    00000350     UNINITIALIZED
                  80009a00    00000194     rts6740.lib : defs.obj (.far)
                  80009b94    00000004                 : fopen.obj (.far)
                  80009b98    000000d0                 : trgdrv.obj (.far)
                  80009c68    000000cc                 : lowlev.obj (.far)
                  80009d34    0000000c                 : exit.obj (.far)
                  80009d40    00000008                 : _lock.obj (.far)
                  80009d48    00000008                 : memory.obj (.far)

.cinit     0    80009d50    00000154     
                  80009d50    0000005c     rts6740.lib : defs.obj (.cinit)
                  80009dac    00000004     --HOLE-- [fill = 0]
                  80009db0    0000005c                 : lowlev.obj (.cinit)
                  80009e0c    00000004     --HOLE-- [fill = 0]
                  80009e10    0000002c                 : exit.obj (.cinit)
                  80009e3c    00000004     --HOLE-- [fill = 0]
                  80009e40    0000002c                 : memory.obj (.cinit)
                  80009e6c    00000004     --HOLE-- [fill = 0]
                  80009e70    0000001c                 : _lock.obj (.cinit)
                  80009e8c    00000004     --HOLE-- [fill = 0]
                  80009e90    0000000c                 : fopen.obj (.cinit)
                  80009e9c    00000004     --HOLE-- [fill = 0]
                  80009ea0    00000004     (.pad.cinit) [fill = 0]

.cio       0    80009ea4    00000120     UNINITIALIZED
                  80009ea4    00000120     rts6740.lib : trgmsg.obj (.cio)

.switch    0    80009fc4    00000034     
                  80009fc4    00000024     evmomapl138_bsl.lib : evmomapl138_gpio.obj (.switch:_getRegisterBankAndBit)
                  80009fe8    00000010                         : evmomapl138_spi.obj (.switch:_SPI_init)

.bss       0    80009ff8    00000004     UNINITIALIZED
                  80009ff8    00000004     evmomapl138_bsl.lib : evmomapl138_i2c.obj (.bss)


GLOBAL SYMBOLS: SORTED ALPHABETICALLY BY Name 

address    name
--------   ----
80009ff8   $bss
80009ff8   .bss
80000000   .data
80000000   .text
80008420   C$$EXIT
80008218   C$$IO$$
800001e8   _EVMOMAPL138_enableDsp
80000000   _EVMOMAPL138_init
8000002c   _EVMOMAPL138_initRAM
800002b0   _EVMOMAPL138_lpscTransition
80000214   _EVMOMAPL138_pinmuxConfig
80002f58   _GPIO_getInput
80002ee0   _GPIO_setDir
80002fcc   _GPIO_setOutput
8000304c   _GPIO_toggleLoop
800076a0   _HOSTclose
80006600   _HOSTlseek
80006a00   _HOSTopen
80006e60   _HOSTread
80005b40   _HOSTrename
80006f20   _HOSTunlink
80006fe0   _HOSTwrite
800018f4   _I2CGPIO_getInput
80001a10   _I2CGPIO_getInputAll
80001820   _I2CGPIO_init
80001b20   _I2CGPIO_setOutput
80001c68   _I2CGPIO_setOutputAll
80003260   _I2C_init
8000334c   _I2C_read
800034a8   _I2C_write
800035e0   _NUMONYX_initSpiFlashPort
800037f0   _NUMONYX_sendCmdFastRead
80003834   _NUMONYX_sendCmdPageProgram
80003870   _NUMONYX_sendCmdSectorErase
800037c0   _NUMONYX_sendCmdWriteEnable
8000364c   _NUMONYX_verifyDeviceID
80003758   _NUMONYX_waitFlashReady
80002c48   _SPIFLASH_erase
80002aa0   _SPIFLASH_init
80002b6c   _SPIFLASH_read
80002c8c   _SPIFLASH_readMACAddr
80002bf4   _SPIFLASH_write
80002ca4   _SPIFLASH_writeMACAddr
80001d00   _SPI_init
80002038   _SPI_xfer
80005fc0   _TEST_readMAC
80005544   _USTIMER_delay
80005604   _USTIMER_get
80005460   _USTIMER_init
800055d4   _USTIMER_reset
80005618   _USTIMER_set
80000c00   _UTIL_isUIBoardAttached
80000aa8   _UTIL_printMem
80009ea4   __CIOBUF_
80008c60   __STACK_END
00000800   __STACK_SIZE
00000800   __SYSMEM_SIZE
00000001   __TI_args_main
80009d3c   ___TI_enable_exit_profile_output
ffffffff   ___TI_pprof_out_hndl
ffffffff   ___TI_prof_data_size
ffffffff   ___TI_prof_data_start
ffffffff   ___binit__
80009ff8   ___bss__
ffffffff   ___c_args__
80009d50   ___cinit__
80000000   ___data__
80000000   ___edata__
80009ffc   ___end__
80008460   ___etext__
80008220   ___isinf
ffffffff   ___pinit__
80000000   ___text__
800082e0   __args_main
80006700   __auto_init
80007220   __c6xabi_divu
800070a0   __cleanup
80009d34   __cleanup_ptr
80009638   __ctypes_
80000c20   __divd
80007740   __divli
80007220   __divu
80005800   __divul
80004960   __divull
800072e0   __doflush
80009d38   __dtors_ptr
80007920   __fixdli
80007d80   __fltlid
80005cc0   __frcmpyd_div
80009b90   __ft_end
80009a00   __ftable
80007e00   __llshl
80008320   __llshru
80009d40   __lock
800083a0   __negll
800083c0   __nop
80002660   __printfi
80008360   __remli
80008460   __stack
80008100   __subcull
80008c60   __sys_memory
80009af0   __tmpnams
80009d44   __unlock
80006900   __wrt_ok
80008420   _abort
80006ae0   _atoi
800097f0   _bitval_u32
80007e80   _c_int00
80006bc0   _close
80000688   _config_pll0
800008c4   _config_pll1
80007a60   _copy_in
80006ca0   _exit
800064e0   _fclose
80006260   _fputc
80003900   _fputs
800046e0   _free
800073a0   _fseek
80007460   _lseek
80007520   _ltoa
80008080   _main
80005e40   _malloc
80008160   _memccpy
80007ba0   _memcpy
80006d80   _memset
80007f00   _printf
80006260   _putc
80007f80   _readmsg
80008440   _remove
800059a0   _setvbuf
80008000   _unlink
800075e0   _write
800081c0   _writemsg
ffffffff   binit
80009d50   cinit
80000000   edata
80009ffc   end
80008460   etext
ffffffff   pinit


GLOBAL SYMBOLS: SORTED BY Symbol Address 

address    name
--------   ----
00000001   __TI_args_main
00000800   __STACK_SIZE
00000800   __SYSMEM_SIZE
80000000   .data
80000000   .text
80000000   _EVMOMAPL138_init
80000000   ___data__
80000000   ___edata__
80000000   ___text__
80000000   edata
8000002c   _EVMOMAPL138_initRAM
800001e8   _EVMOMAPL138_enableDsp
80000214   _EVMOMAPL138_pinmuxConfig
800002b0   _EVMOMAPL138_lpscTransition
80000688   _config_pll0
800008c4   _config_pll1
80000aa8   _UTIL_printMem
80000c00   _UTIL_isUIBoardAttached
80000c20   __divd
80001820   _I2CGPIO_init
800018f4   _I2CGPIO_getInput
80001a10   _I2CGPIO_getInputAll
80001b20   _I2CGPIO_setOutput
80001c68   _I2CGPIO_setOutputAll
80001d00   _SPI_init
80002038   _SPI_xfer
80002660   __printfi
80002aa0   _SPIFLASH_init
80002b6c   _SPIFLASH_read
80002bf4   _SPIFLASH_write
80002c48   _SPIFLASH_erase
80002c8c   _SPIFLASH_readMACAddr
80002ca4   _SPIFLASH_writeMACAddr
80002ee0   _GPIO_setDir
80002f58   _GPIO_getInput
80002fcc   _GPIO_setOutput
8000304c   _GPIO_toggleLoop
80003260   _I2C_init
8000334c   _I2C_read
800034a8   _I2C_write
800035e0   _NUMONYX_initSpiFlashPort
8000364c   _NUMONYX_verifyDeviceID
80003758   _NUMONYX_waitFlashReady
800037c0   _NUMONYX_sendCmdWriteEnable
800037f0   _NUMONYX_sendCmdFastRead
80003834   _NUMONYX_sendCmdPageProgram
80003870   _NUMONYX_sendCmdSectorErase
80003900   _fputs
800046e0   _free
80004960   __divull
80005460   _USTIMER_init
80005544   _USTIMER_delay
800055d4   _USTIMER_reset
80005604   _USTIMER_get
80005618   _USTIMER_set
80005800   __divul
800059a0   _setvbuf
80005b40   _HOSTrename
80005cc0   __frcmpyd_div
80005e40   _malloc
80005fc0   _TEST_readMAC
80006260   _fputc
80006260   _putc
800064e0   _fclose
80006600   _HOSTlseek
80006700   __auto_init
80006900   __wrt_ok
80006a00   _HOSTopen
80006ae0   _atoi
80006bc0   _close
80006ca0   _exit
80006d80   _memset
80006e60   _HOSTread
80006f20   _HOSTunlink
80006fe0   _HOSTwrite
800070a0   __cleanup
80007220   __c6xabi_divu
80007220   __divu
800072e0   __doflush
800073a0   _fseek
80007460   _lseek
80007520   _ltoa
800075e0   _write
800076a0   _HOSTclose
80007740   __divli
80007920   __fixdli
80007a60   _copy_in
80007ba0   _memcpy
80007d80   __fltlid
80007e00   __llshl
80007e80   _c_int00
80007f00   _printf
80007f80   _readmsg
80008000   _unlink
80008080   _main
80008100   __subcull
80008160   _memccpy
800081c0   _writemsg
80008218   C$$IO$$
80008220   ___isinf
800082e0   __args_main
80008320   __llshru
80008360   __remli
800083a0   __negll
800083c0   __nop
80008420   C$$EXIT
80008420   _abort
80008440   _remove
80008460   ___etext__
80008460   __stack
80008460   etext
80008c60   __STACK_END
80008c60   __sys_memory
80009638   __ctypes_
800097f0   _bitval_u32
80009a00   __ftable
80009af0   __tmpnams
80009b90   __ft_end
80009d34   __cleanup_ptr
80009d38   __dtors_ptr
80009d3c   ___TI_enable_exit_profile_output
80009d40   __lock
80009d44   __unlock
80009d50   ___cinit__
80009d50   cinit
80009ea4   __CIOBUF_
80009ff8   $bss
80009ff8   .bss
80009ff8   ___bss__
80009ffc   ___end__
80009ffc   end
ffffffff   ___TI_pprof_out_hndl
ffffffff   ___TI_prof_data_size
ffffffff   ___TI_prof_data_start
ffffffff   ___binit__
ffffffff   ___c_args__
ffffffff   ___pinit__
ffffffff   binit
ffffffff   pinit

[139 symbols]
