******************************************************************************
               TMS320C6x Linker PC v7.2.0                      
******************************************************************************
>> Linked Wed Jun 29 16:03:39 2011

OUTPUT FILE NAME:   <evmomapl138_test_lcd_char.out>
ENTRY POINT SYMBOL: "_c_int00"  address: 80007560


MEMORY CONFIGURATION

         name            origin    length      used     unused   attr    fill
----------------------  --------  ---------  --------  --------  ----  --------
  dsp_l2_ram            11800000   00040000  00000000  00040000  RWIX
  shared_ram            80000000   00020000  000095e0  00016a20  RWIX
  external_ram          c0000000   08000000  00000000  08000000  RWIX
  arm_local_ram         ffff0000   00002000  00000000  00002000  RWIX


SECTION ALLOCATION MAP

 output                                  attributes/
section   page    origin      length       input sections
--------  ----  ----------  ----------   ----------------
.text      0    80000000    00007b80     
                  80000000    00000c20     evmomapl138_bsl.lib : evmomapl138.obj (.text)
                  80000c20    00000680     rts6740.lib : divd.obj (.text:__divd)
                  800012a0    00000580                 : _printfi.obj (.text:__getarg_diouxp)
                  80001820    000004e0     evmomapl138_bsl.lib : evmomapl138_i2c_gpio.obj (.text)
                  80001d00    00000480     rts6740.lib : _printfi.obj (.text:__setfield)
                  80002180    00000440                 : _printfi.obj (.text:__printfi)
                  800025c0    00000380     evmomapl138_bsl.lib : evmomapl138_i2c.obj (.text)
                  80002940    00000300     rts6740.lib : fputs.obj (.text:_fputs)
                  80002c40    000002e0                 : _printfi.obj (.text:__pproc_fwp)
                  80002f20    000002c0                 : _printfi.obj (.text:__pproc_fge)
                  800031e0    000002a0                 : _printfi.obj (.text:_ecvt)
                  80003480    000002a0                 : _printfi.obj (.text:_fcvt)
                  80003720    00000280                 : memory.obj (.text:_free)
                  800039a0    00000260                 : imath64.obj (.text:__divull)
                  80003c00    00000260                 : _printfi.obj (.text:__pconv_e)
                  80003e60    00000220                 : _printfi.obj (.text:__pproc_diouxp)
                  80004080    00000220                 : _printfi.obj (.text:__pproc_str)
                  800042a0    00000220     test_lcd_char.obj (.text)
                  800044c0    00000200     rts6740.lib : _printfi.obj (.text:__pconv_g)
                  800046c0    00000200     evmomapl138_bsl.lib : evmomapl138_cdce913.obj (.text)
                  800048c0    00000200                         : evmomapl138_lcd_lidd.obj (.text)
                  80004ac0    000001e0                         : evmomapl138_led.obj (.text)
                  80004ca0    000001e0                         : evmomapl138_timer.obj (.text)
                  80004e80    000001c0     rts6740.lib : _printfi.obj (.text:__mcpy)
                  80005040    000001a0                 : imath40.obj (.text:__divul)
                  800051e0    000001a0                 : setvbuf.obj (.text:_setvbuf)
                  80005380    00000180                 : trgdrv.obj (.text:_HOSTrename)
                  80005500    00000180                 : frcmpyd_div.obj (.text:__frcmpyd_div)
                  80005680    00000180                 : memory.obj (.text:_malloc)
                  80005800    00000140                 : _printfi.obj (.text:__pproc_fflags)
                  80005940    00000140                 : fputc.obj (.text:_fputc)
                  80005a80    00000140                 : lowlev.obj (.text:_getdevice)
                  80005bc0    00000120                 : fclose.obj (.text:_fclose)
                  80005ce0    00000100                 : trgdrv.obj (.text:_HOSTlseek)
                  80005de0    00000100                 : autoinit.obj (.text:__auto_init)
                  80005ee0    00000100                 : _printfi.obj (.text:__ltostr)
                  80005fe0    00000100                 : _io_perm.obj (.text:__wrt_ok)
                  800060e0    000000e0                 : trgdrv.obj (.text:_HOSTopen)
                  800061c0    000000e0                 : atoi.obj (.text:_atoi)
                  800062a0    000000e0                 : lowlev.obj (.text:_close)
                  80006380    000000e0                 : exit.obj (.text:_exit)
                  80006460    000000e0                 : memset.obj (.text:_memset)
                  80006540    000000c0                 : trgdrv.obj (.text:_HOSTread)
                  80006600    000000c0                 : trgdrv.obj (.text:_HOSTunlink)
                  800066c0    000000c0                 : trgdrv.obj (.text:_HOSTwrite)
                  80006780    000000c0                 : fopen.obj (.text:__cleanup)
                  80006840    000000c0                 : _printfi.obj (.text:__div)
                  80006900    000000c0                 : divu.obj (.text:__divu)
                  800069c0    000000c0                 : fflush.obj (.text:__doflush)
                  80006a80    000000c0                 : fseek.obj (.text:_fseek)
                  80006b40    000000c0                 : lowlev.obj (.text:_lseek)
                  80006c00    000000c0                 : ltoa.obj (.text:_ltoa)
                  80006cc0    000000c0                 : lowlev.obj (.text:_write)
                  80006d80    000000a0                 : trgdrv.obj (.text:_HOSTclose)
                  80006e20    000000a0                 : imath40.obj (.text:__divli)
                  80006ec0    000000a0                 : _printfi.obj (.text:__ecpy)
                  80006f60    000000a0                 : _printfi.obj (.text:__fcpy)
                  80007000    000000a0                 : fixdli.obj (.text:__fixdli)
                  800070a0    000000a0                 : _printfi.obj (.text:__pconv_f)
                  80007140    000000a0                 : cpy_tbl.obj (.text:_copy_in)
                  800071e0    000000a0                 : lowlev.obj (.text:_finddevice)
                  80007280    000000a0                 : memcpy64.obj (.text:_memcpy)
                  80007320    000000a0                 : memory.obj (.text:_minsert)
                  800073c0    000000a0                 : memory.obj (.text:_mremove)
                  80007460    00000080                 : fltlid.obj (.text:__fltlid)
                  800074e0    00000080                 : llshift.obj (.text:__llshl)
                  80007560    00000080                 : boot.obj (.text:_c_int00)
                  800075e0    00000080                 : printf.obj (.text:_printf)
                  80007660    00000080                 : trgmsg.obj (.text:_readmsg)
                  800076e0    00000080                 : lowlev.obj (.text:_unlink)
                  80007760    00000080     main_lcd_char.obj (.text)
                  800077e0    00000060     rts6740.lib : imath64.obj (.text:__subcull)
                  80007840    00000060                 : memccpy.obj (.text:_memccpy)
                  800078a0    00000060                 : trgmsg.obj (.text:_writemsg)
                  80007900    00000040                 : isinf.obj (.text:___isinf)
                  80007940    00000040                 : _printfi.obj (.text:___isnan)
                  80007980    00000040                 : divd.obj (.text:___isnan)
                  800079c0    00000040                 : args_main.obj (.text:__args_main)
                  80007a00    00000040                 : llshift.obj (.text:__llshru)
                  80007a40    00000040                 : imath40.obj (.text:__remli)
                  80007a80    00000040                 : strlen.obj (.text:_strlen)
                  80007ac0    00000020                 : negll.obj (.text:__negll)
                  80007ae0    00000020                 : _lock.obj (.text:__nop)
                  80007b00    00000020                 : printf.obj (.text:__outc)
                  80007b20    00000020                 : printf.obj (.text:__outs)
                  80007b40    00000020                 : exit.obj (.text:_abort)
                  80007b60    00000020                 : remove.obj (.text:_remove)

.data      0    80000000    00000000     UNINITIALIZED

.stack     0    80007b80    00000800     UNINITIALIZED
                  80007b80    00000008     rts6740.lib : boot.obj (.stack)
                  80007b88    000007f8     --HOLE--

.sysmem    0    80008380    00000800     UNINITIALIZED
                  80008380    00000008     rts6740.lib : memory.obj (.sysmem)
                  80008388    000007f8     --HOLE--

.const     0    80008b80    00000498     
                  80008b80    0000027c     test_lcd_char.obj (.const:.string)
                  80008dfc    00000002     rts6740.lib : fputs.obj (.const:.string)
                  80008dfe    00000002     --HOLE-- [fill = 0]
                  80008e00    00000101                 : ctype.obj (.const:__ctypes_)
                  80008f01    00000003     --HOLE-- [fill = 0]
                  80008f04    00000070     main_lcd_char.obj (.const:.string)
                  80008f74    00000040     evmomapl138_bsl.lib : evmomapl138.obj (.const:.string)
                  80008fb4    00000004     --HOLE-- [fill = 0]
                  80008fb8    00000032     test_lcd_char.obj (.const:_$P$T0$1)
                  80008fea    00000023     rts6740.lib : _printfi.obj (.const:.string)
                  8000900d    00000003     --HOLE-- [fill = 0]
                  80009010    00000008                 : divd.obj (.const:_initial_approx$1)

.far       0    80009018    00000350     UNINITIALIZED
                  80009018    00000194     rts6740.lib : defs.obj (.far)
                  800091ac    00000004                 : fopen.obj (.far)
                  800091b0    000000d0                 : trgdrv.obj (.far)
                  80009280    000000cc                 : lowlev.obj (.far)
                  8000934c    0000000c                 : exit.obj (.far)
                  80009358    00000008                 : _lock.obj (.far)
                  80009360    00000008                 : memory.obj (.far)

.cinit     0    80009368    00000154     
                  80009368    0000005c     rts6740.lib : defs.obj (.cinit)
                  800093c4    00000004     --HOLE-- [fill = 0]
                  800093c8    0000005c                 : lowlev.obj (.cinit)
                  80009424    00000004     --HOLE-- [fill = 0]
                  80009428    0000002c                 : exit.obj (.cinit)
                  80009454    00000004     --HOLE-- [fill = 0]
                  80009458    0000002c                 : memory.obj (.cinit)
                  80009484    00000004     --HOLE-- [fill = 0]
                  80009488    0000001c                 : _lock.obj (.cinit)
                  800094a4    00000004     --HOLE-- [fill = 0]
                  800094a8    0000000c                 : fopen.obj (.cinit)
                  800094b4    00000004     --HOLE-- [fill = 0]
                  800094b8    00000004     (.pad.cinit) [fill = 0]

.cio       0    800094bc    00000120     UNINITIALIZED
                  800094bc    00000120     rts6740.lib : trgmsg.obj (.cio)

.bss       0    800095dc    00000004     UNINITIALIZED
                  800095dc    00000004     evmomapl138_bsl.lib : evmomapl138_i2c.obj (.bss)


GLOBAL SYMBOLS: SORTED ALPHABETICALLY BY Name 

address    name
--------   ----
800095dc   $bss
800095dc   .bss
80000000   .data
80000000   .text
80007b40   C$$EXIT
800078f8   C$$IO$$
800046c0   _CDCE913_init
800046f8   _CDCE913_readByte
800047a8   _CDCE913_setOutput
80004760   _CDCE913_writeByte
800001e8   _EVMOMAPL138_enableDsp
80000000   _EVMOMAPL138_init
8000002c   _EVMOMAPL138_initRAM
800002b0   _EVMOMAPL138_lpscTransition
80000214   _EVMOMAPL138_pinmuxConfig
80006d80   _HOSTclose
80005ce0   _HOSTlseek
800060e0   _HOSTopen
80006540   _HOSTread
80005380   _HOSTrename
80006600   _HOSTunlink
800066c0   _HOSTwrite
800018f4   _I2CGPIO_getInput
80001a10   _I2CGPIO_getInputAll
80001820   _I2CGPIO_init
80001b20   _I2CGPIO_setOutput
80001c68   _I2CGPIO_setOutputAll
800025c0   _I2C_init
800026ac   _I2C_read
80002808   _I2C_write
80004ac0   _LED_init
80004b0c   _LED_isOn
80004c0c   _LED_toggle
80004bc4   _LED_turnOff
80004b74   _LED_turnOn
800048c0   _LIDD_init
800049f4   _LIDD_writeByte
80004a44   _LIDD_writeString
800042a0   _TEST_charLcd
80004d84   _USTIMER_delay
80004e44   _USTIMER_get
80004ca0   _USTIMER_init
80004e14   _USTIMER_reset
80004e58   _USTIMER_set
80000c00   _UTIL_isUIBoardAttached
80000aa8   _UTIL_printMem
800094bc   __CIOBUF_
80008380   __STACK_END
00000800   __STACK_SIZE
00000800   __SYSMEM_SIZE
00000001   __TI_args_main
80009354   ___TI_enable_exit_profile_output
ffffffff   ___TI_pprof_out_hndl
ffffffff   ___TI_prof_data_size
ffffffff   ___TI_prof_data_start
ffffffff   ___binit__
800095dc   ___bss__
ffffffff   ___c_args__
80009368   ___cinit__
80000000   ___data__
80000000   ___edata__
800095e0   ___end__
80007b80   ___etext__
80007900   ___isinf
ffffffff   ___pinit__
80000000   ___text__
800079c0   __args_main
80005de0   __auto_init
80006900   __c6xabi_divu
80006780   __cleanup
8000934c   __cleanup_ptr
80008e00   __ctypes_
80000c20   __divd
80006e20   __divli
80006900   __divu
80005040   __divul
800039a0   __divull
800069c0   __doflush
80009350   __dtors_ptr
80007000   __fixdli
80007460   __fltlid
80005500   __frcmpyd_div
800091a8   __ft_end
80009018   __ftable
800074e0   __llshl
80007a00   __llshru
80009358   __lock
80007ac0   __negll
80007ae0   __nop
80002180   __printfi
80007a40   __remli
80007b80   __stack
800077e0   __subcull
80008380   __sys_memory
80009108   __tmpnams
8000935c   __unlock
80005fe0   __wrt_ok
80007b40   _abort
800061c0   _atoi
80007560   _c_int00
800062a0   _close
80000688   _config_pll0
800008c4   _config_pll1
80007140   _copy_in
80006380   _exit
80005bc0   _fclose
80005940   _fputc
80002940   _fputs
80003720   _free
80006a80   _fseek
80006b40   _lseek
80006c00   _ltoa
80007760   _main
80005680   _malloc
80007840   _memccpy
80007280   _memcpy
80006460   _memset
800075e0   _printf
80005940   _putc
80007660   _readmsg
80007b60   _remove
800051e0   _setvbuf
80007a80   _strlen
800076e0   _unlink
80006cc0   _write
800078a0   _writemsg
ffffffff   binit
80009368   cinit
80000000   edata
800095e0   end
80007b80   etext
ffffffff   pinit


GLOBAL SYMBOLS: SORTED BY Symbol Address 

address    name
--------   ----
00000001   __TI_args_main
00000800   __STACK_SIZE
00000800   __SYSMEM_SIZE
80000000   .data
80000000   .text
80000000   _EVMOMAPL138_init
80000000   ___data__
80000000   ___edata__
80000000   ___text__
80000000   edata
8000002c   _EVMOMAPL138_initRAM
800001e8   _EVMOMAPL138_enableDsp
80000214   _EVMOMAPL138_pinmuxConfig
800002b0   _EVMOMAPL138_lpscTransition
80000688   _config_pll0
800008c4   _config_pll1
80000aa8   _UTIL_printMem
80000c00   _UTIL_isUIBoardAttached
80000c20   __divd
80001820   _I2CGPIO_init
800018f4   _I2CGPIO_getInput
80001a10   _I2CGPIO_getInputAll
80001b20   _I2CGPIO_setOutput
80001c68   _I2CGPIO_setOutputAll
80002180   __printfi
800025c0   _I2C_init
800026ac   _I2C_read
80002808   _I2C_write
80002940   _fputs
80003720   _free
800039a0   __divull
800042a0   _TEST_charLcd
800046c0   _CDCE913_init
800046f8   _CDCE913_readByte
80004760   _CDCE913_writeByte
800047a8   _CDCE913_setOutput
800048c0   _LIDD_init
800049f4   _LIDD_writeByte
80004a44   _LIDD_writeString
80004ac0   _LED_init
80004b0c   _LED_isOn
80004b74   _LED_turnOn
80004bc4   _LED_turnOff
80004c0c   _LED_toggle
80004ca0   _USTIMER_init
80004d84   _USTIMER_delay
80004e14   _USTIMER_reset
80004e44   _USTIMER_get
80004e58   _USTIMER_set
80005040   __divul
800051e0   _setvbuf
80005380   _HOSTrename
80005500   __frcmpyd_div
80005680   _malloc
80005940   _fputc
80005940   _putc
80005bc0   _fclose
80005ce0   _HOSTlseek
80005de0   __auto_init
80005fe0   __wrt_ok
800060e0   _HOSTopen
800061c0   _atoi
800062a0   _close
80006380   _exit
80006460   _memset
80006540   _HOSTread
80006600   _HOSTunlink
800066c0   _HOSTwrite
80006780   __cleanup
80006900   __c6xabi_divu
80006900   __divu
800069c0   __doflush
80006a80   _fseek
80006b40   _lseek
80006c00   _ltoa
80006cc0   _write
80006d80   _HOSTclose
80006e20   __divli
80007000   __fixdli
80007140   _copy_in
80007280   _memcpy
80007460   __fltlid
800074e0   __llshl
80007560   _c_int00
800075e0   _printf
80007660   _readmsg
800076e0   _unlink
80007760   _main
800077e0   __subcull
80007840   _memccpy
800078a0   _writemsg
800078f8   C$$IO$$
80007900   ___isinf
800079c0   __args_main
80007a00   __llshru
80007a40   __remli
80007a80   _strlen
80007ac0   __negll
80007ae0   __nop
80007b40   C$$EXIT
80007b40   _abort
80007b60   _remove
80007b80   ___etext__
80007b80   __stack
80007b80   etext
80008380   __STACK_END
80008380   __sys_memory
80008e00   __ctypes_
80009018   __ftable
80009108   __tmpnams
800091a8   __ft_end
8000934c   __cleanup_ptr
80009350   __dtors_ptr
80009354   ___TI_enable_exit_profile_output
80009358   __lock
8000935c   __unlock
80009368   ___cinit__
80009368   cinit
800094bc   __CIOBUF_
800095dc   $bss
800095dc   .bss
800095dc   ___bss__
800095e0   ___end__
800095e0   end
ffffffff   ___TI_pprof_out_hndl
ffffffff   ___TI_prof_data_size
ffffffff   ___TI_prof_data_start
ffffffff   ___binit__
ffffffff   ___c_args__
ffffffff   ___pinit__
ffffffff   binit
ffffffff   pinit

[132 symbols]
